GO3_PROGRESS {"epoch_seconds":1.789959658636e9,"event":"reserve_benders_worker_started","raw_case_parsed":false,"pid":20452,"native_backend":{"git_hash":"04024d7","library_sha256":"09e8b2b6eafd425f03390dc5aa192820aa79f825025ee3be54e71a792b75634d","floating_point_bits":64,"objective_clique_max_size":0,"policy":"setup_clique_guard_v1","library_path":"C:\\Users\\thoma\\Documents\\go3-division2-cpu\\environments\\highs-setup-guard-build\\bin\\libhighs.dll","highs_int_bits":32,"version":"1.15.1","manifest_sha256":"ee5a6438fae2a94379ae0fabe8c17e118d07ba8ad39e02a21f5e776caf4667c7"},"mode":"recourse","stage":"source_reserve_benders","round":1,"remaining_work_seconds":107.87146639823914}
Running HiGHS 1.15.1 (git hash: 04024d7): Copyright (c) 2026 under MIT licence terms
Includes third-party software components, see THIRD_PARTY_NOTICES.md for full details
GO3_PROGRESS {"epoch_seconds":1.789959660296e9,"event":"reserve_benders_solve_begin","actual_limit_seconds":5.0,"pid":20452,"period":1,"mode":"recourse","stage":"source_reserve_benders","round":1,"remaining_work_seconds":106.21146631240845}
LP has 1 row; 1 col; 1 nonzero
Coefficient ranges:
  Matrix  [1e+00, 1e+00]
  Cost    [3e+00, 3e+00]
  Bound   [0e+00, 0e+00]
  RHS     [1e+00, 1e+00]
Presolving model
0 rows, 0 cols, 0 nonzeros 0s
0 rows, 0 cols, 0 nonzeros 0s
Presolve reductions: rows 0(-1); columns 0(-1); nonzeros 0(-1) - Reduced to empty
Performed postsolve
Solving the original LP from the solution after postsolve

Model status        : Optimal
Objective value     :  3.0000000000e+00
P-D objective error :  0.0000000000e+00
HiGHS run time      :          0.00
GO3_PROGRESS {"epoch_seconds":1.789959660304e9,"event":"reserve_benders_solve_returned","solve_seconds":0.000370025634765625,"pid":20452,"mode":"recourse","stage":"source_reserve_benders","termination":"OPTIMAL","simplex_iterations":0,"barrier_iterations":0,"has_primal":true,"period":1,"native_status":7,"solve_wall_seconds":0.0,"round":1,"remaining_work_seconds":106.20346641540527}
GO3_PROGRESS {"epoch_seconds":1.789959660776e9,"event":"reserve_benders_hour_complete","pid":20452,"mode":"recourse","hours_completed":1,"stage":"source_reserve_benders","hours_required":1,"kind":"cost","period":1,"round":1,"remaining_work_seconds":105.73146629333496}
GO3_PROGRESS {"epoch_seconds":1.789959661023e9,"event":"reserve_benders_incumbent_audited","pid":20452,"mode":"recourse","objective":-3.0,"stage":"source_reserve_benders","round":1,"maximum_residual":0.0,"remaining_work_seconds":105.4844663143158}
GO3_PROGRESS {"epoch_seconds":1.789959661065e9,"event":"reserve_benders_stage_complete","pid":20452,"result_sha256":"4fdee5659a067e05414c7eafa04389367f840e10ad4f8d2db7a1ad3499b341a5","mode":"recourse","stage":"source_reserve_benders","round":1,"remaining_work_seconds":105.44246625900269}
