Running HiGHS 1.15.1 (git hash: 04024d7): Copyright (c) 2026 under MIT licence terms
Includes third-party software components, see THIRD_PARTY_NOTICES.md for full details
LP has 210413 rows; 150140 cols; 552999 nonzeros
Coefficient ranges:
  Matrix  [1e+00, 2e+01]
  Cost    [1e+02, 5e+05]
  Bound   [1e-05, 6e+03]
  RHS     [1e-20, 6e+03]
WARNING: Problem has some excessively small column bounds
WARNING: Problem has some excessively small row bounds
Presolving model
40370 rows, 68935 cols, 214940 nonzeros 0s
37637 rows, 68935 cols, 206741 nonzeros 0s
Presolve reductions: rows 37637(-172776); columns 68935(-81205); nonzeros 206741(-346258) 
Solving the presolved LP
Using dual simplex solver
  Iteration        Objective     Infeasibilities num(sum)
          0     2.4816930057e+03 Pr: 96(7729.52) 0.2s
      21265     4.3385820926e+08 Pr: 0(0) 0.6s

Performed postsolve
Solving the original LP from the solution after postsolve

Model status        : Optimal
Simplex   iterations: 21265
Objective value     :  4.3385820925e+08
P-D objective error :  2.4728899485e-15
HiGHS run time      :          0.78
