GO3_PROGRESS {"elapsed_worker_seconds":0.07699990272521973,"stage":"loading","remaining_work_seconds":2816.848973751068}
GO3_PROGRESS {"elapsed_worker_seconds":3.681999921798706,"stage":"scheduling","remaining_work_seconds":2813.2439737319946}
GO3_PROGRESS {"elapsed_scheduling_seconds":9.605000019073486,"event":"isolated_result_restored","elapsed_worker_seconds":13.394999980926514,"stage":"scheduling_event","optimization_calls":0,"native_exited":true,"remaining_work_seconds":2803.530973672867}
Rounded shunt steps:
GO3_PROGRESS {"devices":18005,"final_reserve_optimization_required":true,"full_case_checks_required":true,"policy":"use_joint_schedule_unverified","external_solution_read":false,"initial_solution_verified":false,"stage":"initial_reserve_handoff","source_values_changed":false,"periods":48,"optimization_calls":0,"elapsed_worker_seconds":18.098000049591064,"source":"current_attempt_joint_schedule","reserve_fields":10,"remaining_work_seconds":2798.8279736042023}
GO3_PROGRESS {"elapsed_worker_seconds":22.621000051498413,"stage":"schedule_candidate_ready","remaining_work_seconds":2794.304973602295}
GO3_PROGRESS {"elapsed_worker_seconds":78.57699990272522,"interval":1,"stage":"ac_optimization","interval_count":48,"remaining_work_seconds":2738.348973751068}
GO3_AC_SOLVE_BEGIN {"epoch_seconds":1.789980636489e9,"policy":"symbolic_adaptive_v1","interval":1,"phase":"continuous_shunts"}

******************************************************************************
This program contains Ipopt, a library for large-scale nonlinear optimization.
 Ipopt is released as open source code under the Eclipse Public License (EPL).
         For more information visit https://github.com/coin-or/Ipopt
******************************************************************************

This is Ipopt version 3.14.19, running with linear solver MUMPS 5.9.0.

Number of nonzeros in equality constraint Jacobian...:  1001368
Number of nonzeros in inequality constraint Jacobian.:  1015351
Number of nonzeros in Lagrangian Hessian.............:  1423737

Total number of variables............................:   517792
                     variables with only lower bounds:    69933
                variables with lower and upper bounds:   424216
                     variables with only upper bounds:        0
Total number of equality constraints.................:   218254
Total number of inequality constraints...............:   341724
        inequality constraints with only lower bounds:    42452
   inequality constraints with lower and upper bounds:    33739
        inequality constraints with only upper bounds:   265533

iter    objective    inf_pr   inf_du lg(mu)  ||d||  lg(rg) alpha_du alpha_pr  ls
   0 -4.1231967e+06 5.34e+01 9.86e+01   0.0 0.00e+00    -  0.00e+00 0.00e+00   0
   1 -4.0890796e+06 5.33e+01 9.84e+01  -4.0 2.10e+01    -  1.95e-03 1.94e-03f  1
   2 -4.0349845e+06 5.30e+01 9.83e+01  -4.0 2.10e+01    -  1.41e-03 5.30e-03f  1
   3 -4.0154765e+06 5.28e+01 9.77e+01  -4.0 2.12e+01    -  6.06e-03 4.04e-03f  1
   4 -4.0101547e+06 5.28e+01 9.73e+01  -4.0 2.24e+01    -  4.04e-03 7.56e-04h  1
   5 -4.0074369e+06 5.27e+01 1.18e+02  -4.0 2.70e+01    -  9.05e-04 1.27e-04f  1
   6 -3.9943792e+06 5.27e+01 1.56e+02  -4.0 2.90e+01    -  8.07e-04 4.43e-04f  1
   7 -3.9688076e+06 5.27e+01 1.77e+02  -4.0 3.34e+01    -  9.54e-04 6.01e-04f  1
   8 -3.9492335e+06 5.27e+01 2.27e+02  -4.0 4.94e+01    -  1.09e-03 3.04e-04f  1
   9 -3.8555162e+06 5.26e+01 2.27e+02  -4.0 4.88e+01    -  1.06e-03 1.06e-03f  1
iter    objective    inf_pr   inf_du lg(mu)  ||d||  lg(rg) alpha_du alpha_pr  ls
  10 -3.7433375e+06 5.26e+01 2.44e+02  -4.0 4.77e+01    -  1.15e-03 9.44e-04f  1
  11 -3.4756062e+06 5.25e+01 1.97e+02  -4.0 4.60e+01    -  9.86e-04 1.96e-03f  1
  12 -3.2729596e+06 5.24e+01 1.99e+02  -4.0 4.43e+01    -  1.60e-03 1.38e-03f  1
  13 -2.8578462e+06 5.23e+01 1.95e+02  -4.0 4.32e+01    -  1.81e-03 2.73e-03f  1
  14 -2.6547261e+06 5.22e+01 1.95e+02  -4.0 4.22e+01    -  1.27e-03 1.34e-03f  1
  15 -2.2230392e+06 5.20e+01 1.95e+02  -4.0 4.18e+01    -  3.46e-03 2.90e-03f  1
  16 -6.8982676e+05 5.15e+01 1.89e+02  -4.0 4.09e+01    -  1.66e-03 1.09e-02f  1
  17 -3.8883198e+05 5.13e+01 1.88e+02  -4.0 3.96e+01    -  2.90e-03 2.77e-03f  1
  18  2.2598843e+05 5.10e+01 1.87e+02  -4.0 3.92e+01    -  4.74e-03 6.27e-03f  1
  19  5.9730534e+05 5.08e+01 1.86e+02  -4.0 3.84e+01    -  6.38e-03 4.63e-03f  1
iter    objective    inf_pr   inf_du lg(mu)  ||d||  lg(rg) alpha_du alpha_pr  ls
  20  1.0256338e+06 5.04e+01 1.85e+02  -4.0 6.42e+01    -  2.77e-03 6.37e-03f  1
  21  1.3498019e+06 5.02e+01 1.84e+02  -4.0 6.36e+01    -  6.74e-03 5.67e-03f  1
  22  1.7881686e+06 4.97e+01 1.83e+02  -4.0 6.14e+01    -  3.41e-03 9.48e-03f  1
  23  1.8582608e+06 4.96e+01 1.82e+02  -4.0 6.88e+01    -  5.48e-03 1.91e-03f  1
  24  2.7634754e+06 4.82e+01 1.83e+02  -4.0 7.22e+01    -  3.16e-03 2.77e-02f  1
  25  2.8166848e+06 4.81e+01 1.81e+02  -4.0 7.22e+01    -  7.82e-03 3.13e-03f  1
  26  2.9009839e+06 4.78e+01 1.80e+02  -4.0 1.08e+02    -  7.30e-03 5.72e-03f  1
  27  3.4365010e+06 4.56e+01 1.82e+02  -4.0 1.09e+02    -  1.01e-02 4.60e-02f  1
  28  3.3805858e+06 4.39e+01 1.80e+02  -4.0 9.26e+01    -  2.05e-02 3.66e-02h  1
  29  3.1214175e+06 4.22e+01 1.83e+02  -4.0 7.70e+01    -  9.94e-03 4.02e-02h  1
iter    objective    inf_pr   inf_du lg(mu)  ||d||  lg(rg) alpha_du alpha_pr  ls
  30  2.7812283e+06 4.04e+01 1.79e+02  -4.0 6.73e+01    -  2.82e-02 4.04e-02h  1
  31  2.6272115e+06 3.98e+01 1.77e+02  -4.0 5.87e+01    -  1.36e-02 1.60e-02h  1
  32  2.3746285e+06 3.88e+01 1.77e+02  -4.1 5.68e+01    -  1.32e-02 2.60e-02h  1
  33  2.1335992e+06 3.78e+01 1.73e+02  -4.1 5.53e+01    -  2.40e-02 2.47e-02h  1
  34  1.2393010e+06 3.43e+01 1.85e+02  -4.1 5.41e+01    -  3.28e-02 9.21e-02h  1
  35  7.9890732e+05 3.27e+01 1.89e+02  -4.1 5.27e+01    -  3.01e-02 4.78e-02h  1
  36 -7.6250959e+04 2.94e+01 2.08e+02  -4.1 5.42e+01    -  4.20e-02 9.96e-02h  1
  37 -2.6482145e+05 2.87e+01 2.00e+02  -4.1 5.84e+01    -  2.94e-02 2.40e-02h  1
  38 -3.3309723e+05 2.85e+01 1.98e+02  -4.1 6.11e+01    -  8.70e-03 9.05e-03h  1
  39 -5.5382435e+05 2.76e+01 2.05e+02  -4.1 6.20e+01    -  9.70e-03 2.97e-02h  1
iter    objective    inf_pr   inf_du lg(mu)  ||d||  lg(rg) alpha_du alpha_pr  ls
  40 -7.4263819e+05 2.69e+01 1.88e+02  -4.1 6.37e+01    -  4.59e-02 2.66e-02h  1
  41 -1.4660057e+06 2.39e+01 2.20e+02  -4.2 6.88e+01    -  2.07e-02 1.10e-01h  1
  42 -1.9282220e+06 2.18e+01 2.30e+02  -4.2 7.43e+01    -  3.86e-02 8.89e-02h  1
  43 -2.1357798e+06 2.05e+01 2.39e+02  -4.2 8.02e+01    -  1.97e-02 6.05e-02h  1
  44 -2.1366941e+06 2.05e+01 2.28e+02  -4.2 9.81e+01    -  2.01e-02 4.23e-04h  1
  45 -2.1391634e+06 2.04e+01 2.28e+02  -4.2 1.82e+02    -  1.98e-03 1.77e-03h  1
  46 -2.2582239e+06 1.84e+01 2.57e+02  -4.2 2.04e+02    -  3.88e-03 1.01e-01h  1
  47 -2.2577717e+06 1.83e+01 2.38e+02  -4.2 2.61e+02    -  3.65e-02 2.19e-03h  1
  48 -2.2501863e+06 1.82e+01 2.37e+02  -4.2 2.89e+02    -  5.17e-03 5.01e-03h  1
  49 -2.2501091e+06 1.82e+01 2.31e+02  -4.2 1.77e+02    -  1.03e-02 8.45e-05h  1
iter    objective    inf_pr   inf_du lg(mu)  ||d||  lg(rg) alpha_du alpha_pr  ls
  50 -2.2507301e+06 1.81e+01 2.16e+02  -4.2 1.50e+02    -  3.42e-02 7.11e-03h  1
  51 -2.2372758e+06 1.78e+01 2.16e+02  -4.2 1.60e+02    -  1.03e-02 1.90e-02h  1
  52 -2.2369374e+06 1.78e+01 1.97e+02  -4.2 1.61e+02    -  3.88e-02 4.48e-04h  1
  53 -2.1922763e+06 1.70e+01 1.96e+02  -4.3 1.65e+02    -  2.76e-02 4.30e-02f  1
  54 -2.1632408e+06 1.67e+01 1.80e+02  -4.3 1.51e+02    -  4.56e-02 1.99e-02f  1
  55 -2.1349624e+06 1.64e+01 1.63e+02  -4.3 1.10e+02    -  4.88e-02 1.66e-02f  1
  56 -2.0995911e+06 1.60e+01 1.51e+02  -4.3 1.18e+02    -  4.35e-02 2.25e-02f  1
  57 -2.0377957e+06 1.55e+01 1.53e+02  -4.3 1.27e+02    -  1.32e-02 3.10e-02f  1
  58 -1.9845052e+06 1.51e+01 1.45e+02  -4.3 1.30e+02    -  3.70e-02 2.53e-02f  1
  59 -1.8943838e+06 1.46e+01 1.43e+02  -4.4 1.38e+02    -  2.74e-02 3.59e-02f  1
iter    objective    inf_pr   inf_du lg(mu)  ||d||  lg(rg) alpha_du alpha_pr  ls
  60 -1.8590337e+06 1.44e+01 1.30e+02  -4.4 1.45e+02    -  4.12e-02 1.29e-02f  1
  61 -1.7736612e+06 1.40e+01 1.26e+02  -4.4 1.52e+02    -  2.95e-02 2.75e-02f  1
  62 -1.6890635e+06 1.36e+01 1.27e+02  -4.4 1.58e+02    -  1.34e-02 2.50e-02f  1
  63 -1.4494695e+06 1.27e+01 1.34e+02  -4.4 1.60e+02    -  2.30e-02 6.85e-02f  1
  64 -1.3457192e+06 1.23e+01 1.16e+02  -4.4 1.61e+02    -  7.06e-02 2.98e-02f  1
  65 -1.2494946e+06 1.20e+01 1.20e+02  -4.4 1.66e+02    -  3.62e-03 2.52e-02f  1
  66 -1.0846855e+06 1.15e+01 1.16e+02  -4.5 1.64e+02    -  3.87e-02 4.36e-02f  1
  67 -9.1920565e+05 1.10e+01 1.22e+02  -4.5 1.56e+02    -  7.63e-03 4.24e-02f  1
  68 -8.2747981e+05 1.07e+01 1.09e+02  -4.5 1.52e+02    -  5.69e-02 2.46e-02f  1
  69 -7.1069622e+05 1.04e+01 1.09e+02  -4.5 1.53e+02    -  1.87e-02 3.06e-02f  1
iter    objective    inf_pr   inf_du lg(mu)  ||d||  lg(rg) alpha_du alpha_pr  ls
  70 -5.5559993e+05 9.97e+00 1.04e+02  -4.5 1.51e+02    -  4.47e-02 4.15e-02f  1
  71 -1.9575351e+05 9.00e+00 1.06e+02  -4.5 1.49e+02    -  4.87e-02 9.71e-02f  1
  72 -3.7666950e+04 8.59e+00 1.07e+02  -4.5 1.40e+02    -  2.28e-02 4.61e-02f  1
  73  5.4479217e+04 8.35e+00 1.01e+02  -4.6 1.34e+02    -  4.30e-02 2.79e-02f  1
  74  2.5258721e+05 7.84e+00 9.96e+01  -4.6 1.33e+02    -  3.83e-02 6.05e-02f  1
  75  3.4612534e+05 7.61e+00 9.08e+01  -4.6 1.28e+02    -  5.58e-02 2.97e-02f  1
  76  3.4852732e+05 7.60e+00 8.31e+01  -4.6 1.29e+02    -  3.69e-02 7.57e-04h  1
  77  5.0002661e+05 7.25e+00 8.31e+01  -4.6 1.31e+02    -  2.79e-02 4.66e-02f  1
  78  5.1735322e+05 7.21e+00 7.99e+01  -4.6 1.26e+02    -  1.91e-02 5.54e-03f  1
  79  8.1325019e+05 6.53e+00 8.44e+01  -4.7 1.26e+02    -  3.27e-02 9.46e-02f  1
iter    objective    inf_pr   inf_du lg(mu)  ||d||  lg(rg) alpha_du alpha_pr  ls
  80  9.9671764e+05 6.10e+00 7.46e+01  -4.7 1.10e+02    -  8.83e-02 6.56e-02f  1
  81  1.2574805e+06 5.49e+00 7.87e+01  -4.7 1.02e+02    -  3.21e-02 9.91e-02f  1
  82  1.2613404e+06 5.48e+00 6.11e+01  -4.7 8.57e+01    -  1.07e-01 1.67e-03h  1
  83  1.4837019e+06 4.97e+00 6.16e+01  -4.8 8.73e+01    -  5.13e-02 9.35e-02f  1
  84  1.4875778e+06 4.96e+00 5.33e+01  -4.8 7.45e+01    -  6.03e-02 1.82e-03h  1
  85  1.4971089e+06 4.94e+00 5.16e+01  -4.8 7.47e+01    -  1.53e-02 4.47e-03f  1
  86  1.5261808e+06 4.87e+00 4.68e+01  -4.8 7.41e+01    -  4.54e-02 1.37e-02f  1
  87  1.5659637e+06 4.78e+00 4.45e+01  -4.8 7.34e+01    -  3.06e-02 1.89e-02f  1
  88  1.5136805e+06 4.77e+00 4.45e+01  -1.0 8.58e+02    -  9.56e-04 9.26e-04f  1
  89  1.3332134e+06 4.77e+00 4.46e+01   1.0 6.81e+04    -  1.51e-05 2.98e-05f  1
iter    objective    inf_pr   inf_du lg(mu)  ||d||  lg(rg) alpha_du alpha_pr  ls
  90  1.1175622e+06 4.77e+00 4.50e+01   1.0 6.04e+04    -  1.04e-05 3.66e-05f  1
  91  6.5908141e+05 4.76e+00 4.61e+01   1.0 5.52e+04    -  1.78e-05 7.97e-05f  1
  92  3.8973160e+05 4.76e+00 4.61e+01   1.0 4.91e+04    -  4.85e-05 4.90e-05f  1
  93 -3.1429773e+05 4.75e+00 4.80e+01   1.0 4.24e+04    -  2.64e-05 1.30e-04f  1
  94 -8.8421963e+05 4.74e+00 4.85e+01   1.0 3.58e+04    -  8.24e-05 1.09e-04f  1
  95 -1.9117690e+06 4.73e+00 4.73e+01   1.0 3.08e+04    -  2.64e-04 2.01e-04f  1
  96 -3.8952767e+06 4.70e+00 5.30e+01   1.0 2.34e+04    -  1.08e-04 4.06e-04f  1
  97 -5.7728249e+06 4.67e+00 5.54e+01   1.0 1.85e+04    -  2.79e-04 4.05e-04f  1
  98 -8.3584399e+06 4.63e+00 6.01e+01   1.0 1.47e+04    -  3.30e-04 5.84e-04f  1
  99 -9.6555676e+06 4.62e+00 5.47e+01   1.0 1.18e+04    -  6.07e-04 3.08e-04f  1
iter    objective    inf_pr   inf_du lg(mu)  ||d||  lg(rg) alpha_du alpha_pr  ls
 100 -1.5020760e+07 4.54e+00 7.26e+01   1.0 1.01e+04    -  2.18e-04 1.31e-03f  1
 101 -1.7445397e+07 4.51e+00 6.36e+01   1.0 8.03e+03    -  1.26e-03 6.31e-04f  1
 102 -2.3116141e+07 4.44e+00 1.04e+02   1.0 7.67e+03    -  5.63e-05 1.53e-03f  1
 103 -2.7479914e+07 4.39e+00 1.23e+02   1.0 9.11e+03    -  7.70e-04 1.23e-03f  1
 104 -2.7657108e+07 4.39e+00 9.20e+01   1.0 4.82e+03    -  7.85e-04 5.25e-05f  1
 105 -3.4339572e+07 4.41e+00 1.68e+02   1.0 1.60e+04    -  1.35e-04 1.97e-03f  1
 106 -3.4541968e+07 4.41e+00 1.00e+02   1.0 5.03e+03    -  1.69e-03 6.29e-05f  1
 107 -3.7581555e+07 4.40e+00 8.63e+01   1.0 3.63e+03    -  1.31e-03 9.74e-04f  1
 108 -4.7509724e+07 4.37e+00 1.51e+02   1.0 3.69e+03    -  1.73e-03 3.28e-03f  1
 109 -5.2951507e+07 4.34e+00 1.08e+02   1.0 2.61e+03    -  2.92e-03 1.90e-03f  1
iter    objective    inf_pr   inf_du lg(mu)  ||d||  lg(rg) alpha_du alpha_pr  ls
 110 -5.6203605e+07 4.30e+00 9.93e+01   1.0 2.76e+03    -  1.38e-03 1.18e-03f  1
 111 -6.4185038e+07 4.22e+00 1.27e+02   1.0 2.30e+03    -  2.30e-03 2.96e-03f  1
 112 -7.3871833e+07 4.21e+00 2.33e+02   1.0 1.98e+03    -  1.17e-03 3.69e-03f  1
 113 -7.8644469e+07 4.20e+00 1.99e+02   1.0 1.73e+03    -  2.64e-03 1.85e-03f  1
 114 -8.3316443e+07 4.19e+00 8.11e+01   1.0 1.97e+03    -  6.21e-03 1.86e-03f  1
 115 -9.8775667e+07 4.17e+00 8.05e+01   1.0 1.33e+03    -  6.44e-03 6.29e-03f  1
 116 -1.1342241e+08 4.14e+00 8.04e+01   1.0 1.07e+03    -  5.38e-03 6.15e-03f  1
 117 -1.2456532e+08 4.12e+00 8.02e+01   1.0 2.45e+03    -  3.96e-03 4.70e-03f  1
 118 -1.4468550e+08 4.09e+00 1.90e+02   1.0 8.02e+02    -  5.94e-03 8.69e-03f  1
 119 -1.5698068e+08 4.06e+00 1.56e+02   1.0 6.67e+02    -  6.19e-03 5.41e-03f  1
iter    objective    inf_pr   inf_du lg(mu)  ||d||  lg(rg) alpha_du alpha_pr  ls
 120 -1.8023914e+08 4.02e+00 1.85e+02   1.0 5.85e+02    -  9.65e-03 1.04e-02f  1
 121 -2.2258863e+08 3.94e+00 3.37e+02   1.0 4.82e+02    -  1.57e-02 1.92e-02f  1
 122 -2.9542116e+08 3.81e+00 6.12e+02   1.0 4.40e+02    -  2.76e-02 3.41e-02f  1
 123 -3.6910299e+08 3.67e+00 9.24e+02   1.0 3.93e+02    -  2.88e-02 3.61e-02f  1
 124 -4.9429367e+08 3.43e+00 2.52e+03   1.0 3.63e+02    -  2.91e-02 6.40e-02f  1
 125 -7.2933129e+08 2.98e+00 2.05e+03   1.0 3.32e+02    -  2.14e-01 1.30e-01f  1
 126 -1.1359488e+09 2.20e+00 1.26e+04   1.0 3.10e+02    -  6.66e-03 2.56e-01f  1
 127 -1.4307881e+09 1.64e+00 2.33e+04   1.0 2.81e+02    -  6.40e-02 2.48e-01f  2
 128 -2.2546712e+09 1.74e-01 8.16e+04   1.0 2.79e+02    -  6.87e-02 8.63e-01H  1
 129 -2.2573381e+09 1.62e-01 1.41e+05   1.0 2.50e+01   0.0 1.70e-01 5.27e-02h  1
iter    objective    inf_pr   inf_du lg(mu)  ||d||  lg(rg) alpha_du alpha_pr  ls
 130 -2.2997501e+09 6.71e-02 2.37e+05   1.0 5.07e+01  -0.5 5.60e-02 3.87e-01h  1
 131 -2.3530033e+09 2.03e-02 2.84e+05   1.0 1.04e+02  -1.0 2.28e-01 3.36e-01h  1
 132 -2.4202199e+09 2.25e-02 2.18e+05   1.0 3.53e+02    -  2.32e-01 2.32e-01h  2
 133 -2.4219804e+09 2.23e-02 5.50e+05   1.0 4.44e+02    -  3.18e-01 6.30e-03h  8
 134 -2.4231954e+09 2.23e-02 9.75e+05   1.0 6.21e+02    -  1.86e-01 3.45e-03h  9
 135 -2.4446878e+09 2.10e-02 1.04e+06   1.0 7.32e+02    -  1.07e-01 5.64e-02f  5
 136 -2.4667689e+09 1.98e-02 1.81e+06   1.0 8.05e+02    -  3.91e-01 5.68e-02f  5
 137 -2.4799300e+09 1.93e-02 2.29e+06   1.0 1.15e+03    -  2.30e-01 2.90e-02f  6
 138 -2.4943405e+09 1.87e-02 4.86e+06   1.0 1.34e+03    -  1.00e+00 2.92e-02f  6
 139 -2.4972785e+09 1.86e-02 5.64e+06   1.0 5.67e+03    -  2.88e-01 3.74e-03f  9
iter    objective    inf_pr   inf_du lg(mu)  ||d||  lg(rg) alpha_du alpha_pr  ls
 140 -2.8357900e+09 1.02e-02 4.40e+06   1.0 3.95e+03    -  1.00e+00 4.80e-01f  2
 141 -3.1616497e+09 4.32e-04 8.62e+05   1.0 4.74e+03    -  7.68e-01 9.60e-01H  1
 142 -3.3143525e+09 3.67e-04 6.28e+07   1.0 1.32e+04    -  6.01e-01 1.49e-01f  1
 143 -3.3151168e+09 3.67e-04 1.61e+08   1.0 4.21e+05    -  6.20e-01 1.03e-03F  1
 144 -3.5856010e+09 2.95e-04 1.14e+08   1.0 1.18e+05    -  9.80e-02 1.96e-01f  3
 145 -3.6442092e+09 2.81e-04 1.44e+08   1.0 1.80e+05    -  2.33e-01 4.91e-02f  5
 146 -3.6457761e+09 2.80e-04 2.20e+08   1.0 9.70e+05    -  3.64e-01 1.67e-03F  1
 147 -3.6859745e+09 2.73e-04 2.90e+08   1.0 8.86e+04    -  3.90e-01 2.65e-02f  6
 148 -3.6670513e+09 1.97e-04 6.53e+07   1.0 6.85e+01  -1.4 1.00e+00 8.70e-01h  1
 149 -3.6800723e+09 1.92e-04 1.33e+09   1.0 1.13e+04    -  7.86e-01 2.30e-02h  5
iter    objective    inf_pr   inf_du lg(mu)  ||d||  lg(rg) alpha_du alpha_pr  ls
 150 -3.8934017e+09 1.81e-04 1.37e+09   1.0 1.72e+04    -  3.12e-01 1.60e-01f  3
 151 -3.9459974e+09 1.74e-04 1.78e+09   1.0 1.85e+04    -  2.73e-01 4.19e-02f  5
 152 -4.0053262e+09 1.67e-04 2.27e+09   1.0 2.00e+04    -  3.14e-01 4.42e-02f  5
 153 -4.0051461e+09 1.65e-04 4.42e+09   1.0 2.77e+01  -1.9 1.00e+00 1.15e-02h  7
 154 -4.0053369e+09 1.65e-04 6.28e+09   1.0 1.46e+04    -  8.37e-01 2.97e-04h 12
 155 -3.9922775e+09 4.28e-05 1.26e+09   1.0 2.75e+01  -2.4 1.00e+00 8.52e-01h  1
 156 -3.9994994e+09 4.23e-05 1.51e+10   1.0 1.51e+04    -  9.36e-01 1.07e-02h  7
 157 -3.9976326e+09 8.01e-06 5.00e+09   1.0 2.47e+01  -2.9 1.00e+00 8.35e-01h  1
 158 -3.9986838e+09 8.00e-06 9.48e+10   1.0 1.57e+04    -  9.78e-01 1.54e-03h  9
 159 -3.9985566e+09 2.64e-06 6.02e+10   1.0 7.02e+01  -3.3 1.00e+00 6.78e-01h  1
iter    objective    inf_pr   inf_du lg(mu)  ||d||  lg(rg) alpha_du alpha_pr  ls
 160 -3.9990285e+09 2.64e-06 3.42e+11   1.0 1.58e+04    -  9.87e-01 6.88e-04h 11
 161 -3.9993983e+09 7.91e-07 1.00e+11   1.0 1.84e+02  -3.8 1.00e+00 8.40e-01h  1
 162 -3.9994655e+09 7.91e-07 1.85e+12   1.0 1.58e+04    -  9.76e-01 9.80e-05h 13
 163 -4.0005893e+09 9.38e-07 1.17e+12   1.0 3.90e+02  -4.3 1.00e+00 6.80e-01h  1
 164 -4.0006040e+09 9.38e-07 6.57e+12   1.0 1.58e+04    -  9.64e-01 2.15e-05h 16
 165 -4.0047024e+09 9.36e-07 1.04e+13   1.0 3.47e+04    -  6.90e-01 1.64e-03f 10
 166 -4.0082911e+09 3.88e-06 4.13e+12   1.0 4.88e+04    -  6.04e-01 1.63e-03f  8
 167 -4.0083063e+09 3.86e-06 9.72e+12   1.0 6.73e+02  -4.8 1.00e+00 3.12e-03h  9
 168 -4.0083430e+09 3.86e-06 1.47e+13   1.0 1.58e+04    -  8.92e-01 5.32e-05h 15
 169 -4.0124184e+09 1.45e-05 2.85e+12   1.0 3.14e+04    -  8.07e-01 1.95e-03f 10
iter    objective    inf_pr   inf_du lg(mu)  ||d||  lg(rg) alpha_du alpha_pr  ls
 170 -4.0126237e+09 1.45e-05 5.74e+12   1.0 3.54e+04    -  5.14e-01 9.37e-05f 14
 171 -4.0126267e+09 1.45e-05 1.14e+13   1.0 1.30e+03  -5.2 1.00e+00 2.02e-04h 13
 172 -4.0126289e+09 1.45e-05 1.62e+13   1.0 1.32e+03  -5.7 8.48e-01 5.39e-05h 15
 173 -4.0126487e+09 1.45e-05 2.07e+13   1.0 1.59e+04    -  8.11e-01 2.77e-05h 16
 174 -4.2077760e+09 1.29e-05 2.04e+13   1.0 9.14e+04    -  4.56e-01 1.09e-01f  1
 175 -4.2083241e+09 1.29e-05 2.64e+13   1.0 4.64e+03  -6.2 9.84e-01 7.21e-03h  8
 176 -4.2097051e+09 1.28e-05 2.99e+13   1.0 3.67e+03  -6.7 5.75e-01 7.30e-03h  8
 177 -4.2097949e+09 1.28e-05 3.47e+13   1.0 1.46e+06    -  7.59e-01 1.09e-04h  7
 178 -4.2098261e+09 1.28e-05 3.84e+13   1.0 1.53e+04  -7.2 5.71e-01 5.77e-05h 15
 179 -4.2098596e+09 1.28e-05 4.12e+13   1.0 2.02e+04    -  4.28e-01 2.90e-05h 16
iter    objective    inf_pr   inf_du lg(mu)  ||d||  lg(rg) alpha_du alpha_pr  ls
 180 -4.2323248e+09 1.26e-05 4.06e+13   1.0 2.45e+04    -  2.24e-02 1.49e-02h  7
 181 -4.2536920e+09 1.24e-05 4.03e+13   1.0 9.63e+04    -  5.29e-02 1.42e-02h  4
 182 -4.2761582e+09 1.22e-05 4.01e+13   1.0 2.47e+04    -  8.05e-02 1.48e-02h  7
 183 -4.2990030e+09 1.20e-05 4.01e+13   1.0 2.51e+04    -  1.07e-01 1.48e-02h  7
 184 -4.3224392e+09 1.18e-05 4.03e+13   1.0 2.57e+04    -  1.29e-01 1.48e-02h  7
 185 -5.8704346e+09 6.09e-06 3.54e+12   1.0 2.64e+04    -  1.49e-01 9.50e-01w  1
 186 -5.7526344e+09 3.90e-06 8.40e+13   1.0 3.80e+03  -6.7 1.00e+00 3.82e-01w  1
 187 -5.6535453e+09 1.29e-06 5.78e+13   1.0 3.01e+04  -7.2 3.53e-01 7.16e-01w  1
 188 -4.3345329e+09 1.18e-05 4.10e+13   1.0 1.03e+04  -6.8 1.49e-01 7.43e-03h  7
 189 -4.3736324e+09 1.09e-05 3.88e+13   1.0 2.30e+04  -7.3 1.83e-01 7.24e-02h  4
iter    objective    inf_pr   inf_du lg(mu)  ||d||  lg(rg) alpha_du alpha_pr  ls
 190 -4.3951291e+09 1.07e-05 4.01e+13   1.0 2.44e+04    -  2.71e-01 1.48e-02h  7
 191 -4.5981336e+09 5.36e-07 1.18e+12   1.0 1.04e+04  -6.8 5.33e-01 9.50e-01H  1
 192 -4.6176285e+09 5.25e-07 1.24e+14   1.0 3.63e+05    -  8.41e-01 2.07e-02h  2
 193 -4.6227641e+09 5.19e-07 1.39e+14   1.0 4.59e+05  -7.3 1.12e-01 1.22e-02h  2
 194 -4.6305600e+09 4.96e-07 2.84e+14   1.0 2.70e+04  -6.9 1.00e+00 4.29e-02h  5
 195 -4.6331649e+09 4.95e-07 3.63e+14   1.0 3.41e+04    -  4.85e-01 3.08e-03h  9
 196 -4.6382994e+09 4.89e-07 5.22e+14   1.0 1.30e+04  -7.4 1.00e+00 1.28e-02h  7
 197 -4.6404529e+09 4.87e-07 5.31e+14   1.0 1.47e+05  -7.8 6.51e-02 3.35e-03h  9
 198 -4.6487301e+09 4.35e-07 6.24e+14   1.0 5.62e+03  -6.5 1.00e+00 1.07e-01h  4
 199 -4.6513237e+09 4.29e-07 8.02e+14   1.0 5.25e+03  -7.0 1.00e+00 1.37e-02h  7
iter    objective    inf_pr   inf_du lg(mu)  ||d||  lg(rg) alpha_du alpha_pr  ls
 200 -4.6520405e+09 4.28e-07 9.92e+14   1.0 1.73e+04  -7.5 1.00e+00 1.74e-03h 10
 201 -4.6526960e+09 4.28e-07 1.05e+15   1.0 4.92e+04  -7.9 3.10e-01 8.87e-04h 11
 202 -4.8100026e+09 2.89e-07 6.70e+14   1.0 1.62e+05  -7.5 1.10e-01 3.23e-01w  1
 203 -4.9780833e+09 4.88e-08 1.11e+14   1.0 1.91e+04  -7.1 1.00e+00 8.83e-01w  1
In iteration 203, 2 Slacks too small, adjusting variable bounds
 204 -5.0167985e+09 2.10e-08 8.17e+14   1.0 2.36e+03  -6.7 1.00e+00 6.78e-01w  1
 205 -4.6533105e+09 4.27e-07 1.07e+15   1.0 1.78e+04  -7.1 1.10e-01 1.26e-03h  8
 206 -4.6538243e+09 4.27e-07 1.09e+15   1.0 1.45e+05  -7.6 1.13e-01 9.29e-04h 11
 207 -4.6549155e+09 4.25e-07 1.28e+15   1.0 3.23e+04  -7.2 1.00e+00 3.72e-03h  9
 208 -4.6553578e+09 4.25e-07 1.45e+15   1.0 1.74e+04    -  8.77e-01 4.67e-04h 12
 209 -4.7826726e+09 6.21e-08 6.57e+13   1.0 7.76e+03  -6.8 1.00e+00 9.60e-01H  1
iter    objective    inf_pr   inf_du lg(mu)  ||d||  lg(rg) alpha_du alpha_pr  ls
 210 -4.7960769e+09 5.86e-08 4.62e+15   1.0 5.28e+03  -7.2 1.00e+00 5.55e-02h  4
 211 -4.8014511e+09 5.59e-08 9.27e+15   1.0 3.27e+03  -6.8 1.00e+00 4.67e-02h  5
 212 -4.8014612e+09 5.59e-08 9.27e+15   1.0 4.17e+19  -7.3 4.07e-16 1.26e-16f 20
 213 -4.8046931e+09 5.45e-08 1.42e+16   1.0 3.25e+03  -6.9 1.00e+00 2.60e-02h  6
 214 -4.8066729e+09 5.41e-08 1.96e+16   1.0 6.61e+03  -7.3 1.00e+00 6.83e-03h  8
 215 -4.8086334e+09 5.33e-08 2.48e+16   1.0 3.77e+03  -6.9 1.00e+00 1.41e-02h  7
 216 -4.8102526e+09 5.18e-08 2.95e+16   1.0 1.60e+03  -6.5 1.00e+00 2.86e-02h  6
 217 -4.8107900e+09 5.16e-08 3.52e+16   1.0 3.75e+03  -7.0 1.00e+00 3.61e-03h  9
 218 -4.8117110e+09 5.09e-08 4.04e+16   1.0 1.78e+03  -6.5 1.00e+00 1.46e-02h  7
 219 -4.8123113e+09 5.07e-08 4.61e+16   1.0 4.07e+03  -7.0 1.00e+00 3.67e-03h  9
In iteration 219, 28508 Slacks too small, adjusting variable bounds
iter    objective    inf_pr   inf_du lg(mu)  ||d||  lg(rg) alpha_du alpha_pr  ls
 220 -4.8787605e+09 4.79e-09 2.83e+15   1.0 1.97e+03  -6.6 1.00e+00 9.46e-01w  1
In iteration 220, 67294 Slacks too small, adjusting variable bounds
 221 -4.8951142e+09 1.54e-09 1.88e+16   1.0 7.26e+02  -6.2 1.00e+00 6.82e-01w  1
In iteration 221, 18004 Slacks too small, adjusting variable bounds
 222 -4.9632163e+09 3.87e-08 3.29e+01   1.0 2.70e+03  -6.6 1.00e+00 1.00e+00w  1
In iteration 222, 18004 Slacks too small, adjusting variable bounds
 223 -4.7509702e+09 1.29e-03 1.90e+16   0.3 8.93e+02  -7.1 3.73e-01 9.53e-02f  1
In iteration 223, 18004 Slacks too small, adjusting variable bounds
 224 -4.4440968e+09 5.56e-03 1.88e+16   0.3 4.56e+03  -6.7 2.17e-01 1.52e-01f  1
In iteration 224, 18004 Slacks too small, adjusting variable bounds
 225 -4.4065291e+09 5.48e-03 3.50e+16   0.3 1.05e+03  -7.2 5.15e-01 2.24e-02f  1
In iteration 225, 18004 Slacks too small, adjusting variable bounds
 226 -4.3541879e+09 1.36e-01 3.33e+16   0.3 1.74e+02  -1.3 1.33e-02 3.70e-02f  1
In iteration 226, 18004 Slacks too small, adjusting variable bounds
 227 -4.1531772e+09 1.18e-01 3.39e+16   0.3 2.02e+02  -1.8 4.58e-01 1.37e-01f  1
In iteration 227, 18004 Slacks too small, adjusting variable bounds
 228 -3.8983099e+09 1.48e-01 2.71e+16   0.3 2.05e+02  -2.3 1.56e-01 1.92e-01f  1
In iteration 228, 18004 Slacks too small, adjusting variable bounds
 229 -3.8460328e+09 1.29e-01 2.55e+16   0.3 3.52e+01  -0.1 3.92e-01 1.31e-01f  1
In iteration 229, 18004 Slacks too small, adjusting variable bounds
iter    objective    inf_pr   inf_du lg(mu)  ||d||  lg(rg) alpha_du alpha_pr  ls
 230 -3.7906306e+09 1.34e-01 2.34e+16   0.3 7.52e+01  -0.5 7.41e-02 8.02e-02f  1
In iteration 230, 18004 Slacks too small, adjusting variable bounds
 231 -3.7274502e+09 1.14e-01 2.36e+16   0.3 3.67e+01  -0.1 1.00e+00 1.54e-01f  1
In iteration 231, 18004 Slacks too small, adjusting variable bounds
 232 -3.6590363e+09 1.03e-01 2.14e+16   0.3 5.54e+01  -0.6 4.30e-01 9.37e-02f  1
In iteration 232, 18004 Slacks too small, adjusting variable bounds
 233 -3.5294412e+09 6.96e-02 1.45e+16   0.3 2.97e+01  -0.2 1.00e+00 3.28e-01f  1
In iteration 233, 18004 Slacks too small, adjusting variable bounds
 234 -3.4558118e+09 6.03e-02 1.29e+16   0.3 3.24e+01  -0.6 1.00e+00 1.35e-01f  1
In iteration 234, 18004 Slacks too small, adjusting variable bounds
 235 -3.2281312e+09 3.21e-02 6.65e+15   0.3 3.08e+01  -1.1 1.00e+00 4.88e-01f  1
In iteration 235, 18004 Slacks too small, adjusting variable bounds
 236 -3.2201016e+09 3.08e-02 6.80e+15   0.3 3.06e+01  -1.6 1.00e+00 3.84e-02f  1
In iteration 236, 18004 Slacks too small, adjusting variable bounds
 237 -3.1356345e+09 1.76e-02 3.91e+15   0.3 5.09e+01  -2.1 1.00e+00 4.27e-01f  1
In iteration 237, 18004 Slacks too small, adjusting variable bounds
 238 -3.1231744e+09 1.56e-02 3.73e+15   0.3 3.33e+01  -2.5 1.00e+00 1.17e-01f  1
In iteration 238, 18004 Slacks too small, adjusting variable bounds
 239 -3.0285504e+09 1.13e-03 4.21e+00   0.3 7.30e+01  -3.0 1.00e+00 1.00e+00f  1
iter    objective    inf_pr   inf_du lg(mu)  ||d||  lg(rg) alpha_du alpha_pr  ls
 240 -2.8948048e+09 7.85e-04 4.39e+15  -0.2 1.04e+02  -3.5 9.68e-01 4.75e-01f  1
 241 -2.7211681e+09 4.56e-03 6.43e+14  -0.5 2.24e+00  -1.3 1.00e+00 8.96e-01f  1
 242 -2.6896948e+09 1.32e-02 9.50e-01  -0.5 6.72e+00  -1.7 1.00e+00 1.00e+00f  1
 243 -2.6733344e+09 1.36e-02 1.56e+14  -0.7 1.76e+01  -2.2 6.05e-01 9.11e-01f  1
 244 -2.6761645e+09 9.92e-03 9.68e+12  -0.6 2.45e+01  -2.7 1.00e+00 9.11e-01f  1
 245 -2.6742129e+09 7.56e-03 7.71e+13  -0.7 5.89e+01  -3.2 1.00e+00 3.67e-01f  1
 246 -2.6717275e+09 5.40e-03 1.09e+14  -0.7 4.49e+01  -3.6 1.00e+00 3.53e-01f  1
 247 -2.6660616e+09 2.41e-03 9.09e+13  -0.7 1.31e+02  -4.1 1.00e+00 5.93e-01f  1
 248 -2.6551284e+09 4.95e-03 2.53e-01  -0.8 3.87e+02  -4.6 1.00e+00 1.00e+00f  1

Number of Iterations....: 248

                                   (scaled)                 (unscaled)
Objective...............:   5.3102568502191792e+05   -2.6551284251095896e+09
Dual infeasibility......:   2.5274133446874669e-01    1.2637066723437335e+03
Constraint violation....:   4.9464534754527500e-03    4.9464534754527500e-03
Variable bound violation:   0.0000000000000000e+00    0.0000000000000000e+00
Complementarity.........:   9.7011925325720350e-01    4.8505962662860175e+03
Overall NLP error.......:   4.9464534754527500e-03    4.8505962662860175e+03


Number of objective function evaluations             = 839
Number of objective gradient evaluations             = 249
Number of equality constraint evaluations            = 910
Number of inequality constraint evaluations          = 910
Number of equality constraint Jacobian evaluations   = 249
Number of inequality constraint Jacobian evaluations = 249
Number of Lagrangian Hessian evaluations             = 248
Total seconds in IPOPT (w/o function evaluations)    =    477.368
Total seconds in NLP function evaluations            =    123.196


Timing Statistics:

OverallAlgorithm....................:    600.563 (sys:      0.000 wall:    600.564)
 PrintProblemStatistics.............:      0.009 (sys:      0.000 wall:      0.009)
 InitializeIterates.................:     18.168 (sys:      0.000 wall:     18.169)
 UpdateHessian......................:      5.498 (sys:      0.000 wall:      5.489)
 OutputIteration....................:      0.016 (sys:      0.000 wall:      0.014)
 UpdateBarrierParameter.............:    116.470 (sys:      0.000 wall:    116.477)
 ComputeSearchDirection.............:    265.199 (sys:      0.000 wall:    265.196)
 ComputeAcceptableTrialPoint........:    179.500 (sys:      0.000 wall:    179.517)
 AcceptTrialPoint...................:      1.793 (sys:      0.000 wall:      1.779)
 CheckConvergence...................:     13.910 (sys:      0.000 wall:     13.915)
PDSystemSolverTotal.................:    393.274 (sys:      0.000 wall:    393.285)
 PDSystemSolverSolveOnce............:    374.752 (sys:      0.000 wall:    374.761)
 ComputeResiduals...................:     14.398 (sys:      0.000 wall:     14.401)
 StdAugSystemSolverMultiSolve.......:    379.651 (sys:      0.000 wall:    379.623)
 LinearSystemScaling................:      0.000 (sys:      0.000 wall:      0.000)
 LinearSystemSymbolicFactorization..:     13.320 (sys:      0.000 wall:     13.319)
 LinearSystemFactorization..........:      0.000 (sys:      0.000 wall:      0.000)
 LinearSystemBackSolve..............:    124.575 (sys:      0.000 wall:    124.573)
 LinearSystemStructureConverter.....:      0.000 (sys:      0.000 wall:      0.000)
  LinearSystemStructureConverterInit:      0.000 (sys:      0.000 wall:      0.000)
QualityFunctionSearch...............:     13.571 (sys:      0.000 wall:     13.568)
TryCorrector........................:      0.000 (sys:      0.000 wall:      0.000)
Task1...............................:      6.102 (sys:      0.000 wall:      6.078)
Task2...............................:      5.157 (sys:      0.000 wall:      5.176)
Task3...............................:      0.960 (sys:      0.000 wall:      0.988)
Task4...............................:      0.000 (sys:      0.000 wall:      0.000)
Task5...............................:      0.526 (sys:      0.000 wall:      0.514)
Task6...............................:      0.000 (sys:      0.000 wall:      0.000)
Function Evaluations................:    123.197 (sys:      0.000 wall:    123.196)
 Objective function.................:      0.391 (sys:      0.000 wall:      0.388)
 Objective function gradient........:      0.664 (sys:      0.000 wall:      0.662)
 Equality constraints...............:    109.279 (sys:      0.000 wall:    109.267)
 Inequality constraints.............:      0.835 (sys:      0.000 wall:      0.843)
 Equality constraint Jacobian.......:      0.569 (sys:      0.000 wall:      0.566)
 Inequality constraint Jacobian.....:      6.288 (sys:      0.000 wall:      6.288)
 Lagrangian Hessian.................:      5.171 (sys:      0.000 wall:      5.182)

EXIT: Maximum wallclock time exceeded.
GO3_AC_SOLVE_RETURNED {"timing_scope":"API time includes optimizer setup; native Ipopt timings are logged separately","effective_native_evaluator":"MathOptInterface.Nonlinear.SymbolicAD.Evaluator","native_backend_confirmed":true,"interval":1,"model_structure_changed":false,"policy":"symbolic_adaptive_v1","mu_strategy":"adaptive","optimizer_reported_seconds":609.3329999446869,"floating_point_bits":64,"phase":"continuous_shunts","effective_native_backend":"MathOptInterface.Nonlinear.SymbolicMode","optimize_api_wall_seconds":641.4579999446869,"source_bounds_changed":false}
GO3_AC_PHASE {"solve_seconds":609.3329999446869,"bound_and_gap_queried":true,"max_primal_residual":0.00494645347545275,"objective":null,"termination":"TIME_LIMIT","simplex_iterations":null,"bound":null,"barrier_iterations":248,"nodes":null,"native_relative_gap":null,"wall_limit_seconds":600.0,"interval":1,"primal_status":"INFEASIBLE_POINT","phase":"continuous_shunts","residual_audit_seconds":16.603999853134155,"wall_through_audit_seconds":662.2439999580383,"wall_seconds":645.6200001239777,"complete_finite_point":true,"relative_gap":null}
GO3_AC_PRIMAL_START {"requested_policy":"within_interval_primal_dual_v1","policy":"within_interval_complete_v1","variable_count":643822,"external_solution_read":false,"dual_skip_reason":"First point was not a converged residual-verified point with duals; retained complete primal only","acceptance_scope":"MOI primal attributes set and read back; installed Ipopt wrapper copies them into native x","interval":1,"source":"continuous_shunt_solve_in_same_interval_and_attempt","dual_or_basis_start":false,"bounds_adjusted_start_count":26995,"dual_transfer_used":false,"accepted_interface_count":643822,"complete":true,"source_bounds_changed":false}
GO3_AC_SOLVE_BEGIN {"epoch_seconds":1.78998129984e9,"policy":"symbolic_adaptive_v1","interval":1,"phase":"rounded_shunts"}
This is Ipopt version 3.14.19, running with linear solver MUMPS 5.9.0.

Number of nonzeros in equality constraint Jacobian...:   998651
Number of nonzeros in inequality constraint Jacobian.:  1015351
Number of nonzeros in Lagrangian Hessian.............:  1421020

Total number of variables............................:   515075
                     variables with only lower bounds:    69933
                variables with lower and upper bounds:   421499
                     variables with only upper bounds:        0
Total number of equality constraints.................:   218254
Total number of inequality constraints...............:   341724
        inequality constraints with only lower bounds:    42452
   inequality constraints with lower and upper bounds:    33739
        inequality constraints with only upper bounds:   265533

iter    objective    inf_pr   inf_du lg(mu)  ||d||  lg(rg) alpha_du alpha_pr  ls
   0 -2.6552004e+09 6.02e-01 9.86e+01   0.0 0.00e+00    -  0.00e+00 0.00e+00   0
   1 -2.6538113e+09 5.96e-01 9.50e+01  -3.3 2.14e+01    -  3.63e-02 9.77e-03f  1
   2 -2.6503744e+09 5.74e-01 8.68e+01  -3.3 2.13e+01    -  8.54e-02 3.66e-02f  1
   3 -2.6430618e+09 5.04e-01 7.47e+01  -3.3 2.05e+01    -  1.40e-01 1.22e-01f  1
   4 -2.6344092e+09 3.96e-01 5.84e+01  -3.4 1.83e+01    -  2.18e-01 2.15e-01f  1
   5 -2.6254494e+09 2.64e-01 5.52e+01  -3.5 4.74e+01    -  5.57e-02 3.34e-01f  1
   6 -2.6216786e+09 2.05e-01 3.72e+01  -3.5 2.83e+01    -  3.27e-01 2.24e-01f  1
   7 -2.6175814e+09 1.46e-01 2.66e+01  -3.7 2.60e+01    -  2.86e-01 2.87e-01f  1
   8 -2.6135008e+09 9.59e-02 2.00e+01  -3.8 3.44e+01    -  2.46e-01 3.43e-01f  1
   9 -2.6113950e+09 7.51e-02 1.77e+01  -4.0 2.60e+01    -  1.15e-01 2.16e-01f  1
iter    objective    inf_pr   inf_du lg(mu)  ||d||  lg(rg) alpha_du alpha_pr  ls
  10 -2.6093214e+09 5.75e-02 1.24e+01  -4.0 2.72e+01    -  3.00e-01 2.35e-01f  1
  11 -2.6087319e+09 5.39e-02 1.20e+01  -4.2 3.88e+01    -  3.25e-02 6.29e-02f  1
  12 -2.6082568e+09 5.11e-02 8.52e+00  -4.2 4.01e+01    -  2.90e-01 5.10e-02f  1
  13 -2.6070821e+09 4.59e-02 7.73e+00  -4.3 5.62e+01    -  2.56e-01 1.02e-01f  1
  14 -2.6045418e+09 3.75e-02 6.72e+00  -4.5 7.54e+01    -  1.98e-01 1.83e-01f  1
  15 -2.6019698e+09 3.65e-02 7.37e+00  -4.6 9.38e+01    -  2.78e-01 1.62e-01f  1
  16 -2.5994726e+09 3.43e-02 6.22e+00  -4.7 1.30e+02    -  2.06e-01 1.22e-01f  1
  17 -2.5946847e+09 3.25e-02 5.35e+00  -4.8 1.63e+02    -  1.73e-01 1.94e-01f  1
  18 -2.5920150e+09 3.02e-02 3.88e+00  -4.9 1.96e+02    -  1.68e-01 9.23e-02f  1
  19 -2.5919604e+09 3.02e-02 1.07e+01  -5.0 2.35e+02    -  2.09e-01 1.60e-03f  1
iter    objective    inf_pr   inf_du lg(mu)  ||d||  lg(rg) alpha_du alpha_pr  ls
  20 -2.5846047e+09 2.69e-02 8.24e+00  -5.1 2.97e+02    -  1.60e-01 1.73e-01f  1
  21 -2.5774362e+09 2.49e-02 6.23e+00  -5.1 3.51e+02    -  1.24e-01 1.44e-01f  1
  22 -2.5734961e+09 2.53e-02 5.18e+00  -5.2 4.00e+02    -  3.62e-02 7.04e-02f  1
  23 -2.5710779e+09 2.49e-02 5.23e+00  -5.2 4.14e+02    -  1.57e-01 4.18e-02f  1
  24 -2.5677527e+09 2.39e-02 5.60e+00  -5.3 4.89e+02    -  1.91e-02 4.89e-02f  1
  25 -2.5675275e+09 2.39e-02 3.77e+00  -5.3 4.97e+02    -  5.25e-02 3.26e-03f  1
  26 -2.5592852e+09 2.19e-02 6.58e+00  -5.3 5.24e+02    -  3.54e-02 1.13e-01f  1
  27 -2.5585326e+09 2.17e-02 3.60e+00  -5.3 5.42e+02    -  1.19e-01 1.00e-02f  1
  28 -2.5556487e+09 2.10e-02 3.76e+00  -5.4 6.12e+02    -  8.42e-02 3.41e-02f  1
  29 -2.5454744e+09 1.89e-02 3.18e+00  -5.4 6.66e+02    -  1.39e-02 1.11e-01f  1
iter    objective    inf_pr   inf_du lg(mu)  ||d||  lg(rg) alpha_du alpha_pr  ls
  30 -2.5453180e+09 1.76e-02 2.67e+00  -5.4 6.52e+01  -4.0 8.11e-02 7.20e-02f  1
  31 -2.5451875e+09 1.70e-02 3.24e+00  -5.5 9.51e+01  -4.5 7.01e-03 3.28e-02f  1
  32 -2.5449533e+09 1.65e-02 2.57e+00  -5.5 1.12e+02  -5.0 6.48e-02 2.69e-02f  1
  33 -2.5439023e+09 1.57e-02 2.38e+00  -5.5 1.22e+02  -5.4 3.94e-02 5.10e-02f  1
  34 -2.5419750e+09 1.58e-02 2.39e+00  -5.5 2.60e+02  -5.9 3.74e-02 4.34e-02f  1
  35 -2.5389718e+09 1.57e-02 2.29e+00  -5.5 2.99e+05    -  4.37e-02 2.51e-02f  1
  36 -2.5377761e+09 1.55e-02 2.51e+00  -5.6 4.87e+02  -6.4 5.81e-02 1.53e-02f  1
  37 -2.5368479e+09 1.52e-02 2.74e+00  -5.6 2.95e+02  -6.0 5.50e-02 1.85e-02f  1
  38 -2.5291657e+09 1.43e-02 2.34e+00  -5.6 1.00e+03    -  3.09e-02 5.57e-02f  1
  39 -2.5251902e+09 2.04e-02 1.89e+00  -5.6 5.56e+02  -6.4 1.86e-02 4.44e-02f  1
iter    objective    inf_pr   inf_du lg(mu)  ||d||  lg(rg) alpha_du alpha_pr  ls
  40 -2.5211373e+09 3.18e-02 1.89e+00  -5.6 3.31e+02  -6.0 8.11e-02 7.21e-02f  1
  41 -2.5192636e+09 3.11e-02 1.38e+03  -5.7 1.08e+07  -6.5 6.75e-04 4.31e-02f  1
  42 -2.5105211e+09 3.02e-02 1.30e+03  -5.7 7.30e+06    -  6.02e-02 5.55e-02f  1
  43 -2.5021373e+09 2.90e-02 1.24e+03  -5.7 6.94e+06    -  1.11e-01 5.03e-02f  1
  44 -2.4923024e+09 2.76e-02 1.17e+03  -5.7 6.60e+06    -  1.55e-01 5.29e-02f  1
  45 -2.4747446e+09 2.55e-02 1.08e+03  -5.8 6.25e+06    -  1.47e-01 8.11e-02f  1
  46 -2.4686888e+09 2.41e-02 9.92e+02  -5.9 7.09e+04  -6.1 7.20e-02 8.03e-02f  1
  47 -2.4503783e+09 2.54e-02 9.25e+02  -5.9 5.29e+06    -  7.57e-02 6.80e-02f  1
  48 -2.4484470e+09 2.51e-02 9.13e+02  -5.9 1.67e+05  -6.5 1.26e-01 1.26e-02f  1
  49 -2.4361283e+09 2.47e-02 8.79e+02  -6.0 4.86e+06    -  8.66e-02 3.75e-02f  1
iter    objective    inf_pr   inf_du lg(mu)  ||d||  lg(rg) alpha_du alpha_pr  ls
  50 -2.4203974e+09 2.43e-02 8.40e+02  -6.0 4.68e+06    -  1.95e-02 4.44e-02f  1
  51 -2.3932610e+09 2.53e-02 7.56e+02  -6.0 3.96e+05  -7.0 6.50e-02 1.03e-01f  1
  52 -2.3694061e+09 2.47e-02 7.09e+02  -6.1 4.02e+06    -  1.09e-01 6.22e-02f  1
  53 -2.3693302e+09 2.40e-02 6.86e+02  -6.1 1.27e+03  -3.9 3.35e-02 3.19e-02h  1
  54 -2.3689856e+09 2.31e-02 6.27e+02  -6.1 1.24e+03  -4.4 1.82e-01 8.76e-02h  1
  55 -2.3688053e+09 2.05e-02 5.49e+02  -6.2 1.16e+03  -3.0 1.57e-01 1.28e-01h  1
  56 -2.3686671e+09 1.81e-02 4.85e+02  -6.3 1.04e+03  -2.6 1.95e-01 1.20e-01h  1
  57 -2.3685623e+09 1.67e-02 4.43e+02  -6.4 9.49e+02  -3.1 8.33e-02 8.87e-02h  1
  58 -2.3685216e+09 1.60e-02 4.24e+02  -6.4 8.83e+02  -2.7 1.95e-01 4.17e-02h  1
  59 -2.3683458e+09 1.29e-02 3.44e+02  -6.5 8.54e+02  -2.2 1.37e-01 1.98e-01h  1
iter    objective    inf_pr   inf_du lg(mu)  ||d||  lg(rg) alpha_du alpha_pr  ls
  60 -2.3682683e+09 1.17e-02 3.11e+02  -6.6 7.18e+02  -2.7 1.38e-01 9.64e-02h  1
  61 -2.3681809e+09 1.02e-02 2.72e+02  -6.6 6.61e+02  -2.3 1.84e-01 1.29e-01h  1
  62 -2.3681441e+09 9.70e-03 2.58e+02  -6.7 5.90e+02  -2.8 4.95e-02 5.41e-02h  1
  63 -2.3681366e+09 9.57e-03 2.55e+02  -6.8 5.63e+02  -2.3 1.34e-01 1.28e-02h  1
  64 -2.3679988e+09 7.19e-03 1.94e+02  -6.8 5.57e+02  -1.9 1.55e-01 2.52e-01h  1
  65 -2.3679866e+09 7.00e-03 1.89e+02  -6.9 4.35e+02  -2.4 2.01e-01 2.65e-02h  1
  66 -2.3679182e+09 5.87e-03 1.59e+02  -7.0 4.25e+02  -2.0 1.91e-01 1.64e-01h  1
  67 -2.3678778e+09 5.17e-03 1.42e+02  -7.1 3.63e+02  -1.5 1.61e-01 1.18e-01h  1
  68 -2.3678282e+09 4.39e-03 1.21e+02  -7.2 3.24e+02  -2.0 1.84e-01 1.54e-01h  1
  69 -2.3678040e+09 3.99e-03 1.10e+02  -7.2 2.79e+02  -1.6 1.83e-01 9.19e-02h  1
iter    objective    inf_pr   inf_du lg(mu)  ||d||  lg(rg) alpha_du alpha_pr  ls
  70 -2.3677749e+09 3.54e-03 9.83e+01  -7.3 2.55e+02  -2.1 1.86e-01 1.13e-01h  1
  71 -2.3677411e+09 2.99e-03 8.40e+01  -7.4 2.28e+02  -1.6 1.33e-01 1.56e-01h  1
  72 -2.3677298e+09 2.83e-03 7.94e+01  -7.5 1.95e+02  -2.1 1.44e-01 5.53e-02h  1
  73 -2.3676850e+09 2.12e-03 6.06e+01  -7.5 1.85e+02  -1.7 1.68e-01 2.52e-01h  1
  74 -2.3676744e+09 1.98e-03 5.66e+01  -7.6 1.41e+02  -2.2 8.31e-02 6.70e-02h  1
  75 -2.3676669e+09 1.87e-03 5.36e+01  -7.7 1.32e+02  -1.7 1.39e-01 5.72e-02h  1
  76 -2.3676595e+09 1.75e-03 5.05e+01  -7.7 1.24e+02  -1.3 6.87e-02 6.39e-02h  1
  77 -2.3676434e+09 1.51e-03 4.40e+01  -7.8 1.17e+02  -1.8 1.03e-01 1.35e-01h  1
  78 -2.3676274e+09 1.26e-03 3.74e+01  -7.8 1.01e+02  -1.4 1.71e-01 1.68e-01h  1
  79 -2.3676174e+09 1.12e-03 3.35e+01  -7.9 8.50e+01  -1.8 1.80e-01 1.09e-01h  1
iter    objective    inf_pr   inf_du lg(mu)  ||d||  lg(rg) alpha_du alpha_pr  ls
  80 -2.3676165e+09 1.11e-03 3.31e+01  -8.0 7.60e+01  -1.4 1.69e-01 1.24e-02h  1
  81 -2.3676145e+09 1.08e-03 3.23e+01  -8.1 7.50e+01  -1.9 5.89e-02 2.32e-02h  1
  82 -2.3676028e+09 9.07e-04 2.75e+01  -8.1 7.33e+01  -1.5 1.11e-01 1.64e-01h  1
  83 -2.3675993e+09 8.65e-04 2.62e+01  -8.1 6.16e+01  -1.9 4.71e-02 4.68e-02h  1
  84 -2.3675940e+09 7.89e-04 2.41e+01  -8.2 5.88e+01  -1.5 8.40e-02 8.81e-02h  1
  85 -2.3675882e+09 7.24e-04 2.21e+01  -8.2 5.37e+01  -2.0 5.33e-02 8.28e-02h  1
  86 -2.3675854e+09 6.85e-04 2.10e+01  -8.2 4.93e+01  -1.6 1.38e-01 5.40e-02h  1
  87 -2.3675796e+09 6.25e-04 1.92e+01  -8.3 4.67e+01  -2.0 4.67e-02 8.85e-02h  1
  88 -2.3675779e+09 6.04e-04 1.86e+01  -8.3 4.26e+01  -1.6 1.50e-01 3.50e-02h  1
  89 -2.3675754e+09 5.66e-04 1.76e+01  -8.4 4.11e+01  -1.2 1.33e-01 6.25e-02h  1

Number of Iterations....: 89

                                   (scaled)                 (unscaled)
Objective...............:   4.7351507908553124e+05   -2.3675753954276562e+09
Dual infeasibility......:   1.7564566444353375e+01    8.7822832221766876e+04
Constraint violation....:   5.6582377006542117e-04    5.6582377006542117e-04
Variable bound violation:   0.0000000000000000e+00    0.0000000000000000e+00
Complementarity.........:   1.2320978006374458e-01    6.1604890031872287e+02
Overall NLP error.......:   1.7564566444353375e+01    8.7822832221766876e+04


Number of objective function evaluations             = 90
Number of objective gradient evaluations             = 90
Number of equality constraint evaluations            = 90
Number of inequality constraint evaluations          = 90
Number of equality constraint Jacobian evaluations   = 90
Number of inequality constraint Jacobian evaluations = 90
Number of Lagrangian Hessian evaluations             = 89
Total seconds in IPOPT (w/o function evaluations)    =    227.974
Total seconds in NLP function evaluations            =     14.898


Timing Statistics:

OverallAlgorithm....................:    242.873 (sys:      0.000 wall:    242.872)
 PrintProblemStatistics.............:      0.006 (sys:      0.000 wall:      0.007)
 InitializeIterates.................:     17.488 (sys:      0.000 wall:     17.487)
 UpdateHessian......................:      1.908 (sys:      0.000 wall:      1.910)
 OutputIteration....................:      0.009 (sys:      0.000 wall:      0.004)
 UpdateBarrierParameter.............:    145.864 (sys:      0.000 wall:    145.867)
 ComputeSearchDirection.............:     55.591 (sys:      0.000 wall:     55.595)
 ComputeAcceptableTrialPoint........:     15.824 (sys:      0.000 wall:     15.814)
 AcceptTrialPoint...................:      0.642 (sys:      0.000 wall:      0.646)
 CheckConvergence...................:      5.539 (sys:      0.000 wall:      5.541)
PDSystemSolverTotal.................:    186.211 (sys:      0.000 wall:    186.227)
 PDSystemSolverSolveOnce............:    174.601 (sys:      0.000 wall:    174.615)
 ComputeResiduals...................:      9.698 (sys:      0.000 wall:      9.693)
 StdAugSystemSolverMultiSolve.......:    187.491 (sys:      0.000 wall:    187.501)
 LinearSystemScaling................:      0.000 (sys:      0.000 wall:      0.000)
 LinearSystemSymbolicFactorization..:     16.357 (sys:      0.000 wall:     16.357)
 LinearSystemFactorization..........:      0.000 (sys:      0.000 wall:      0.000)
 LinearSystemBackSolve..............:     60.203 (sys:      0.000 wall:     60.201)
 LinearSystemStructureConverter.....:      0.000 (sys:      0.000 wall:      0.000)
  LinearSystemStructureConverterInit:      0.000 (sys:      0.000 wall:      0.000)
QualityFunctionSearch...............:     12.767 (sys:      0.000 wall:     12.763)
TryCorrector........................:      0.000 (sys:      0.000 wall:      0.000)
Task1...............................:      5.667 (sys:      0.000 wall:      5.660)
Task2...............................:      4.955 (sys:      0.000 wall:      4.956)
Task3...............................:      0.931 (sys:      0.000 wall:      0.931)
Task4...............................:      0.000 (sys:      0.000 wall:      0.000)
Task5...............................:      0.477 (sys:      0.000 wall:      0.477)
Task6...............................:      0.000 (sys:      0.000 wall:      0.000)
Function Evaluations................:     14.901 (sys:      0.000 wall:     14.898)
 Objective function.................:      0.041 (sys:      0.000 wall:      0.038)
 Objective function gradient........:      0.244 (sys:      0.000 wall:      0.242)
 Equality constraints...............:     10.312 (sys:      0.000 wall:     10.307)
 Inequality constraints.............:      0.183 (sys:      0.000 wall:      0.183)
 Equality constraint Jacobian.......:      0.222 (sys:      0.000 wall:      0.221)
 Inequality constraint Jacobian.....:      2.195 (sys:      0.000 wall:      2.202)
 Lagrangian Hessian.................:      1.704 (sys:      0.000 wall:      1.705)

EXIT: Maximum wallclock time exceeded.
GO3_AC_SOLVE_RETURNED {"timing_scope":"API time includes optimizer setup; native Ipopt timings are logged separately","effective_native_evaluator":"MathOptInterface.Nonlinear.SymbolicAD.Evaluator","native_backend_confirmed":true,"interval":1,"model_structure_changed":false,"policy":"symbolic_adaptive_v1","mu_strategy":"adaptive","optimizer_reported_seconds":254.29800009727478,"floating_point_bits":64,"phase":"rounded_shunts","effective_native_backend":"MathOptInterface.Nonlinear.SymbolicMode","optimize_api_wall_seconds":254.29800009727478,"source_bounds_changed":false}
GO3_AC_PRIMAL_GUARD {"variable_count":643822,"objective_window_iterations":8,"discrete_solution_claimed":false,"native_original_probe_seconds":0.0,"interval":1,"original_probe_interval":5,"certificate_scope":"local model feasibility only; objective stagnation is heuristic; no KKT or global optimality claim","minimum_iterations":20,"audit_count":0,"native_original_probe_count":0,"model_structure_changed":false,"candidate_only":false,"external_solution_read":false,"policy":"verified_stable_rounded_primal_v1","callback_count":90,"primal_residual_limit":1.0e-8,"residual_screen":"callback_internal","audit_seconds":0.0,"phase":"rounded_shunts","objective_relative_range_limit":1.0e-7,"enabled":true,"stop_requested":false,"source_bounds_changed":false}
GO3_AC_PHASE {"solve_seconds":254.29800009727478,"bound_and_gap_queried":true,"max_primal_residual":0.0005658237700654212,"objective":null,"termination":"TIME_LIMIT","simplex_iterations":null,"bound":null,"barrier_iterations":89,"nodes":null,"native_relative_gap":null,"wall_limit_seconds":240.0,"interval":1,"primal_status":"INFEASIBLE_POINT","phase":"rounded_shunts","residual_audit_seconds":16.733999967575073,"wall_through_audit_seconds":271.5510001182556,"wall_seconds":254.8159999847412,"complete_finite_point":true,"relative_gap":null}
GO3_AC_NUMERICAL_RECOVERY {"trigger":"rounded_phase_failed_explicit_primal_residual_screen","model_structure_changed":false,"dual_starts_cleared":1697950,"policy":"adaptive_barrier_on_failed_residual_v1","external_solution_read":false,"previous_model_residual":0.0005658237700654212,"constraint_count":1697950,"fresh_optimizer_instantiated":true,"options":{"mu_oracle":"quality-function","bound_relax_factor":0.0,"tol":1.0e-9,"acceptable_tol":1.0e-8,"warm_start_same_structure":"no","adaptive_mu_globalization":"obj-constr-filter","mu_strategy":"adaptive","slack_bound_push":0.01,"bound_frac":0.01,"mu_init":0.1,"slack_bound_frac":0.01,"honor_original_bounds":"yes","warm_start_init_point":"no","acceptable_constr_viol_tol":1.0e-9,"max_iter":1000,"bound_push":0.01,"compl_inf_tol":1.0e-8,"max_wall_time":360.0,"constr_viol_tol":1.0e-9},"attempted":true,"interval":1,"acceptance":"unchanged local residual screen followed by independent exhaustive verification","objective_changed":false,"complete_primal_start":{"policy":"within_interval_complete_v1","source":"failed_rounded_shunt_solve_in_same_interval_and_attempt","variable_count":643822,"accepted_interface_count":643822,"bounds_adjusted_start_count":0,"complete":true,"acceptance_scope":"MOI primal attributes set and read back; installed Ipopt wrapper copies them into native x","dual_or_basis_start":false,"external_solution_read":false,"source_bounds_changed":false},"source_bounds_changed":false,"legacy_nonlinear_count":0}
GO3_AC_SOLVE_BEGIN {"epoch_seconds":1.789981610404e9,"policy":"symbolic_adaptive_v1","interval":1,"phase":"numerical_recovery"}
This is Ipopt version 3.14.19, running with linear solver MUMPS 5.9.0.

Number of nonzeros in equality constraint Jacobian...:   998651
Number of nonzeros in inequality constraint Jacobian.:  1015351
Number of nonzeros in Lagrangian Hessian.............:  1421020

Total number of variables............................:   515075
                     variables with only lower bounds:    69933
                variables with lower and upper bounds:   421499
                     variables with only upper bounds:        0
Total number of equality constraints.................:   218254
Total number of inequality constraints...............:   341724
        inequality constraints with only lower bounds:    42452
   inequality constraints with lower and upper bounds:    33739
        inequality constraints with only upper bounds:   265533

iter    objective    inf_pr   inf_du lg(mu)  ||d||  lg(rg) alpha_du alpha_pr  ls
   0 -2.3716176e+09 1.80e+00 9.90e+01   0.0 0.00e+00    -  0.00e+00 0.00e+00   0
   1 -2.3714175e+09 1.78e+00 8.65e+01  -3.3 7.87e+01    -  1.27e-01 9.90e-03f  1
   2 -2.3704428e+09 1.56e+00 8.07e+01  -3.4 9.02e+01    -  6.70e-02 1.25e-01f  1
   3 -2.3695979e+09 1.32e+00 7.63e+01  -3.4 9.67e+01    -  5.32e-02 1.52e-01f  1
   4 -2.3692828e+09 1.22e+00 6.49e+01  -3.4 1.02e+02    -  1.50e-01 7.62e-02f  1
   5 -2.3682392e+09 8.63e-01 5.15e+01  -3.5 1.20e+02    -  2.06e-01 2.92e-01f  1
   6 -2.3678009e+09 7.10e-01 3.43e+01  -3.6 1.51e+02    -  3.34e-01 1.77e-01f  1
   7 -2.3669447e+09 4.81e-01 2.74e+01  -3.8 2.27e+02    -  2.02e-01 3.23e-01f  1
   8 -2.3661367e+09 3.38e-01 2.52e+01  -3.9 2.84e+02    -  8.07e-02 2.96e-01f  1
   9 -2.3658912e+09 3.08e-01 1.70e+01  -3.9 3.09e+02    -  3.24e-01 9.00e-02f  1
iter    objective    inf_pr   inf_du lg(mu)  ||d||  lg(rg) alpha_du alpha_pr  ls
  10 -2.3655553e+09 2.81e-01 1.42e+01  -4.1 4.57e+02    -  1.63e-01 8.78e-02f  1
  11 -2.3646195e+09 2.22e-01 1.06e+01  -4.2 5.47e+02    -  2.55e-01 2.09e-01f  1
  12 -2.3631235e+09 1.65e-01 8.25e+00  -4.3 7.33e+02    -  3.41e-01 2.57e-01f  1
  13 -2.3624722e+09 1.53e-01 2.47e+01  -4.5 1.11e+03    -  4.33e-01 7.55e-02f  1
  14 -2.3613790e+09 1.42e-01 2.48e+01  -4.7 1.95e+03    -  1.54e-01 7.30e-02f  1
  15 -2.3611466e+09 1.40e-01 2.71e+01  -4.8 2.30e+03    -  2.00e-01 1.32e-02f  1
  16 -2.3561965e+09 1.08e-01 2.05e+01  -4.9 2.87e+03    -  1.52e-01 2.26e-01f  1
  17 -2.3534953e+09 9.68e-02 1.75e+01  -4.9 3.37e+03    -  2.51e-01 1.05e-01f  1
  18 -2.3496819e+09 8.60e-02 1.04e+01  -5.1 4.48e+03    -  4.04e-01 1.12e-01f  1
  19 -2.3418797e+09 7.41e-02 1.19e+01  -5.3 7.43e+03    -  3.32e-01 1.38e-01f  1
iter    objective    inf_pr   inf_du lg(mu)  ||d||  lg(rg) alpha_du alpha_pr  ls
  20 -2.3339328e+09 6.71e-02 1.11e+01  -5.5 1.09e+04    -  1.35e-01 9.52e-02f  1
  21 -2.3309637e+09 6.50e-02 1.24e+01  -5.5 1.25e+04    -  1.90e-01 3.09e-02f  1
  22 -2.3309422e+09 6.37e-02 1.38e+01  -5.6 2.49e+01  -4.0 1.74e-01 1.90e-02h  1
  23 -2.3033806e+09 5.15e-02 1.12e+01  -5.7 1.87e+04    -  1.92e-01 1.92e-01f  1
  24 -2.2996868e+09 5.04e-02 1.22e+01  -5.8 2.25e+04    -  2.20e-01 2.12e-02f  1
  25 -2.2991746e+09 4.18e-02 9.56e+00  -5.9 3.54e+01  -4.5 7.83e-02 1.71e-01f  1
  26 -2.2990787e+09 4.13e-02 1.08e+01  -5.9 6.50e+01  -5.0 2.83e-01 1.22e-02f  1
  27 -2.2938065e+09 3.14e-02 7.99e+00  -6.1 1.38e+02  -5.4 1.72e-01 2.38e-01f  1
  28 -2.2903244e+09 2.96e-02 7.57e+00  -6.1 4.14e+02  -5.9 7.58e-02 5.76e-02f  1
  29 -2.2828466e+09 2.63e-02 6.79e+00  -6.2 5.00e+02  -6.0 1.39e-01 1.10e-01f  1
iter    objective    inf_pr   inf_du lg(mu)  ||d||  lg(rg) alpha_du alpha_pr  ls
  30 -2.2800961e+09 2.38e-02 6.11e+00  -6.2 1.75e+02  -5.5 7.97e-02 9.64e-02f  1
  31 -2.2716154e+09 2.12e-02 5.49e+00  -6.3 5.24e+02  -6.0 1.40e-01 1.08e-01f  1
  32 -2.2697402e+09 2.00e-02 5.27e+00  -6.3 1.98e+02  -5.6 1.16e-01 5.75e-02f  1
  33 -2.2689103e+09 1.87e-02 4.88e+00  -6.4 9.44e+01  -5.2 2.97e-02 6.51e-02f  1
  34 -2.2396074e+09 1.81e-02 4.45e+00  -6.4 1.22e+05    -  9.58e-02 3.24e-02f  1
  35 -2.2395799e+09 1.76e-02 4.45e+00  -6.4 1.57e+01  -3.8 8.84e-02 2.75e-02h  1
  36 -2.2395701e+09 1.73e-02 4.53e+00  -6.5 9.88e+00  -3.4 1.04e-01 1.64e-02h  1
  37 -2.2394850e+09 1.39e-02 3.55e+00  -6.5 6.16e+00  -3.0 1.50e-01 1.97e-01h  1
  38 -2.2394807e+09 1.37e-02 3.60e+00  -6.6 3.40e+00  -2.6 8.24e-02 1.41e-02h  1
  39 -2.2394310e+09 1.19e-02 3.11e+00  -6.6 6.81e+00  -3.0 1.03e-01 1.31e-01h  1
iter    objective    inf_pr   inf_du lg(mu)  ||d||  lg(rg) alpha_du alpha_pr  ls
  40 -2.2394011e+09 1.06e-02 2.70e+00  -6.7 3.51e+00  -2.6 4.51e-02 1.10e-01h  1
  41 -2.2393730e+09 9.71e-03 2.49e+00  -6.7 7.31e+00  -3.1 1.02e-01 8.32e-02h  1
  42 -2.2393542e+09 8.94e-03 2.39e+00  -6.7 3.73e+00  -2.7 2.09e-01 7.91e-02h  1
  43 -2.2393474e+09 8.76e-03 2.34e+00  -6.8 8.31e+00  -3.1 1.78e-02 2.09e-02h  1
  44 -2.2393291e+09 8.05e-03 2.18e+00  -6.8 4.18e+00  -2.7 1.22e-01 8.04e-02h  1
  45 -2.2393026e+09 6.83e-03 1.85e+00  -6.9 2.22e+00  -2.3 1.51e-01 1.52e-01h  1
  46 -2.2392927e+09 6.49e-03 1.74e+00  -7.0 4.72e+00  -2.8 3.37e-02 4.90e-02h  1
  47 -2.2392858e+09 6.19e-03 1.65e+00  -7.0 2.33e+00  -2.3 3.23e-02 4.62e-02h  1
  48 -2.2392643e+09 5.52e-03 1.40e+00  -7.0 5.19e+00  -2.8 1.37e-02 1.08e-01h  1
  49 -2.2392601e+09 5.35e-03 1.51e+00  -7.0 2.35e+00  -2.4 2.15e-01 3.13e-02h  1
iter    objective    inf_pr   inf_du lg(mu)  ||d||  lg(rg) alpha_du alpha_pr  ls
  50 -2.2392472e+09 4.73e-03 1.36e+00  -7.1 1.30e+00  -2.0 1.52e-01 1.17e-01h  1
  51 -2.2392309e+09 4.11e-03 1.16e+00  -7.2 2.63e+00  -2.4 5.95e-02 1.29e-01h  1
  52 -2.2392164e+09 3.46e-03 9.47e-01  -7.2 1.39e+00  -2.0 9.89e-02 1.60e-01h  1
  53 -2.2392096e+09 3.24e-03 8.86e-01  -7.3 2.89e+00  -2.5 2.45e-02 6.31e-02h  1
  54 -2.2392034e+09 2.98e-03 8.31e-01  -7.3 1.46e+00  -2.1 2.39e-01 8.02e-02h  1
  55 -2.2391935e+09 2.69e-03 7.55e-01  -7.4 3.28e+00  -2.5 6.71e-02 9.58e-02h  1
  56 -2.2391887e+09 2.50e-03 6.96e-01  -7.4 1.54e+00  -2.1 1.42e-01 7.03e-02h  1
  57 -2.2391813e+09 2.16e-03 5.90e-01  -7.5 7.59e-01  -1.7 8.77e-02 1.38e-01h  1
  58 -2.2391726e+09 1.85e-03 5.06e-01  -7.5 1.65e+00  -2.2 1.46e-01 1.41e-01h  1
  59 -2.2391679e+09 1.65e-03 4.44e-01  -7.6 8.11e-01  -1.7 2.77e-01 1.10e-01h  1
iter    objective    inf_pr   inf_du lg(mu)  ||d||  lg(rg) alpha_du alpha_pr  ls
  60 -2.2391615e+09 1.46e-03 3.89e-01  -7.7 1.76e+00  -2.2 1.46e-01 1.17e-01h  1
  61 -2.2391578e+09 1.31e-03 3.51e-01  -7.8 8.72e-01  -1.8 1.67e-01 1.02e-01h  1
  62 -2.2391547e+09 1.23e-03 3.36e-01  -7.9 1.86e+00  -2.3 3.25e-02 6.03e-02h  1
  63 -2.2391519e+09 1.12e-03 3.23e-01  -7.9 9.21e-01  -1.8 1.56e-01 8.48e-02h  1
  64 -2.2391485e+09 1.05e-03 2.82e-01  -8.0 2.08e+00  -2.3 9.52e-02 6.70e-02h  1
  65 -2.2391483e+09 1.04e-03 3.13e-01  -8.0 9.39e-01  -1.9 1.11e-01 7.09e-03h  1
  66 -2.2391421e+09 9.20e-04 3.31e-01  -8.1 2.34e+00  -2.4 1.21e-02 1.17e-01h  1
  67 -2.2391386e+09 8.11e-04 2.88e-01  -8.1 9.31e-01  -1.9 1.32e-01 1.18e-01h  1
  68 -2.2391375e+09 7.66e-04 3.30e-01  -8.1 4.60e-01  -1.5 1.82e-01 5.53e-02h  1
  69 -2.2391362e+09 7.33e-04 2.85e-01  -8.2 1.00e+00  -2.0 9.25e-02 4.33e-02h  1
iter    objective    inf_pr   inf_du lg(mu)  ||d||  lg(rg) alpha_du alpha_pr  ls
  70 -2.2391322e+09 5.80e-04 2.19e-01  -8.3 4.91e-01  -1.6 1.22e-01 2.09e-01h  1
  71 -2.2391294e+09 5.19e-04 1.89e-01  -8.3 1.13e+00  -2.0 1.66e-01 1.05e-01h  1
  72 -2.2391281e+09 4.74e-04 2.70e-01  -8.4 4.62e-01  -1.6 2.95e-01 8.77e-02h  1
  73 -2.2391250e+09 4.19e-04 2.08e-01  -8.5 1.27e+00  -2.1 3.41e-02 1.16e-01h  1
  74 -2.2391242e+09 3.96e-04 2.42e-01  -8.6 4.87e-01  -1.7 1.76e-01 5.33e-02h  1
  75 -2.2391228e+09 3.39e-04 2.44e-01  -8.6 2.25e-01  -1.2 2.60e-01 1.45e-01h  1
  76 -2.2391212e+09 3.00e-04 1.94e-01  -8.8 5.47e-01  -1.7 3.06e-02 1.14e-01h  1
  77 -2.2391201e+09 2.87e-04 1.85e-01  -8.8 1.62e+00  -2.2 3.72e-02 4.21e-02h  1
  78 -2.2391189e+09 2.64e-04 1.89e-01  -8.8 6.11e-01  -1.8 1.57e-01 8.18e-02h  1
  79 -2.2391184e+09 2.59e-04 2.50e-01  -8.9 1.82e+00  -2.2 5.08e-02 1.82e-02h  1
iter    objective    inf_pr   inf_du lg(mu)  ||d||  lg(rg) alpha_du alpha_pr  ls
  80 -2.2391175e+09 2.43e-04 4.08e-01  -8.9 6.85e-01  -1.8 1.31e-01 6.35e-02h  1
  81 -2.2391159e+09 1.95e-04 2.50e-01  -9.0 2.63e-01  -1.4 1.21e-01 1.95e-01h  1
  82 -2.2391143e+09 1.72e-04 2.06e-01  -9.0 7.71e-01  -1.9 4.72e-02 1.19e-01h  1
  83 -2.2391140e+09 1.65e-04 2.52e-01  -9.0 2.93e-01  -1.4 3.00e-01 3.78e-02h  1
  84 -2.2391131e+09 1.55e-04 2.33e-01  -9.2 8.68e-01  -1.9 3.73e-02 6.52e-02h  1
  85 -2.2391129e+09 1.51e-04 2.73e-01  -9.2 3.29e-01  -1.5 1.56e-01 2.36e-02h  1
  86 -2.2391118e+09 1.41e-04 2.57e-01  -9.3 9.77e-01  -2.0 3.61e-02 6.73e-02h  1
  87 -2.2391109e+09 1.24e-04 2.26e-01  -9.3 3.69e-01  -1.5 1.25e-01 1.22e-01h  1
  88 -2.2391103e+09 1.19e-04 2.18e-01  -9.4 1.10e+00  -2.0 3.87e-02 3.41e-02h  1
  89 -2.2391101e+09 1.16e-04 2.10e-01  -9.4 4.13e-01  -1.6 9.58e-02 2.68e-02h  1
iter    objective    inf_pr   inf_du lg(mu)  ||d||  lg(rg) alpha_du alpha_pr  ls
  90 -2.2391101e+09 1.16e-04 1.99e-01  -9.4 1.24e+00  -2.1 1.72e-02 3.54e-03h  1
  91 -2.2391096e+09 1.10e-04 1.80e-01  -9.4 4.65e-01  -1.6 1.34e-01 5.37e-02h  1
  92 -2.2391084e+09 1.03e-04 1.76e-01  -9.5 1.39e+00  -2.1 4.03e-02 6.19e-02h  1
  93 -2.2391082e+09 1.01e-04 2.60e-01  -9.5 5.22e-01  -1.7 1.72e-01 1.33e-02h  1
  94 -2.2391071e+09 9.64e-05 2.16e-01  -9.6 1.57e+00  -2.2 1.31e-02 5.00e-02h  1
  95 -2.2391070e+09 9.49e-05 3.19e-01  -9.6 5.90e-01  -1.8 1.62e-01 1.52e-02h  1
  96 -2.2391066e+09 8.78e-05 2.99e-01  -9.7 2.22e-01  -1.3 8.68e-02 7.55e-02h  1
  97 -2.2391061e+09 8.35e-05 2.70e-01  -9.7 6.65e-01  -1.8 2.75e-02 4.88e-02h  1
  98 -2.2391057e+09 7.61e-05 2.45e-01  -9.7 2.50e-01  -1.4 8.64e-02 8.79e-02h  1
  99 -2.2391052e+09 7.25e-05 2.22e-01  -9.8 7.49e-01  -1.9 3.29e-02 4.75e-02h  1
iter    objective    inf_pr   inf_du lg(mu)  ||d||  lg(rg) alpha_du alpha_pr  ls
 100 -2.2391047e+09 6.57e-05 2.15e-01  -9.8 2.81e-01  -1.4 1.18e-01 9.39e-02h  1
 101 -2.2391046e+09 6.53e-05 2.36e-01  -9.8 8.43e-01  -1.9 3.09e-02 6.44e-03h  1
 102 -2.2391042e+09 6.06e-05 2.96e-01  -9.8 3.16e-01  -1.5 1.86e-01 7.25e-02h  1
 103 -2.2391034e+09 5.67e-05 2.28e-01  -9.9 9.48e-01  -2.0 6.11e-03 6.44e-02h  1
 104 -2.2391033e+09 5.58e-05 2.61e-01  -9.9 3.56e-01  -1.5 6.54e-02 1.61e-02h  1
 105 -2.2391030e+09 5.46e-05 2.49e-01 -10.0 1.06e+00  -2.0 1.34e-02 2.14e-02h  1
 106 -2.2391027e+09 5.25e-05 2.56e-01 -10.0 4.00e-01  -1.6 5.86e-02 3.69e-02h  1
 107 -2.2391023e+09 5.11e-05 2.43e-01 -10.0 1.19e+00  -2.1 2.11e-02 2.83e-02h  1
 108 -2.2391021e+09 4.96e-05 3.43e-01 -10.0 4.49e-01  -1.6 1.67e-01 2.88e-02h  1
 109 -2.2391016e+09 4.83e-05 3.17e-01 -10.1 1.34e+00  -2.1 5.91e-03 2.58e-02h  1
iter    objective    inf_pr   inf_du lg(mu)  ||d||  lg(rg) alpha_du alpha_pr  ls
 110 -2.2391015e+09 4.78e-05 4.39e-01 -10.1 5.03e-01  -1.7 1.40e-01 1.00e-02h  1
 111 -2.2391010e+09 4.65e-05 4.13e-01 -10.2 1.50e+00  -2.2 1.24e-02 2.70e-02h  1
 112 -2.2391010e+09 4.63e-05 5.04e-01 -10.2 5.64e-01  -1.7 1.14e-01 5.40e-03h  1
 113 -2.2391005e+09 4.09e-05 5.11e-01 -10.2 2.12e-01  -1.3 2.30e-01 1.16e-01h  1
 114 -2.2390998e+09 3.75e-05 4.59e-01 -10.3 6.33e-01  -1.8 7.04e-02 8.32e-02h  1
 115 -2.2390996e+09 3.51e-05 4.77e-01 -10.4 2.38e-01  -1.4 1.54e-01 6.33e-02h  1
 116 -2.2390991e+09 3.35e-05 4.38e-01 -10.4 7.13e-01  -1.8 2.39e-02 4.73e-02h  1
 117 -2.2390990e+09 3.27e-05 4.39e-01 -10.4 2.67e-01  -1.4 4.61e-02 2.47e-02h  1
 118 -2.2390986e+09 3.14e-05 3.98e-01 -10.5 8.19e-01  -1.9 1.81e-03 3.71e-02h  1
 119 -2.2390986e+09 3.13e-05 4.49e-01 -10.5 3.05e-01  -1.5 8.84e-02 3.34e-03h  1
iter    objective    inf_pr   inf_du lg(mu)  ||d||  lg(rg) alpha_du alpha_pr  ls
 120 -2.2390982e+09 3.04e-05 4.25e-01 -10.5 9.35e-01  -1.9 1.52e-02 3.07e-02h  1
 121 -2.2390982e+09 3.01e-05 4.52e-01 -10.5 3.47e-01  -1.5 6.13e-02 8.65e-03h  1
 122 -2.2390980e+09 2.97e-05 4.50e-01  -6.6 1.06e+00  -2.0 3.00e-03 1.27e-02h  1
 123 -2.2390979e+09 2.92e-05 4.82e-01 -10.5 3.93e-01  -1.6 9.33e-02 1.71e-02h  1
 124 -2.2390978e+09 2.90e-05 4.67e-01  -6.7 1.18e+00  -2.0 2.96e-02 8.97e-03h  1
 125 -2.2390975e+09 2.76e-05 4.58e-01 -10.6 4.43e-01  -1.6 7.56e-02 4.54e-02h  1
 126 -2.2390972e+09 2.43e-05 4.03e-01 -10.6 1.65e-01  -1.2 1.28e-01 1.22e-01h  1
 127 -2.2390967e+09 2.26e-05 3.75e-01 -10.7 5.01e-01  -1.7 6.18e-02 6.68e-02h  1
 128 -2.2390965e+09 2.05e-05 4.07e-01  -6.8 1.83e-01  -1.2 4.05e-02 9.39e-02h  1
 129 -2.2390960e+09 1.91e-05 3.38e-01  -6.8 5.66e-01  -1.7 1.73e-01 6.98e-02h  1

Number of Iterations....: 129

                                   (scaled)                 (unscaled)
Objective...............:   4.4781920148804353e+05   -2.2390960074402175e+09
Dual infeasibility......:   3.3791448803793678e-01    1.6895724401896839e+03
Constraint violation....:   1.3920021903771063e-05    1.9088072378714571e-05
Variable bound violation:   0.0000000000000000e+00    0.0000000000000000e+00
Complementarity.........:   5.0688486984123418e-03    2.5344243492061707e+01
Overall NLP error.......:   3.3791448803793678e-01    1.6895724401896839e+03


Number of objective function evaluations             = 130
Number of objective gradient evaluations             = 130
Number of equality constraint evaluations            = 130
Number of inequality constraint evaluations          = 130
Number of equality constraint Jacobian evaluations   = 130
Number of inequality constraint Jacobian evaluations = 130
Number of Lagrangian Hessian evaluations             = 129
Total seconds in IPOPT (w/o function evaluations)    =    338.760
Total seconds in NLP function evaluations            =     22.753


Timing Statistics:

OverallAlgorithm....................:    361.513 (sys:      0.000 wall:    361.513)
 PrintProblemStatistics.............:      0.007 (sys:      0.000 wall:      0.007)
 InitializeIterates.................:     17.499 (sys:      0.000 wall:     17.499)
 UpdateHessian......................:      2.915 (sys:      0.000 wall:      2.929)
 OutputIteration....................:      0.005 (sys:      0.000 wall:      0.006)
 UpdateBarrierParameter.............:    256.937 (sys:      0.000 wall:    256.939)
 ComputeSearchDirection.............:     51.413 (sys:      0.000 wall:     51.400)
 ComputeAcceptableTrialPoint........:     23.929 (sys:      0.000 wall:     23.933)
 AcceptTrialPoint...................:      0.930 (sys:      0.000 wall:      0.935)
 CheckConvergence...................:      7.876 (sys:      0.000 wall:      7.865)
PDSystemSolverTotal.................:    286.079 (sys:      0.000 wall:    286.070)
 PDSystemSolverSolveOnce............:    273.520 (sys:      0.000 wall:    273.528)
 ComputeResiduals...................:     10.224 (sys:      0.000 wall:     10.225)
 StdAugSystemSolverMultiSolve.......:    285.591 (sys:      0.000 wall:    285.589)
 LinearSystemScaling................:      0.000 (sys:      0.000 wall:      0.000)
 LinearSystemSymbolicFactorization..:     16.339 (sys:      0.000 wall:     16.340)
 LinearSystemFactorization..........:      0.000 (sys:      0.000 wall:      0.000)
 LinearSystemBackSolve..............:     68.859 (sys:      0.000 wall:     68.851)
 LinearSystemStructureConverter.....:      0.000 (sys:      0.000 wall:      0.000)
  LinearSystemStructureConverterInit:      0.000 (sys:      0.000 wall:      0.000)
QualityFunctionSearch...............:     18.687 (sys:      0.000 wall:     18.689)
TryCorrector........................:      0.000 (sys:      0.000 wall:      0.000)
Task1...............................:      8.173 (sys:      0.000 wall:      8.146)
Task2...............................:      7.432 (sys:      0.000 wall:      7.434)
Task3...............................:      1.299 (sys:      0.000 wall:      1.339)
Task4...............................:      0.000 (sys:      0.000 wall:      0.000)
Task5...............................:      0.720 (sys:      0.000 wall:      0.696)
Task6...............................:      0.000 (sys:      0.000 wall:      0.000)
Function Evaluations................:     22.746 (sys:      0.000 wall:     22.753)
 Objective function.................:      0.055 (sys:      0.000 wall:      0.056)
 Objective function gradient........:      0.348 (sys:      0.000 wall:      0.350)
 Equality constraints...............:     15.916 (sys:      0.000 wall:     15.919)
 Inequality constraints.............:      0.227 (sys:      0.000 wall:      0.220)
 Equality constraint Jacobian.......:      0.308 (sys:      0.000 wall:      0.309)
 Inequality constraint Jacobian.....:      3.267 (sys:      0.000 wall:      3.268)
 Lagrangian Hessian.................:      2.625 (sys:      0.000 wall:      2.631)

EXIT: Maximum wallclock time exceeded.
GO3_AC_SOLVE_RETURNED {"timing_scope":"API time includes optimizer setup; native Ipopt timings are logged separately","effective_native_evaluator":"MathOptInterface.Nonlinear.SymbolicAD.Evaluator","native_backend_confirmed":true,"interval":1,"model_structure_changed":false,"policy":"symbolic_adaptive_v1","mu_strategy":"adaptive","optimizer_reported_seconds":369.73099994659424,"floating_point_bits":64,"phase":"numerical_recovery","effective_native_backend":"MathOptInterface.Nonlinear.SymbolicMode","optimize_api_wall_seconds":398.8699998855591,"source_bounds_changed":false}
GO3_AC_PRIMAL_GUARD {"variable_count":643822,"objective_window_iterations":8,"discrete_solution_claimed":false,"native_original_probe_seconds":0.0,"interval":1,"original_probe_interval":5,"certificate_scope":"local model feasibility only; objective stagnation is heuristic; no KKT or global optimality claim","minimum_iterations":20,"audit_count":0,"native_original_probe_count":0,"model_structure_changed":false,"candidate_only":false,"external_solution_read":false,"policy":"verified_stable_rounded_primal_v1","callback_count":130,"primal_residual_limit":1.0e-8,"residual_screen":"callback_internal","audit_seconds":0.0,"phase":"numerical_recovery","objective_relative_range_limit":1.0e-7,"enabled":true,"stop_requested":false,"source_bounds_changed":false}
GO3_AC_PHASE {"solve_seconds":369.73099994659424,"bound_and_gap_queried":true,"max_primal_residual":1.908807237871457e-5,"objective":null,"termination":"TIME_LIMIT","simplex_iterations":null,"bound":null,"barrier_iterations":129,"nodes":null,"native_relative_gap":null,"wall_limit_seconds":360.0,"interval":1,"primal_status":"INFEASIBLE_POINT","phase":"numerical_recovery","residual_audit_seconds":15.218999862670898,"wall_through_audit_seconds":417.59099984169006,"wall_seconds":402.37199997901917,"complete_finite_point":true,"relative_gap":null}
GO3_PROGRESS {"elapsed_worker_seconds":1510.2760000228882,"interval":1,"stage":"ac_refinement_failed","reason":"final AC point failed explicit primal residual screen","remaining_work_seconds":1306.6499736309052}
Rounded shunt steps:
GO3_AC_EXPORT_PROJECTION {"maximum_unfinished_bus_injection_change_pu":3.58155499390056e-8,"within_guard":true,"official_tolerance_changed":false,"certificate_scope":"Export projection drift only; full independent and official verification still required","refined_intervals":1,"policy":"exact_source_intersections_v1","maximum_refined_device_change_pu":0.0,"maximum_refined_bus_injection_change_pu":0.0,"worst_refined_bus":null,"bookkeeping_tolerance":0.0,"enforced":true,"projection_guard_pu":1.0e-9,"projection_events":1,"refined_projection_events":0,"source_bounds_changed":false}
ERROR: LoadError: AC interval 1 failed the explicit 1.0e-8 primal residual screen; checkpoint saved; no later intervals attempted
Stacktrace:
 [1] error(s::String)
   @ Base .\error.jl:35
 [2] checkpoint_ac_interval!(output::String, input::@NamedTuple{dt::Vector{Any}, periods::UnitRange{Int64}, bus_lookup::Dict{String, Dict{String, Any}}, bus_ids::Vector{String}, shunt_lookup::Dict{String, Dict{String, Any}}, shunt_ids::Vector{String}, ac_line_lookup::Dict{String, Dict{String, Any}}, ac_line_ids::Vector{String}, twt_lookup::Dict{String, Dict{String, Any}}, twt_ids::Vector{String}, dc_line_lookup::Dict{String, Dict{String, Any}}, dc_line_ids::Vector{String}, sdd_lookup::Dict{String, Dict{String, Any}}, sdd_ts_lookup::Dict{String, Dict{String, Any}}, sdd_ids::Vector{String}, sdd_ids_producer::Vector{String}, sdd_ids_consumer::Vector{String}, violation_cost::Dict{String, Any}, azr_lookup::Dict{String, Dict{String, Any}}, azr_ts_lookup::Dict{String, Dict{String, Any}}, azr_ids::Vector{String}, rzr_lookup::Dict{String, Dict{String, Any}}, rzr_ts_lookup::Dict{String, Dict{String, Any}}, rzr_ids::Vector{String}}, schedule::@NamedTuple{on_status::Dict{String, Vector{Float64}}, real_power::Dict{String, Vector{Float64}}, reactive_power::Dict{String, Vector{Float64}}, p_rgu::Dict{String, Vector{Float64}}, p_rgd::Dict{String, Vector{Float64}}, p_scr::Dict{String, Vector{Float64}}, p_nsc::Dict{String, Vector{Float64}}, p_rru_on::Dict{String, Vector{Float64}}, p_rru_off::Dict{String, Vector{Float64}}, p_rrd_on::Dict{String, Vector{Float64}}, p_rrd_off::Dict{String, Vector{Float64}}, q_qru::Dict{String, Vector{Float64}}, q_qrd::Dict{String, Vector{Float64}}}, results::Vector{Dict{String, Dict{String}}}, i::Int64; must_stop::Bool, ramp_policy::String)
   @ Main C:\Users\thoma\Documents\go3-division2-cpu\src\pilot_worker.jl:124
 [3] run_worker(case_path::String, output::String, config::Dict{String, Any}, work_deadline::Float64)
   @ Main C:\Users\thoma\Documents\go3-division2-cpu\src\pilot_worker.jl:451
 [4] top-level scope
   @ C:\Users\thoma\Documents\go3-division2-cpu\src\pilot_worker.jl:491
in expression starting at C:\Users\thoma\Documents\go3-division2-cpu\src\pilot_worker.jl:487
Traceback (most recent call last):
  File "C:\Users\thoma\Documents\go3-division2-cpu\scripts\run_disk_worker.py", line 201, in <module>
    main(*sys.argv[1:5],float(sys.argv[5]))
  File "C:\Users\thoma\Documents\go3-division2-cpu\scripts\run_disk_worker.py", line 153, in main
    launch_stage(common+[str(ROOT/"src/pilot_worker.jl")]+arguments,deadline=deadline)
  File "C:\Users\thoma\Documents\go3-division2-cpu\scripts\run_disk_worker.py", line 89, in launch_stage
    raise RuntimeError(f"Scheduling worker stage failed: {label}; exit={code}")
RuntimeError: Scheduling worker stage failed: pilot_worker.jl; exit=1
