GO3_PROGRESS {"epoch_seconds":1.78998499359e9,"event":"reserve_benders_worker_started","raw_case_parsed":false,"pid":15052,"native_backend":{"git_hash":"04024d7","library_sha256":"09e8b2b6eafd425f03390dc5aa192820aa79f825025ee3be54e71a792b75634d","floating_point_bits":64,"objective_clique_max_size":0,"policy":"setup_clique_guard_v1","library_path":"C:\\Users\\thoma\\Documents\\go3-division2-cpu\\environments\\highs-setup-guard-build\\bin\\libhighs.dll","highs_int_bits":32,"version":"1.15.1","manifest_sha256":"ee5a6438fae2a94379ae0fabe8c17e118d07ba8ad39e02a21f5e776caf4667c7"},"mode":"recourse","stage":"source_reserve_benders","round":1,"remaining_work_seconds":107.59986352920532}
Running HiGHS 1.15.1 (git hash: 04024d7): Copyright (c) 2026 under MIT licence terms
Includes third-party software components, see THIRD_PARTY_NOTICES.md for full details
GO3_PROGRESS {"epoch_seconds":1.789984995246e9,"event":"reserve_benders_solve_begin","actual_limit_seconds":5.0,"pid":15052,"period":1,"mode":"recourse","stage":"source_reserve_benders","round":1,"remaining_work_seconds":105.94386339187622}
LP has 2 rows; 1 col; 2 nonzeros
Coefficient ranges:
  Matrix  [1e+00, 1e+00]
  Cost    [3e+00, 3e+00]
  Bound   [0e+00, 0e+00]
  RHS     [1e+00, 1e+00]
Presolving model
Problem status detected on presolve: Infeasible
Model status        : Infeasible
Objective value     :  0.0000000000e+00
HiGHS run time      :          0.00
GO3_PROGRESS {"epoch_seconds":1.789984995254e9,"event":"reserve_benders_solve_returned","solve_seconds":0.00011301040649414062,"pid":15052,"mode":"recourse","stage":"source_reserve_benders","termination":"INFEASIBLE","simplex_iterations":0,"barrier_iterations":0,"has_primal":false,"period":1,"native_status":8,"solve_wall_seconds":0.0,"round":1,"remaining_work_seconds":105.93586349487305}
Running HiGHS 1.15.1 (git hash: 04024d7): Copyright (c) 2026 under MIT licence terms
Includes third-party software components, see THIRD_PARTY_NOTICES.md for full details
GO3_PROGRESS {"epoch_seconds":1.789984995289e9,"event":"reserve_benders_solve_begin","actual_limit_seconds":5.0,"pid":15052,"period":1,"mode":"phase_one","stage":"source_reserve_benders","round":1,"remaining_work_seconds":105.90086340904236}
LP has 2 rows; 3 cols; 4 nonzeros
Coefficient ranges:
  Matrix  [1e+00, 1e+00]
  Cost    [1e+00, 1e+00]
  Bound   [0e+00, 0e+00]
  RHS     [1e+00, 1e+00]
Presolving model
1 rows, 2 cols, 2 nonzeros 0s
0 rows, 0 cols, 0 nonzeros 0s
Presolve reductions: rows 0(-2); columns 0(-3); nonzeros 0(-4) - Reduced to empty
Performed postsolve
Solving the original LP from the solution after postsolve

Model status        : Optimal
Objective value     :  1.0000000000e+00
P-D objective error :  0.0000000000e+00
HiGHS run time      :          0.00
GO3_PROGRESS {"epoch_seconds":1.789984995291e9,"event":"reserve_benders_solve_returned","solve_seconds":0.0006661415100097656,"pid":15052,"mode":"phase_one","stage":"source_reserve_benders","termination":"OPTIMAL","simplex_iterations":0,"barrier_iterations":0,"has_primal":true,"period":1,"native_status":7,"solve_wall_seconds":0.0009999275207519531,"round":1,"remaining_work_seconds":105.89886355400085}
GO3_PROGRESS {"epoch_seconds":1.789984995763e9,"event":"reserve_benders_hour_complete","pid":15052,"mode":"recourse","hours_completed":1,"stage":"source_reserve_benders","hours_required":1,"kind":"feasibility","period":1,"round":1,"remaining_work_seconds":105.42686343193054}
GO3_PROGRESS {"epoch_seconds":1.789984995909e9,"event":"reserve_benders_stage_complete","pid":15052,"result_sha256":"c50e9434772f937aec2d0ab2eda725979b61c65d8045c9b30876d6e4f9d4d71a","mode":"recourse","stage":"source_reserve_benders","round":1,"remaining_work_seconds":105.28086352348328}
