GO3_PROGRESS {"epoch_seconds":1.789964019072e9,"event":"reserve_benders_worker_started","raw_case_parsed":false,"pid":21600,"native_backend":{"git_hash":"04024d701f","library_sha256":"404f0a37f0887e0b390274230441539524f0f68d141a58d62053aea041eb9ded","floating_point_bits":64,"policy":"upstream_jll_v1","library_path":"C:\\Users\\thoma\\Documents\\go3-division2-cpu\\environments\\julia-depot\\artifacts\\7b3fde6a10989de897c61b0c6880e7e7d97cccd4\\bin\\libhighs.dll","highs_int_bits":32,"version":"1.15.1"},"mode":"recourse","stage":"source_reserve_benders","round":1,"remaining_work_seconds":107.97436046600342}
Running HiGHS 1.15.1 (git hash: 04024d701f): Copyright (c) 2026 under MIT licence terms
Includes third-party software components, see THIRD_PARTY_NOTICES.md for full details
Using BLAS: libblastrampoline 
GO3_PROGRESS {"epoch_seconds":1.789964020722e9,"event":"reserve_benders_solve_begin","actual_limit_seconds":5.0,"pid":21600,"period":1,"mode":"recourse","stage":"source_reserve_benders","round":1,"remaining_work_seconds":106.32436060905457}
LP has 2 rows; 1 col; 2 nonzeros
Coefficient ranges:
  Matrix  [1e+00, 1e+00]
  Cost    [3e+00, 3e+00]
  Bound   [0e+00, 0e+00]
  RHS     [1e+00, 1e+00]
Presolving model
Problem status detected on presolve: Infeasible
Model status        : Infeasible
Objective value     :  0.0000000000e+00
HiGHS run time      :          0.00
GO3_PROGRESS {"epoch_seconds":1.78996402073e9,"event":"reserve_benders_solve_returned","solve_seconds":0.00011706352233886719,"pid":21600,"mode":"recourse","stage":"source_reserve_benders","termination":"INFEASIBLE","simplex_iterations":0,"barrier_iterations":0,"has_primal":false,"period":1,"native_status":8,"solve_wall_seconds":0.0,"round":1,"remaining_work_seconds":106.31636047363281}
Running HiGHS 1.15.1 (git hash: 04024d701f): Copyright (c) 2026 under MIT licence terms
Includes third-party software components, see THIRD_PARTY_NOTICES.md for full details
Using BLAS: libblastrampoline 
GO3_PROGRESS {"epoch_seconds":1.789964020763e9,"event":"reserve_benders_solve_begin","actual_limit_seconds":5.0,"pid":21600,"period":1,"mode":"phase_one","stage":"source_reserve_benders","round":1,"remaining_work_seconds":106.2833604812622}
LP has 2 rows; 3 cols; 4 nonzeros
Coefficient ranges:
  Matrix  [1e+00, 1e+00]
  Cost    [1e+00, 1e+00]
  Bound   [0e+00, 0e+00]
  RHS     [1e+00, 1e+00]
Presolving model
1 rows, 2 cols, 2 nonzeros 0s
0 rows, 0 cols, 0 nonzeros 0s
Presolve reductions: rows 0(-2); columns 0(-3); nonzeros 0(-4) - Reduced to empty
Performed postsolve
Solving the original LP from the solution after postsolve

Model status        : Optimal
Objective value     :  1.0000000000e+00
P-D objective error :  0.0000000000e+00
HiGHS run time      :          0.00
GO3_PROGRESS {"epoch_seconds":1.789964020766e9,"event":"reserve_benders_solve_returned","solve_seconds":0.001577138900756836,"pid":21600,"mode":"phase_one","stage":"source_reserve_benders","termination":"OPTIMAL","simplex_iterations":0,"barrier_iterations":0,"has_primal":true,"period":1,"native_status":7,"solve_wall_seconds":0.002000093460083008,"round":1,"remaining_work_seconds":106.28036046028137}
GO3_PROGRESS {"epoch_seconds":1.789964021237e9,"event":"reserve_benders_hour_complete","pid":21600,"mode":"recourse","hours_completed":1,"stage":"source_reserve_benders","hours_required":1,"kind":"feasibility","period":1,"round":1,"remaining_work_seconds":105.80936050415039}
GO3_PROGRESS {"epoch_seconds":1.789964021385e9,"event":"reserve_benders_stage_complete","pid":21600,"result_sha256":"d3fd0956d6655d94705d85ef5019ec56eb9e5268e2fa913e26ba94b6bd67a291","mode":"recourse","stage":"source_reserve_benders","round":1,"remaining_work_seconds":105.66136050224304}
