Running HiGHS 1.15.1 (git hash: 04024d7): Copyright (c) 2026 under MIT licence terms
Includes third-party software components, see THIRD_PARTY_NOTICES.md for full details
 MIP      : 
Rows      : 10931162
Cols      : 8043170
Nonzeros  : 32733724
Integer   : 2592720 (2592720 binary)
Coefficient ranges:
  Matrix  [1e-05, 6e+03]
  Cost    [1e-01, 1e+06]
  Bound   [1e-04, 3e+02]
  RHS     [1e-05, 6e+03]
WARNING: Problem has some excessively small column bounds
WARNING: Problem has some excessively small row bounds
Presolving model
Presolve rules not allowed:
   Rule 13 (set bit 13 =  8192): Parallel rows and columns
7116004 rows, 7957224 cols, 26749975 nonzeros 14s
Sparsify removed 0.0% of nonzeros
Strengthened 140 coefficients
Enumeration presolve fixed 2593 columns, tightened 2 bounds and performed 0 substitutions
Enumeration presolve fixed 62 columns, tightened 0 bounds and performed 0 substitutions
1007 probing evaluations: 114 deleted rows, 1 deleted columns, 41 lifted nonzeros
6256517 rows, 7268026 cols, 34584369 nonzeros 214s
Presolve reductions: rows 6256517(-4674645); columns 7268026(-775144); nonzeros 34584369(+1850645) 
MIP-Timing:     2.2e+02 - completed presolve
MIP-Timing:     2.2e+02 - starting  setup
GO3-HIGHS-Setup stage=initialization solve_elapsed=220.862947
GO3-HIGHS-Setup stage=transpose_and_locks solve_elapsed=221.141665
GO3-HIGHS-Setup stage=row_integrality solve_elapsed=221.358769
GO3-HIGHS-Setup stage=objective_clique_partition solve_elapsed=221.413767
GO3-HIGHS-Setup optional_objective_clique_skipped binary_columns=640839 limit=4096 source_model_unchanged=1
GO3-HIGHS-Setup stage=objective_propagation solve_elapsed=221.415393
GO3-HIGHS-Setup stage=row_activities solve_elapsed=221.427018
GO3-HIGHS-Setup stage=domain_propagation solve_elapsed=221.735626
GO3-HIGHS-Setup stage=domain_propagation_complete solve_elapsed=221.763132
GO3-HIGHS-Setup stage=objective_integrality solve_elapsed=221.763174
GO3-HIGHS-Setup stage=basis_transfer solve_elapsed=221.854895
GO3-HIGHS-Setup stage=basis_transfer_complete solve_elapsed=221.854937

Solving MIP model with:
   6256517 rows
   7268026 cols (2479415 binary, 0 integer, 0 implied int., 4788611 continuous, 0 domain fixed)
   34584369 nonzeros
   Thread count 1 (of 24 threads). Using 1 max workers. Parallel search off
GO3-HIGHS-Setup stage=heuristic_columns solve_elapsed=221.854959
GO3-HIGHS-Setup stage=heuristic_columns_complete solve_elapsed=224.843437
MIP-Timing:     2.2e+02 - completed setup
Feasibility Jump: starting solve. weightUpdateDecay=1, relaxContinuous=0  
MIP-Timing:     3.2e+02 - starting evaluate root node
MIP-Timing:     3.4e+02 - starting analytic centre calculation

Src: B => Branching; C => Central rounding; F => Feasibility pump; H => Heuristic;
     I => Shifting; J => Feasibility jump; L => Sub-MIP; P => Empty MIP; R => Randomized rounding;
     S => Solve LP; T => Evaluate node; U => Unbounded; X => User solution; Y => HiGHS solution;
     Z => ZI Round; l => Trivial lower; p => Trivial point; u => Trivial upper; z => Trivial zero

        Nodes      |    B&B Tree     |            Objective Bounds              |  Dynamic Constraints |       Work      
Src  Proc. InQueue |  Leaves   Expl. | BestBound       BestSol              Gap |   Cuts   InLp Confl. | LpIters     Time

         0       0         0   0.00%   933919174.5322  -inf                 inf        0      0      0         0   343.3s
MIP-Timing:     3.4e+02 - start first LP solve (without basis)
