GO3_PROGRESS {"epoch_seconds":1.789992960155e9,"event":"reserve_benders_worker_started","raw_case_parsed":false,"pid":13880,"native_backend":{"git_hash":"04024d7","library_sha256":"09e8b2b6eafd425f03390dc5aa192820aa79f825025ee3be54e71a792b75634d","floating_point_bits":64,"objective_clique_max_size":0,"policy":"setup_clique_guard_v1","library_path":"C:\\Users\\thoma\\Documents\\go3-division2-cpu\\environments\\highs-setup-guard-build\\bin\\libhighs.dll","highs_int_bits":32,"version":"1.15.1","manifest_sha256":"ee5a6438fae2a94379ae0fabe8c17e118d07ba8ad39e02a21f5e776caf4667c7"},"mode":"recourse","stage":"source_reserve_benders","round":3,"remaining_work_seconds":87.45867872238159}
Running HiGHS 1.15.1 (git hash: 04024d7): Copyright (c) 2026 under MIT licence terms
Includes third-party software components, see THIRD_PARTY_NOTICES.md for full details
GO3_PROGRESS {"epoch_seconds":1.789992961843e9,"event":"reserve_benders_solve_begin","actual_limit_seconds":5.0,"pid":13880,"period":1,"mode":"recourse","stage":"source_reserve_benders","round":3,"remaining_work_seconds":85.77067875862122}
LP has 2 rows; 1 col; 2 nonzeros
Coefficient ranges:
  Matrix  [1e+00, 1e+00]
  Cost    [3e+00, 3e+00]
  Bound   [0e+00, 0e+00]
  RHS     [1e+00, 1e+00]
Presolving model
0 rows, 0 cols, 0 nonzeros 0s
0 rows, 0 cols, 0 nonzeros 0s
Presolve reductions: rows 0(-2); columns 0(-1); nonzeros 0(-2) - Reduced to empty
Performed postsolve
Solving the original LP from the solution after postsolve

Model status        : Optimal
Objective value     :  0.0000000000e+00
P-D objective error :  0.0000000000e+00
HiGHS run time      :          0.00
GO3_PROGRESS {"epoch_seconds":1.789992961852e9,"event":"reserve_benders_solve_returned","solve_seconds":0.0003688335418701172,"pid":13880,"mode":"recourse","stage":"source_reserve_benders","termination":"OPTIMAL","simplex_iterations":0,"barrier_iterations":0,"has_primal":true,"period":1,"native_status":7,"solve_wall_seconds":0.0,"round":3,"remaining_work_seconds":85.76167869567871}
GO3_PROGRESS {"epoch_seconds":1.789992962296e9,"event":"reserve_benders_hour_complete","pid":13880,"mode":"recourse","hours_completed":1,"stage":"source_reserve_benders","hours_required":1,"kind":"cost","period":1,"round":3,"remaining_work_seconds":85.31767868995667}
GO3_PROGRESS {"epoch_seconds":1.789992962538e9,"event":"reserve_benders_incumbent_audited","pid":13880,"mode":"recourse","objective":-0.75,"stage":"source_reserve_benders","round":3,"maximum_residual":0.0,"remaining_work_seconds":85.07567858695984}
GO3_PROGRESS {"epoch_seconds":1.78999296258e9,"event":"reserve_benders_stage_complete","pid":13880,"result_sha256":"8ef00793d814dd5d6866e1e73a3fa7c672453f8915ac631e2c82f016c315c445","mode":"recourse","stage":"source_reserve_benders","round":3,"remaining_work_seconds":85.03367877006531}
