GO3_PROGRESS {"epoch_seconds":1.789987334668e9,"event":"source_reserve_partition_begin","pid":26016,"solve_calls":0,"elapsed_seconds":0.0}
GO3_PROGRESS {"epoch_seconds":1.789987350049e9,"event":"reserve_partition_columns","pid":26016,"master_columns":8043122,"solve_calls":0,"recourse_columns":7210012,"periods":[1,2,3,4,5,6,7,8,9,10,11,12,13,14,15,16,17,18,19,20,21,22,23,24,25,26,27,28,29,30,31,32,33,34,35,36,37,38,39,40,41,42,43,44,45,46,47,48],"elapsed_seconds":15.38100004196167}
GO3_PROGRESS {"epoch_seconds":1.789987352311e9,"event":"reserve_partition_rows","pid":26016,"solve_calls":0,"rows_required":17635208,"rows_processed":1048576,"elapsed_seconds":17.64300012588501}
GO3_PROGRESS {"epoch_seconds":1.789987357258e9,"event":"reserve_partition_rows","pid":26016,"solve_calls":0,"rows_required":17635208,"rows_processed":2097152,"elapsed_seconds":22.58999991416931}
GO3_PROGRESS {"epoch_seconds":1.789987358513e9,"event":"reserve_partition_rows","pid":26016,"solve_calls":0,"rows_required":17635208,"rows_processed":3145728,"elapsed_seconds":23.84500002861023}
GO3_PROGRESS {"epoch_seconds":1.789987360472e9,"event":"reserve_partition_rows","pid":26016,"solve_calls":0,"rows_required":17635208,"rows_processed":4194304,"elapsed_seconds":25.80399990081787}
GO3_PROGRESS {"epoch_seconds":1.789987362685e9,"event":"reserve_partition_rows","pid":26016,"solve_calls":0,"rows_required":17635208,"rows_processed":5242880,"elapsed_seconds":28.01699995994568}
GO3_PROGRESS {"epoch_seconds":1.789987365083e9,"event":"reserve_partition_rows","pid":26016,"solve_calls":0,"rows_required":17635208,"rows_processed":6291456,"elapsed_seconds":30.414999961853027}
GO3_PROGRESS {"epoch_seconds":1.789987367716e9,"event":"reserve_partition_rows","pid":26016,"solve_calls":0,"rows_required":17635208,"rows_processed":7340032,"elapsed_seconds":33.04800009727478}
GO3_PROGRESS {"epoch_seconds":1.789987369373e9,"event":"reserve_partition_rows","pid":26016,"solve_calls":0,"rows_required":17635208,"rows_processed":8388608,"elapsed_seconds":34.704999923706055}
GO3_PROGRESS {"epoch_seconds":1.789987370771e9,"event":"reserve_partition_rows","pid":26016,"solve_calls":0,"rows_required":17635208,"rows_processed":9437184,"elapsed_seconds":36.1029999256134}
GO3_PROGRESS {"epoch_seconds":1.789987372425e9,"event":"reserve_partition_rows","pid":26016,"solve_calls":0,"rows_required":17635208,"rows_processed":10485760,"elapsed_seconds":37.75699996948242}
GO3_PROGRESS {"epoch_seconds":1.78998737366e9,"event":"reserve_partition_rows","pid":26016,"solve_calls":0,"rows_required":17635208,"rows_processed":11534336,"elapsed_seconds":38.992000102996826}
GO3_PROGRESS {"epoch_seconds":1.789987375755e9,"event":"reserve_partition_rows","pid":26016,"solve_calls":0,"rows_required":17635208,"rows_processed":12582912,"elapsed_seconds":41.087000131607056}
GO3_PROGRESS {"epoch_seconds":1.789987377251e9,"event":"reserve_partition_rows","pid":26016,"solve_calls":0,"rows_required":17635208,"rows_processed":13631488,"elapsed_seconds":42.58299994468689}
GO3_PROGRESS {"epoch_seconds":1.789987378781e9,"event":"reserve_partition_rows","pid":26016,"solve_calls":0,"rows_required":17635208,"rows_processed":14680064,"elapsed_seconds":44.11299991607666}
GO3_PROGRESS {"epoch_seconds":1.789987380679e9,"event":"reserve_partition_rows","pid":26016,"solve_calls":0,"rows_required":17635208,"rows_processed":15728640,"elapsed_seconds":46.01099991798401}
GO3_PROGRESS {"epoch_seconds":1.789987383109e9,"event":"reserve_partition_rows","pid":26016,"solve_calls":0,"rows_required":17635208,"rows_processed":16777216,"elapsed_seconds":48.44099998474121}
GO3_PROGRESS {"epoch_seconds":1.789987391266e9,"event":"source_reserve_partition_verify_begin","pid":26016,"solve_calls":0,"master_source_columns":8043122,"elapsed_seconds":56.598000049591064}
GO3_PROGRESS {"epoch_seconds":1.789987392436e9,"event":"reserve_partition_part_verified","pid":26016,"period":32,"rows_checked":210451,"solve_calls":0,"columns_checked":150178,"elapsed_seconds":57.76800012588501}
GO3_PROGRESS {"epoch_seconds":1.789987393385e9,"event":"reserve_partition_part_verified","pid":26016,"period":29,"rows_checked":210399,"solve_calls":0,"columns_checked":150126,"elapsed_seconds":58.717000007629395}
GO3_PROGRESS {"epoch_seconds":1.789987394083e9,"event":"reserve_partition_part_verified","pid":26016,"period":1,"rows_checked":210447,"solve_calls":0,"columns_checked":150174,"elapsed_seconds":59.41499996185303}
GO3_PROGRESS {"epoch_seconds":1.789987394785e9,"event":"reserve_partition_part_verified","pid":26016,"period":2,"rows_checked":210423,"solve_calls":0,"columns_checked":150150,"elapsed_seconds":60.117000102996826}
GO3_PROGRESS {"epoch_seconds":1.78998739548e9,"event":"reserve_partition_part_verified","pid":26016,"period":41,"rows_checked":210547,"solve_calls":0,"columns_checked":150274,"elapsed_seconds":60.812000036239624}
GO3_PROGRESS {"epoch_seconds":1.789987396185e9,"event":"reserve_partition_part_verified","pid":26016,"period":27,"rows_checked":210411,"solve_calls":0,"columns_checked":150138,"elapsed_seconds":61.51699995994568}
GO3_PROGRESS {"epoch_seconds":1.789987396895e9,"event":"reserve_partition_part_verified","pid":26016,"period":42,"rows_checked":210547,"solve_calls":0,"columns_checked":150274,"elapsed_seconds":62.22699999809265}
GO3_PROGRESS {"epoch_seconds":1.789987397593e9,"event":"reserve_partition_part_verified","pid":26016,"period":33,"rows_checked":210463,"solve_calls":0,"columns_checked":150190,"elapsed_seconds":62.924999952316284}
GO3_PROGRESS {"epoch_seconds":1.789987398294e9,"event":"reserve_partition_part_verified","pid":26016,"period":28,"rows_checked":210401,"solve_calls":0,"columns_checked":150128,"elapsed_seconds":63.62599992752075}
GO3_PROGRESS {"epoch_seconds":1.789987398993e9,"event":"reserve_partition_part_verified","pid":26016,"period":26,"rows_checked":210435,"solve_calls":0,"columns_checked":150162,"elapsed_seconds":64.32500004768372}
GO3_PROGRESS {"epoch_seconds":1.789987399703e9,"event":"reserve_partition_part_verified","pid":26016,"period":10,"rows_checked":210471,"solve_calls":0,"columns_checked":150198,"elapsed_seconds":65.03500008583069}
GO3_PROGRESS {"epoch_seconds":1.789987400401e9,"event":"reserve_partition_part_verified","pid":26016,"period":24,"rows_checked":210471,"solve_calls":0,"columns_checked":150198,"elapsed_seconds":65.73300004005432}
GO3_PROGRESS {"epoch_seconds":1.789987401094e9,"event":"reserve_partition_part_verified","pid":26016,"period":25,"rows_checked":210451,"solve_calls":0,"columns_checked":150178,"elapsed_seconds":66.42600011825562}
GO3_PROGRESS {"epoch_seconds":1.789987401788e9,"event":"reserve_partition_part_verified","pid":26016,"period":23,"rows_checked":210503,"solve_calls":0,"columns_checked":150230,"elapsed_seconds":67.12000012397766}
GO3_PROGRESS {"epoch_seconds":1.789987402494e9,"event":"reserve_partition_part_verified","pid":26016,"period":5,"rows_checked":210383,"solve_calls":0,"columns_checked":150110,"elapsed_seconds":67.82599997520447}
GO3_PROGRESS {"epoch_seconds":1.789987403197e9,"event":"reserve_partition_part_verified","pid":26016,"period":31,"rows_checked":210429,"solve_calls":0,"columns_checked":150156,"elapsed_seconds":68.52900004386902}
GO3_PROGRESS {"epoch_seconds":1.789987403897e9,"event":"reserve_partition_part_verified","pid":26016,"period":43,"rows_checked":210543,"solve_calls":0,"columns_checked":150270,"elapsed_seconds":69.22900009155273}
GO3_PROGRESS {"epoch_seconds":1.789987404597e9,"event":"reserve_partition_part_verified","pid":26016,"period":39,"rows_checked":210537,"solve_calls":0,"columns_checked":150264,"elapsed_seconds":69.92899990081787}
GO3_PROGRESS {"epoch_seconds":1.789987405296e9,"event":"reserve_partition_part_verified","pid":26016,"period":44,"rows_checked":210541,"solve_calls":0,"columns_checked":150268,"elapsed_seconds":70.62800002098083}
GO3_PROGRESS {"epoch_seconds":1.789987405993e9,"event":"reserve_partition_part_verified","pid":26016,"period":34,"rows_checked":210481,"solve_calls":0,"columns_checked":150208,"elapsed_seconds":71.32500004768372}
GO3_PROGRESS {"epoch_seconds":1.789987406697e9,"event":"reserve_partition_part_verified","pid":26016,"period":17,"rows_checked":210545,"solve_calls":0,"columns_checked":150272,"elapsed_seconds":72.02900004386902}
GO3_PROGRESS {"epoch_seconds":1.789987407399e9,"event":"reserve_partition_part_verified","pid":26016,"period":37,"rows_checked":210515,"solve_calls":0,"columns_checked":150242,"elapsed_seconds":72.73099994659424}
GO3_PROGRESS {"epoch_seconds":1.789987408103e9,"event":"reserve_partition_part_verified","pid":26016,"period":47,"rows_checked":210493,"solve_calls":0,"columns_checked":150220,"elapsed_seconds":73.43499994277954}
GO3_PROGRESS {"epoch_seconds":1.789987408802e9,"event":"reserve_partition_part_verified","pid":26016,"period":9,"rows_checked":210455,"solve_calls":0,"columns_checked":150182,"elapsed_seconds":74.1340000629425}
GO3_PROGRESS {"epoch_seconds":1.789987409507e9,"event":"reserve_partition_part_verified","pid":26016,"period":12,"rows_checked":210499,"solve_calls":0,"columns_checked":150226,"elapsed_seconds":74.83899998664856}
GO3_PROGRESS {"epoch_seconds":1.789987410208e9,"event":"reserve_partition_part_verified","pid":26016,"period":20,"rows_checked":210531,"solve_calls":0,"columns_checked":150258,"elapsed_seconds":75.53999996185303}
GO3_PROGRESS {"epoch_seconds":1.789987410925e9,"event":"reserve_partition_part_verified","pid":26016,"period":6,"rows_checked":210407,"solve_calls":0,"columns_checked":150134,"elapsed_seconds":76.25699996948242}
GO3_PROGRESS {"epoch_seconds":1.789987411625e9,"event":"reserve_partition_part_verified","pid":26016,"period":14,"rows_checked":210505,"solve_calls":0,"columns_checked":150232,"elapsed_seconds":76.95700001716614}
GO3_PROGRESS {"epoch_seconds":1.789987412328e9,"event":"reserve_partition_part_verified","pid":26016,"period":7,"rows_checked":210437,"solve_calls":0,"columns_checked":150164,"elapsed_seconds":77.66000008583069}
GO3_PROGRESS {"epoch_seconds":1.789987413023e9,"event":"reserve_partition_part_verified","pid":26016,"period":8,"rows_checked":210441,"solve_calls":0,"columns_checked":150168,"elapsed_seconds":78.35500001907349}
GO3_PROGRESS {"epoch_seconds":1.789987413728e9,"event":"reserve_partition_part_verified","pid":26016,"period":19,"rows_checked":210533,"solve_calls":0,"columns_checked":150260,"elapsed_seconds":79.05999994277954}
GO3_PROGRESS {"epoch_seconds":1.789987442245e9,"event":"reserve_partition_part_verified","pid":26016,"period":0,"rows_checked":10931162,"solve_calls":0,"columns_checked":8043122,"elapsed_seconds":107.57699990272522}
GO3_PROGRESS {"epoch_seconds":1.789987442949e9,"event":"reserve_partition_part_verified","pid":26016,"period":4,"rows_checked":210401,"solve_calls":0,"columns_checked":150128,"elapsed_seconds":108.28099989891052}
GO3_PROGRESS {"epoch_seconds":1.789987443649e9,"event":"reserve_partition_part_verified","pid":26016,"period":22,"rows_checked":210509,"solve_calls":0,"columns_checked":150236,"elapsed_seconds":108.98099994659424}
GO3_PROGRESS {"epoch_seconds":1.78998744433e9,"event":"reserve_partition_part_verified","pid":26016,"period":11,"rows_checked":210489,"solve_calls":0,"columns_checked":150216,"elapsed_seconds":109.66199994087219}
GO3_PROGRESS {"epoch_seconds":1.789987445033e9,"event":"reserve_partition_part_verified","pid":26016,"period":35,"rows_checked":210497,"solve_calls":0,"columns_checked":150224,"elapsed_seconds":110.36500000953674}
GO3_PROGRESS {"epoch_seconds":1.789987445745e9,"event":"reserve_partition_part_verified","pid":26016,"period":13,"rows_checked":210517,"solve_calls":0,"columns_checked":150244,"elapsed_seconds":111.07699990272522}
GO3_PROGRESS {"epoch_seconds":1.789987446435e9,"event":"reserve_partition_part_verified","pid":26016,"period":15,"rows_checked":210517,"solve_calls":0,"columns_checked":150244,"elapsed_seconds":111.76699995994568}
GO3_PROGRESS {"epoch_seconds":1.789987447123e9,"event":"reserve_partition_part_verified","pid":26016,"period":16,"rows_checked":210529,"solve_calls":0,"columns_checked":150256,"elapsed_seconds":112.45499992370605}
GO3_PROGRESS {"epoch_seconds":1.789987447834e9,"event":"reserve_partition_part_verified","pid":26016,"period":40,"rows_checked":210545,"solve_calls":0,"columns_checked":150272,"elapsed_seconds":113.16600012779236}
GO3_PROGRESS {"epoch_seconds":1.789987448537e9,"event":"reserve_partition_part_verified","pid":26016,"period":46,"rows_checked":210503,"solve_calls":0,"columns_checked":150230,"elapsed_seconds":113.86899995803833}
GO3_PROGRESS {"epoch_seconds":1.789987449226e9,"event":"reserve_partition_part_verified","pid":26016,"period":21,"rows_checked":210513,"solve_calls":0,"columns_checked":150240,"elapsed_seconds":114.55800008773804}
GO3_PROGRESS {"epoch_seconds":1.789987449927e9,"event":"reserve_partition_part_verified","pid":26016,"period":38,"rows_checked":210517,"solve_calls":0,"columns_checked":150244,"elapsed_seconds":115.2590000629425}
GO3_PROGRESS {"epoch_seconds":1.789987450633e9,"event":"reserve_partition_part_verified","pid":26016,"period":45,"rows_checked":210525,"solve_calls":0,"columns_checked":150252,"elapsed_seconds":115.96499991416931}
GO3_PROGRESS {"epoch_seconds":1.789987451334e9,"event":"reserve_partition_part_verified","pid":26016,"period":36,"rows_checked":210509,"solve_calls":0,"columns_checked":150236,"elapsed_seconds":116.66600012779236}
GO3_PROGRESS {"epoch_seconds":1.789987452035e9,"event":"reserve_partition_part_verified","pid":26016,"period":48,"rows_checked":210487,"solve_calls":0,"columns_checked":150214,"elapsed_seconds":117.36700010299683}
GO3_PROGRESS {"epoch_seconds":1.789987452734e9,"event":"reserve_partition_part_verified","pid":26016,"period":18,"rows_checked":210543,"solve_calls":0,"columns_checked":150270,"elapsed_seconds":118.06599998474121}
GO3_PROGRESS {"epoch_seconds":1.78998745343e9,"event":"reserve_partition_part_verified","pid":26016,"period":30,"rows_checked":210407,"solve_calls":0,"columns_checked":150134,"elapsed_seconds":118.76200008392334}
GO3_PROGRESS {"epoch_seconds":1.789987454129e9,"event":"reserve_partition_part_verified","pid":26016,"period":3,"rows_checked":210413,"solve_calls":0,"columns_checked":150140,"elapsed_seconds":119.46099996566772}
GO3_PROGRESS {"epoch_seconds":1.789987454311e9,"event":"source_reserve_partition_verified","pid":26016,"master_projection_rows_proved":3399070,"scope":"Exact source scheduling partition; no solved or verified GO3 candidate","source_columns_checked":15253134,"source_coefficients_and_bounds_unchanged":true,"source_rows_checked":17635208,"periods":[1,2,3,4,5,6,7,8,9,10,11,12,13,14,15,16,17,18,19,20,21,22,23,24,25,26,27,28,29,30,31,32,33,34,35,36,37,38,39,40,41,42,43,44,45,46,47,48],"box_redundant_master_projections_proved":6394830,"partition_manifest_sha256":"c23e8b36daf4d98d76612456457b56e012c104b73b6cc80f81279cceabeb72cb","solve_calls":0,"complete":true,"pass":true,"source_rows_covered_exactly_once":true,"elapsed_seconds":119.64300012588501}
