GO3_PROGRESS {"elapsed_worker_seconds":0.07800006866455078,"stage":"loading","remaining_work_seconds":104.97992849349976}
GO3_PROGRESS {"elapsed_worker_seconds":0.7799999713897705,"stage":"scheduling","remaining_work_seconds":104.27792859077454}
GO3_SCHEDULING_MODEL {"reserve_policy":"joint_scheduling_then_full_reallocation","constraints_excluding_variable_bounds":181,"source_pq_bound_devices":1,"variables":153,"build_seconds":6.89300012588501,"include_reserves":true,"consumer_online_dominance":{"fixed_online_variables":3,"generator_commitments_changed":0,"policy":"proven_zero_minimum_consumer_online_dominance_v1","eligible_consumers":1,"source_values_changed":false,"rejected_consumers":{},"eligible_consumer_uids":["d"]},"source_startup_windows":{"membership":"begin-tol <= interval_start < end-tol","time_equality_tolerance":1.0e-6,"source_values_changed":false,"windows":4}}
GO3_PROGRESS {"elapsed_scheduling_seconds":11.067999839782715,"event":"model_built","elapsed_worker_seconds":11.914000034332275,"build_seconds":7.1579999923706055,"stage":"scheduling_event","remaining_work_seconds":93.14392852783203}
GO3_PROGRESS {"elapsed_scheduling_seconds":11.83899998664856,"event":"economic_solve_begin","elapsed_worker_seconds":12.638000011444092,"stage":"scheduling_event","remaining_work_seconds":92.41992855072021}
Running HiGHS 1.15.1 (git hash: 04024d701f): Copyright (c) 2026 under MIT licence terms
Includes third-party software components, see THIRD_PARTY_NOTICES.md for full details
Using BLAS: libblastrampoline 
 MIP      : 
Rows      : 181
Cols      : 153
Nonzeros  : 517
Integer   : 18 (15 binary)
Coefficient ranges:
  Matrix  [1e-02, 3e+00]
  Cost    [3e-03, 1e+03]
  Bound   [5e-01, 4e+00]
  RHS     [5e-01, 8e+00]
Presolving model
Permitted suppression of presolve rules via presolve_rule_off option:
   Rule  6 (set bit  6 =    64): Forcing row
   Rule  7 (set bit  7 =   128): Forcing col
   Rule  8 (set bit  8 =   256): Free col substitution
   Rule  9 (set bit  9 =   512): Doubleton equation
   Rule 10 (set bit 10 =  1024): Dependent equations
   Rule 11 (set bit 11 =  2048): Dependent free columns
   Rule 12 (set bit 12 =  4096): Aggregator
   Rule 13 (set bit 13 =  8192): Parallel rows and columns
   Rule 14 (set bit 14 = 16384): Sparsify
   Rule 15 (set bit 15 = 32768): Probing
   Rule 16 (set bit 16 = 65536): Enumeration
   Rule 17 (set bit 17 = 131072): Dual fixing
   Rule 18 (set bit 18 = 262144): Col stuffing
   Rule 19 (set bit 19 = 524288): Initial sweep
73 rows, 59 cols, 210 nonzeros 0s
52 rows, 52 cols, 193 nonzeros 0s
7 probing evaluations: 0 deleted rows, 0 deleted columns, 0 lifted nonzeros
51 rows, 51 cols, 203 nonzeros 0s
Presolve reductions: rows 51(-130); columns 51(-102); nonzeros 203(-314) 

Solving MIP model with:
   51 rows
   51 cols (7 binary, 0 integer, 0 implied int., 44 continuous, 0 domain fixed)
   203 nonzeros
   Thread count 4 (of 24 threads). Using 1 max workers. Parallel search off
Feasibility Jump: starting solve. weightUpdateDecay=1, relaxContinuous=0  

Src: B => Branching; C => Central rounding; F => Feasibility pump; H => Heuristic;
     I => Shifting; J => Feasibility jump; L => Sub-MIP; P => Empty MIP; R => Randomized rounding;
     S => Solve LP; T => Evaluate node; U => Unbounded; X => User solution; Y => HiGHS solution;
     Z => ZI Round; l => Trivial lower; p => Trivial point; u => Trivial upper; z => Trivial zero

        Nodes      |    B&B Tree     |            Objective Bounds              |  Dynamic Constraints |       Work      
Src  Proc. InQueue |  Leaves   Expl. | BestBound       BestSol              Gap |   Cuts   InLp Confl. | LpIters     Time

 J       0       0         0   0.00%   inf             -250.5             Large        0      0      0         0     0.0s
 T       0       0         0   0.00%   1737.45         1732.3229          0.30%        0      0      0        17     0.0s
         1       0         1 100.00%   1732.3229       1732.3229          0.00%        0      0      0        17     0.0s

Solving report
  Status            Optimal
  Primal bound      1732.3229
  Dual bound        1732.3229
  Gap               0% (tolerance: 0.0001%)
  P-D integral      0.00396777950021
  Solution status   feasible
                    1732.3229 (objective)
                    0 (bound viol.)
                    2.22044604925e-16 (int. viol.)
                    0 (row viol.)
  Timing            0.01
                    0.00 (Presolve)
                    0.01 (Solve)
                    0.00 (Postsolve)
  Max sub-MIP depth 0
  Nodes             1
  Repair LPs        0
  LP iterations     17
                    0 (strong br.)
                    0 (separation)
                    0 (heuristics)
getKktFailures:: cost norm =    1e+03; bound norm =        3
getKktFailures:                      LP  (abs / rel)         Col (abs / rel)         Row (abs / rel)
getKktFailures: primal infeasibility 8.88e-16 / 2.22e-16     2.22e-16 / 5.55e-17     8.88e-16 / 2.22e-16

MIP sub-solver profiling: number of threads used = 1

Thread 0
Solver                    Calls    Time       Time/call      MIP%
MIP                           1  6.1250e-03  6.1250e-03
Du simplex (no basis)         1  3.0994e-04  3.0994e-04       5.1
TOTAL                            3.0994e-04                   5.1

Percent (sub-)MIP time by thread

MIP sub-solver            0
Du simplex (no basis)   5.1
===========================
Total                   5.1
===========================
GO3_PROGRESS {"elapsed_scheduling_seconds":12.132999897003174,"event":"economic_solve_returned","elapsed_worker_seconds":12.91700005531311,"stage":"scheduling_event","wall_seconds":0.29399991035461426,"remaining_work_seconds":92.1409285068512}
Rounded shunt steps:
GO3_PROGRESS {"elapsed_worker_seconds":14.628000020980835,"stage":"schedule_candidate_ready","remaining_work_seconds":90.42992854118347}
GO3_PROGRESS {"elapsed_worker_seconds":16.039000034332275,"interval":1,"stage":"ac_optimization","interval_count":3,"remaining_work_seconds":89.01892852783203}
GO3_CORRECTION_PHASE {"remaining_refinement_seconds":78.93592858314514,"event":"begin","hour_deadline":1.7899605672219286e9,"fair_share_seconds":26.311976194381714,"policy":"remaining_horizon_v1","protected_recovery_deadline":1.7899605672219286e9,"global_deadline_reset":false,"future_hours_reserved_seconds":40.0,"interval":1,"hour_allowance_seconds":38.93592858314514,"slp_seconds":11.680778574943542,"phase":"hour_allocation","remaining_intervals":3}
GO3_CORRECTION_PHASE {"event":"begin","remaining_hour_seconds":31.771928548812866,"phase":"continuous_shunt_correction","budget_seconds":11.680778574943542,"lp_solver":"ipx"}
GO3_CORRECTION_NATIVE {"native_primal_status":2,"native_allowance_seconds":5.603778314590454,"start_policy":"fresh_presolved_lp_v1","native_presolve_observed":true,"api_seconds":0.0009999275207519531,"import_audit":{"removed_small_coefficients_only":true,"row_error_limit":1.0e-10,"domains_exact":true,"maximum_bounded_row_error":0.0,"scope":"Candidate LP import only; original nonlinear/source checks remain mandatory","unbounded_changed_columns":0,"changed_nonzeros":0,"matrix_import_threshold":1.0e-12,"objective_exact":true,"native_nonzeros":217,"input_nonzeros":225,"pass":true,"maximum_coefficient_change":0.0,"wall_seconds":0.0},"native_ipx_observed":true,"import_status":0,"crossover_requested":"off","native_optimizations":1,"ipm_iterations":11,"native_model_status":15,"native_warning_error_count":6,"certificate_scope":"linearized candidate subproblem only; no full GO3 bound","bulk_transfer_and_audit_seconds":0.042999982833862305,"native_solver_requested":"ipx","wall_seconds":0.059999942779541016,"native_useful_basis_bypassed_presolve":false,"native_warning_error_excerpt":["WARNING: Solution optimality conditions","WARNING: LP solver claims optimality, but with","WARNING:    num/max     25 /    0.499 relative   dual infeasibilities (tolerance = 1e-09)","WARNING:    num/max     46 /     2.02 relative   dual residual errors (tolerance = 1e-07)","WARNING:                       0.0198 relative P-D objective error    (tolerance = 1e-07)","WARNING: Model status changed from \"Optimal\" to \"Unknown\" since relative violation of tolerances is 4.99e+08"],"external_solution_read":false,"native_start_use":"No primal or basis supplied to native LP; current point retained for linearization and nonlinear line search","simplex_iterations":0,"native_log_file":"C:\\Users\\thoma\\Documents\\go3-division2-cpu\\tmp\\pilot002_component_gate_106v5bfr\\hot_repair_worker\\native_correction\\hour_0001\\jl_DA1D.tmp","complete_start_api_status":null,"native_stored_start":false,"requested_seconds":5.647778463363648,"rows":69,"basis_reused":false,"native_run_status":1,"original_linearization_residual":1.166289287368727e-13,"native_seconds":0.001827239990234375,"columns":67,"presolve_requested":"on"}
GO3_CORRECTION_NATIVE {"native_primal_status":2,"native_allowance_seconds":5.567778539657593,"start_policy":"fresh_presolved_lp_v1","native_presolve_observed":true,"api_seconds":0.0009999275207519531,"import_audit":{"removed_small_coefficients_only":true,"row_error_limit":1.0e-10,"domains_exact":true,"maximum_bounded_row_error":0.0,"scope":"Candidate LP import only; original nonlinear/source checks remain mandatory","unbounded_changed_columns":0,"changed_nonzeros":0,"matrix_import_threshold":1.0e-12,"objective_exact":true,"native_nonzeros":223,"input_nonzeros":225,"pass":true,"maximum_coefficient_change":0.0,"wall_seconds":0.0},"native_ipx_observed":true,"import_status":0,"crossover_requested":"off","native_optimizations":1,"ipm_iterations":11,"native_model_status":15,"native_warning_error_count":7,"certificate_scope":"linearized candidate subproblem only; no full GO3 bound","bulk_transfer_and_audit_seconds":0.0,"native_solver_requested":"ipx","wall_seconds":0.002000093460083008,"native_useful_basis_bypassed_presolve":false,"native_warning_error_excerpt":["WARNING: Problem has some excessively small row bounds","WARNING: Solution optimality conditions","WARNING: LP solver claims optimality, but with","WARNING:    num/max     26 /    0.499 relative   dual infeasibilities (tolerance = 1e-09)","WARNING:    num/max     47 /        2 relative   dual residual errors (tolerance = 1e-07)","WARNING:                     6.35e-05 relative P-D objective error    (tolerance = 1e-07)","WARNING: Model status changed from \"Optimal\" to \"Unknown\" since relative violation of tolerances is 4.99e+08"],"external_solution_read":false,"native_start_use":"No primal or basis supplied to native LP; current point retained for linearization and nonlinear line search","simplex_iterations":0,"native_log_file":"C:\\Users\\thoma\\Documents\\go3-division2-cpu\\tmp\\pilot002_component_gate_106v5bfr\\hot_repair_worker\\native_correction\\hour_0001\\jl_DA7C.tmp","complete_start_api_status":null,"native_stored_start":false,"requested_seconds":5.567778539657593,"rows":69,"basis_reused":false,"native_run_status":1,"original_linearization_residual":6.626366122475247e-13,"native_seconds":0.0011248588562011719,"columns":67,"presolve_requested":"on"}
GO3_CORRECTION_NATIVE {"native_primal_status":2,"native_allowance_seconds":5.563778591156006,"start_policy":"fresh_presolved_lp_v1","native_presolve_observed":true,"api_seconds":0.0009999275207519531,"import_audit":{"removed_small_coefficients_only":true,"row_error_limit":1.0e-10,"domains_exact":true,"maximum_bounded_row_error":0.0,"scope":"Candidate LP import only; original nonlinear/source checks remain mandatory","unbounded_changed_columns":0,"changed_nonzeros":0,"matrix_import_threshold":1.0e-12,"objective_exact":true,"native_nonzeros":223,"input_nonzeros":225,"pass":true,"maximum_coefficient_change":0.0,"wall_seconds":0.0},"native_ipx_observed":true,"import_status":0,"crossover_requested":"off","native_optimizations":1,"ipm_iterations":11,"native_model_status":15,"native_warning_error_count":7,"certificate_scope":"linearized candidate subproblem only; no full GO3 bound","bulk_transfer_and_audit_seconds":0.0,"native_solver_requested":"ipx","wall_seconds":0.0009999275207519531,"native_useful_basis_bypassed_presolve":false,"native_warning_error_excerpt":["WARNING: Problem has some excessively small row bounds","WARNING: Solution optimality conditions","WARNING: LP solver claims optimality, but with","WARNING:    num/max     26 /    0.499 relative   dual infeasibilities (tolerance = 1e-09)","WARNING:    num/max     47 /        2 relative   dual residual errors (tolerance = 1e-07)","WARNING:                     6.16e-05 relative P-D objective error    (tolerance = 1e-07)","WARNING: Model status changed from \"Optimal\" to \"Unknown\" since relative violation of tolerances is 4.99e+08"],"external_solution_read":false,"native_start_use":"No primal or basis supplied to native LP; current point retained for linearization and nonlinear line search","simplex_iterations":0,"native_log_file":"C:\\Users\\thoma\\Documents\\go3-division2-cpu\\tmp\\pilot002_component_gate_106v5bfr\\hot_repair_worker\\native_correction\\hour_0001\\jl_DA7D.tmp","complete_start_api_status":null,"native_stored_start":false,"requested_seconds":5.563778591156006,"rows":69,"basis_reused":false,"native_run_status":1,"original_linearization_residual":5.3013149425851225e-15,"native_seconds":0.000904083251953125,"columns":67,"presolve_requested":"on"}
GO3_CORRECTION_NATIVE {"native_primal_status":2,"native_allowance_seconds":5.560778570175171,"start_policy":"fresh_presolved_lp_v1","native_presolve_observed":true,"api_seconds":0.0009999275207519531,"import_audit":{"removed_small_coefficients_only":true,"row_error_limit":1.0e-10,"domains_exact":true,"maximum_bounded_row_error":0.0,"scope":"Candidate LP import only; original nonlinear/source checks remain mandatory","unbounded_changed_columns":0,"changed_nonzeros":0,"matrix_import_threshold":1.0e-12,"objective_exact":true,"native_nonzeros":223,"input_nonzeros":225,"pass":true,"maximum_coefficient_change":0.0,"wall_seconds":0.0},"native_ipx_observed":true,"import_status":0,"crossover_requested":"off","native_optimizations":1,"ipm_iterations":10,"native_model_status":15,"native_warning_error_count":7,"certificate_scope":"linearized candidate subproblem only; no full GO3 bound","bulk_transfer_and_audit_seconds":0.0,"native_solver_requested":"ipx","wall_seconds":0.0009999275207519531,"native_useful_basis_bypassed_presolve":false,"native_warning_error_excerpt":["WARNING: Problem has some excessively small row bounds","WARNING: Solution optimality conditions","WARNING: LP solver claims optimality, but with","WARNING:    num/max     26 /    0.499 relative   dual infeasibilities (tolerance = 1e-09)","WARNING:    num/max     47 /        2 relative   dual residual errors (tolerance = 1e-07)","WARNING:                     6.14e-05 relative P-D objective error    (tolerance = 1e-07)","WARNING: Model status changed from \"Optimal\" to \"Unknown\" since relative violation of tolerances is 4.99e+08"],"external_solution_read":false,"native_start_use":"No primal or basis supplied to native LP; current point retained for linearization and nonlinear line search","simplex_iterations":0,"native_log_file":"C:\\Users\\thoma\\Documents\\go3-division2-cpu\\tmp\\pilot002_component_gate_106v5bfr\\hot_repair_worker\\native_correction\\hour_0001\\jl_DA7E.tmp","complete_start_api_status":null,"native_stored_start":false,"requested_seconds":5.560778570175171,"rows":69,"basis_reused":false,"native_run_status":1,"original_linearization_residual":7.16093850883226e-15,"native_seconds":0.0009121894836425781,"columns":67,"presolve_requested":"on"}
GO3_CORRECTION_NATIVE {"native_primal_status":2,"native_allowance_seconds":5.557778549194336,"start_policy":"fresh_presolved_lp_v1","native_presolve_observed":true,"api_seconds":0.0009999275207519531,"import_audit":{"removed_small_coefficients_only":true,"row_error_limit":1.0e-10,"domains_exact":true,"maximum_bounded_row_error":0.0,"scope":"Candidate LP import only; original nonlinear/source checks remain mandatory","unbounded_changed_columns":0,"changed_nonzeros":0,"matrix_import_threshold":1.0e-12,"objective_exact":true,"native_nonzeros":223,"input_nonzeros":225,"pass":true,"maximum_coefficient_change":0.0,"wall_seconds":0.0},"native_ipx_observed":true,"import_status":0,"crossover_requested":"off","native_optimizations":1,"ipm_iterations":10,"native_model_status":15,"native_warning_error_count":7,"certificate_scope":"linearized candidate subproblem only; no full GO3 bound","bulk_transfer_and_audit_seconds":0.0,"native_solver_requested":"ipx","wall_seconds":0.0009999275207519531,"native_useful_basis_bypassed_presolve":false,"native_warning_error_excerpt":["WARNING: Problem has some excessively small row bounds","WARNING: Solution optimality conditions","WARNING: LP solver claims optimality, but with","WARNING:    num/max     26 /    0.499 relative   dual infeasibilities (tolerance = 1e-09)","WARNING:    num/max     47 /        2 relative   dual residual errors (tolerance = 1e-07)","WARNING:                     5.44e-05 relative P-D objective error    (tolerance = 1e-07)","WARNING: Model status changed from \"Optimal\" to \"Unknown\" since relative violation of tolerances is 4.99e+08"],"external_solution_read":false,"native_start_use":"No primal or basis supplied to native LP; current point retained for linearization and nonlinear line search","simplex_iterations":0,"native_log_file":"C:\\Users\\thoma\\Documents\\go3-division2-cpu\\tmp\\pilot002_component_gate_106v5bfr\\hot_repair_worker\\native_correction\\hour_0001\\jl_DA7F.tmp","complete_start_api_status":null,"native_stored_start":false,"requested_seconds":5.557778549194336,"rows":69,"basis_reused":false,"native_run_status":1,"original_linearization_residual":3.594347042223944e-15,"native_seconds":0.0008969306945800781,"columns":67,"presolve_requested":"on"}
GO3_CORRECTION_NATIVE {"native_primal_status":2,"native_allowance_seconds":5.554778528213501,"start_policy":"fresh_presolved_lp_v1","native_presolve_observed":true,"api_seconds":0.0009999275207519531,"import_audit":{"removed_small_coefficients_only":true,"row_error_limit":1.0e-10,"domains_exact":true,"maximum_bounded_row_error":0.0,"scope":"Candidate LP import only; original nonlinear/source checks remain mandatory","unbounded_changed_columns":0,"changed_nonzeros":0,"matrix_import_threshold":1.0e-12,"objective_exact":true,"native_nonzeros":223,"input_nonzeros":225,"pass":true,"maximum_coefficient_change":0.0,"wall_seconds":0.0},"native_ipx_observed":true,"import_status":0,"crossover_requested":"off","native_optimizations":1,"ipm_iterations":11,"native_model_status":15,"native_warning_error_count":7,"certificate_scope":"linearized candidate subproblem only; no full GO3 bound","bulk_transfer_and_audit_seconds":0.0,"native_solver_requested":"ipx","wall_seconds":0.0009999275207519531,"native_useful_basis_bypassed_presolve":false,"native_warning_error_excerpt":["WARNING: Problem has some excessively small row bounds","WARNING: Solution optimality conditions","WARNING: LP solver claims optimality, but with","WARNING:    num/max     26 /    0.499 relative   dual infeasibilities (tolerance = 1e-09)","WARNING:    num/max     47 /        2 relative   dual residual errors (tolerance = 1e-07)","WARNING:                     5.68e-05 relative P-D objective error    (tolerance = 1e-07)","WARNING: Model status changed from \"Optimal\" to \"Unknown\" since relative violation of tolerances is 4.99e+08"],"external_solution_read":false,"native_start_use":"No primal or basis supplied to native LP; current point retained for linearization and nonlinear line search","simplex_iterations":0,"native_log_file":"C:\\Users\\thoma\\Documents\\go3-division2-cpu\\tmp\\pilot002_component_gate_106v5bfr\\hot_repair_worker\\native_correction\\hour_0001\\jl_DA80.tmp","complete_start_api_status":null,"native_stored_start":false,"requested_seconds":5.554778528213501,"rows":69,"basis_reused":false,"native_run_status":1,"original_linearization_residual":5.370703881624195e-15,"native_seconds":0.0010197162628173828,"columns":67,"presolve_requested":"on"}
GO3_CORRECTION_NATIVE {"native_primal_status":2,"native_allowance_seconds":5.551778507232666,"start_policy":"fresh_presolved_lp_v1","native_presolve_observed":true,"api_seconds":0.0009999275207519531,"import_audit":{"removed_small_coefficients_only":true,"row_error_limit":1.0e-10,"domains_exact":true,"maximum_bounded_row_error":0.0,"scope":"Candidate LP import only; original nonlinear/source checks remain mandatory","unbounded_changed_columns":0,"changed_nonzeros":0,"matrix_import_threshold":1.0e-12,"objective_exact":true,"native_nonzeros":223,"input_nonzeros":225,"pass":true,"maximum_coefficient_change":0.0,"wall_seconds":0.0},"native_ipx_observed":true,"import_status":0,"crossover_requested":"off","native_optimizations":1,"ipm_iterations":10,"native_model_status":15,"native_warning_error_count":7,"certificate_scope":"linearized candidate subproblem only; no full GO3 bound","bulk_transfer_and_audit_seconds":0.0,"native_solver_requested":"ipx","wall_seconds":0.0009999275207519531,"native_useful_basis_bypassed_presolve":false,"native_warning_error_excerpt":["WARNING: Problem has some excessively small row bounds","WARNING: Solution optimality conditions","WARNING: LP solver claims optimality, but with","WARNING:    num/max     26 /    0.499 relative   dual infeasibilities (tolerance = 1e-09)","WARNING:    num/max     47 /        2 relative   dual residual errors (tolerance = 1e-07)","WARNING:                     5.36e-05 relative P-D objective error    (tolerance = 1e-07)","WARNING: Model status changed from \"Optimal\" to \"Unknown\" since relative violation of tolerances is 4.99e+08"],"external_solution_read":false,"native_start_use":"No primal or basis supplied to native LP; current point retained for linearization and nonlinear line search","simplex_iterations":0,"native_log_file":"C:\\Users\\thoma\\Documents\\go3-division2-cpu\\tmp\\pilot002_component_gate_106v5bfr\\hot_repair_worker\\native_correction\\hour_0001\\jl_DA91.tmp","complete_start_api_status":null,"native_stored_start":false,"requested_seconds":5.551778507232666,"rows":69,"basis_reused":false,"native_run_status":1,"original_linearization_residual":1.7263968032921184e-13,"native_seconds":0.0009069442749023438,"columns":67,"presolve_requested":"on"}
GO3_CORRECTION_NATIVE {"native_primal_status":2,"native_allowance_seconds":5.548778486251831,"start_policy":"fresh_presolved_lp_v1","native_presolve_observed":true,"api_seconds":0.0009999275207519531,"import_audit":{"removed_small_coefficients_only":true,"row_error_limit":1.0e-10,"domains_exact":true,"maximum_bounded_row_error":0.0,"scope":"Candidate LP import only; original nonlinear/source checks remain mandatory","unbounded_changed_columns":0,"changed_nonzeros":0,"matrix_import_threshold":1.0e-12,"objective_exact":true,"native_nonzeros":223,"input_nonzeros":225,"pass":true,"maximum_coefficient_change":0.0,"wall_seconds":0.0},"native_ipx_observed":true,"import_status":0,"crossover_requested":"off","native_optimizations":1,"ipm_iterations":10,"native_model_status":15,"native_warning_error_count":7,"certificate_scope":"linearized candidate subproblem only; no full GO3 bound","bulk_transfer_and_audit_seconds":0.0,"native_solver_requested":"ipx","wall_seconds":0.0019998550415039062,"native_useful_basis_bypassed_presolve":false,"native_warning_error_excerpt":["WARNING: Problem has some excessively small row bounds","WARNING: Solution optimality conditions","WARNING: LP solver claims optimality, but with","WARNING:    num/max     26 /    0.499 relative   dual infeasibilities (tolerance = 1e-09)","WARNING:    num/max     47 /        2 relative   dual residual errors (tolerance = 1e-07)","WARNING:                     5.63e-05 relative P-D objective error    (tolerance = 1e-07)","WARNING: Model status changed from \"Optimal\" to \"Unknown\" since relative violation of tolerances is 4.99e+08"],"external_solution_read":false,"native_start_use":"No primal or basis supplied to native LP; current point retained for linearization and nonlinear line search","simplex_iterations":0,"native_log_file":"C:\\Users\\thoma\\Documents\\go3-division2-cpu\\tmp\\pilot002_component_gate_106v5bfr\\hot_repair_worker\\native_correction\\hour_0001\\jl_DA92.tmp","complete_start_api_status":null,"native_stored_start":false,"requested_seconds":5.548778486251831,"rows":69,"basis_reused":false,"native_run_status":1,"original_linearization_residual":8.933964679158635e-13,"native_seconds":0.0008938312530517578,"columns":67,"presolve_requested":"on"}
GO3_CORRECTION_PHASE {"event":"end","phase":"continuous_shunt_correction","termination":"round_limit","accepted_steps":8,"wall_seconds":6.809000015258789,"residual":0.0010165939700731152}
GO3_CORRECTION_PHASE {"event":"begin","requested_seconds":12.0,"max_iterations":600,"fixed_shunts":false,"remaining_hour_seconds":24.924928665161133,"barrier_strategy":"monotone","phase":"continuous_shunt_fallback"}

******************************************************************************
This program contains Ipopt, a library for large-scale nonlinear optimization.
 Ipopt is released as open source code under the Eclipse Public License (EPL).
         For more information visit https://github.com/coin-or/Ipopt
******************************************************************************

GO3_CORRECTION_PHASE {"event":"end","selected_residual":2.2447665254388127e-11,"phase":"continuous_shunt_fallback","termination":"INTERRUPTED","before_residual":0.0010165939700731152,"wall_seconds":4.301000118255615}
GO3_CORRECTION_PHASE {"event":"complete","continuous_candidate_is_final":false,"same_interval_dual_seed_available":true,"phase":"round_shunts","count":1,"continuous_candidate_residual":2.2447665254388127e-11,"rounded_candidate_residual":0.0038713208771452325}
GO3_CORRECTION_PHASE {"event":"begin","requested_seconds":12.0,"max_iterations":600,"fixed_shunts":true,"remaining_hour_seconds":17.960928678512573,"barrier_strategy":"monotone","phase":"rounded_shunt_fallback"}
GO3_CORRECTION_PHASE {"event":"end","selected_residual":2.3765711620882257e-15,"phase":"rounded_shunt_fallback","termination":"INTERRUPTED","before_residual":0.0038713208771452325,"wall_seconds":1.434000015258789}
Rounded shunt steps:
GO3_AC_EXPORT_PROJECTION {"maximum_unfinished_bus_injection_change_pu":0.0,"within_guard":true,"official_tolerance_changed":false,"certificate_scope":"Export projection drift only; full independent and official verification still required","refined_intervals":1,"policy":"legacy_tolerance_v1","maximum_refined_device_change_pu":0.0,"maximum_refined_bus_injection_change_pu":0.0,"worst_refined_bus":null,"bookkeeping_tolerance":1.0e-8,"enforced":false,"projection_guard_pu":1.0e-9,"projection_events":0,"refined_projection_events":0,"source_bounds_changed":false}
GO3_PROGRESS {"elapsed_worker_seconds":39.644999980926514,"interval":2,"stage":"ac_optimization","interval_count":3,"remaining_work_seconds":65.4129285812378}
GO3_CORRECTION_PHASE {"remaining_refinement_seconds":55.31692862510681,"event":"begin","hour_deadline":1.7899605872219286e9,"fair_share_seconds":27.658464312553406,"policy":"remaining_horizon_v1","protected_recovery_deadline":1.7899605872219286e9,"global_deadline_reset":false,"future_hours_reserved_seconds":20.0,"interval":2,"hour_allowance_seconds":35.31692862510681,"slp_seconds":10.595078587532043,"phase":"hour_allocation","remaining_intervals":2}
GO3_CORRECTION_PHASE {"event":"begin","remaining_hour_seconds":34.97192859649658,"phase":"continuous_shunt_correction","budget_seconds":10.595078587532043,"lp_solver":"ipx"}
GO3_CORRECTION_PHASE {"event":"end","phase":"continuous_shunt_correction","termination":"original_model_residual_pass","accepted_steps":0,"wall_seconds":0.01699995994567871,"residual":6.366435156834882e-15}
GO3_CORRECTION_PHASE {"event":"complete","continuous_candidate_is_final":false,"same_interval_dual_seed_available":false,"phase":"round_shunts","count":1,"continuous_candidate_residual":6.366435156834882e-15,"rounded_candidate_residual":6.366435156834882e-15}
GO3_CORRECTION_PHASE {"event":"begin","remaining_hour_seconds":34.950928688049316,"phase":"rounded_shunt_correction","budget_seconds":10.595078587532043,"lp_solver":"ipx"}
GO3_CORRECTION_PHASE {"event":"end","phase":"rounded_shunt_correction","termination":"original_model_residual_pass","accepted_steps":0,"wall_seconds":0.016000032424926758,"residual":6.366435156834882e-15}
Rounded shunt steps:
GO3_AC_EXPORT_PROJECTION {"maximum_unfinished_bus_injection_change_pu":0.0,"within_guard":true,"official_tolerance_changed":false,"certificate_scope":"Export projection drift only; full independent and official verification still required","refined_intervals":2,"policy":"legacy_tolerance_v1","maximum_refined_device_change_pu":0.0,"maximum_refined_bus_injection_change_pu":0.0,"worst_refined_bus":null,"bookkeeping_tolerance":1.0e-8,"enforced":false,"projection_guard_pu":1.0e-9,"projection_events":0,"refined_projection_events":0,"source_bounds_changed":false}
GO3_PROGRESS {"elapsed_worker_seconds":40.126999855041504,"interval":3,"stage":"ac_optimization","interval_count":3,"remaining_work_seconds":64.9309287071228}
GO3_CORRECTION_PHASE {"remaining_refinement_seconds":54.92992854118347,"event":"begin","hour_deadline":1.789960597292e9,"fair_share_seconds":54.92992854118347,"policy":"remaining_horizon_v1","protected_recovery_deadline":1.789960597292e9,"global_deadline_reset":false,"future_hours_reserved_seconds":0.0,"interval":3,"hour_allowance_seconds":45.0,"slp_seconds":13.5,"phase":"hour_allocation","remaining_intervals":1}
GO3_CORRECTION_PHASE {"event":"begin","remaining_hour_seconds":44.996999979019165,"phase":"continuous_shunt_correction","budget_seconds":13.5,"lp_solver":"ipx"}
GO3_CORRECTION_PHASE {"event":"end","phase":"continuous_shunt_correction","termination":"original_model_residual_pass","accepted_steps":0,"wall_seconds":0.011999845504760742,"residual":6.366435156834882e-15}
GO3_CORRECTION_PHASE {"event":"complete","continuous_candidate_is_final":false,"same_interval_dual_seed_available":false,"phase":"round_shunts","count":1,"continuous_candidate_residual":6.366435156834882e-15,"rounded_candidate_residual":6.366435156834882e-15}
GO3_CORRECTION_PHASE {"event":"begin","remaining_hour_seconds":44.98399996757507,"phase":"rounded_shunt_correction","budget_seconds":13.5,"lp_solver":"ipx"}
GO3_CORRECTION_PHASE {"event":"end","phase":"rounded_shunt_correction","termination":"original_model_residual_pass","accepted_steps":0,"wall_seconds":0.011999845504760742,"residual":6.366435156834882e-15}
Rounded shunt steps:
GO3_AC_EXPORT_PROJECTION {"maximum_unfinished_bus_injection_change_pu":0.0,"within_guard":true,"official_tolerance_changed":false,"certificate_scope":"Export projection drift only; full independent and official verification still required","refined_intervals":3,"policy":"legacy_tolerance_v1","maximum_refined_device_change_pu":0.0,"maximum_refined_bus_injection_change_pu":0.0,"worst_refined_bus":null,"bookkeeping_tolerance":1.0e-8,"enforced":false,"projection_guard_pu":1.0e-9,"projection_events":0,"refined_projection_events":0,"source_bounds_changed":false}
Rounded shunt steps:
GO3_AC_EXPORT_PROJECTION {"maximum_unfinished_bus_injection_change_pu":0.0,"within_guard":true,"official_tolerance_changed":false,"certificate_scope":"Export projection drift only; full independent and official verification still required","refined_intervals":3,"policy":"legacy_tolerance_v1","maximum_refined_device_change_pu":0.0,"maximum_refined_bus_injection_change_pu":0.0,"worst_refined_bus":null,"bookkeeping_tolerance":1.0e-8,"enforced":false,"projection_guard_pu":1.0e-9,"projection_events":0,"refined_projection_events":0,"source_bounds_changed":false}
GO3_PROGRESS {"elapsed_worker_seconds":40.181999921798706,"stage":"reserves","remaining_work_seconds":64.8759286403656}
BEGINNING PARALLEL RESERVE CALCULATIONS
DONE WITH PARALLEL RESERVE CALCULATIONS
GO3_PROGRESS {"intervals_required":3,"elapsed_worker_seconds":44.9779999256134,"all_intervals_refined":true,"intervals_finished":3,"stage":"complete","remaining_work_seconds":60.0799286365509}
