C:\Users\thoma\Documents\go3-division2-cpu\.cache\upstream\C3DataUtilities\datautilities\ctgmodel.py:126: SparseEfficiencyWarning: splu converted its input to CSC format
  a_factors = scipy.sparse.linalg.splu(a_mat)
C:\Users\thoma\Documents\go3-division2-cpu\.cache\upstream\C3DataUtilities\datautilities\ctgmodel.py:379: SparseEfficiencyWarning: splu converted its input to CSC format
  a_factors_t = scipy.sparse.linalg.splu(a_mat_t)
{
  "pass": true,
  "complete": true,
  "candidate_sha256": "13ea37bd66ae32480c45dc103024a4bc4db0a53c359328a50ccc8a01d6afc9f9",
  "input_sha256": "456f541c7dbaed7bb09347279d5b9865e2927bd6a85c423717704673a59b75a8",
  "independent_seconds": 0.007368999999016523,
  "official_seconds": 0.525709499954246,
  "objective": 1732.274356177694,
  "official_feas": 1,
  "official_phys_feas": 1,
  "independent_hard_pass": true,
  "max_hard_residual": 0.0,
  "objective_discrepancy": 0.0,
  "objective_agreement": true,
  "contingencies_completed": 9,
  "contingencies_required": 9,
  "max_p_imbalance_pu": 5.551115123125783e-16,
  "max_q_imbalance_pu": 6.366435156834882e-15,
  "max_contingency_overload_pu": 0.0,
  "costs_total": {
    "production": 17.548485404898372,
    "demand_benefit": 1749.9999464311363,
    "on": 0.17500000000000002,
    "startup": 0.0,
    "shutdown": 0.0,
    "reserve_awards": 0.0021048485297760653,
    "switching": 0.0,
    "real_imbalance": 1.1657341758564144e-12,
    "reactive_imbalance": 1.3179778449168289e-11,
    "base_overload": 0.0,
    "reserve_shortfall": 0.0,
    "contingency_worst": 0.0,
    "contingency_average": 0.0
  },
  "verification_directory": "C:\\Users\\thoma\\Documents\\go3-division2-cpu\\tmp\\pilot002_component_gate_106v5bfr\\hot_repair_verification",
  "total_verification_seconds": 0.533085500006564
}
