GO3_PROGRESS {"epoch_seconds":1.789962016373e9,"event":"source_reserve_partition_begin","pid":8800,"solve_calls":0,"elapsed_seconds":0.0}
GO3_PROGRESS {"epoch_seconds":1.789962031683e9,"event":"reserve_partition_columns","pid":8800,"master_columns":8043122,"solve_calls":0,"recourse_columns":7210012,"periods":[1,2,3,4,5,6,7,8,9,10,11,12,13,14,15,16,17,18,19,20,21,22,23,24,25,26,27,28,29,30,31,32,33,34,35,36,37,38,39,40,41,42,43,44,45,46,47,48],"elapsed_seconds":15.31000018119812}
GO3_PROGRESS {"epoch_seconds":1.789962034033e9,"event":"reserve_partition_rows","pid":8800,"solve_calls":0,"rows_required":17635208,"rows_processed":1048576,"elapsed_seconds":17.66000008583069}
GO3_PROGRESS {"epoch_seconds":1.789962038965e9,"event":"reserve_partition_rows","pid":8800,"solve_calls":0,"rows_required":17635208,"rows_processed":2097152,"elapsed_seconds":22.592000007629395}
GO3_PROGRESS {"epoch_seconds":1.789962040253e9,"event":"reserve_partition_rows","pid":8800,"solve_calls":0,"rows_required":17635208,"rows_processed":3145728,"elapsed_seconds":23.880000114440918}
GO3_PROGRESS {"epoch_seconds":1.78996204224e9,"event":"reserve_partition_rows","pid":8800,"solve_calls":0,"rows_required":17635208,"rows_processed":4194304,"elapsed_seconds":25.867000102996826}
GO3_PROGRESS {"epoch_seconds":1.789962044491e9,"event":"reserve_partition_rows","pid":8800,"solve_calls":0,"rows_required":17635208,"rows_processed":5242880,"elapsed_seconds":28.118000030517578}
GO3_PROGRESS {"epoch_seconds":1.789962046877e9,"event":"reserve_partition_rows","pid":8800,"solve_calls":0,"rows_required":17635208,"rows_processed":6291456,"elapsed_seconds":30.504000186920166}
GO3_PROGRESS {"epoch_seconds":1.789962049544e9,"event":"reserve_partition_rows","pid":8800,"solve_calls":0,"rows_required":17635208,"rows_processed":7340032,"elapsed_seconds":33.1710000038147}
GO3_PROGRESS {"epoch_seconds":1.78996205121e9,"event":"reserve_partition_rows","pid":8800,"solve_calls":0,"rows_required":17635208,"rows_processed":8388608,"elapsed_seconds":34.837000131607056}
GO3_PROGRESS {"epoch_seconds":1.789962052632e9,"event":"reserve_partition_rows","pid":8800,"solve_calls":0,"rows_required":17635208,"rows_processed":9437184,"elapsed_seconds":36.259000062942505}
GO3_PROGRESS {"epoch_seconds":1.78996205433e9,"event":"reserve_partition_rows","pid":8800,"solve_calls":0,"rows_required":17635208,"rows_processed":10485760,"elapsed_seconds":37.95700001716614}
GO3_PROGRESS {"epoch_seconds":1.78996205558e9,"event":"reserve_partition_rows","pid":8800,"solve_calls":0,"rows_required":17635208,"rows_processed":11534336,"elapsed_seconds":39.20700001716614}
GO3_PROGRESS {"epoch_seconds":1.789962057703e9,"event":"reserve_partition_rows","pid":8800,"solve_calls":0,"rows_required":17635208,"rows_processed":12582912,"elapsed_seconds":41.330000162124634}
GO3_PROGRESS {"epoch_seconds":1.789962059189e9,"event":"reserve_partition_rows","pid":8800,"solve_calls":0,"rows_required":17635208,"rows_processed":13631488,"elapsed_seconds":42.81599998474121}
GO3_PROGRESS {"epoch_seconds":1.789962060735e9,"event":"reserve_partition_rows","pid":8800,"solve_calls":0,"rows_required":17635208,"rows_processed":14680064,"elapsed_seconds":44.36199998855591}
GO3_PROGRESS {"epoch_seconds":1.789962062656e9,"event":"reserve_partition_rows","pid":8800,"solve_calls":0,"rows_required":17635208,"rows_processed":15728640,"elapsed_seconds":46.282999992370605}
GO3_PROGRESS {"epoch_seconds":1.789962065138e9,"event":"reserve_partition_rows","pid":8800,"solve_calls":0,"rows_required":17635208,"rows_processed":16777216,"elapsed_seconds":48.765000104904175}
GO3_PROGRESS {"epoch_seconds":1.78996207329e9,"event":"source_reserve_partition_verify_begin","pid":8800,"solve_calls":0,"master_source_columns":8043122,"elapsed_seconds":56.91700005531311}
GO3_PROGRESS {"epoch_seconds":1.789962074445e9,"event":"reserve_partition_part_verified","pid":8800,"period":32,"rows_checked":210451,"solve_calls":0,"columns_checked":150178,"elapsed_seconds":58.07200002670288}
GO3_PROGRESS {"epoch_seconds":1.789962075387e9,"event":"reserve_partition_part_verified","pid":8800,"period":29,"rows_checked":210399,"solve_calls":0,"columns_checked":150126,"elapsed_seconds":59.01400017738342}
GO3_PROGRESS {"epoch_seconds":1.789962076092e9,"event":"reserve_partition_part_verified","pid":8800,"period":1,"rows_checked":210447,"solve_calls":0,"columns_checked":150174,"elapsed_seconds":59.71900010108948}
GO3_PROGRESS {"epoch_seconds":1.789962076792e9,"event":"reserve_partition_part_verified","pid":8800,"period":2,"rows_checked":210423,"solve_calls":0,"columns_checked":150150,"elapsed_seconds":60.41900014877319}
GO3_PROGRESS {"epoch_seconds":1.789962077495e9,"event":"reserve_partition_part_verified","pid":8800,"period":41,"rows_checked":210547,"solve_calls":0,"columns_checked":150274,"elapsed_seconds":61.121999979019165}
GO3_PROGRESS {"epoch_seconds":1.789962078201e9,"event":"reserve_partition_part_verified","pid":8800,"period":27,"rows_checked":210411,"solve_calls":0,"columns_checked":150138,"elapsed_seconds":61.82800006866455}
GO3_PROGRESS {"epoch_seconds":1.789962078902e9,"event":"reserve_partition_part_verified","pid":8800,"period":42,"rows_checked":210547,"solve_calls":0,"columns_checked":150274,"elapsed_seconds":62.52900004386902}
GO3_PROGRESS {"epoch_seconds":1.789962079608e9,"event":"reserve_partition_part_verified","pid":8800,"period":33,"rows_checked":210463,"solve_calls":0,"columns_checked":150190,"elapsed_seconds":63.235000133514404}
GO3_PROGRESS {"epoch_seconds":1.78996208032e9,"event":"reserve_partition_part_verified","pid":8800,"period":28,"rows_checked":210401,"solve_calls":0,"columns_checked":150128,"elapsed_seconds":63.94700002670288}
GO3_PROGRESS {"epoch_seconds":1.789962081013e9,"event":"reserve_partition_part_verified","pid":8800,"period":26,"rows_checked":210435,"solve_calls":0,"columns_checked":150162,"elapsed_seconds":64.64000010490417}
GO3_PROGRESS {"epoch_seconds":1.789962081715e9,"event":"reserve_partition_part_verified","pid":8800,"period":10,"rows_checked":210471,"solve_calls":0,"columns_checked":150198,"elapsed_seconds":65.3420000076294}
GO3_PROGRESS {"epoch_seconds":1.789962082422e9,"event":"reserve_partition_part_verified","pid":8800,"period":24,"rows_checked":210471,"solve_calls":0,"columns_checked":150198,"elapsed_seconds":66.04900002479553}
GO3_PROGRESS {"epoch_seconds":1.789962083124e9,"event":"reserve_partition_part_verified","pid":8800,"period":25,"rows_checked":210451,"solve_calls":0,"columns_checked":150178,"elapsed_seconds":66.75100016593933}
GO3_PROGRESS {"epoch_seconds":1.789962083824e9,"event":"reserve_partition_part_verified","pid":8800,"period":23,"rows_checked":210503,"solve_calls":0,"columns_checked":150230,"elapsed_seconds":67.45099997520447}
GO3_PROGRESS {"epoch_seconds":1.789962084526e9,"event":"reserve_partition_part_verified","pid":8800,"period":5,"rows_checked":210383,"solve_calls":0,"columns_checked":150110,"elapsed_seconds":68.15300011634827}
GO3_PROGRESS {"epoch_seconds":1.789962085226e9,"event":"reserve_partition_part_verified","pid":8800,"period":31,"rows_checked":210429,"solve_calls":0,"columns_checked":150156,"elapsed_seconds":68.85300016403198}
GO3_PROGRESS {"epoch_seconds":1.789962085931e9,"event":"reserve_partition_part_verified","pid":8800,"period":43,"rows_checked":210543,"solve_calls":0,"columns_checked":150270,"elapsed_seconds":69.55800008773804}
GO3_PROGRESS {"epoch_seconds":1.789962086631e9,"event":"reserve_partition_part_verified","pid":8800,"period":39,"rows_checked":210537,"solve_calls":0,"columns_checked":150264,"elapsed_seconds":70.25800013542175}
GO3_PROGRESS {"epoch_seconds":1.789962087338e9,"event":"reserve_partition_part_verified","pid":8800,"period":44,"rows_checked":210541,"solve_calls":0,"columns_checked":150268,"elapsed_seconds":70.96500015258789}
GO3_PROGRESS {"epoch_seconds":1.789962088043e9,"event":"reserve_partition_part_verified","pid":8800,"period":34,"rows_checked":210481,"solve_calls":0,"columns_checked":150208,"elapsed_seconds":71.67000007629395}
GO3_PROGRESS {"epoch_seconds":1.789962088735e9,"event":"reserve_partition_part_verified","pid":8800,"period":17,"rows_checked":210545,"solve_calls":0,"columns_checked":150272,"elapsed_seconds":72.36199998855591}
GO3_PROGRESS {"epoch_seconds":1.789962089431e9,"event":"reserve_partition_part_verified","pid":8800,"period":37,"rows_checked":210515,"solve_calls":0,"columns_checked":150242,"elapsed_seconds":73.05800008773804}
GO3_PROGRESS {"epoch_seconds":1.789962090114e9,"event":"reserve_partition_part_verified","pid":8800,"period":47,"rows_checked":210493,"solve_calls":0,"columns_checked":150220,"elapsed_seconds":73.74100017547607}
GO3_PROGRESS {"epoch_seconds":1.789962090823e9,"event":"reserve_partition_part_verified","pid":8800,"period":9,"rows_checked":210455,"solve_calls":0,"columns_checked":150182,"elapsed_seconds":74.45000004768372}
GO3_PROGRESS {"epoch_seconds":1.789962091512e9,"event":"reserve_partition_part_verified","pid":8800,"period":12,"rows_checked":210499,"solve_calls":0,"columns_checked":150226,"elapsed_seconds":75.13900017738342}
GO3_PROGRESS {"epoch_seconds":1.789962092232e9,"event":"reserve_partition_part_verified","pid":8800,"period":20,"rows_checked":210531,"solve_calls":0,"columns_checked":150258,"elapsed_seconds":75.85900020599365}
GO3_PROGRESS {"epoch_seconds":1.789962092919e9,"event":"reserve_partition_part_verified","pid":8800,"period":6,"rows_checked":210407,"solve_calls":0,"columns_checked":150134,"elapsed_seconds":76.5460000038147}
GO3_PROGRESS {"epoch_seconds":1.789962093622e9,"event":"reserve_partition_part_verified","pid":8800,"period":14,"rows_checked":210505,"solve_calls":0,"columns_checked":150232,"elapsed_seconds":77.24900007247925}
GO3_PROGRESS {"epoch_seconds":1.789962094328e9,"event":"reserve_partition_part_verified","pid":8800,"period":7,"rows_checked":210437,"solve_calls":0,"columns_checked":150164,"elapsed_seconds":77.95500016212463}
GO3_PROGRESS {"epoch_seconds":1.789962095034e9,"event":"reserve_partition_part_verified","pid":8800,"period":8,"rows_checked":210441,"solve_calls":0,"columns_checked":150168,"elapsed_seconds":78.66100001335144}
GO3_PROGRESS {"epoch_seconds":1.78996209574e9,"event":"reserve_partition_part_verified","pid":8800,"period":19,"rows_checked":210533,"solve_calls":0,"columns_checked":150260,"elapsed_seconds":79.36700010299683}
GO3_PROGRESS {"epoch_seconds":1.789962124311e9,"event":"reserve_partition_part_verified","pid":8800,"period":0,"rows_checked":10931162,"solve_calls":0,"columns_checked":8043122,"elapsed_seconds":107.93800020217896}
GO3_PROGRESS {"epoch_seconds":1.789962125017e9,"event":"reserve_partition_part_verified","pid":8800,"period":4,"rows_checked":210401,"solve_calls":0,"columns_checked":150128,"elapsed_seconds":108.64400005340576}
GO3_PROGRESS {"epoch_seconds":1.789962125718e9,"event":"reserve_partition_part_verified","pid":8800,"period":22,"rows_checked":210509,"solve_calls":0,"columns_checked":150236,"elapsed_seconds":109.34500002861023}
GO3_PROGRESS {"epoch_seconds":1.789962126419e9,"event":"reserve_partition_part_verified","pid":8800,"period":11,"rows_checked":210489,"solve_calls":0,"columns_checked":150216,"elapsed_seconds":110.0460000038147}
GO3_PROGRESS {"epoch_seconds":1.789962127125e9,"event":"reserve_partition_part_verified","pid":8800,"period":35,"rows_checked":210497,"solve_calls":0,"columns_checked":150224,"elapsed_seconds":110.75200009346008}
GO3_PROGRESS {"epoch_seconds":1.789962127831e9,"event":"reserve_partition_part_verified","pid":8800,"period":13,"rows_checked":210517,"solve_calls":0,"columns_checked":150244,"elapsed_seconds":111.45800018310547}
GO3_PROGRESS {"epoch_seconds":1.789962128535e9,"event":"reserve_partition_part_verified","pid":8800,"period":15,"rows_checked":210517,"solve_calls":0,"columns_checked":150244,"elapsed_seconds":112.16200017929077}
GO3_PROGRESS {"epoch_seconds":1.789962129229e9,"event":"reserve_partition_part_verified","pid":8800,"period":16,"rows_checked":210529,"solve_calls":0,"columns_checked":150256,"elapsed_seconds":112.85600018501282}
GO3_PROGRESS {"epoch_seconds":1.78996212992e9,"event":"reserve_partition_part_verified","pid":8800,"period":40,"rows_checked":210545,"solve_calls":0,"columns_checked":150272,"elapsed_seconds":113.54700016975403}
GO3_PROGRESS {"epoch_seconds":1.789962130621e9,"event":"reserve_partition_part_verified","pid":8800,"period":46,"rows_checked":210503,"solve_calls":0,"columns_checked":150230,"elapsed_seconds":114.2480001449585}
GO3_PROGRESS {"epoch_seconds":1.789962131318e9,"event":"reserve_partition_part_verified","pid":8800,"period":21,"rows_checked":210513,"solve_calls":0,"columns_checked":150240,"elapsed_seconds":114.94500017166138}
GO3_PROGRESS {"epoch_seconds":1.789962132019e9,"event":"reserve_partition_part_verified","pid":8800,"period":38,"rows_checked":210517,"solve_calls":0,"columns_checked":150244,"elapsed_seconds":115.64600014686584}
GO3_PROGRESS {"epoch_seconds":1.78996213272e9,"event":"reserve_partition_part_verified","pid":8800,"period":45,"rows_checked":210525,"solve_calls":0,"columns_checked":150252,"elapsed_seconds":116.34700012207031}
GO3_PROGRESS {"epoch_seconds":1.789962133421e9,"event":"reserve_partition_part_verified","pid":8800,"period":36,"rows_checked":210509,"solve_calls":0,"columns_checked":150236,"elapsed_seconds":117.04800009727478}
GO3_PROGRESS {"epoch_seconds":1.789962134104e9,"event":"reserve_partition_part_verified","pid":8800,"period":48,"rows_checked":210487,"solve_calls":0,"columns_checked":150214,"elapsed_seconds":117.73100018501282}
GO3_PROGRESS {"epoch_seconds":1.789962134784e9,"event":"reserve_partition_part_verified","pid":8800,"period":18,"rows_checked":210543,"solve_calls":0,"columns_checked":150270,"elapsed_seconds":118.41100001335144}
GO3_PROGRESS {"epoch_seconds":1.789962135489e9,"event":"reserve_partition_part_verified","pid":8800,"period":30,"rows_checked":210407,"solve_calls":0,"columns_checked":150134,"elapsed_seconds":119.11600017547607}
GO3_PROGRESS {"epoch_seconds":1.789962136192e9,"event":"reserve_partition_part_verified","pid":8800,"period":3,"rows_checked":210413,"solve_calls":0,"columns_checked":150140,"elapsed_seconds":119.81900000572205}
GO3_PROGRESS {"epoch_seconds":1.789962136373e9,"event":"source_reserve_partition_verified","pid":8800,"master_projection_rows_proved":3399070,"scope":"Exact source scheduling partition; no solved or verified GO3 candidate","source_columns_checked":15253134,"source_coefficients_and_bounds_unchanged":true,"source_rows_checked":17635208,"periods":[1,2,3,4,5,6,7,8,9,10,11,12,13,14,15,16,17,18,19,20,21,22,23,24,25,26,27,28,29,30,31,32,33,34,35,36,37,38,39,40,41,42,43,44,45,46,47,48],"box_redundant_master_projections_proved":6394830,"partition_manifest_sha256":"3eeca2ae1d74be1fd682c8e42723cc728becd170812b3fdd288e0fc0507dcc30","solve_calls":0,"complete":true,"pass":true,"source_rows_covered_exactly_once":true,"elapsed_seconds":120.0}
