Running HiGHS 1.15.1 (git hash: 04024d7): Copyright (c) 2026 under MIT licence terms
Includes third-party software components, see THIRD_PARTY_NOTICES.md for full details
LP has 210383 rows; 150110 cols; 552939 nonzeros
Coefficient ranges:
  Matrix  [1e+00, 2e+01]
  Cost    [1e+02, 5e+05]
  Bound   [1e-05, 6e+03]
  RHS     [1e-20, 6e+03]
WARNING: Problem has some excessively small column bounds
WARNING: Problem has some excessively small row bounds
Presolving model
40452 rows, 68997 cols, 215582 nonzeros 0s
37719 rows, 68997 cols, 207383 nonzeros 0s
Presolve reductions: rows 37719(-172664); columns 68997(-81113); nonzeros 207383(-345556) 
Solving the presolved LP
Using dual simplex solver
  Iteration        Objective     Infeasibilities num(sum)
          0     2.1178370067e+03 Pr: 96(7736.28) 0.2s
      20706     4.3481482530e+08 Pr: 0(0) 0.6s

Performed postsolve
Solving the original LP from the solution after postsolve

Model status        : Optimal
Simplex   iterations: 20706
Objective value     :  4.3481482530e+08
P-D objective error :  2.2618286692e-15
HiGHS run time      :          0.78
