cannot load matplotlib
problem data file: C:\Users\thoma\Documents\go3-division2-cpu\tmp\official_tiny\source_features_problem.json

pop solution data file: None

solution data file: C:\Users\thoma\Documents\go3-division2-cpu\tmp\pilot002_component_gate_ehct1eyy\correction_worker\candidate_final.json

git info: {'C3DataUtilities': {'branch': 'main', 'commit': 'bb5df337553b21ab8be89ae5f9106958541730d4', 'date': 'Wed Sep 6 11:03:53 2023 -0700', 'query_return_code': 0, 'query_err': '', 'branch_return_code': 0, 'branch_err': '', 'query_path': 'C:\\Users\\thoma\\Documents\\go3-division2-cpu\\.cache\\upstream\\C3DataUtilities\\datautilities', 'query_out': 'commit bb5df337553b21ab8be89ae5f9106958541730d4\nAuthor: Jesse T Holzer <jesse.holzer@pnnl.gov>\nDate:   Wed Sep 6 11:03:53 2023 -0700\n\n    switches after start\n', 'branch_out': '* main\n'}, 'Bid-DS-data-model': {'branch': 'main', 'commit': '5472a2373f456cc7e9923cdd31be1d4345d9830f', 'date': 'Tue Nov 8 14:27:58 2022 -0700', 'query_return_code': 0, 'query_err': '', 'branch_return_code': 0, 'branch_err': '', 'query_path': 'C:\\Users\\thoma\\Documents\\go3-division2-cpu\\.cache\\upstream\\GO-3-data-model\\datamodel', 'query_out': 'commit 5472a2373f456cc7e9923cdd31be1d4345d9830f\nAuthor: Tarek Elgindy <tarek.elgindy@nrel.gov>\nDate:   Tue Nov 8 14:27:58 2022 -0700\n\n    updating to correct release number\n', 'branch_out': '* main\n'}}

after reading problem without validation, memory info: {'rss bytes': 100470784, 'rss human': '95.8M', 'percent': 0.2976769066066313}
read problem data file without validation time: 0.0
after reading problem with validation, memory info: {'rss bytes': 100655104, 'rss human': '96.0M', 'percent': 0.2982108562148943}
load time: 0.0009980201721191406
t: 0
equilibrium: {'fixed_demand': 0.0, 'num_pr_block': 1, 'num_cs_block': 1, 'p_min_pr': 0.0, 'p_max_pr': 3.0, 'p_min_cs': 0.0, 'p_max_cs': 1.0, 'lambda_min_pr': 10.0, 'lambda_max_pr': 10.0, 'lambda_min_cs': 1000.0, 'lambda_max_cs': 1000.0, 'p_min': 1.0, 'p_max': 1.0, 'p_med': 1.0, 'lambda_min': 10.0, 'lambda_max': 10.0, 'lambda_med': 10.0, 'surplus_total': 990.0, 'value_exchanged': 10.0, 'surplus_pr': 0.0, 'surplus_cs': 990.0, 'cost_pr': 10.0, 'value_cs': 1000.0}
t: 1
equilibrium: {'fixed_demand': 0.0, 'num_pr_block': 1, 'num_cs_block': 1, 'p_min_pr': 0.0, 'p_max_pr': 3.0, 'p_min_cs': 0.0, 'p_max_cs': 1.0, 'lambda_min_pr': 10.0, 'lambda_max_pr': 10.0, 'lambda_min_cs': 1000.0, 'lambda_max_cs': 1000.0, 'p_min': 1.0, 'p_max': 1.0, 'p_med': 1.0, 'lambda_min': 10.0, 'lambda_max': 10.0, 'lambda_med': 10.0, 'surplus_total': 990.0, 'value_exchanged': 10.0, 'surplus_pr': 0.0, 'surplus_cs': 990.0, 'cost_pr': 10.0, 'value_cs': 1000.0}
t: 2
equilibrium: {'fixed_demand': 0.0, 'num_pr_block': 1, 'num_cs_block': 1, 'p_min_pr': 0.0, 'p_max_pr': 3.0, 'p_min_cs': 0.0, 'p_max_cs': 1.0, 'lambda_min_pr': 10.0, 'lambda_max_pr': 10.0, 'lambda_min_cs': 1000.0, 'lambda_max_cs': 1000.0, 'p_min': 1.0, 'p_max': 1.0, 'p_med': 1.0, 'lambda_min': 10.0, 'lambda_max': 10.0, 'lambda_med': 10.0, 'surplus_total': 990.0, 'value_exchanged': 10.0, 'surplus_pr': 0.0, 'surplus_cs': 990.0, 'cost_pr': 10.0, 'value_cs': 1000.0}
after analyzing supply and demand, memory info: {'rss bytes': 100659200, 'rss human': '96.0M', 'percent': 0.2982229914332639}
supply/demand time: 0.0
{'cost_pr': 17.5,
 'error_diagnostics': '',
 'general': {'base_norm_mva': 100.0,
             'day_type': None,
             'electricity_demand': None,
             'net_load': None,
             'season': None,
             'solar_availability': None,
             'timestamp_start': None,
             'timestamp_stop': None,
             'vre_availability': None,
             'weather_temperature': None,
             'wind_availability': None},
 'interval durations': [0.5, 1.0, 0.25],
 'num ac lines': 2,
 'num buses': 2,
 'num consuming devices': 1,
 'num contingencies': 3,
 'num dc lines': 0,
 'num intervals': 3,
 'num producing devices': 1,
 'num reactive power reserve zones': 1,
 'num real power reserve zones': 1,
 'num shunts': 1,
 'num simple dispatchable devices': 2,
 'num transformers': 1,
 'p_cs_0': 1.0,
 'p_pr_0': 1.0,
 'q_cs_0': 0.0,
 'q_pr_0': 0.0,
 'reserve_info': {'max_zone_max_time_qrd_req': 0.0,
                  'max_zone_max_time_qru_req': 0.0,
                  'max_zone_max_time_rrd_req': 0.0,
                  'max_zone_max_time_rru_req': 0.0,
                  'max_zone_med_time_qrd_req': 0.0,
                  'max_zone_med_time_qru_req': 0.0,
                  'max_zone_med_time_rrd_req': 0.0,
                  'max_zone_med_time_rru_req': 0.0,
                  'max_zone_min_time_qrd_req': 0.0,
                  'max_zone_min_time_qru_req': 0.0,
                  'max_zone_min_time_rrd_req': 0.0,
                  'max_zone_min_time_rru_req': 0.0,
                  'max_zone_nsc_req_scale': 0.05,
                  'max_zone_nsc_short_cost': 100.0,
                  'max_zone_qrd_short_cost': 100.0,
                  'max_zone_qru_short_cost': 100.0,
                  'max_zone_rgd_req_scale': 0.01,
                  'max_zone_rgd_short_cost': 100.0,
                  'max_zone_rgu_req_scale': 0.01,
                  'max_zone_rgu_short_cost': 100.0,
                  'max_zone_rng_time_qrd_req': 0.0,
                  'max_zone_rng_time_qru_req': 0.0,
                  'max_zone_rng_time_rrd_req': 0.0,
                  'max_zone_rng_time_rru_req': 0.0,
                  'max_zone_rrd_short_cost': 100.0,
                  'max_zone_rru_short_cost': 100.0,
                  'max_zone_scr_req_scale': 0.05,
                  'max_zone_scr_short_cost': 100.0,
                  'med_zone_max_time_qrd_req': 0.0,
                  'med_zone_max_time_qru_req': 0.0,
                  'med_zone_max_time_rrd_req': 0.0,
                  'med_zone_max_time_rru_req': 0.0,
                  'med_zone_med_time_qrd_req': 0.0,
                  'med_zone_med_time_qru_req': 0.0,
                  'med_zone_med_time_rrd_req': 0.0,
                  'med_zone_med_time_rru_req': 0.0,
                  'med_zone_min_time_qrd_req': 0.0,
                  'med_zone_min_time_qru_req': 0.0,
                  'med_zone_min_time_rrd_req': 0.0,
                  'med_zone_min_time_rru_req': 0.0,
                  'med_zone_nsc_req_scale': 0.05,
                  'med_zone_nsc_short_cost': 100.0,
                  'med_zone_qrd_short_cost': 100.0,
                  'med_zone_qru_short_cost': 100.0,
                  'med_zone_rgd_req_scale': 0.01,
                  'med_zone_rgd_short_cost': 100.0,
                  'med_zone_rgu_req_scale': 0.01,
                  'med_zone_rgu_short_cost': 100.0,
                  'med_zone_rng_time_qrd_req': 0.0,
                  'med_zone_rng_time_qru_req': 0.0,
                  'med_zone_rng_time_rrd_req': 0.0,
                  'med_zone_rng_time_rru_req': 0.0,
                  'med_zone_rrd_short_cost': 100.0,
                  'med_zone_rru_short_cost': 100.0,
                  'med_zone_scr_req_scale': 0.05,
                  'med_zone_scr_short_cost': 100.0,
                  'min_zone_max_time_qrd_req': 0.0,
                  'min_zone_max_time_qru_req': 0.0,
                  'min_zone_max_time_rrd_req': 0.0,
                  'min_zone_max_time_rru_req': 0.0,
                  'min_zone_med_time_qrd_req': 0.0,
                  'min_zone_med_time_qru_req': 0.0,
                  'min_zone_med_time_rrd_req': 0.0,
                  'min_zone_med_time_rru_req': 0.0,
                  'min_zone_min_time_qrd_req': 0.0,
                  'min_zone_min_time_qru_req': 0.0,
                  'min_zone_min_time_rrd_req': 0.0,
                  'min_zone_min_time_rru_req': 0.0,
                  'min_zone_nsc_req_scale': 0.05,
                  'min_zone_nsc_short_cost': 100.0,
                  'min_zone_qrd_short_cost': 100.0,
                  'min_zone_qru_short_cost': 100.0,
                  'min_zone_rgd_req_scale': 0.01,
                  'min_zone_rgd_short_cost': 100.0,
                  'min_zone_rgu_req_scale': 0.01,
                  'min_zone_rgu_short_cost': 100.0,
                  'min_zone_rng_time_qrd_req': 0.0,
                  'min_zone_rng_time_qru_req': 0.0,
                  'min_zone_rng_time_rrd_req': 0.0,
                  'min_zone_rng_time_rru_req': 0.0,
                  'min_zone_rrd_short_cost': 100.0,
                  'min_zone_rru_short_cost': 100.0,
                  'min_zone_scr_req_scale': 0.05,
                  'min_zone_scr_short_cost': 100.0,
                  'rng_zone_max_time_qrd_req': 0.0,
                  'rng_zone_max_time_qru_req': 0.0,
                  'rng_zone_max_time_rrd_req': 0.0,
                  'rng_zone_max_time_rru_req': 0.0,
                  'rng_zone_med_time_qrd_req': 0.0,
                  'rng_zone_med_time_qru_req': 0.0,
                  'rng_zone_med_time_rrd_req': 0.0,
                  'rng_zone_med_time_rru_req': 0.0,
                  'rng_zone_min_time_qrd_req': 0.0,
                  'rng_zone_min_time_qru_req': 0.0,
                  'rng_zone_min_time_rrd_req': 0.0,
                  'rng_zone_min_time_rru_req': 0.0,
                  'rng_zone_nsc_req_scale': 0.0,
                  'rng_zone_nsc_short_cost': 0.0,
                  'rng_zone_qrd_short_cost': 0.0,
                  'rng_zone_qru_short_cost': 0.0,
                  'rng_zone_rgd_req_scale': 0.0,
                  'rng_zone_rgd_short_cost': 0.0,
                  'rng_zone_rgu_req_scale': 0.0,
                  'rng_zone_rgu_short_cost': 0.0,
                  'rng_zone_rng_time_qrd_req': 0.0,
                  'rng_zone_rng_time_qru_req': 0.0,
                  'rng_zone_rng_time_rrd_req': 0.0,
                  'rng_zone_rng_time_rru_req': 0.0,
                  'rng_zone_rrd_short_cost': 0.0,
                  'rng_zone_rru_short_cost': 0.0,
                  'rng_zone_scr_req_scale': 0.0,
                  'rng_zone_scr_short_cost': 0.0},
 'surplus_cs': 1732.5,
 'surplus_pr': 0.0,
 'surplus_total': 1732.5,
 't_supply_demand': [{'cost_pr': 10.0,
                      'fixed_demand': 0.0,
                      'lambda_max': 10.0,
                      'lambda_max_cs': 1000.0,
                      'lambda_max_pr': 10.0,
                      'lambda_med': 10.0,
                      'lambda_min': 10.0,
                      'lambda_min_cs': 1000.0,
                      'lambda_min_pr': 10.0,
                      'num_cs_block': 1,
                      'num_pr_block': 1,
                      'p_max': 1.0,
                      'p_max_cs': 1.0,
                      'p_max_pr': 3.0,
                      'p_med': 1.0,
                      'p_min': 1.0,
                      'p_min_cs': 0.0,
                      'p_min_pr': 0.0,
                      'surplus_cs': 990.0,
                      'surplus_pr': 0.0,
                      'surplus_total': 990.0,
                      'value_cs': 1000.0,
                      'value_exchanged': 10.0},
                     {'cost_pr': 10.0,
                      'fixed_demand': 0.0,
                      'lambda_max': 10.0,
                      'lambda_max_cs': 1000.0,
                      'lambda_max_pr': 10.0,
                      'lambda_med': 10.0,
                      'lambda_min': 10.0,
                      'lambda_min_cs': 1000.0,
                      'lambda_min_pr': 10.0,
                      'num_cs_block': 1,
                      'num_pr_block': 1,
                      'p_max': 1.0,
                      'p_max_cs': 1.0,
                      'p_max_pr': 3.0,
                      'p_med': 1.0,
                      'p_min': 1.0,
                      'p_min_cs': 0.0,
                      'p_min_pr': 0.0,
                      'surplus_cs': 990.0,
                      'surplus_pr': 0.0,
                      'surplus_total': 990.0,
                      'value_cs': 1000.0,
                      'value_exchanged': 10.0},
                     {'cost_pr': 10.0,
                      'fixed_demand': 0.0,
                      'lambda_max': 10.0,
                      'lambda_max_cs': 1000.0,
                      'lambda_max_pr': 10.0,
                      'lambda_med': 10.0,
                      'lambda_min': 10.0,
                      'lambda_min_cs': 1000.0,
                      'lambda_min_pr': 10.0,
                      'num_cs_block': 1,
                      'num_pr_block': 1,
                      'p_max': 1.0,
                      'p_max_cs': 1.0,
                      'p_max_pr': 3.0,
                      'p_med': 1.0,
                      'p_min': 1.0,
                      'p_min_cs': 0.0,
                      'p_min_pr': 0.0,
                      'surplus_cs': 990.0,
                      'surplus_pr': 0.0,
                      'surplus_total': 990.0,
                      'value_cs': 1000.0,
                      'value_exchanged': 10.0}],
 'total duration': 1.75,
 'u_acl_0': 2,
 'u_cs_0': 1,
 'u_pr_0': 1,
 'u_xfr_0': 1,
 'value_cs': 1750.0,
 'value_exchanged': 17.5,
 'violation costs': {'e_vio_cost': 1000.0,
                     'p_bus_vio_cost': 1000.0,
                     'q_bus_vio_cost': 1000.0,
                     's_vio_cost': 500.0}}
after read solution without validation, memory info: {'rss bytes': 100794368, 'rss human': '96.1M', 'percent': 0.29862345363946124}
read solution data file without validation time: 0.0
after read solution with validation, memory info: {'rss bytes': 100802560, 'rss human': '96.1M', 'percent': 0.29864772407620044}
solution load time: 0.0
after solution_model_checks(), memory info: {'rss bytes': 100802560, 'rss human': '96.1M', 'percent': 0.29864772407620044}
solution model_checks time: 0.0010013580322265625
{'error_diagnostics': ''}
after problem_data_array.set_from_data_model(), memory info: {'rss bytes': 100859904, 'rss human': '96.2M', 'percent': 0.29881761713337507}
convert problem data to numpy arrays time: 0.0009922981262207031
after solution_data_array.set_from_data_model(), memory info: {'rss bytes': 100864000, 'rss human': '96.2M', 'percent': 0.29882975235174464}
convert solution data to numpy arrays time: 0.0
function: set_summary, time: 0.0
function: set_problem, time: 0.0
function: set_solution, time: 0.0
function: set_solution_zero, time: 0.0
function: set_work_zero, time: 0.0
function: set_matrices, time: 0.0
function: __init__, time: 0.0
function: eval_sd_t_d_up_dn, time: 0.0
function: eval_sd_max_startup, time: 0.0
function: eval_sd_t_z_sus, time: 0.0
function: eval_acl_t_p_q_fr_to, time: 0.0
function: eval_xfr_t_p_q_fr_to, time: 0.0
function: eval_sd_t_su_sd_trajectories, time: 0.0
function: eval_sd_max_energy, time: 0.0
function: eval_sd_min_energy, time: 0.0
function: eval_sd_t_z_p, time: 0.0
function: eval_bus_t_p, time: 0.0
function: eval_bus_t_q, time: 0.0
sd_t_p_rgu sum: 0.33083103134784564
prz_sigma_rgu max: 0.01
prz_t_p_rgu_req max: 0.00999999999974603
sd_t_p_rgd sum: 0.029999999999238088
prz_sigma_rgd max: 0.01
prz_t_p_rgd_req max: 0.00999999999974603
sd_t_p_scr sum: 0.0
prz_sigma_scr max: 0.05
prz_t_p_scr_req max: 0.050138505224767926
sd_t_p_nsc sum: 0.0
prz_sigma_nsc max: 0.05
prz_t_p_nsc_req max: 0.050138505224767926
sd_t_p_rru sum: 0.0
prz_t_p_rru_min max: 0.0
sd_t_p_rrd sum: 0.0
prz_t_p_rrd_min max: 0.0
sd_t_p_qru sum: 0.0
qrz_t_q_qru_min max: 0.0
sd_t_p_qrd sum: 0.0
qrz_t_q_qrd_min max: 0.0
function: get_connected_components, time: 0.000997781753540039
function: get_bridges, time: 0.0
function: get_connected_components, time: 0.0
function: get_bridges, time: 0.0
function: get_connected_components, time: 0.0
function: get_bridges, time: 0.0
end of eval_connectedness(), memory info: {'rss bytes': 101081088, 'rss human': '96.4M', 'percent': 0.2994729189253342}
function: eval_connectedness, time: 0.000997781753540039
problem dimensions. bus: 2, acl: 2, xfr: 1, dcl: 0, k: 3, t: 3
construct static bus admittance matrix. time: 0.0
factor static bus admittance matrix. time: 0.0
t_acl_delta_t: [array([], dtype=int64), array([], dtype=int64), array([], dtype=int64)], t_xfr_delta_t: [array([], dtype=int64), array([], dtype=int64), array([], dtype=int64)], t_br_delta_t: [array([], dtype=int64), array([], dtype=int64), array([], dtype=int64)], acl_delta_t: [], xfr_delta_t: [], br_delta_t: []
contingency delta branches. acl: 2, xfr: 1, dcl: 0
construct bus,t-indexed right hand side. time: 0.0009925365447998047
solve for base case bus,t-indexed theta. time: 0.0
v_acl_k: [-0.06733333 -0.06733333]
acl_u[acl_delta_k]: [1 1]
num AC branches with possible violations in ACL contingencies: 0
num AC branches with possible violations in DCL contingencies: 0
num AC branches with possible violations in XFR contingencies: 0
t: 0, time: 0.0, memory_info: {'rss bytes': 101298176, 'rss human': '96.6M', 'percent': 0.3001160854989237}
v_acl_k: [-0.06733333 -0.06733333]
acl_u[acl_delta_k]: [1 1]
num AC branches with possible violations in ACL contingencies: 0
num AC branches with possible violations in DCL contingencies: 0
num AC branches with possible violations in XFR contingencies: 0
t: 1, time: 0.0010068416595458984, memory_info: {'rss bytes': 101298176, 'rss human': '96.6M', 'percent': 0.3001160854989237}
v_acl_k: [-0.06733333 -0.06733333]
acl_u[acl_delta_k]: [1 1]
num AC branches with possible violations in ACL contingencies: 0
num AC branches with possible violations in DCL contingencies: 0
num AC branches with possible violations in XFR contingencies: 0
t: 2, time: 0.0, memory_info: {'rss bytes': 101298176, 'rss human': '96.6M', 'percent': 0.3001160854989237}
initialize_m_w_time: 0.0
compute_static_w_time: 0.0
get_time_varying_branch_characteristics_time: 0.0
construct_a_t_time: 0.0
factor_a_t_time: 0.0010068416595458984
compute_w_with_t_a_solve_time: 0.0
compute_v_t_time: 0.0
compute_w_with_t_smw_time: 0.0
compute_v_time: 0.0
compute_bus_theta_with_t_a_solve_time: 0.0
compute_bus_theta_with_t_smw_time: 0.0
compute_br_p_time: 0.0
apply_w_v_wt_time: 0.0
compute_bus_dtheta_rhs_dcl_k_time: 0.0
compute_w_v_wt_xfr_k_time: 0.0
compute_bus_dtheta_rhs_xfr_k_time: 0.0
compute_br_acl_delta_k_p_delta_time: 0.0
compute_br_dcl_delta_k_p_delta_time: 0.0
compute_br_xfr_delta_k_p_delta_time: 0.0
filter_branches_acl_k_time: 0.0
filter_branches_dcl_k_time: 0.0
filter_branches_xfr_k_time: 0.0
compute_br_acl_delta_k_p_time: 0.0
compute_br_dcl_delta_k_p_time: 0.0
compute_br_xfr_delta_k_p_time: 0.0
compute_br_acl_delta_k_s_over_time: 0.0
compute_br_dcl_delta_k_s_over_time: 0.0
compute_br_xfr_delta_k_s_over_time: 0.0
zero_out_time: 0.0
get_max_br_acl_delta_k_s_over_time: 0.0
get_max_br_dcl_delta_k_s_over_time: 0.0
get_max_br_xfr_delta_k_s_over_time: 0.0
compute_br_k_z_time: 0.0
collect_penalties_into_obj_array_time: 0.0
end of contingency model method 1, memory info: {'rss bytes': 101298176, 'rss human': '96.6M', 'percent': 0.3001160854989237}
function: eval_post_contingency_model, time: 0.0030019283294677734
function: eval_post_contingency_model, time: 0.0030019283294677734
function: run, time: 0.006006479263305664
after solution_evaluator.run(), memory info: {'rss bytes': 101310464, 'rss human': '96.6M', 'percent': 0.3001524911540326}
evaluation summary:
{'feas': 1,
 'infeas': 0,
 'info_i_i_k_t_disconnected_ctg': {'idx': {0: None, 1: None, 2: None, 3: None},
                                   'val': 0},
 'info_i_i_t_disconnected_base': {'idx': {0: None, 1: None, 2: None}, 'val': 0},
 'phys_feas': 1,
 'sum_acl_some_sd_after_t_start': 0,
 'sum_acl_some_su_after_t_start': 0,
 'sum_acl_t_u_sd': 0,
 'sum_acl_t_u_sd_t_start': 0,
 'sum_acl_t_u_su': 0,
 'sum_acl_t_u_su_t_start': 0,
 'sum_acl_t_z_s': 0.0,
 'sum_acl_t_z_sd': 0.0,
 'sum_acl_t_z_su': 0.0,
 'sum_bus_t_z_p': 5.565982202915265e-06,
 'sum_bus_t_z_q': 1.807972663941948e-06,
 'sum_cs_t_z_p': 1749.9999999555553,
 'sum_pr_t_z_p': 17.548476828668772,
 'sum_prz_t_z_nsc': 0.0,
 'sum_prz_t_z_rgd': 0.0,
 'sum_prz_t_z_rgu': 0.0,
 'sum_prz_t_z_rrd': 0.0,
 'sum_prz_t_z_rru': 0.0,
 'sum_prz_t_z_scr': 0.0,
 'sum_qrz_t_z_qrd': 0.0,
 'sum_qrz_t_z_qru': 0.0,
 'sum_sd_some_sd_after_t_start': 0,
 'sum_sd_some_su_after_t_start': 0,
 'sum_sd_t_sd': 0,
 'sum_sd_t_sd_t_start': 0,
 'sum_sd_t_su': 0,
 'sum_sd_t_su_t_start': 0,
 'sum_sd_t_z_nsc': 0.0,
 'sum_sd_t_z_on': 0.17500000000000002,
 'sum_sd_t_z_qrd': 0.0,
 'sum_sd_t_z_qru': 0.0,
 'sum_sd_t_z_rgd': 0.00017499999999555553,
 'sum_sd_t_z_rgu': 0.001929847682862433,
 'sum_sd_t_z_rrd_off': 0.0,
 'sum_sd_t_z_rrd_on': 0.0,
 'sum_sd_t_z_rru_off': 0.0,
 'sum_sd_t_z_rru_on': 0.0,
 'sum_sd_t_z_scr': 0.0,
 'sum_sd_t_z_sd': 0.0,
 'sum_sd_t_z_su': 0.0,
 'sum_sd_t_z_sus': 0.0,
 'sum_xfr_some_sd_after_t_start': 0,
 'sum_xfr_some_su_after_t_start': 0,
 'sum_xfr_t_u_sd': 0,
 'sum_xfr_t_u_sd_t_start': 0,
 'sum_xfr_t_u_su': 0,
 'sum_xfr_t_u_su_t_start': 0,
 'sum_xfr_t_z_s': 0.0,
 'sum_xfr_t_z_sd': 0.0,
 'sum_xfr_t_z_su': 0.0,
 'time_connectedness': 0.000997781753540039,
 'time_post_contingency': 0.0030019283294677734,
 'time_run': 0.006006479263305664,
 'total_switches': 0,
 'total_switches_sd_after_t_start': 0,
 'total_switches_sd_t_start': 0,
 'total_switches_su_after_t_start': 0,
 'total_switches_su_t_start': 0,
 'viol_acl_acl_t_s_max_ctg': {'idx': {0: None, 1: None, 2: None}, 'val': 0.0},
 'viol_acl_dcl_t_s_max_ctg': {'idx': {0: None, 1: None, 2: None}, 'val': 0.0},
 'viol_acl_t_s_max': {'idx': {0: 'a0', 1: 0}, 'val': 0.0},
 'viol_acl_t_u_sd_max': {'idx': {0: 'a0', 1: 0}, 'val': 0},
 'viol_acl_t_u_su_max': {'idx': {0: 'a0', 1: 0}, 'val': 0},
 'viol_acl_xfr_t_s_max_ctg': {'idx': {0: None, 1: None, 2: None}, 'val': 0.0},
 'viol_bus_t_p_balance_max': {'idx': {0: 'b1', 1: 0},
                              'val': 1.643932379113977e-09},
 'viol_bus_t_p_balance_min': {'idx': {0: 'b0', 1: 0},
                              'val': -1.5366288796947458e-09},
 'viol_bus_t_q_balance_max': {'idx': {0: 'b1', 1: 0},
                              'val': 8.088946804041264e-10},
 'viol_bus_t_q_balance_min': {'idx': {0: 'b0', 1: 0},
                              'val': 2.2423255613412962e-10},
 'viol_bus_t_v_max': {'idx': {0: 'b0', 1: 0}, 'val': 0.0},
 'viol_bus_t_v_min': {'idx': {0: 'b0', 1: 0}, 'val': 0.0},
 'viol_cs_t_p_off_max': {'idx': {0: 'd', 1: 0}, 'val': 0.0},
 'viol_cs_t_p_off_min': {'idx': {0: 'd', 1: 0}, 'val': 0.0},
 'viol_cs_t_p_on_max': {'idx': {0: 'd', 1: 0}, 'val': 0.0},
 'viol_cs_t_p_on_min': {'idx': {0: 'd', 1: 0}, 'val': 0.0},
 'viol_cs_t_q_max': {'idx': {0: 'd', 1: 0}, 'val': 0.0},
 'viol_cs_t_q_min': {'idx': {0: 'd', 1: 0}, 'val': 0.0},
 'viol_cs_t_q_p_max': {'idx': {0: None, 1: None}, 'val': None},
 'viol_cs_t_q_p_min': {'idx': {0: None, 1: None}, 'val': None},
 'viol_dcl_t_p_max': {'idx': {0: None, 1: None}, 'val': None},
 'viol_dcl_t_p_min': {'idx': {0: None, 1: None}, 'val': None},
 'viol_dcl_t_q_fr_max': {'idx': {0: None, 1: None}, 'val': None},
 'viol_dcl_t_q_fr_min': {'idx': {0: None, 1: None}, 'val': None},
 'viol_dcl_t_q_to_max': {'idx': {0: None, 1: None}, 'val': None},
 'viol_dcl_t_q_to_min': {'idx': {0: None, 1: None}, 'val': None},
 'viol_pr_t_p_off_max': {'idx': {0: 'g', 1: 0}, 'val': 0.0},
 'viol_pr_t_p_off_min': {'idx': {0: 'g', 1: 0}, 'val': 0.0},
 'viol_pr_t_p_on_max': {'idx': {0: 'g', 1: 0}, 'val': 0.0},
 'viol_pr_t_p_on_min': {'idx': {0: 'g', 1: 0}, 'val': 0.0},
 'viol_pr_t_q_max': {'idx': {0: 'g', 1: 0}, 'val': 0.0},
 'viol_pr_t_q_min': {'idx': {0: 'g', 1: 0}, 'val': 0.0},
 'viol_pr_t_q_p_max': {'idx': {0: 'g', 1: 0}, 'val': 0.0},
 'viol_pr_t_q_p_min': {'idx': {0: 'g', 1: 0}, 'val': 0.0},
 'viol_prz_t_p_nsc_balance': {'idx': {0: 'pr', 1: 0}, 'val': 0.0},
 'viol_prz_t_p_rgd_balance': {'idx': {0: 'pr', 1: 0}, 'val': 0.0},
 'viol_prz_t_p_rgu_balance': {'idx': {0: 'pr', 1: 0}, 'val': 0.0},
 'viol_prz_t_p_rrd_balance': {'idx': {0: 'pr', 1: 0}, 'val': 0.0},
 'viol_prz_t_p_rru_balance': {'idx': {0: 'pr', 1: 0}, 'val': 0.0},
 'viol_prz_t_p_scr_balance': {'idx': {0: 'pr', 1: 0}, 'val': 0.0},
 'viol_qrz_t_q_qrd_balance': {'idx': {0: 'qr', 1: 0}, 'val': 0.0},
 'viol_qrz_t_q_qru_balance': {'idx': {0: 'qr', 1: 0}, 'val': 0.0},
 'viol_sd_max_energy_constr': {'idx': {0: 'g', 1: 0}, 'val': 0.0},
 'viol_sd_max_startup_constr': {'idx': {0: 'g', 1: 0}, 'val': 0},
 'viol_sd_min_energy_constr': {'idx': {0: 'g', 1: 0}, 'val': 0.0},
 'viol_sd_t_d_dn_min': {'idx': {0: 'g', 1: 0}, 'val': 0},
 'viol_sd_t_d_up_min': {'idx': {0: 'g', 1: 0}, 'val': 0},
 'viol_sd_t_p_nsc_max': {'idx': {0: 'g', 1: 0}, 'val': 0.0},
 'viol_sd_t_p_nsc_nonneg': {'idx': {0: 'g', 1: 0}, 'val': -0.0},
 'viol_sd_t_p_ramp_dn_max': {'idx': {0: 'g', 1: 0}, 'val': 0.0},
 'viol_sd_t_p_ramp_up_max': {'idx': {0: 'g', 1: 0}, 'val': 0.0},
 'viol_sd_t_p_rgd_max': {'idx': {0: 'g', 1: 0}, 'val': 0.0},
 'viol_sd_t_p_rgd_nonneg': {'idx': {0: 'g', 1: 0}, 'val': -0.0},
 'viol_sd_t_p_rgu_max': {'idx': {0: 'g', 1: 0}, 'val': 0.0},
 'viol_sd_t_p_rgu_nonneg': {'idx': {0: 'g', 1: 0}, 'val': -0.0},
 'viol_sd_t_p_rrd_off_max': {'idx': {0: 'g', 1: 0}, 'val': 0.0},
 'viol_sd_t_p_rrd_off_nonneg': {'idx': {0: 'g', 1: 0}, 'val': -0.0},
 'viol_sd_t_p_rrd_on_max': {'idx': {0: 'g', 1: 0}, 'val': 0.0},
 'viol_sd_t_p_rrd_on_nonneg': {'idx': {0: 'g', 1: 0}, 'val': -0.0},
 'viol_sd_t_p_rru_off_max': {'idx': {0: 'g', 1: 0}, 'val': 0.0},
 'viol_sd_t_p_rru_off_nonneg': {'idx': {0: 'g', 1: 0}, 'val': -0.0},
 'viol_sd_t_p_rru_on_max': {'idx': {0: 'g', 1: 0}, 'val': 0.0},
 'viol_sd_t_p_rru_on_nonneg': {'idx': {0: 'g', 1: 0}, 'val': -0.0},
 'viol_sd_t_p_scr_max': {'idx': {0: 'g', 1: 0}, 'val': 0.0},
 'viol_sd_t_p_scr_nonneg': {'idx': {0: 'g', 1: 0}, 'val': -0.0},
 'viol_sd_t_q_qrd_nonneg': {'idx': {0: 'g', 1: 0}, 'val': -0.0},
 'viol_sd_t_q_qru_nonneg': {'idx': {0: 'g', 1: 0}, 'val': -0.0},
 'viol_sd_t_u_on_max': {'idx': {0: 'g', 1: 0}, 'val': 0},
 'viol_sd_t_u_on_min': {'idx': {0: 'g', 1: 0}, 'val': 0},
 'viol_sh_t_u_st_max': {'idx': {0: 'sh', 1: 0}, 'val': 0},
 'viol_sh_t_u_st_min': {'idx': {0: 'sh', 1: 0}, 'val': 0},
 'viol_t_connected_base': {'idx': {0: 0}, 'val': 0},
 'viol_t_connected_ctg': {'idx': {0: 0}, 'val': 0},
 'viol_xfr_acl_t_s_max_ctg': {'idx': {0: None, 1: None, 2: None}, 'val': 0.0},
 'viol_xfr_dcl_t_s_max_ctg': {'idx': {0: None, 1: None, 2: None}, 'val': 0.0},
 'viol_xfr_t_phi_max': {'idx': {0: 'x0', 1: 0}, 'val': 0.0},
 'viol_xfr_t_phi_min': {'idx': {0: 'x0', 1: 0}, 'val': 0.0},
 'viol_xfr_t_s_max': {'idx': {0: 'x0', 1: 0}, 'val': 0.0},
 'viol_xfr_t_tau_max': {'idx': {0: 'x0', 1: 0}, 'val': 0.0},
 'viol_xfr_t_tau_min': {'idx': {0: 'x0', 1: 0}, 'val': 0.0},
 'viol_xfr_t_u_sd_max': {'idx': {0: 'x0', 1: 0}, 'val': 0},
 'viol_xfr_t_u_su_max': {'idx': {0: 'x0', 1: 0}, 'val': 0},
 'viol_xfr_xfr_t_s_max_ctg': {'idx': {0: None, 1: None, 2: None}, 'val': 0.0},
 'z': 1732.2744109052487,
 'z_base': 1732.2744109052487,
 'z_cost': 17.72558167635163,
 'z_k_average_case': 0.0,
 'z_k_worst_case': 0.0,
 'z_max_energy': 0.0,
 'z_min_energy': 0.0,
 'z_penalty': 7.373954866857213e-06,
 'z_value': 1749.9999999555553}
infeasibility summary:
{}
feas: 1
obj: 1732.2744109052487
evaluate solution time: 0.00700831413269043
end of check_data(), memory info: {'rss bytes': 102694912, 'rss human': '97.9M', 'percent': 0.30425419496296213}
