Running HiGHS 1.15.1 (git hash: 04024d7): Copyright (c) 2026 under MIT licence terms
Includes third-party software components, see THIRD_PARTY_NOTICES.md for full details
LP has 210429 rows; 150156 cols; 553031 nonzeros
Coefficient ranges:
  Matrix  [1e+00, 2e+01]
  Cost    [1e+02, 5e+05]
  Bound   [1e-05, 6e+03]
  RHS     [1e-20, 6e+03]
WARNING: Problem has some excessively small column bounds
WARNING: Problem has some excessively small row bounds
Presolving model
40388 rows, 69001 cols, 214906 nonzeros 0s
37567 rows, 69001 cols, 206443 nonzeros 0s
Presolve reductions: rows 37567(-172862); columns 69001(-81155); nonzeros 206443(-346588) 
Solving the presolved LP
Using dual simplex solver
  Iteration        Objective     Infeasibilities num(sum)
          0     2.3794909936e+03 Pr: 96(7785.39) 0.2s
      21198     4.4298618026e+08 Pr: 0(0) 0.6s

Performed postsolve
Solving the original LP from the solution after postsolve

Model status        : Optimal
Simplex   iterations: 21198
Objective value     :  4.4298618025e+08
P-D objective error :  2.4892106712e-15
HiGHS run time      :          0.77
