GO3_PROGRESS {"epoch_seconds":1.78993870762e9,"event":"source_reserve_partition_begin","pid":21476,"solve_calls":0,"elapsed_seconds":0.0}
GO3_PROGRESS {"epoch_seconds":1.789938725258e9,"event":"reserve_partition_columns","pid":21476,"master_columns":8043122,"solve_calls":0,"recourse_columns":7210012,"periods":[1,2,3,4,5,6,7,8,9,10,11,12,13,14,15,16,17,18,19,20,21,22,23,24,25,26,27,28,29,30,31,32,33,34,35,36,37,38,39,40,41,42,43,44,45,46,47,48],"elapsed_seconds":17.638000011444092}
GO3_PROGRESS {"epoch_seconds":1.789938728643e9,"event":"reserve_partition_rows","pid":21476,"solve_calls":0,"rows_required":17635208,"rows_processed":1048576,"elapsed_seconds":21.02300000190735}
GO3_PROGRESS {"epoch_seconds":1.789938735984e9,"event":"reserve_partition_rows","pid":21476,"solve_calls":0,"rows_required":17635208,"rows_processed":2097152,"elapsed_seconds":28.36400008201599}
GO3_PROGRESS {"epoch_seconds":1.789938737863e9,"event":"reserve_partition_rows","pid":21476,"solve_calls":0,"rows_required":17635208,"rows_processed":3145728,"elapsed_seconds":30.243000030517578}
GO3_PROGRESS {"epoch_seconds":1.789938740754e9,"event":"reserve_partition_rows","pid":21476,"solve_calls":0,"rows_required":17635208,"rows_processed":4194304,"elapsed_seconds":33.134000062942505}
GO3_PROGRESS {"epoch_seconds":1.789938743818e9,"event":"reserve_partition_rows","pid":21476,"solve_calls":0,"rows_required":17635208,"rows_processed":5242880,"elapsed_seconds":36.19800019264221}
GO3_PROGRESS {"epoch_seconds":1.789938746814e9,"event":"reserve_partition_rows","pid":21476,"solve_calls":0,"rows_required":17635208,"rows_processed":6291456,"elapsed_seconds":39.194000005722046}
GO3_PROGRESS {"epoch_seconds":1.789938750445e9,"event":"reserve_partition_rows","pid":21476,"solve_calls":0,"rows_required":17635208,"rows_processed":7340032,"elapsed_seconds":42.825000047683716}
GO3_PROGRESS {"epoch_seconds":1.789938752525e9,"event":"reserve_partition_rows","pid":21476,"solve_calls":0,"rows_required":17635208,"rows_processed":8388608,"elapsed_seconds":44.90500020980835}
GO3_PROGRESS {"epoch_seconds":1.789938754438e9,"event":"reserve_partition_rows","pid":21476,"solve_calls":0,"rows_required":17635208,"rows_processed":9437184,"elapsed_seconds":46.818000078201294}
GO3_PROGRESS {"epoch_seconds":1.78993875688e9,"event":"reserve_partition_rows","pid":21476,"solve_calls":0,"rows_required":17635208,"rows_processed":10485760,"elapsed_seconds":49.260000228881836}
GO3_PROGRESS {"epoch_seconds":1.789938758667e9,"event":"reserve_partition_rows","pid":21476,"solve_calls":0,"rows_required":17635208,"rows_processed":11534336,"elapsed_seconds":51.04700016975403}
GO3_PROGRESS {"epoch_seconds":1.789938761313e9,"event":"reserve_partition_rows","pid":21476,"solve_calls":0,"rows_required":17635208,"rows_processed":12582912,"elapsed_seconds":53.693000078201294}
GO3_PROGRESS {"epoch_seconds":1.789938763272e9,"event":"reserve_partition_rows","pid":21476,"solve_calls":0,"rows_required":17635208,"rows_processed":13631488,"elapsed_seconds":55.652000188827515}
GO3_PROGRESS {"epoch_seconds":1.789938765517e9,"event":"reserve_partition_rows","pid":21476,"solve_calls":0,"rows_required":17635208,"rows_processed":14680064,"elapsed_seconds":57.8970000743866}
GO3_PROGRESS {"epoch_seconds":1.789938768281e9,"event":"reserve_partition_rows","pid":21476,"solve_calls":0,"rows_required":17635208,"rows_processed":15728640,"elapsed_seconds":60.66100001335144}
GO3_PROGRESS {"epoch_seconds":1.789938771955e9,"event":"reserve_partition_rows","pid":21476,"solve_calls":0,"rows_required":17635208,"rows_processed":16777216,"elapsed_seconds":64.33500003814697}
GO3_PROGRESS {"epoch_seconds":1.789938782217e9,"event":"source_reserve_partition_verify_begin","pid":21476,"solve_calls":0,"master_source_columns":8043122,"elapsed_seconds":74.59700012207031}
GO3_PROGRESS {"epoch_seconds":1.789938783845e9,"event":"reserve_partition_part_verified","pid":21476,"period":32,"rows_checked":210451,"solve_calls":0,"columns_checked":150178,"elapsed_seconds":76.22500014305115}
GO3_PROGRESS {"epoch_seconds":1.789938785213e9,"event":"reserve_partition_part_verified","pid":21476,"period":29,"rows_checked":210399,"solve_calls":0,"columns_checked":150126,"elapsed_seconds":77.59300017356873}
GO3_PROGRESS {"epoch_seconds":1.789938786288e9,"event":"reserve_partition_part_verified","pid":21476,"period":1,"rows_checked":210447,"solve_calls":0,"columns_checked":150174,"elapsed_seconds":78.66800022125244}
GO3_PROGRESS {"epoch_seconds":1.78993878739e9,"event":"reserve_partition_part_verified","pid":21476,"period":2,"rows_checked":210423,"solve_calls":0,"columns_checked":150150,"elapsed_seconds":79.77000021934509}
GO3_PROGRESS {"epoch_seconds":1.789938788479e9,"event":"reserve_partition_part_verified","pid":21476,"period":41,"rows_checked":210547,"solve_calls":0,"columns_checked":150274,"elapsed_seconds":80.85900020599365}
GO3_PROGRESS {"epoch_seconds":1.789938789297e9,"event":"reserve_partition_part_verified","pid":21476,"period":27,"rows_checked":210411,"solve_calls":0,"columns_checked":150138,"elapsed_seconds":81.67700004577637}
GO3_PROGRESS {"epoch_seconds":1.789938790296e9,"event":"reserve_partition_part_verified","pid":21476,"period":42,"rows_checked":210547,"solve_calls":0,"columns_checked":150274,"elapsed_seconds":82.67600011825562}
GO3_PROGRESS {"epoch_seconds":1.789938791366e9,"event":"reserve_partition_part_verified","pid":21476,"period":33,"rows_checked":210463,"solve_calls":0,"columns_checked":150190,"elapsed_seconds":83.74600005149841}
GO3_PROGRESS {"epoch_seconds":1.789938792254e9,"event":"reserve_partition_part_verified","pid":21476,"period":28,"rows_checked":210401,"solve_calls":0,"columns_checked":150128,"elapsed_seconds":84.6340000629425}
GO3_PROGRESS {"epoch_seconds":1.789938793358e9,"event":"reserve_partition_part_verified","pid":21476,"period":26,"rows_checked":210435,"solve_calls":0,"columns_checked":150162,"elapsed_seconds":85.73800015449524}
GO3_PROGRESS {"epoch_seconds":1.789938794449e9,"event":"reserve_partition_part_verified","pid":21476,"period":10,"rows_checked":210471,"solve_calls":0,"columns_checked":150198,"elapsed_seconds":86.8289999961853}
GO3_PROGRESS {"epoch_seconds":1.789938795547e9,"event":"reserve_partition_part_verified","pid":21476,"period":24,"rows_checked":210471,"solve_calls":0,"columns_checked":150198,"elapsed_seconds":87.92700004577637}
GO3_PROGRESS {"epoch_seconds":1.789938796639e9,"event":"reserve_partition_part_verified","pid":21476,"period":25,"rows_checked":210451,"solve_calls":0,"columns_checked":150178,"elapsed_seconds":89.01900005340576}
GO3_PROGRESS {"epoch_seconds":1.789938797732e9,"event":"reserve_partition_part_verified","pid":21476,"period":23,"rows_checked":210503,"solve_calls":0,"columns_checked":150230,"elapsed_seconds":90.11200022697449}
GO3_PROGRESS {"epoch_seconds":1.789938798806e9,"event":"reserve_partition_part_verified","pid":21476,"period":5,"rows_checked":210383,"solve_calls":0,"columns_checked":150110,"elapsed_seconds":91.18600010871887}
GO3_PROGRESS {"epoch_seconds":1.789938799889e9,"event":"reserve_partition_part_verified","pid":21476,"period":31,"rows_checked":210429,"solve_calls":0,"columns_checked":150156,"elapsed_seconds":92.26900005340576}
GO3_PROGRESS {"epoch_seconds":1.789938800969e9,"event":"reserve_partition_part_verified","pid":21476,"period":43,"rows_checked":210543,"solve_calls":0,"columns_checked":150270,"elapsed_seconds":93.3490002155304}
GO3_PROGRESS {"epoch_seconds":1.78993880206e9,"event":"reserve_partition_part_verified","pid":21476,"period":39,"rows_checked":210537,"solve_calls":0,"columns_checked":150264,"elapsed_seconds":94.44000005722046}
GO3_PROGRESS {"epoch_seconds":1.789938803143e9,"event":"reserve_partition_part_verified","pid":21476,"period":44,"rows_checked":210541,"solve_calls":0,"columns_checked":150268,"elapsed_seconds":95.52300000190735}
GO3_PROGRESS {"epoch_seconds":1.789938804224e9,"event":"reserve_partition_part_verified","pid":21476,"period":34,"rows_checked":210481,"solve_calls":0,"columns_checked":150208,"elapsed_seconds":96.60400009155273}
GO3_PROGRESS {"epoch_seconds":1.789938805318e9,"event":"reserve_partition_part_verified","pid":21476,"period":17,"rows_checked":210545,"solve_calls":0,"columns_checked":150272,"elapsed_seconds":97.69800019264221}
GO3_PROGRESS {"epoch_seconds":1.789938806416e9,"event":"reserve_partition_part_verified","pid":21476,"period":37,"rows_checked":210515,"solve_calls":0,"columns_checked":150242,"elapsed_seconds":98.7960000038147}
GO3_PROGRESS {"epoch_seconds":1.789938807502e9,"event":"reserve_partition_part_verified","pid":21476,"period":47,"rows_checked":210493,"solve_calls":0,"columns_checked":150220,"elapsed_seconds":99.882000207901}
GO3_PROGRESS {"epoch_seconds":1.789938808263e9,"event":"reserve_partition_part_verified","pid":21476,"period":9,"rows_checked":210455,"solve_calls":0,"columns_checked":150182,"elapsed_seconds":100.64300012588501}
GO3_PROGRESS {"epoch_seconds":1.789938809026e9,"event":"reserve_partition_part_verified","pid":21476,"period":12,"rows_checked":210499,"solve_calls":0,"columns_checked":150226,"elapsed_seconds":101.4060001373291}
GO3_PROGRESS {"epoch_seconds":1.789938809866e9,"event":"reserve_partition_part_verified","pid":21476,"period":20,"rows_checked":210531,"solve_calls":0,"columns_checked":150258,"elapsed_seconds":102.24600005149841}
GO3_PROGRESS {"epoch_seconds":1.789938810687e9,"event":"reserve_partition_part_verified","pid":21476,"period":6,"rows_checked":210407,"solve_calls":0,"columns_checked":150134,"elapsed_seconds":103.06700015068054}
GO3_PROGRESS {"epoch_seconds":1.78993881179e9,"event":"reserve_partition_part_verified","pid":21476,"period":14,"rows_checked":210505,"solve_calls":0,"columns_checked":150232,"elapsed_seconds":104.17000007629395}
GO3_PROGRESS {"epoch_seconds":1.789938812887e9,"event":"reserve_partition_part_verified","pid":21476,"period":7,"rows_checked":210437,"solve_calls":0,"columns_checked":150164,"elapsed_seconds":105.26700019836426}
GO3_PROGRESS {"epoch_seconds":1.789938813962e9,"event":"reserve_partition_part_verified","pid":21476,"period":8,"rows_checked":210441,"solve_calls":0,"columns_checked":150168,"elapsed_seconds":106.3420000076294}
GO3_PROGRESS {"epoch_seconds":1.789938815042e9,"event":"reserve_partition_part_verified","pid":21476,"period":19,"rows_checked":210533,"solve_calls":0,"columns_checked":150260,"elapsed_seconds":107.42200016975403}
GO3_PROGRESS {"epoch_seconds":1.789938853752e9,"event":"reserve_partition_part_verified","pid":21476,"period":0,"rows_checked":10931162,"solve_calls":0,"columns_checked":8043122,"elapsed_seconds":146.132000207901}
GO3_PROGRESS {"epoch_seconds":1.789938854572e9,"event":"reserve_partition_part_verified","pid":21476,"period":4,"rows_checked":210401,"solve_calls":0,"columns_checked":150128,"elapsed_seconds":146.9520001411438}
GO3_PROGRESS {"epoch_seconds":1.789938855388e9,"event":"reserve_partition_part_verified","pid":21476,"period":22,"rows_checked":210509,"solve_calls":0,"columns_checked":150236,"elapsed_seconds":147.768000125885}
GO3_PROGRESS {"epoch_seconds":1.78993885636e9,"event":"reserve_partition_part_verified","pid":21476,"period":11,"rows_checked":210489,"solve_calls":0,"columns_checked":150216,"elapsed_seconds":148.74000000953674}
GO3_PROGRESS {"epoch_seconds":1.78993885745e9,"event":"reserve_partition_part_verified","pid":21476,"period":35,"rows_checked":210497,"solve_calls":0,"columns_checked":150224,"elapsed_seconds":149.83000016212463}
GO3_PROGRESS {"epoch_seconds":1.789938858292e9,"event":"reserve_partition_part_verified","pid":21476,"period":13,"rows_checked":210517,"solve_calls":0,"columns_checked":150244,"elapsed_seconds":150.67200016975403}
GO3_PROGRESS {"epoch_seconds":1.789938859101e9,"event":"reserve_partition_part_verified","pid":21476,"period":15,"rows_checked":210517,"solve_calls":0,"columns_checked":150244,"elapsed_seconds":151.48100018501282}
GO3_PROGRESS {"epoch_seconds":1.789938860206e9,"event":"reserve_partition_part_verified","pid":21476,"period":16,"rows_checked":210529,"solve_calls":0,"columns_checked":150256,"elapsed_seconds":152.5860002040863}
GO3_PROGRESS {"epoch_seconds":1.789938861299e9,"event":"reserve_partition_part_verified","pid":21476,"period":40,"rows_checked":210545,"solve_calls":0,"columns_checked":150272,"elapsed_seconds":153.67900013923645}
GO3_PROGRESS {"epoch_seconds":1.789938862369e9,"event":"reserve_partition_part_verified","pid":21476,"period":46,"rows_checked":210503,"solve_calls":0,"columns_checked":150230,"elapsed_seconds":154.74900007247925}
GO3_PROGRESS {"epoch_seconds":1.789938863439e9,"event":"reserve_partition_part_verified","pid":21476,"period":21,"rows_checked":210513,"solve_calls":0,"columns_checked":150240,"elapsed_seconds":155.81900000572205}
GO3_PROGRESS {"epoch_seconds":1.789938864514e9,"event":"reserve_partition_part_verified","pid":21476,"period":38,"rows_checked":210517,"solve_calls":0,"columns_checked":150244,"elapsed_seconds":156.89400005340576}
GO3_PROGRESS {"epoch_seconds":1.789938865581e9,"event":"reserve_partition_part_verified","pid":21476,"period":45,"rows_checked":210525,"solve_calls":0,"columns_checked":150252,"elapsed_seconds":157.9610002040863}
GO3_PROGRESS {"epoch_seconds":1.78993886666e9,"event":"reserve_partition_part_verified","pid":21476,"period":36,"rows_checked":210509,"solve_calls":0,"columns_checked":150236,"elapsed_seconds":159.0400002002716}
GO3_PROGRESS {"epoch_seconds":1.789938867728e9,"event":"reserve_partition_part_verified","pid":21476,"period":48,"rows_checked":210487,"solve_calls":0,"columns_checked":150214,"elapsed_seconds":160.10800004005432}
GO3_PROGRESS {"epoch_seconds":1.789938868803e9,"event":"reserve_partition_part_verified","pid":21476,"period":18,"rows_checked":210543,"solve_calls":0,"columns_checked":150270,"elapsed_seconds":161.18300008773804}
GO3_PROGRESS {"epoch_seconds":1.789938869881e9,"event":"reserve_partition_part_verified","pid":21476,"period":30,"rows_checked":210407,"solve_calls":0,"columns_checked":150134,"elapsed_seconds":162.2610001564026}
GO3_PROGRESS {"epoch_seconds":1.789938870968e9,"event":"reserve_partition_part_verified","pid":21476,"period":3,"rows_checked":210413,"solve_calls":0,"columns_checked":150140,"elapsed_seconds":163.34800004959106}
GO3_PROGRESS {"epoch_seconds":1.789938871186e9,"event":"source_reserve_partition_verified","pid":21476,"master_projection_rows_proved":3399070,"scope":"Exact source scheduling partition; no solved or verified GO3 candidate","source_columns_checked":15253134,"source_coefficients_and_bounds_unchanged":true,"source_rows_checked":17635208,"periods":[1,2,3,4,5,6,7,8,9,10,11,12,13,14,15,16,17,18,19,20,21,22,23,24,25,26,27,28,29,30,31,32,33,34,35,36,37,38,39,40,41,42,43,44,45,46,47,48],"box_redundant_master_projections_proved":6394830,"partition_manifest_sha256":"5cf40137b81775a58f86346a4581e6d19f964ed3aacc8711fb28d29f9e64f4e4","solve_calls":0,"complete":true,"pass":true,"source_rows_covered_exactly_once":true,"elapsed_seconds":163.5660002231598}
