Running HiGHS 1.15.1 (git hash: 04024d7): Copyright (c) 2026 under MIT licence terms
Includes third-party software components, see THIRD_PARTY_NOTICES.md for full details
LP has 210407 rows; 150134 cols; 552987 nonzeros
Coefficient ranges:
  Matrix  [1e+00, 2e+01]
  Cost    [1e+02, 5e+05]
  Bound   [1e-05, 6e+03]
  RHS     [1e-20, 6e+03]
WARNING: Problem has some excessively small column bounds
WARNING: Problem has some excessively small row bounds
Presolving model
40403 rows, 68991 cols, 215222 nonzeros 0s
37646 rows, 68991 cols, 206951 nonzeros 0s
Presolve reductions: rows 37646(-172761); columns 68991(-81143); nonzeros 206951(-346036) 
Solving the presolved LP
Using dual simplex solver
  Iteration        Objective     Infeasibilities num(sum)
          0     2.1898680050e+03 Pr: 96(7780.83) 0.2s
      20779     4.4159142091e+08 Pr: 0(0) 0.6s

Performed postsolve
Solving the original LP from the solution after postsolve

Model status        : Optimal
Simplex   iterations: 20779
Objective value     :  4.4159142091e+08
P-D objective error :  3.0369804358e-15
HiGHS run time      :          0.77
