GO3_PROGRESS {"elapsed_worker_seconds":0.07699990272521973,"stage":"loading","remaining_work_seconds":103.80175018310547}
GO3_PROGRESS {"elapsed_worker_seconds":0.806999921798706,"stage":"scheduling","remaining_work_seconds":103.07175016403198}
GO3_SCHEDULING_MODEL {"reserve_policy":"joint_scheduling_then_full_reallocation","constraints_excluding_variable_bounds":181,"source_pq_bound_devices":1,"variables":153,"build_seconds":7.289000034332275,"include_reserves":true,"consumer_online_dominance":{"fixed_online_variables":3,"generator_commitments_changed":0,"policy":"proven_zero_minimum_consumer_online_dominance_v1","eligible_consumers":1,"source_values_changed":false,"rejected_consumers":{},"eligible_consumer_uids":["d"]},"source_startup_windows":{"membership":"begin-tol <= interval_start < end-tol","time_equality_tolerance":1.0e-6,"source_values_changed":false,"windows":4}}
GO3_PROGRESS {"elapsed_scheduling_seconds":11.599000215530396,"event":"model_built","elapsed_worker_seconds":12.465999841690063,"build_seconds":7.5400002002716064,"stage":"scheduling_event","remaining_work_seconds":91.41275024414062}
GO3_PROGRESS {"elapsed_scheduling_seconds":12.437000036239624,"event":"economic_solve_begin","elapsed_worker_seconds":13.251999855041504,"stage":"scheduling_event","remaining_work_seconds":90.62675023078918}
Running HiGHS 1.15.1 (git hash: 04024d701f): Copyright (c) 2026 under MIT licence terms
Includes third-party software components, see THIRD_PARTY_NOTICES.md for full details
Using BLAS: libblastrampoline 
 MIP      : 
Rows      : 181
Cols      : 153
Nonzeros  : 517
Integer   : 18 (15 binary)
Coefficient ranges:
  Matrix  [1e-02, 3e+00]
  Cost    [3e-03, 1e+03]
  Bound   [5e-01, 4e+00]
  RHS     [5e-01, 8e+00]
Presolving model
Permitted suppression of presolve rules via presolve_rule_off option:
   Rule  6 (set bit  6 =    64): Forcing row
   Rule  7 (set bit  7 =   128): Forcing col
   Rule  8 (set bit  8 =   256): Free col substitution
   Rule  9 (set bit  9 =   512): Doubleton equation
   Rule 10 (set bit 10 =  1024): Dependent equations
   Rule 11 (set bit 11 =  2048): Dependent free columns
   Rule 12 (set bit 12 =  4096): Aggregator
   Rule 13 (set bit 13 =  8192): Parallel rows and columns
   Rule 14 (set bit 14 = 16384): Sparsify
   Rule 15 (set bit 15 = 32768): Probing
   Rule 16 (set bit 16 = 65536): Enumeration
   Rule 17 (set bit 17 = 131072): Dual fixing
   Rule 18 (set bit 18 = 262144): Col stuffing
   Rule 19 (set bit 19 = 524288): Initial sweep
73 rows, 59 cols, 210 nonzeros 0s
52 rows, 52 cols, 193 nonzeros 0s
7 probing evaluations: 0 deleted rows, 0 deleted columns, 0 lifted nonzeros
51 rows, 51 cols, 203 nonzeros 0s
Presolve reductions: rows 51(-130); columns 51(-102); nonzeros 203(-314) 

Solving MIP model with:
   51 rows
   51 cols (7 binary, 0 integer, 0 implied int., 44 continuous, 0 domain fixed)
   203 nonzeros
   Thread count 4 (of 24 threads). Using 1 max workers. Parallel search off
Feasibility Jump: starting solve. weightUpdateDecay=1, relaxContinuous=0  

Src: B => Branching; C => Central rounding; F => Feasibility pump; H => Heuristic;
     I => Shifting; J => Feasibility jump; L => Sub-MIP; P => Empty MIP; R => Randomized rounding;
     S => Solve LP; T => Evaluate node; U => Unbounded; X => User solution; Y => HiGHS solution;
     Z => ZI Round; l => Trivial lower; p => Trivial point; u => Trivial upper; z => Trivial zero

        Nodes      |    B&B Tree     |            Objective Bounds              |  Dynamic Constraints |       Work      
Src  Proc. InQueue |  Leaves   Expl. | BestBound       BestSol              Gap |   Cuts   InLp Confl. | LpIters     Time

 J       0       0         0   0.00%   inf             -250.5             Large        0      0      0         0     0.0s
 T       0       0         0   0.00%   1415.7          1410.57329         0.36%        0      0      0        17     0.0s
         1       0         1 100.00%   1410.57329      1410.57329         0.00%        0      0      0        17     0.0s

Solving report
  Status            Optimal
  Primal bound      1410.57329
  Dual bound        1410.57329
  Gap               0% (tolerance: 0.0001%)
  P-D integral      0.00335899814184
  Solution status   feasible
                    1410.57329 (objective)
                    0 (bound viol.)
                    0 (int. viol.)
                    0 (row viol.)
  Timing            0.01
                    0.00 (Presolve)
                    0.01 (Solve)
                    0.00 (Postsolve)
  Max sub-MIP depth 0
  Nodes             1
  Repair LPs        0
  LP iterations     17
                    0 (strong br.)
                    0 (separation)
                    0 (heuristics)
getKktFailures:: cost norm =    1e+03; bound norm =        3
getKktFailures:                      LP  (abs / rel)         Col (abs / rel)         Row (abs / rel)
getKktFailures: primal infeasibility 2.78e-17 / 6.94e-18            0 /        0     2.78e-17 / 6.94e-18

MIP sub-solver profiling: number of threads used = 1

Thread 0
Solver                    Calls    Time       Time/call      MIP%
MIP                           1  7.1330e-03  7.1330e-03
Du simplex (no basis)         1  2.7013e-04  2.7013e-04       3.8
TOTAL                            2.7013e-04                   3.8

Percent (sub-)MIP time by thread

MIP sub-solver            0
Du simplex (no basis)   3.8
===========================
Total                   3.8
===========================
GO3_PROGRESS {"elapsed_scheduling_seconds":12.745000123977661,"event":"economic_solve_returned","elapsed_worker_seconds":13.566999912261963,"stage":"scheduling_event","wall_seconds":0.3080000877380371,"remaining_work_seconds":90.31175017356873}
Rounded shunt steps:
GO3_PROGRESS {"elapsed_worker_seconds":15.532000064849854,"stage":"schedule_candidate_ready","remaining_work_seconds":88.34675002098083}
GO3_PROGRESS {"elapsed_worker_seconds":17.182999849319458,"interval":1,"stage":"ac_optimization","interval_count":3,"remaining_work_seconds":86.69575023651123}
GO3_CORRECTION_PHASE {"remaining_refinement_seconds":76.6157500743866,"event":"begin","hour_deadline":1.7899370068057501e9,"fair_share_seconds":25.538583358128864,"policy":"remaining_horizon_v1","protected_recovery_deadline":1.7899370068057501e9,"global_deadline_reset":false,"future_hours_reserved_seconds":40.0,"interval":1,"hour_allowance_seconds":36.6157500743866,"slp_seconds":10.98472502231598,"phase":"hour_allocation","remaining_intervals":3}
GO3_CORRECTION_PHASE {"event":"begin","remaining_hour_seconds":28.757750034332275,"phase":"continuous_shunt_correction","budget_seconds":10.98472502231598,"lp_solver":"ipx"}
GO3_CORRECTION_PHASE {"event":"end","phase":"continuous_shunt_correction","termination":"round_limit","accepted_steps":0,"wall_seconds":7.452999830245972,"residual":1.0}
GO3_CORRECTION_PHASE {"event":"begin","requested_seconds":11.56185007095337,"max_iterations":600,"fixed_shunts":false,"remaining_hour_seconds":21.269750118255615,"barrier_strategy":"monotone","phase":"continuous_shunt_fallback"}

******************************************************************************
This program contains Ipopt, a library for large-scale nonlinear optimization.
 Ipopt is released as open source code under the Eclipse Public License (EPL).
         For more information visit https://github.com/coin-or/Ipopt
******************************************************************************

GO3_CORRECTION_PHASE {"event":"end","selected_residual":9.97861793194943e-11,"phase":"continuous_shunt_fallback","termination":"INTERRUPTED","before_residual":1.0,"wall_seconds":4.976000070571899}
GO3_CORRECTION_PHASE {"event":"complete","continuous_candidate_is_final":false,"same_interval_dual_seed_available":true,"phase":"round_shunts","count":1,"continuous_candidate_residual":9.97861793194943e-11,"rounded_candidate_residual":0.003871320452529265}
GO3_CORRECTION_PHASE {"event":"begin","requested_seconds":11.48675012588501,"max_iterations":600,"fixed_shunts":true,"remaining_hour_seconds":13.411750078201294,"barrier_strategy":"monotone","phase":"rounded_shunt_fallback"}
GO3_CORRECTION_PHASE {"event":"end","selected_residual":2.624636619152909e-15,"phase":"rounded_shunt_fallback","termination":"INTERRUPTED","before_residual":0.003871320452529265,"wall_seconds":1.4909999370574951}
Rounded shunt steps:
GO3_AC_EXPORT_PROJECTION {"maximum_unfinished_bus_injection_change_pu":0.0,"within_guard":true,"official_tolerance_changed":false,"certificate_scope":"Export projection drift only; full independent and official verification still required","refined_intervals":1,"policy":"legacy_tolerance_v1","maximum_refined_device_change_pu":0.0,"maximum_refined_bus_injection_change_pu":0.0,"worst_refined_bus":null,"bookkeeping_tolerance":1.0e-8,"enforced":false,"projection_guard_pu":1.0e-9,"projection_events":0,"refined_projection_events":0,"source_bounds_changed":false}
GO3_PROGRESS {"elapsed_worker_seconds":43.145999908447266,"interval":2,"stage":"ac_optimization","interval_count":3,"remaining_work_seconds":60.73275017738342}
GO3_CORRECTION_PHASE {"remaining_refinement_seconds":50.614750146865845,"event":"begin","hour_deadline":1.7899370268057501e9,"fair_share_seconds":25.307375073432922,"policy":"remaining_horizon_v1","protected_recovery_deadline":1.7899370268057501e9,"global_deadline_reset":false,"future_hours_reserved_seconds":20.0,"interval":2,"hour_allowance_seconds":30.614750146865845,"slp_seconds":9.184425044059752,"phase":"hour_allocation","remaining_intervals":2}
GO3_CORRECTION_PHASE {"event":"begin","remaining_hour_seconds":30.19575023651123,"phase":"continuous_shunt_correction","budget_seconds":9.184425044059752,"lp_solver":"ipx"}
GO3_CORRECTION_PHASE {"event":"end","phase":"continuous_shunt_correction","termination":"round_limit","accepted_steps":0,"wall_seconds":0.020000219345092773,"residual":0.29999996938922147}
GO3_CORRECTION_PHASE {"event":"begin","requested_seconds":12.0,"max_iterations":600,"fixed_shunts":false,"remaining_hour_seconds":30.174750089645386,"barrier_strategy":"monotone","phase":"continuous_shunt_fallback"}
GO3_CORRECTION_PHASE {"event":"end","selected_residual":1.1597389715234385e-12,"phase":"continuous_shunt_fallback","termination":"INTERRUPTED","before_residual":0.29999996938922147,"wall_seconds":0.011999845504760742}
GO3_CORRECTION_PHASE {"event":"complete","continuous_candidate_is_final":false,"same_interval_dual_seed_available":true,"phase":"round_shunts","count":1,"continuous_candidate_residual":1.1597389715234385e-12,"rounded_candidate_residual":0.004157559511597363}
GO3_CORRECTION_PHASE {"event":"begin","requested_seconds":12.0,"max_iterations":600,"fixed_shunts":true,"remaining_hour_seconds":30.15975022315979,"barrier_strategy":"monotone","phase":"rounded_shunt_fallback"}
GO3_CORRECTION_PHASE {"event":"end","selected_residual":3.5828909283885935e-11,"phase":"rounded_shunt_fallback","termination":"INTERRUPTED","before_residual":0.004157559511597363,"wall_seconds":0.009999990463256836}
Rounded shunt steps:
GO3_AC_EXPORT_PROJECTION {"maximum_unfinished_bus_injection_change_pu":0.0,"within_guard":true,"official_tolerance_changed":false,"certificate_scope":"Export projection drift only; full independent and official verification still required","refined_intervals":2,"policy":"legacy_tolerance_v1","maximum_refined_device_change_pu":0.0,"maximum_refined_bus_injection_change_pu":0.0,"worst_refined_bus":null,"bookkeeping_tolerance":1.0e-8,"enforced":false,"projection_guard_pu":1.0e-9,"projection_events":0,"refined_projection_events":0,"source_bounds_changed":false}
GO3_PROGRESS {"elapsed_worker_seconds":43.73300004005432,"interval":3,"stage":"ac_optimization","interval_count":3,"remaining_work_seconds":60.14575004577637}
GO3_CORRECTION_PHASE {"remaining_refinement_seconds":50.14575004577637,"event":"begin","hour_deadline":1.78993704166e9,"fair_share_seconds":50.14575004577637,"policy":"remaining_horizon_v1","protected_recovery_deadline":1.78993704166e9,"global_deadline_reset":false,"future_hours_reserved_seconds":0.0,"interval":3,"hour_allowance_seconds":45.0,"slp_seconds":13.5,"phase":"hour_allocation","remaining_intervals":1}
GO3_CORRECTION_PHASE {"event":"begin","remaining_hour_seconds":44.99600005149841,"phase":"continuous_shunt_correction","budget_seconds":13.5,"lp_solver":"ipx"}
GO3_CORRECTION_PHASE {"event":"end","phase":"continuous_shunt_correction","termination":"original_model_residual_pass","accepted_steps":0,"wall_seconds":0.014999866485595703,"residual":3.583687860353457e-11}
GO3_CORRECTION_PHASE {"event":"complete","continuous_candidate_is_final":false,"same_interval_dual_seed_available":false,"phase":"round_shunts","count":1,"continuous_candidate_residual":3.583687860353457e-11,"rounded_candidate_residual":3.583687860353457e-11}
GO3_CORRECTION_PHASE {"event":"begin","remaining_hour_seconds":44.980000019073486,"phase":"rounded_shunt_correction","budget_seconds":13.5,"lp_solver":"ipx"}
GO3_CORRECTION_PHASE {"event":"end","phase":"rounded_shunt_correction","termination":"original_model_residual_pass","accepted_steps":0,"wall_seconds":0.01399993896484375,"residual":3.583687860353457e-11}
Rounded shunt steps:
GO3_AC_EXPORT_PROJECTION {"maximum_unfinished_bus_injection_change_pu":0.0,"within_guard":true,"official_tolerance_changed":false,"certificate_scope":"Export projection drift only; full independent and official verification still required","refined_intervals":3,"policy":"legacy_tolerance_v1","maximum_refined_device_change_pu":0.0,"maximum_refined_bus_injection_change_pu":0.0,"worst_refined_bus":null,"bookkeeping_tolerance":1.0e-8,"enforced":false,"projection_guard_pu":1.0e-9,"projection_events":0,"refined_projection_events":0,"source_bounds_changed":false}
Rounded shunt steps:
GO3_AC_EXPORT_PROJECTION {"maximum_unfinished_bus_injection_change_pu":0.0,"within_guard":true,"official_tolerance_changed":false,"certificate_scope":"Export projection drift only; full independent and official verification still required","refined_intervals":3,"policy":"legacy_tolerance_v1","maximum_refined_device_change_pu":0.0,"maximum_refined_bus_injection_change_pu":0.0,"worst_refined_bus":null,"bookkeeping_tolerance":1.0e-8,"enforced":false,"projection_guard_pu":1.0e-9,"projection_events":0,"refined_projection_events":0,"source_bounds_changed":false}
GO3_PROGRESS {"elapsed_worker_seconds":43.7960000038147,"stage":"reserves","remaining_work_seconds":60.08275008201599}
BEGINNING PARALLEL RESERVE CALCULATIONS
DONE WITH PARALLEL RESERVE CALCULATIONS
GO3_PROGRESS {"intervals_required":3,"elapsed_worker_seconds":49.282999992370605,"all_intervals_refined":true,"intervals_finished":3,"stage":"complete","remaining_work_seconds":54.59575009346008}
