GO3_PROGRESS {"epoch_seconds":1.789966611456e9,"event":"source_reserve_partition_begin","pid":18856,"solve_calls":0,"elapsed_seconds":0.0}
GO3_PROGRESS {"epoch_seconds":1.789966626821e9,"event":"reserve_partition_columns","pid":18856,"master_columns":8043122,"solve_calls":0,"recourse_columns":7210012,"periods":[1,2,3,4,5,6,7,8,9,10,11,12,13,14,15,16,17,18,19,20,21,22,23,24,25,26,27,28,29,30,31,32,33,34,35,36,37,38,39,40,41,42,43,44,45,46,47,48],"elapsed_seconds":15.365000009536743}
GO3_PROGRESS {"epoch_seconds":1.789966629127e9,"event":"reserve_partition_rows","pid":18856,"solve_calls":0,"rows_required":17635208,"rows_processed":1048576,"elapsed_seconds":17.671000003814697}
GO3_PROGRESS {"epoch_seconds":1.789966634082e9,"event":"reserve_partition_rows","pid":18856,"solve_calls":0,"rows_required":17635208,"rows_processed":2097152,"elapsed_seconds":22.625999927520752}
GO3_PROGRESS {"epoch_seconds":1.789966635342e9,"event":"reserve_partition_rows","pid":18856,"solve_calls":0,"rows_required":17635208,"rows_processed":3145728,"elapsed_seconds":23.88599991798401}
GO3_PROGRESS {"epoch_seconds":1.789966637301e9,"event":"reserve_partition_rows","pid":18856,"solve_calls":0,"rows_required":17635208,"rows_processed":4194304,"elapsed_seconds":25.84500002861023}
GO3_PROGRESS {"epoch_seconds":1.789966639554e9,"event":"reserve_partition_rows","pid":18856,"solve_calls":0,"rows_required":17635208,"rows_processed":5242880,"elapsed_seconds":28.097999811172485}
GO3_PROGRESS {"epoch_seconds":1.789966641965e9,"event":"reserve_partition_rows","pid":18856,"solve_calls":0,"rows_required":17635208,"rows_processed":6291456,"elapsed_seconds":30.508999824523926}
GO3_PROGRESS {"epoch_seconds":1.789966644611e9,"event":"reserve_partition_rows","pid":18856,"solve_calls":0,"rows_required":17635208,"rows_processed":7340032,"elapsed_seconds":33.15499997138977}
GO3_PROGRESS {"epoch_seconds":1.789966646273e9,"event":"reserve_partition_rows","pid":18856,"solve_calls":0,"rows_required":17635208,"rows_processed":8388608,"elapsed_seconds":34.81699991226196}
GO3_PROGRESS {"epoch_seconds":1.789966647686e9,"event":"reserve_partition_rows","pid":18856,"solve_calls":0,"rows_required":17635208,"rows_processed":9437184,"elapsed_seconds":36.230000019073486}
GO3_PROGRESS {"epoch_seconds":1.789966649366e9,"event":"reserve_partition_rows","pid":18856,"solve_calls":0,"rows_required":17635208,"rows_processed":10485760,"elapsed_seconds":37.90999984741211}
GO3_PROGRESS {"epoch_seconds":1.789966650611e9,"event":"reserve_partition_rows","pid":18856,"solve_calls":0,"rows_required":17635208,"rows_processed":11534336,"elapsed_seconds":39.15499997138977}
GO3_PROGRESS {"epoch_seconds":1.789966652737e9,"event":"reserve_partition_rows","pid":18856,"solve_calls":0,"rows_required":17635208,"rows_processed":12582912,"elapsed_seconds":41.28099989891052}
GO3_PROGRESS {"epoch_seconds":1.789966654217e9,"event":"reserve_partition_rows","pid":18856,"solve_calls":0,"rows_required":17635208,"rows_processed":13631488,"elapsed_seconds":42.76099991798401}
GO3_PROGRESS {"epoch_seconds":1.78996665572e9,"event":"reserve_partition_rows","pid":18856,"solve_calls":0,"rows_required":17635208,"rows_processed":14680064,"elapsed_seconds":44.263999938964844}
GO3_PROGRESS {"epoch_seconds":1.789966657619e9,"event":"reserve_partition_rows","pid":18856,"solve_calls":0,"rows_required":17635208,"rows_processed":15728640,"elapsed_seconds":46.162999868392944}
GO3_PROGRESS {"epoch_seconds":1.789966660068e9,"event":"reserve_partition_rows","pid":18856,"solve_calls":0,"rows_required":17635208,"rows_processed":16777216,"elapsed_seconds":48.61199998855591}
GO3_PROGRESS {"epoch_seconds":1.78996666825e9,"event":"source_reserve_partition_verify_begin","pid":18856,"solve_calls":0,"master_source_columns":8043122,"elapsed_seconds":56.793999910354614}
GO3_PROGRESS {"epoch_seconds":1.789966669391e9,"event":"reserve_partition_part_verified","pid":18856,"period":32,"rows_checked":210451,"solve_calls":0,"columns_checked":150178,"elapsed_seconds":57.93499994277954}
GO3_PROGRESS {"epoch_seconds":1.789966670331e9,"event":"reserve_partition_part_verified","pid":18856,"period":29,"rows_checked":210399,"solve_calls":0,"columns_checked":150126,"elapsed_seconds":58.875}
GO3_PROGRESS {"epoch_seconds":1.789966671029e9,"event":"reserve_partition_part_verified","pid":18856,"period":1,"rows_checked":210447,"solve_calls":0,"columns_checked":150174,"elapsed_seconds":59.57299995422363}
GO3_PROGRESS {"epoch_seconds":1.789966671729e9,"event":"reserve_partition_part_verified","pid":18856,"period":2,"rows_checked":210423,"solve_calls":0,"columns_checked":150150,"elapsed_seconds":60.27300000190735}
GO3_PROGRESS {"epoch_seconds":1.789966672432e9,"event":"reserve_partition_part_verified","pid":18856,"period":41,"rows_checked":210547,"solve_calls":0,"columns_checked":150274,"elapsed_seconds":60.97599983215332}
GO3_PROGRESS {"epoch_seconds":1.789966673125e9,"event":"reserve_partition_part_verified","pid":18856,"period":27,"rows_checked":210411,"solve_calls":0,"columns_checked":150138,"elapsed_seconds":61.668999910354614}
GO3_PROGRESS {"epoch_seconds":1.789966673829e9,"event":"reserve_partition_part_verified","pid":18856,"period":42,"rows_checked":210547,"solve_calls":0,"columns_checked":150274,"elapsed_seconds":62.37299990653992}
GO3_PROGRESS {"epoch_seconds":1.78996667453e9,"event":"reserve_partition_part_verified","pid":18856,"period":33,"rows_checked":210463,"solve_calls":0,"columns_checked":150190,"elapsed_seconds":63.073999881744385}
GO3_PROGRESS {"epoch_seconds":1.789966675244e9,"event":"reserve_partition_part_verified","pid":18856,"period":28,"rows_checked":210401,"solve_calls":0,"columns_checked":150128,"elapsed_seconds":63.787999868392944}
GO3_PROGRESS {"epoch_seconds":1.789966675948e9,"event":"reserve_partition_part_verified","pid":18856,"period":26,"rows_checked":210435,"solve_calls":0,"columns_checked":150162,"elapsed_seconds":64.49199986457825}
GO3_PROGRESS {"epoch_seconds":1.78996667666e9,"event":"reserve_partition_part_verified","pid":18856,"period":10,"rows_checked":210471,"solve_calls":0,"columns_checked":150198,"elapsed_seconds":65.2039999961853}
GO3_PROGRESS {"epoch_seconds":1.789966677363e9,"event":"reserve_partition_part_verified","pid":18856,"period":24,"rows_checked":210471,"solve_calls":0,"columns_checked":150198,"elapsed_seconds":65.90699982643127}
GO3_PROGRESS {"epoch_seconds":1.789966678067e9,"event":"reserve_partition_part_verified","pid":18856,"period":25,"rows_checked":210451,"solve_calls":0,"columns_checked":150178,"elapsed_seconds":66.61099982261658}
GO3_PROGRESS {"epoch_seconds":1.789966678774e9,"event":"reserve_partition_part_verified","pid":18856,"period":23,"rows_checked":210503,"solve_calls":0,"columns_checked":150230,"elapsed_seconds":67.31799983978271}
GO3_PROGRESS {"epoch_seconds":1.78996667949e9,"event":"reserve_partition_part_verified","pid":18856,"period":5,"rows_checked":210383,"solve_calls":0,"columns_checked":150110,"elapsed_seconds":68.03399991989136}
GO3_PROGRESS {"epoch_seconds":1.789966680196e9,"event":"reserve_partition_part_verified","pid":18856,"period":31,"rows_checked":210429,"solve_calls":0,"columns_checked":150156,"elapsed_seconds":68.74000000953674}
GO3_PROGRESS {"epoch_seconds":1.789966680898e9,"event":"reserve_partition_part_verified","pid":18856,"period":43,"rows_checked":210543,"solve_calls":0,"columns_checked":150270,"elapsed_seconds":69.44199991226196}
GO3_PROGRESS {"epoch_seconds":1.789966681599e9,"event":"reserve_partition_part_verified","pid":18856,"period":39,"rows_checked":210537,"solve_calls":0,"columns_checked":150264,"elapsed_seconds":70.14299988746643}
GO3_PROGRESS {"epoch_seconds":1.789966682311e9,"event":"reserve_partition_part_verified","pid":18856,"period":44,"rows_checked":210541,"solve_calls":0,"columns_checked":150268,"elapsed_seconds":70.85500001907349}
GO3_PROGRESS {"epoch_seconds":1.789966683008e9,"event":"reserve_partition_part_verified","pid":18856,"period":34,"rows_checked":210481,"solve_calls":0,"columns_checked":150208,"elapsed_seconds":71.55199980735779}
GO3_PROGRESS {"epoch_seconds":1.789966683692e9,"event":"reserve_partition_part_verified","pid":18856,"period":17,"rows_checked":210545,"solve_calls":0,"columns_checked":150272,"elapsed_seconds":72.23599982261658}
GO3_PROGRESS {"epoch_seconds":1.789966684371e9,"event":"reserve_partition_part_verified","pid":18856,"period":37,"rows_checked":210515,"solve_calls":0,"columns_checked":150242,"elapsed_seconds":72.91499996185303}
GO3_PROGRESS {"epoch_seconds":1.789966685067e9,"event":"reserve_partition_part_verified","pid":18856,"period":47,"rows_checked":210493,"solve_calls":0,"columns_checked":150220,"elapsed_seconds":73.61099982261658}
GO3_PROGRESS {"epoch_seconds":1.789966685773e9,"event":"reserve_partition_part_verified","pid":18856,"period":9,"rows_checked":210455,"solve_calls":0,"columns_checked":150182,"elapsed_seconds":74.31699991226196}
GO3_PROGRESS {"epoch_seconds":1.789966686473e9,"event":"reserve_partition_part_verified","pid":18856,"period":12,"rows_checked":210499,"solve_calls":0,"columns_checked":150226,"elapsed_seconds":75.01699995994568}
GO3_PROGRESS {"epoch_seconds":1.789966687182e9,"event":"reserve_partition_part_verified","pid":18856,"period":20,"rows_checked":210531,"solve_calls":0,"columns_checked":150258,"elapsed_seconds":75.72599983215332}
GO3_PROGRESS {"epoch_seconds":1.78996668789e9,"event":"reserve_partition_part_verified","pid":18856,"period":6,"rows_checked":210407,"solve_calls":0,"columns_checked":150134,"elapsed_seconds":76.43400001525879}
GO3_PROGRESS {"epoch_seconds":1.789966688588e9,"event":"reserve_partition_part_verified","pid":18856,"period":14,"rows_checked":210505,"solve_calls":0,"columns_checked":150232,"elapsed_seconds":77.13199996948242}
GO3_PROGRESS {"epoch_seconds":1.78996668929e9,"event":"reserve_partition_part_verified","pid":18856,"period":7,"rows_checked":210437,"solve_calls":0,"columns_checked":150164,"elapsed_seconds":77.83399987220764}
GO3_PROGRESS {"epoch_seconds":1.789966689989e9,"event":"reserve_partition_part_verified","pid":18856,"period":8,"rows_checked":210441,"solve_calls":0,"columns_checked":150168,"elapsed_seconds":78.5329999923706}
GO3_PROGRESS {"epoch_seconds":1.789966690692e9,"event":"reserve_partition_part_verified","pid":18856,"period":19,"rows_checked":210533,"solve_calls":0,"columns_checked":150260,"elapsed_seconds":79.23599982261658}
GO3_PROGRESS {"epoch_seconds":1.789966719289e9,"event":"reserve_partition_part_verified","pid":18856,"period":0,"rows_checked":10931162,"solve_calls":0,"columns_checked":8043122,"elapsed_seconds":107.83299994468689}
GO3_PROGRESS {"epoch_seconds":1.78996671999e9,"event":"reserve_partition_part_verified","pid":18856,"period":4,"rows_checked":210401,"solve_calls":0,"columns_checked":150128,"elapsed_seconds":108.53399991989136}
GO3_PROGRESS {"epoch_seconds":1.789966720686e9,"event":"reserve_partition_part_verified","pid":18856,"period":22,"rows_checked":210509,"solve_calls":0,"columns_checked":150236,"elapsed_seconds":109.23000001907349}
GO3_PROGRESS {"epoch_seconds":1.789966721385e9,"event":"reserve_partition_part_verified","pid":18856,"period":11,"rows_checked":210489,"solve_calls":0,"columns_checked":150216,"elapsed_seconds":109.92899990081787}
GO3_PROGRESS {"epoch_seconds":1.789966722084e9,"event":"reserve_partition_part_verified","pid":18856,"period":35,"rows_checked":210497,"solve_calls":0,"columns_checked":150224,"elapsed_seconds":110.62800002098083}
GO3_PROGRESS {"epoch_seconds":1.789966722785e9,"event":"reserve_partition_part_verified","pid":18856,"period":13,"rows_checked":210517,"solve_calls":0,"columns_checked":150244,"elapsed_seconds":111.3289999961853}
GO3_PROGRESS {"epoch_seconds":1.789966723466e9,"event":"reserve_partition_part_verified","pid":18856,"period":15,"rows_checked":210517,"solve_calls":0,"columns_checked":150244,"elapsed_seconds":112.00999999046326}
GO3_PROGRESS {"epoch_seconds":1.789966724167e9,"event":"reserve_partition_part_verified","pid":18856,"period":16,"rows_checked":210529,"solve_calls":0,"columns_checked":150256,"elapsed_seconds":112.71099996566772}
GO3_PROGRESS {"epoch_seconds":1.789966724866e9,"event":"reserve_partition_part_verified","pid":18856,"period":40,"rows_checked":210545,"solve_calls":0,"columns_checked":150272,"elapsed_seconds":113.40999984741211}
GO3_PROGRESS {"epoch_seconds":1.789966725579e9,"event":"reserve_partition_part_verified","pid":18856,"period":46,"rows_checked":210503,"solve_calls":0,"columns_checked":150230,"elapsed_seconds":114.12299990653992}
GO3_PROGRESS {"epoch_seconds":1.789966726259e9,"event":"reserve_partition_part_verified","pid":18856,"period":21,"rows_checked":210513,"solve_calls":0,"columns_checked":150240,"elapsed_seconds":114.80299997329712}
GO3_PROGRESS {"epoch_seconds":1.789966726958e9,"event":"reserve_partition_part_verified","pid":18856,"period":38,"rows_checked":210517,"solve_calls":0,"columns_checked":150244,"elapsed_seconds":115.5019998550415}
GO3_PROGRESS {"epoch_seconds":1.789966727656e9,"event":"reserve_partition_part_verified","pid":18856,"period":45,"rows_checked":210525,"solve_calls":0,"columns_checked":150252,"elapsed_seconds":116.19999980926514}
GO3_PROGRESS {"epoch_seconds":1.78996672837e9,"event":"reserve_partition_part_verified","pid":18856,"period":36,"rows_checked":210509,"solve_calls":0,"columns_checked":150236,"elapsed_seconds":116.9139997959137}
GO3_PROGRESS {"epoch_seconds":1.789966729073e9,"event":"reserve_partition_part_verified","pid":18856,"period":48,"rows_checked":210487,"solve_calls":0,"columns_checked":150214,"elapsed_seconds":117.61699986457825}
GO3_PROGRESS {"epoch_seconds":1.789966729774e9,"event":"reserve_partition_part_verified","pid":18856,"period":18,"rows_checked":210543,"solve_calls":0,"columns_checked":150270,"elapsed_seconds":118.31799983978271}
GO3_PROGRESS {"epoch_seconds":1.789966730473e9,"event":"reserve_partition_part_verified","pid":18856,"period":30,"rows_checked":210407,"solve_calls":0,"columns_checked":150134,"elapsed_seconds":119.01699995994568}
GO3_PROGRESS {"epoch_seconds":1.789966731187e9,"event":"reserve_partition_part_verified","pid":18856,"period":3,"rows_checked":210413,"solve_calls":0,"columns_checked":150140,"elapsed_seconds":119.73099994659424}
GO3_PROGRESS {"epoch_seconds":1.789966731374e9,"event":"source_reserve_partition_verified","pid":18856,"master_projection_rows_proved":3399070,"scope":"Exact source scheduling partition; no solved or verified GO3 candidate","source_columns_checked":15253134,"source_coefficients_and_bounds_unchanged":true,"source_rows_checked":17635208,"periods":[1,2,3,4,5,6,7,8,9,10,11,12,13,14,15,16,17,18,19,20,21,22,23,24,25,26,27,28,29,30,31,32,33,34,35,36,37,38,39,40,41,42,43,44,45,46,47,48],"box_redundant_master_projections_proved":6394830,"partition_manifest_sha256":"45c42e80dbf5dfdd82a2d646b67780b35d12afe8436bb839bba6d1cbf3f0da82","solve_calls":0,"complete":true,"pass":true,"source_rows_covered_exactly_once":true,"elapsed_seconds":119.91799998283386}
