Running HiGHS 1.15.1 (git hash: 04024d7): Copyright (c) 2026 under MIT licence terms
Includes third-party software components, see THIRD_PARTY_NOTICES.md for full details
  LP      : 
Rows      : 70
Cols      : 46
Nonzeros  : 143
Coefficient ranges:
  Matrix  [2e-01, 3e+00]
  Cost    [3e-02, 1e+03]
  Bound   [1e+00, 3e+00]
  RHS     [5e-01, 2e+00]
Presolving model
Presolve rules not allowed:
   Rule 13 (set bit 13 =  8192): Parallel rows and columns
13 rows, 12 cols, 23 nonzeros 0s
Dependent equations search running on 3 equations with time limit of 1.00s
Dependent equations search removed 0 rows and 0 nonzeros in 0.00s (limit = 1.00s)

6 rows, 9 cols, 15 nonzeros 0s
Presolve reductions: rows 6(-64); columns 9(-37); nonzeros 15(-128) 
Solving the presolved LP
Scaling: Matrix has [min, max] values of [1, 1] within [0.2, 5] so no scaling performed
Using dual simplex solver
LP  has all |entries|=1; max column count = 4 (limit 24); average column count = 1.7 (limit 6): LP is a candidate for LiDSE
Cost perturbation for 
   Initially have 9 nonzero costs (100%) with min / average / max = 2.5 / 390.833 / 1000
   Large so set max_abs_cost = sqrt(sqrt(max_abs_cost)) = 5.62341
   Perturbation column base = 2.81171e-06
   Perturbation row    base = 1e-12
       Iteration        Objective     Infeasibilities num(sum)
DuPh2          0    -1.7461499820e+03 Pr: 3(2.4) No reason
DuPh2          3    -1.7321499098e+03 Pr: 0(0) Possibly optimal
DuPh2          3    -1.7321500000e+03 Pr: 0(0) Perturbation cleanup
Simplex iterations: DuPh2 3; Total 3
dual simplex solver returns 0 primal and 0 dual infeasibilities: Status Optimal
getKktFailures:: cost norm =       10; bound norm =        1
getKktFailures:                      LP  (abs / rel)         Col (abs / rel)         Row (abs / rel)
getKktFailures: primal infeasibility        0 /        0            0 /        0            0 /        0
getKktFailures:   dual infeasibility        0 /        0            0 /        0            0 /        0
getKktFailures: objective gap               0
Solution optimality conditions: Before postsolve
num/max      0 /        0 (relative      0 /        0) primal infeasibilities     (tolerance = 1e-09)
num/max      0 /        0 (relative      0 /        0)   dual infeasibilities     (tolerance = 1e-09)
                                         0 /        0  P-D objective error        (tolerance = 1e-07)

Performed postsolve
Solving the original LP from the solution after postsolve
Scaling: Matrix has [min, max] values of [0.2, 3] within [0.2, 5] so no scaling performed
getKktFailures:: cost norm =       10; bound norm =        1
getKktFailures:                      LP  (abs / rel)         Col (abs / rel)         Row (abs / rel)
getKktFailures: primal infeasibility        0 /        0            0 /        0            0 /        0
getKktFailures:   dual infeasibility        0 /        0            0 /        0            0 /        0
getKktFailures: objective gap               0
Solution optimality conditions
num/max      0 /        0 (relative      0 /        0) primal infeasibilities     (tolerance = 1e-09)
num/max      0 /        0 (relative      0 /        0)   dual infeasibilities     (tolerance = 1e-09)
                                         0 /        0  P-D objective error        (tolerance = 1e-07)

Postsolve  : 0
Time           :     0.00
Time Pre       :     0.00
Time PreLP     :     0.00
Time OriginalLP:     0.00
For LP                     : Presolve     0.00 ( 64%)    : Solve presolved LP     0.00 ( 16%)    : Postsolve     0.00 (  0%)    : Solve original LP     0.00 (  2%)
Strange: Solve time = 0.00166917; Sum times = 0.00141668: relative difference = 0.151264
Model status        : Optimal
Simplex   iterations: 3
Objective value     :  1.7321500000e+03
P-D objective error :  0.0000000000e+00
HiGHS run time      :          0.00

MIP sub-solver profiling: number of threads used = 1
