Running HiGHS 1.15.1 (git hash: 04024d7): Copyright (c) 2026 under MIT licence terms
Includes third-party software components, see THIRD_PARTY_NOTICES.md for full details
LP has 210537 rows; 150264 cols; 553247 nonzeros
Coefficient ranges:
  Matrix  [1e+00, 2e+01]
  Cost    [1e+02, 5e+05]
  Bound   [1e-05, 6e+03]
  RHS     [1e-20, 6e+03]
WARNING: Problem has some excessively small column bounds
WARNING: Problem has some excessively small row bounds
Presolving model
39739 rows, 67073 cols, 207044 nonzeros 0s
36490 rows, 67073 cols, 197297 nonzeros 0s
Presolve reductions: rows 36490(-174047); columns 67073(-83191); nonzeros 197297(-355950) 
Solving the presolved LP
Using dual simplex solver
  Iteration        Objective     Infeasibilities num(sum)
          0     1.8359430047e+03 Pr: 96(7782.3) 0.2s
      20713     4.4865975332e+08 Pr: 0(0) 0.6s

Performed postsolve
Solving the original LP from the solution after postsolve

Model status        : Optimal
Simplex   iterations: 20713
Objective value     :  4.4865975332e+08
P-D objective error :  3.7198122620e-15
HiGHS run time      :          0.77
