Running HiGHS 1.15.1 (git hash: 04024d7): Copyright (c) 2026 under MIT licence terms
Includes third-party software components, see THIRD_PARTY_NOTICES.md for full details
LP has 210407 rows; 150134 cols; 552987 nonzeros
Coefficient ranges:
  Matrix  [1e+00, 2e+01]
  Cost    [1e+02, 5e+05]
  Bound   [1e-05, 6e+03]
  RHS     [3e-20, 6e+03]
WARNING: Problem has some excessively small column bounds
WARNING: Problem has some excessively small row bounds
Presolving model
40394 rows, 69007 cols, 215302 nonzeros 0s
37683 rows, 69007 cols, 207169 nonzeros 0s
Presolve reductions: rows 37683(-172724); columns 69007(-81127); nonzeros 207169(-345818) 
Solving the presolved LP
Using dual simplex solver
  Iteration        Objective     Infeasibilities num(sum)
          0     1.3385580024e+03 Pr: 96(7755.93) 0.2s
      21157     4.3783509198e+08 Pr: 0(0) 0.6s

Performed postsolve
Solving the original LP from the solution after postsolve

Model status        : Optimal
Simplex   iterations: 21157
Objective value     :  4.3783509198e+08
P-D objective error :  3.0630356736e-15
HiGHS run time      :          0.79
