GO3_PROGRESS {"epoch_seconds":1.789979677669e9,"event":"source_reserve_partition_begin","pid":13136,"solve_calls":0,"elapsed_seconds":0.0}
GO3_PROGRESS {"epoch_seconds":1.789979692891e9,"event":"reserve_partition_columns","pid":13136,"master_columns":8043122,"solve_calls":0,"recourse_columns":7210012,"periods":[1,2,3,4,5,6,7,8,9,10,11,12,13,14,15,16,17,18,19,20,21,22,23,24,25,26,27,28,29,30,31,32,33,34,35,36,37,38,39,40,41,42,43,44,45,46,47,48],"elapsed_seconds":15.222000122070312}
GO3_PROGRESS {"epoch_seconds":1.789979695194e9,"event":"reserve_partition_rows","pid":13136,"solve_calls":0,"rows_required":17635208,"rows_processed":1048576,"elapsed_seconds":17.52500009536743}
GO3_PROGRESS {"epoch_seconds":1.789979700189e9,"event":"reserve_partition_rows","pid":13136,"solve_calls":0,"rows_required":17635208,"rows_processed":2097152,"elapsed_seconds":22.519999980926514}
GO3_PROGRESS {"epoch_seconds":1.789979701458e9,"event":"reserve_partition_rows","pid":13136,"solve_calls":0,"rows_required":17635208,"rows_processed":3145728,"elapsed_seconds":23.789000034332275}
GO3_PROGRESS {"epoch_seconds":1.789979703419e9,"event":"reserve_partition_rows","pid":13136,"solve_calls":0,"rows_required":17635208,"rows_processed":4194304,"elapsed_seconds":25.75}
GO3_PROGRESS {"epoch_seconds":1.789979705647e9,"event":"reserve_partition_rows","pid":13136,"solve_calls":0,"rows_required":17635208,"rows_processed":5242880,"elapsed_seconds":27.978000164031982}
GO3_PROGRESS {"epoch_seconds":1.789979708047e9,"event":"reserve_partition_rows","pid":13136,"solve_calls":0,"rows_required":17635208,"rows_processed":6291456,"elapsed_seconds":30.378000020980835}
GO3_PROGRESS {"epoch_seconds":1.789979710697e9,"event":"reserve_partition_rows","pid":13136,"solve_calls":0,"rows_required":17635208,"rows_processed":7340032,"elapsed_seconds":33.02800011634827}
GO3_PROGRESS {"epoch_seconds":1.789979712348e9,"event":"reserve_partition_rows","pid":13136,"solve_calls":0,"rows_required":17635208,"rows_processed":8388608,"elapsed_seconds":34.67900013923645}
GO3_PROGRESS {"epoch_seconds":1.789979713758e9,"event":"reserve_partition_rows","pid":13136,"solve_calls":0,"rows_required":17635208,"rows_processed":9437184,"elapsed_seconds":36.08899998664856}
GO3_PROGRESS {"epoch_seconds":1.789979715443e9,"event":"reserve_partition_rows","pid":13136,"solve_calls":0,"rows_required":17635208,"rows_processed":10485760,"elapsed_seconds":37.77400016784668}
GO3_PROGRESS {"epoch_seconds":1.78997971669e9,"event":"reserve_partition_rows","pid":13136,"solve_calls":0,"rows_required":17635208,"rows_processed":11534336,"elapsed_seconds":39.021000146865845}
GO3_PROGRESS {"epoch_seconds":1.78997971881e9,"event":"reserve_partition_rows","pid":13136,"solve_calls":0,"rows_required":17635208,"rows_processed":12582912,"elapsed_seconds":41.14100003242493}
GO3_PROGRESS {"epoch_seconds":1.789979720269e9,"event":"reserve_partition_rows","pid":13136,"solve_calls":0,"rows_required":17635208,"rows_processed":13631488,"elapsed_seconds":42.60000014305115}
GO3_PROGRESS {"epoch_seconds":1.789979721808e9,"event":"reserve_partition_rows","pid":13136,"solve_calls":0,"rows_required":17635208,"rows_processed":14680064,"elapsed_seconds":44.13900017738342}
GO3_PROGRESS {"epoch_seconds":1.789979723728e9,"event":"reserve_partition_rows","pid":13136,"solve_calls":0,"rows_required":17635208,"rows_processed":15728640,"elapsed_seconds":46.05900001525879}
GO3_PROGRESS {"epoch_seconds":1.789979726191e9,"event":"reserve_partition_rows","pid":13136,"solve_calls":0,"rows_required":17635208,"rows_processed":16777216,"elapsed_seconds":48.5220000743866}
GO3_PROGRESS {"epoch_seconds":1.789979734331e9,"event":"source_reserve_partition_verify_begin","pid":13136,"solve_calls":0,"master_source_columns":8043122,"elapsed_seconds":56.66200017929077}
GO3_PROGRESS {"epoch_seconds":1.789979735491e9,"event":"reserve_partition_part_verified","pid":13136,"period":32,"rows_checked":210451,"solve_calls":0,"columns_checked":150178,"elapsed_seconds":57.82200002670288}
GO3_PROGRESS {"epoch_seconds":1.789979736434e9,"event":"reserve_partition_part_verified","pid":13136,"period":29,"rows_checked":210399,"solve_calls":0,"columns_checked":150126,"elapsed_seconds":58.765000104904175}
GO3_PROGRESS {"epoch_seconds":1.789979737136e9,"event":"reserve_partition_part_verified","pid":13136,"period":1,"rows_checked":210447,"solve_calls":0,"columns_checked":150174,"elapsed_seconds":59.467000007629395}
GO3_PROGRESS {"epoch_seconds":1.789979737846e9,"event":"reserve_partition_part_verified","pid":13136,"period":2,"rows_checked":210423,"solve_calls":0,"columns_checked":150150,"elapsed_seconds":60.17700004577637}
GO3_PROGRESS {"epoch_seconds":1.789979738552e9,"event":"reserve_partition_part_verified","pid":13136,"period":41,"rows_checked":210547,"solve_calls":0,"columns_checked":150274,"elapsed_seconds":60.88300013542175}
GO3_PROGRESS {"epoch_seconds":1.789979739246e9,"event":"reserve_partition_part_verified","pid":13136,"period":27,"rows_checked":210411,"solve_calls":0,"columns_checked":150138,"elapsed_seconds":61.5770001411438}
GO3_PROGRESS {"epoch_seconds":1.789979739945e9,"event":"reserve_partition_part_verified","pid":13136,"period":42,"rows_checked":210547,"solve_calls":0,"columns_checked":150274,"elapsed_seconds":62.276000022888184}
GO3_PROGRESS {"epoch_seconds":1.789979740651e9,"event":"reserve_partition_part_verified","pid":13136,"period":33,"rows_checked":210463,"solve_calls":0,"columns_checked":150190,"elapsed_seconds":62.98200011253357}
GO3_PROGRESS {"epoch_seconds":1.789979741353e9,"event":"reserve_partition_part_verified","pid":13136,"period":28,"rows_checked":210401,"solve_calls":0,"columns_checked":150128,"elapsed_seconds":63.68400001525879}
GO3_PROGRESS {"epoch_seconds":1.789979742059e9,"event":"reserve_partition_part_verified","pid":13136,"period":26,"rows_checked":210435,"solve_calls":0,"columns_checked":150162,"elapsed_seconds":64.39000010490417}
GO3_PROGRESS {"epoch_seconds":1.789979742765e9,"event":"reserve_partition_part_verified","pid":13136,"period":10,"rows_checked":210471,"solve_calls":0,"columns_checked":150198,"elapsed_seconds":65.09600019454956}
GO3_PROGRESS {"epoch_seconds":1.789979743482e9,"event":"reserve_partition_part_verified","pid":13136,"period":24,"rows_checked":210471,"solve_calls":0,"columns_checked":150198,"elapsed_seconds":65.81300020217896}
GO3_PROGRESS {"epoch_seconds":1.789979744182e9,"event":"reserve_partition_part_verified","pid":13136,"period":25,"rows_checked":210451,"solve_calls":0,"columns_checked":150178,"elapsed_seconds":66.51300001144409}
GO3_PROGRESS {"epoch_seconds":1.789979744886e9,"event":"reserve_partition_part_verified","pid":13136,"period":23,"rows_checked":210503,"solve_calls":0,"columns_checked":150230,"elapsed_seconds":67.2170000076294}
GO3_PROGRESS {"epoch_seconds":1.789979745587e9,"event":"reserve_partition_part_verified","pid":13136,"period":5,"rows_checked":210383,"solve_calls":0,"columns_checked":150110,"elapsed_seconds":67.91799998283386}
GO3_PROGRESS {"epoch_seconds":1.789979746307e9,"event":"reserve_partition_part_verified","pid":13136,"period":31,"rows_checked":210429,"solve_calls":0,"columns_checked":150156,"elapsed_seconds":68.63800001144409}
GO3_PROGRESS {"epoch_seconds":1.789979747013e9,"event":"reserve_partition_part_verified","pid":13136,"period":43,"rows_checked":210543,"solve_calls":0,"columns_checked":150270,"elapsed_seconds":69.34400010108948}
GO3_PROGRESS {"epoch_seconds":1.789979747709e9,"event":"reserve_partition_part_verified","pid":13136,"period":39,"rows_checked":210537,"solve_calls":0,"columns_checked":150264,"elapsed_seconds":70.0400002002716}
GO3_PROGRESS {"epoch_seconds":1.789979748414e9,"event":"reserve_partition_part_verified","pid":13136,"period":44,"rows_checked":210541,"solve_calls":0,"columns_checked":150268,"elapsed_seconds":70.74500012397766}
GO3_PROGRESS {"epoch_seconds":1.789979749124e9,"event":"reserve_partition_part_verified","pid":13136,"period":34,"rows_checked":210481,"solve_calls":0,"columns_checked":150208,"elapsed_seconds":71.45500016212463}
GO3_PROGRESS {"epoch_seconds":1.789979749832e9,"event":"reserve_partition_part_verified","pid":13136,"period":17,"rows_checked":210545,"solve_calls":0,"columns_checked":150272,"elapsed_seconds":72.16300010681152}
GO3_PROGRESS {"epoch_seconds":1.789979750536e9,"event":"reserve_partition_part_verified","pid":13136,"period":37,"rows_checked":210515,"solve_calls":0,"columns_checked":150242,"elapsed_seconds":72.86700010299683}
GO3_PROGRESS {"epoch_seconds":1.789979751236e9,"event":"reserve_partition_part_verified","pid":13136,"period":47,"rows_checked":210493,"solve_calls":0,"columns_checked":150220,"elapsed_seconds":73.56700015068054}
GO3_PROGRESS {"epoch_seconds":1.789979751928e9,"event":"reserve_partition_part_verified","pid":13136,"period":9,"rows_checked":210455,"solve_calls":0,"columns_checked":150182,"elapsed_seconds":74.2590000629425}
GO3_PROGRESS {"epoch_seconds":1.789979752614e9,"event":"reserve_partition_part_verified","pid":13136,"period":12,"rows_checked":210499,"solve_calls":0,"columns_checked":150226,"elapsed_seconds":74.94500017166138}
GO3_PROGRESS {"epoch_seconds":1.789979753327e9,"event":"reserve_partition_part_verified","pid":13136,"period":20,"rows_checked":210531,"solve_calls":0,"columns_checked":150258,"elapsed_seconds":75.6579999923706}
GO3_PROGRESS {"epoch_seconds":1.78997975404e9,"event":"reserve_partition_part_verified","pid":13136,"period":6,"rows_checked":210407,"solve_calls":0,"columns_checked":150134,"elapsed_seconds":76.37100005149841}
GO3_PROGRESS {"epoch_seconds":1.789979754757e9,"event":"reserve_partition_part_verified","pid":13136,"period":14,"rows_checked":210505,"solve_calls":0,"columns_checked":150232,"elapsed_seconds":77.08800005912781}
GO3_PROGRESS {"epoch_seconds":1.789979755459e9,"event":"reserve_partition_part_verified","pid":13136,"period":7,"rows_checked":210437,"solve_calls":0,"columns_checked":150164,"elapsed_seconds":77.7900002002716}
GO3_PROGRESS {"epoch_seconds":1.789979756154e9,"event":"reserve_partition_part_verified","pid":13136,"period":8,"rows_checked":210441,"solve_calls":0,"columns_checked":150168,"elapsed_seconds":78.4850001335144}
GO3_PROGRESS {"epoch_seconds":1.789979756863e9,"event":"reserve_partition_part_verified","pid":13136,"period":19,"rows_checked":210533,"solve_calls":0,"columns_checked":150260,"elapsed_seconds":79.19400000572205}
GO3_PROGRESS {"epoch_seconds":1.789979785488e9,"event":"reserve_partition_part_verified","pid":13136,"period":0,"rows_checked":10931162,"solve_calls":0,"columns_checked":8043122,"elapsed_seconds":107.81900000572205}
GO3_PROGRESS {"epoch_seconds":1.789979786195e9,"event":"reserve_partition_part_verified","pid":13136,"period":4,"rows_checked":210401,"solve_calls":0,"columns_checked":150128,"elapsed_seconds":108.52600002288818}
GO3_PROGRESS {"epoch_seconds":1.789979786875e9,"event":"reserve_partition_part_verified","pid":13136,"period":22,"rows_checked":210509,"solve_calls":0,"columns_checked":150236,"elapsed_seconds":109.20600008964539}
GO3_PROGRESS {"epoch_seconds":1.789979787579e9,"event":"reserve_partition_part_verified","pid":13136,"period":11,"rows_checked":210489,"solve_calls":0,"columns_checked":150216,"elapsed_seconds":109.91000008583069}
GO3_PROGRESS {"epoch_seconds":1.789979788279e9,"event":"reserve_partition_part_verified","pid":13136,"period":35,"rows_checked":210497,"solve_calls":0,"columns_checked":150224,"elapsed_seconds":110.6100001335144}
GO3_PROGRESS {"epoch_seconds":1.789979788986e9,"event":"reserve_partition_part_verified","pid":13136,"period":13,"rows_checked":210517,"solve_calls":0,"columns_checked":150244,"elapsed_seconds":111.31700015068054}
GO3_PROGRESS {"epoch_seconds":1.78997978969e9,"event":"reserve_partition_part_verified","pid":13136,"period":15,"rows_checked":210517,"solve_calls":0,"columns_checked":150244,"elapsed_seconds":112.02100014686584}
GO3_PROGRESS {"epoch_seconds":1.789979790396e9,"event":"reserve_partition_part_verified","pid":13136,"period":16,"rows_checked":210529,"solve_calls":0,"columns_checked":150256,"elapsed_seconds":112.72699999809265}
GO3_PROGRESS {"epoch_seconds":1.789979791102e9,"event":"reserve_partition_part_verified","pid":13136,"period":40,"rows_checked":210545,"solve_calls":0,"columns_checked":150272,"elapsed_seconds":113.43300008773804}
GO3_PROGRESS {"epoch_seconds":1.78997979181e9,"event":"reserve_partition_part_verified","pid":13136,"period":46,"rows_checked":210503,"solve_calls":0,"columns_checked":150230,"elapsed_seconds":114.14100003242493}
GO3_PROGRESS {"epoch_seconds":1.789979792528e9,"event":"reserve_partition_part_verified","pid":13136,"period":21,"rows_checked":210513,"solve_calls":0,"columns_checked":150240,"elapsed_seconds":114.85900020599365}
GO3_PROGRESS {"epoch_seconds":1.789979793214e9,"event":"reserve_partition_part_verified","pid":13136,"period":38,"rows_checked":210517,"solve_calls":0,"columns_checked":150244,"elapsed_seconds":115.54500007629395}
GO3_PROGRESS {"epoch_seconds":1.789979793913e9,"event":"reserve_partition_part_verified","pid":13136,"period":45,"rows_checked":210525,"solve_calls":0,"columns_checked":150252,"elapsed_seconds":116.24400019645691}
GO3_PROGRESS {"epoch_seconds":1.789979794617e9,"event":"reserve_partition_part_verified","pid":13136,"period":36,"rows_checked":210509,"solve_calls":0,"columns_checked":150236,"elapsed_seconds":116.94800019264221}
GO3_PROGRESS {"epoch_seconds":1.789979795335e9,"event":"reserve_partition_part_verified","pid":13136,"period":48,"rows_checked":210487,"solve_calls":0,"columns_checked":150214,"elapsed_seconds":117.66600012779236}
GO3_PROGRESS {"epoch_seconds":1.789979796034e9,"event":"reserve_partition_part_verified","pid":13136,"period":18,"rows_checked":210543,"solve_calls":0,"columns_checked":150270,"elapsed_seconds":118.36500000953674}
GO3_PROGRESS {"epoch_seconds":1.789979796738e9,"event":"reserve_partition_part_verified","pid":13136,"period":30,"rows_checked":210407,"solve_calls":0,"columns_checked":150134,"elapsed_seconds":119.06900000572205}
GO3_PROGRESS {"epoch_seconds":1.789979797439e9,"event":"reserve_partition_part_verified","pid":13136,"period":3,"rows_checked":210413,"solve_calls":0,"columns_checked":150140,"elapsed_seconds":119.76999998092651}
GO3_PROGRESS {"epoch_seconds":1.789979797632e9,"event":"source_reserve_partition_verified","pid":13136,"master_projection_rows_proved":3399070,"scope":"Exact source scheduling partition; no solved or verified GO3 candidate","source_columns_checked":15253134,"source_coefficients_and_bounds_unchanged":true,"source_rows_checked":17635208,"periods":[1,2,3,4,5,6,7,8,9,10,11,12,13,14,15,16,17,18,19,20,21,22,23,24,25,26,27,28,29,30,31,32,33,34,35,36,37,38,39,40,41,42,43,44,45,46,47,48],"box_redundant_master_projections_proved":6394830,"partition_manifest_sha256":"eb2eee2bcee701531039e39f8afd84d027146d7838b78d148e88e1fde3ba3ca5","solve_calls":0,"complete":true,"pass":true,"source_rows_covered_exactly_once":true,"elapsed_seconds":119.96300005912781}
