Running HiGHS 1.15.1 (git hash: 04024d7): Copyright (c) 2026 under MIT licence terms
Includes third-party software components, see THIRD_PARTY_NOTICES.md for full details
LP has 210543 rows; 150270 cols; 553259 nonzeros
Coefficient ranges:
  Matrix  [1e+00, 2e+01]
  Cost    [1e+02, 5e+05]
  Bound   [1e-05, 6e+03]
  RHS     [1e-20, 6e+03]
WARNING: Problem has some excessively small column bounds
WARNING: Problem has some excessively small row bounds
Presolving model
39752 rows, 67071 cols, 207017 nonzeros 0s
36490 rows, 67071 cols, 197231 nonzeros 0s
Presolve reductions: rows 36490(-174053); columns 67071(-83199); nonzeros 197231(-356028) 
Solving the presolved LP
Using dual simplex solver
  Iteration        Objective     Infeasibilities num(sum)
          0     1.9092750070e+03 Pr: 96(7729.25) 0.2s
      20739     4.4038158652e+08 Pr: 0(0) 0.6s

Performed postsolve
Solving the original LP from the solution after postsolve

Model status        : Optimal
Simplex   iterations: 20739
Objective value     :  4.4038158652e+08
P-D objective error :  2.3009112802e-15
HiGHS run time      :          0.73
