GO3_PROGRESS {"epoch_seconds":1.789956104115e9,"event":"source_reserve_partition_begin","pid":25384,"solve_calls":0,"elapsed_seconds":0.0}
GO3_PROGRESS {"epoch_seconds":1.789956119492e9,"event":"reserve_partition_columns","pid":25384,"master_columns":8043122,"solve_calls":0,"recourse_columns":7210012,"periods":[1,2,3,4,5,6,7,8,9,10,11,12,13,14,15,16,17,18,19,20,21,22,23,24,25,26,27,28,29,30,31,32,33,34,35,36,37,38,39,40,41,42,43,44,45,46,47,48],"elapsed_seconds":15.377000093460083}
GO3_PROGRESS {"epoch_seconds":1.789956121801e9,"event":"reserve_partition_rows","pid":25384,"solve_calls":0,"rows_required":17635208,"rows_processed":1048576,"elapsed_seconds":17.686000108718872}
GO3_PROGRESS {"epoch_seconds":1.789956126735e9,"event":"reserve_partition_rows","pid":25384,"solve_calls":0,"rows_required":17635208,"rows_processed":2097152,"elapsed_seconds":22.619999885559082}
GO3_PROGRESS {"epoch_seconds":1.789956127981e9,"event":"reserve_partition_rows","pid":25384,"solve_calls":0,"rows_required":17635208,"rows_processed":3145728,"elapsed_seconds":23.865999937057495}
GO3_PROGRESS {"epoch_seconds":1.789956129948e9,"event":"reserve_partition_rows","pid":25384,"solve_calls":0,"rows_required":17635208,"rows_processed":4194304,"elapsed_seconds":25.83299994468689}
GO3_PROGRESS {"epoch_seconds":1.789956132191e9,"event":"reserve_partition_rows","pid":25384,"solve_calls":0,"rows_required":17635208,"rows_processed":5242880,"elapsed_seconds":28.075999975204468}
GO3_PROGRESS {"epoch_seconds":1.789956134579e9,"event":"reserve_partition_rows","pid":25384,"solve_calls":0,"rows_required":17635208,"rows_processed":6291456,"elapsed_seconds":30.46399998664856}
GO3_PROGRESS {"epoch_seconds":1.789956137202e9,"event":"reserve_partition_rows","pid":25384,"solve_calls":0,"rows_required":17635208,"rows_processed":7340032,"elapsed_seconds":33.08699989318848}
GO3_PROGRESS {"epoch_seconds":1.789956138873e9,"event":"reserve_partition_rows","pid":25384,"solve_calls":0,"rows_required":17635208,"rows_processed":8388608,"elapsed_seconds":34.757999897003174}
GO3_PROGRESS {"epoch_seconds":1.789956140282e9,"event":"reserve_partition_rows","pid":25384,"solve_calls":0,"rows_required":17635208,"rows_processed":9437184,"elapsed_seconds":36.16700005531311}
GO3_PROGRESS {"epoch_seconds":1.789956141988e9,"event":"reserve_partition_rows","pid":25384,"solve_calls":0,"rows_required":17635208,"rows_processed":10485760,"elapsed_seconds":37.87299990653992}
GO3_PROGRESS {"epoch_seconds":1.789956143262e9,"event":"reserve_partition_rows","pid":25384,"solve_calls":0,"rows_required":17635208,"rows_processed":11534336,"elapsed_seconds":39.1470000743866}
GO3_PROGRESS {"epoch_seconds":1.789956145366e9,"event":"reserve_partition_rows","pid":25384,"solve_calls":0,"rows_required":17635208,"rows_processed":12582912,"elapsed_seconds":41.25099992752075}
GO3_PROGRESS {"epoch_seconds":1.789956146838e9,"event":"reserve_partition_rows","pid":25384,"solve_calls":0,"rows_required":17635208,"rows_processed":13631488,"elapsed_seconds":42.723000049591064}
GO3_PROGRESS {"epoch_seconds":1.789956148396e9,"event":"reserve_partition_rows","pid":25384,"solve_calls":0,"rows_required":17635208,"rows_processed":14680064,"elapsed_seconds":44.28099989891052}
GO3_PROGRESS {"epoch_seconds":1.789956150317e9,"event":"reserve_partition_rows","pid":25384,"solve_calls":0,"rows_required":17635208,"rows_processed":15728640,"elapsed_seconds":46.20199990272522}
GO3_PROGRESS {"epoch_seconds":1.789956152793e9,"event":"reserve_partition_rows","pid":25384,"solve_calls":0,"rows_required":17635208,"rows_processed":16777216,"elapsed_seconds":48.67799997329712}
GO3_PROGRESS {"epoch_seconds":1.789956160952e9,"event":"source_reserve_partition_verify_begin","pid":25384,"solve_calls":0,"master_source_columns":8043122,"elapsed_seconds":56.83699989318848}
GO3_PROGRESS {"epoch_seconds":1.789956162118e9,"event":"reserve_partition_part_verified","pid":25384,"period":32,"rows_checked":210451,"solve_calls":0,"columns_checked":150178,"elapsed_seconds":58.003000020980835}
GO3_PROGRESS {"epoch_seconds":1.789956163067e9,"event":"reserve_partition_part_verified","pid":25384,"period":29,"rows_checked":210399,"solve_calls":0,"columns_checked":150126,"elapsed_seconds":58.95199990272522}
GO3_PROGRESS {"epoch_seconds":1.78995616378e9,"event":"reserve_partition_part_verified","pid":25384,"period":1,"rows_checked":210447,"solve_calls":0,"columns_checked":150174,"elapsed_seconds":59.66499996185303}
GO3_PROGRESS {"epoch_seconds":1.78995616448e9,"event":"reserve_partition_part_verified","pid":25384,"period":2,"rows_checked":210423,"solve_calls":0,"columns_checked":150150,"elapsed_seconds":60.36500000953674}
GO3_PROGRESS {"epoch_seconds":1.789956165205e9,"event":"reserve_partition_part_verified","pid":25384,"period":41,"rows_checked":210547,"solve_calls":0,"columns_checked":150274,"elapsed_seconds":61.08999991416931}
GO3_PROGRESS {"epoch_seconds":1.789956165906e9,"event":"reserve_partition_part_verified","pid":25384,"period":27,"rows_checked":210411,"solve_calls":0,"columns_checked":150138,"elapsed_seconds":61.79099988937378}
GO3_PROGRESS {"epoch_seconds":1.789956166608e9,"event":"reserve_partition_part_verified","pid":25384,"period":42,"rows_checked":210547,"solve_calls":0,"columns_checked":150274,"elapsed_seconds":62.49300003051758}
GO3_PROGRESS {"epoch_seconds":1.789956167312e9,"event":"reserve_partition_part_verified","pid":25384,"period":33,"rows_checked":210463,"solve_calls":0,"columns_checked":150190,"elapsed_seconds":63.19700002670288}
GO3_PROGRESS {"epoch_seconds":1.789956168023e9,"event":"reserve_partition_part_verified","pid":25384,"period":28,"rows_checked":210401,"solve_calls":0,"columns_checked":150128,"elapsed_seconds":63.907999992370605}
GO3_PROGRESS {"epoch_seconds":1.789956168725e9,"event":"reserve_partition_part_verified","pid":25384,"period":26,"rows_checked":210435,"solve_calls":0,"columns_checked":150162,"elapsed_seconds":64.60999989509583}
GO3_PROGRESS {"epoch_seconds":1.789956169441e9,"event":"reserve_partition_part_verified","pid":25384,"period":10,"rows_checked":210471,"solve_calls":0,"columns_checked":150198,"elapsed_seconds":65.32599997520447}
GO3_PROGRESS {"epoch_seconds":1.789956170146e9,"event":"reserve_partition_part_verified","pid":25384,"period":24,"rows_checked":210471,"solve_calls":0,"columns_checked":150198,"elapsed_seconds":66.03099989891052}
GO3_PROGRESS {"epoch_seconds":1.789956170841e9,"event":"reserve_partition_part_verified","pid":25384,"period":25,"rows_checked":210451,"solve_calls":0,"columns_checked":150178,"elapsed_seconds":66.7260000705719}
GO3_PROGRESS {"epoch_seconds":1.789956171523e9,"event":"reserve_partition_part_verified","pid":25384,"period":23,"rows_checked":210503,"solve_calls":0,"columns_checked":150230,"elapsed_seconds":67.4079999923706}
GO3_PROGRESS {"epoch_seconds":1.789956172223e9,"event":"reserve_partition_part_verified","pid":25384,"period":5,"rows_checked":210383,"solve_calls":0,"columns_checked":150110,"elapsed_seconds":68.10800004005432}
GO3_PROGRESS {"epoch_seconds":1.789956172925e9,"event":"reserve_partition_part_verified","pid":25384,"period":31,"rows_checked":210429,"solve_calls":0,"columns_checked":150156,"elapsed_seconds":68.80999994277954}
GO3_PROGRESS {"epoch_seconds":1.789956173627e9,"event":"reserve_partition_part_verified","pid":25384,"period":43,"rows_checked":210543,"solve_calls":0,"columns_checked":150270,"elapsed_seconds":69.51200008392334}
GO3_PROGRESS {"epoch_seconds":1.789956174327e9,"event":"reserve_partition_part_verified","pid":25384,"period":39,"rows_checked":210537,"solve_calls":0,"columns_checked":150264,"elapsed_seconds":70.21199989318848}
GO3_PROGRESS {"epoch_seconds":1.78995617503e9,"event":"reserve_partition_part_verified","pid":25384,"period":44,"rows_checked":210541,"solve_calls":0,"columns_checked":150268,"elapsed_seconds":70.91499996185303}
GO3_PROGRESS {"epoch_seconds":1.789956175732e9,"event":"reserve_partition_part_verified","pid":25384,"period":34,"rows_checked":210481,"solve_calls":0,"columns_checked":150208,"elapsed_seconds":71.61700010299683}
GO3_PROGRESS {"epoch_seconds":1.789956176434e9,"event":"reserve_partition_part_verified","pid":25384,"period":17,"rows_checked":210545,"solve_calls":0,"columns_checked":150272,"elapsed_seconds":72.31900000572205}
GO3_PROGRESS {"epoch_seconds":1.789956177138e9,"event":"reserve_partition_part_verified","pid":25384,"period":37,"rows_checked":210515,"solve_calls":0,"columns_checked":150242,"elapsed_seconds":73.02300000190735}
GO3_PROGRESS {"epoch_seconds":1.78995617785e9,"event":"reserve_partition_part_verified","pid":25384,"period":47,"rows_checked":210493,"solve_calls":0,"columns_checked":150220,"elapsed_seconds":73.73499989509583}
GO3_PROGRESS {"epoch_seconds":1.789956178547e9,"event":"reserve_partition_part_verified","pid":25384,"period":9,"rows_checked":210455,"solve_calls":0,"columns_checked":150182,"elapsed_seconds":74.4319999217987}
GO3_PROGRESS {"epoch_seconds":1.789956179247e9,"event":"reserve_partition_part_verified","pid":25384,"period":12,"rows_checked":210499,"solve_calls":0,"columns_checked":150226,"elapsed_seconds":75.13199996948242}
GO3_PROGRESS {"epoch_seconds":1.789956179954e9,"event":"reserve_partition_part_verified","pid":25384,"period":20,"rows_checked":210531,"solve_calls":0,"columns_checked":150258,"elapsed_seconds":75.83899998664856}
GO3_PROGRESS {"epoch_seconds":1.789956180648e9,"event":"reserve_partition_part_verified","pid":25384,"period":6,"rows_checked":210407,"solve_calls":0,"columns_checked":150134,"elapsed_seconds":76.5329999923706}
GO3_PROGRESS {"epoch_seconds":1.789956181354e9,"event":"reserve_partition_part_verified","pid":25384,"period":14,"rows_checked":210505,"solve_calls":0,"columns_checked":150232,"elapsed_seconds":77.23900008201599}
GO3_PROGRESS {"epoch_seconds":1.789956182057e9,"event":"reserve_partition_part_verified","pid":25384,"period":7,"rows_checked":210437,"solve_calls":0,"columns_checked":150164,"elapsed_seconds":77.94199991226196}
GO3_PROGRESS {"epoch_seconds":1.789956182765e9,"event":"reserve_partition_part_verified","pid":25384,"period":8,"rows_checked":210441,"solve_calls":0,"columns_checked":150168,"elapsed_seconds":78.65000009536743}
GO3_PROGRESS {"epoch_seconds":1.78995618347e9,"event":"reserve_partition_part_verified","pid":25384,"period":19,"rows_checked":210533,"solve_calls":0,"columns_checked":150260,"elapsed_seconds":79.35500001907349}
GO3_PROGRESS {"epoch_seconds":1.789956212177e9,"event":"reserve_partition_part_verified","pid":25384,"period":0,"rows_checked":10931162,"solve_calls":0,"columns_checked":8043122,"elapsed_seconds":108.06200003623962}
GO3_PROGRESS {"epoch_seconds":1.789956212879e9,"event":"reserve_partition_part_verified","pid":25384,"period":4,"rows_checked":210401,"solve_calls":0,"columns_checked":150128,"elapsed_seconds":108.76399993896484}
GO3_PROGRESS {"epoch_seconds":1.789956213579e9,"event":"reserve_partition_part_verified","pid":25384,"period":22,"rows_checked":210509,"solve_calls":0,"columns_checked":150236,"elapsed_seconds":109.46399998664856}
GO3_PROGRESS {"epoch_seconds":1.789956214282e9,"event":"reserve_partition_part_verified","pid":25384,"period":11,"rows_checked":210489,"solve_calls":0,"columns_checked":150216,"elapsed_seconds":110.16700005531311}
GO3_PROGRESS {"epoch_seconds":1.789956214994e9,"event":"reserve_partition_part_verified","pid":25384,"period":35,"rows_checked":210497,"solve_calls":0,"columns_checked":150224,"elapsed_seconds":110.87899994850159}
GO3_PROGRESS {"epoch_seconds":1.789956215685e9,"event":"reserve_partition_part_verified","pid":25384,"period":13,"rows_checked":210517,"solve_calls":0,"columns_checked":150244,"elapsed_seconds":111.5699999332428}
GO3_PROGRESS {"epoch_seconds":1.789956216384e9,"event":"reserve_partition_part_verified","pid":25384,"period":15,"rows_checked":210517,"solve_calls":0,"columns_checked":150244,"elapsed_seconds":112.26900005340576}
GO3_PROGRESS {"epoch_seconds":1.789956217086e9,"event":"reserve_partition_part_verified","pid":25384,"period":16,"rows_checked":210529,"solve_calls":0,"columns_checked":150256,"elapsed_seconds":112.97099995613098}
GO3_PROGRESS {"epoch_seconds":1.789956217774e9,"event":"reserve_partition_part_verified","pid":25384,"period":40,"rows_checked":210545,"solve_calls":0,"columns_checked":150272,"elapsed_seconds":113.65899991989136}
GO3_PROGRESS {"epoch_seconds":1.789956218477e9,"event":"reserve_partition_part_verified","pid":25384,"period":46,"rows_checked":210503,"solve_calls":0,"columns_checked":150230,"elapsed_seconds":114.36199998855591}
GO3_PROGRESS {"epoch_seconds":1.789956219174e9,"event":"reserve_partition_part_verified","pid":25384,"period":21,"rows_checked":210513,"solve_calls":0,"columns_checked":150240,"elapsed_seconds":115.05900001525879}
GO3_PROGRESS {"epoch_seconds":1.789956219874e9,"event":"reserve_partition_part_verified","pid":25384,"period":38,"rows_checked":210517,"solve_calls":0,"columns_checked":150244,"elapsed_seconds":115.7590000629425}
GO3_PROGRESS {"epoch_seconds":1.789956220565e9,"event":"reserve_partition_part_verified","pid":25384,"period":45,"rows_checked":210525,"solve_calls":0,"columns_checked":150252,"elapsed_seconds":116.45000004768372}
GO3_PROGRESS {"epoch_seconds":1.789956221267e9,"event":"reserve_partition_part_verified","pid":25384,"period":36,"rows_checked":210509,"solve_calls":0,"columns_checked":150236,"elapsed_seconds":117.15199995040894}
GO3_PROGRESS {"epoch_seconds":1.789956221967e9,"event":"reserve_partition_part_verified","pid":25384,"period":48,"rows_checked":210487,"solve_calls":0,"columns_checked":150214,"elapsed_seconds":117.85199999809265}
GO3_PROGRESS {"epoch_seconds":1.789956222666e9,"event":"reserve_partition_part_verified","pid":25384,"period":18,"rows_checked":210543,"solve_calls":0,"columns_checked":150270,"elapsed_seconds":118.55099987983704}
GO3_PROGRESS {"epoch_seconds":1.789956223364e9,"event":"reserve_partition_part_verified","pid":25384,"period":30,"rows_checked":210407,"solve_calls":0,"columns_checked":150134,"elapsed_seconds":119.24900007247925}
GO3_PROGRESS {"epoch_seconds":1.789956224058e9,"event":"reserve_partition_part_verified","pid":25384,"period":3,"rows_checked":210413,"solve_calls":0,"columns_checked":150140,"elapsed_seconds":119.9430000782013}
GO3_PROGRESS {"epoch_seconds":1.78995622424e9,"event":"source_reserve_partition_verified","pid":25384,"master_projection_rows_proved":3399070,"scope":"Exact source scheduling partition; no solved or verified GO3 candidate","source_columns_checked":15253134,"source_coefficients_and_bounds_unchanged":true,"source_rows_checked":17635208,"periods":[1,2,3,4,5,6,7,8,9,10,11,12,13,14,15,16,17,18,19,20,21,22,23,24,25,26,27,28,29,30,31,32,33,34,35,36,37,38,39,40,41,42,43,44,45,46,47,48],"box_redundant_master_projections_proved":6394830,"partition_manifest_sha256":"78dc5d2cd921938611f18ef4a434fc2dfdfdcb3d46ebe971c6fc59bd66371491","solve_calls":0,"complete":true,"pass":true,"source_rows_covered_exactly_once":true,"elapsed_seconds":120.125}
