GO3_PROGRESS {"epoch_seconds":1.789992905672e9,"event":"reserve_benders_worker_started","raw_case_parsed":false,"pid":3512,"native_backend":{"git_hash":"04024d7","library_sha256":"09e8b2b6eafd425f03390dc5aa192820aa79f825025ee3be54e71a792b75634d","floating_point_bits":64,"objective_clique_max_size":0,"policy":"setup_clique_guard_v1","library_path":"C:\\Users\\thoma\\Documents\\go3-division2-cpu\\environments\\highs-setup-guard-build\\bin\\libhighs.dll","highs_int_bits":32,"version":"1.15.1","manifest_sha256":"ee5a6438fae2a94379ae0fabe8c17e118d07ba8ad39e02a21f5e776caf4667c7"},"mode":"recourse","stage":"source_reserve_benders","round":1,"remaining_work_seconds":107.6385543346405}
Running HiGHS 1.15.1 (git hash: 04024d7): Copyright (c) 2026 under MIT licence terms
Includes third-party software components, see THIRD_PARTY_NOTICES.md for full details
GO3_PROGRESS {"epoch_seconds":1.789992907326e9,"event":"reserve_benders_solve_begin","actual_limit_seconds":5.0,"pid":3512,"period":1,"mode":"recourse","stage":"source_reserve_benders","round":1,"remaining_work_seconds":105.98455429077148}
LP has 1 row; 1 col; 1 nonzero
Coefficient ranges:
  Matrix  [1e+00, 1e+00]
  Cost    [3e+00, 3e+00]
  Bound   [0e+00, 0e+00]
  RHS     [1e+00, 1e+00]
Presolving model
0 rows, 0 cols, 0 nonzeros 0s
0 rows, 0 cols, 0 nonzeros 0s
Presolve reductions: rows 0(-1); columns 0(-1); nonzeros 0(-1) - Reduced to empty
Performed postsolve
Solving the original LP from the solution after postsolve

Model status        : Optimal
Objective value     :  3.0000000000e+00
P-D objective error :  0.0000000000e+00
HiGHS run time      :          0.00
GO3_PROGRESS {"epoch_seconds":1.789992907335e9,"event":"reserve_benders_solve_returned","solve_seconds":0.00038123130798339844,"pid":3512,"mode":"recourse","stage":"source_reserve_benders","termination":"OPTIMAL","simplex_iterations":0,"barrier_iterations":0,"has_primal":true,"period":1,"native_status":7,"solve_wall_seconds":0.0010001659393310547,"round":1,"remaining_work_seconds":105.97555422782898}
GO3_PROGRESS {"epoch_seconds":1.789992907809e9,"event":"reserve_benders_hour_complete","pid":3512,"mode":"recourse","hours_completed":1,"stage":"source_reserve_benders","hours_required":1,"kind":"cost","period":1,"round":1,"remaining_work_seconds":105.50155425071716}
GO3_PROGRESS {"epoch_seconds":1.789992908047e9,"event":"reserve_benders_incumbent_audited","pid":3512,"mode":"recourse","objective":-3.0,"stage":"source_reserve_benders","round":1,"maximum_residual":0.0,"remaining_work_seconds":105.2635543346405}
GO3_PROGRESS {"epoch_seconds":1.789992908082e9,"event":"reserve_benders_stage_complete","pid":3512,"result_sha256":"c9c8ff54514b264c368d380aabcdf8599c59bafadfcb14d9209ef55f4f4eb2e3","mode":"recourse","stage":"source_reserve_benders","round":1,"remaining_work_seconds":105.22855424880981}
