GO3-HIGHS-Root-LP logging_enabled=1 highs_debug_level=0
Solving LP without presolve or useful basis
Scaling: Original equilibration: min/mean/max     0.01304/      1.197/        100 (cols); min/mean/max     0.01304/      2.318/        100 (rows)
Scaling: Final    equilibration: min/mean/max         0.5/      1.037/      2.076 (cols); min/mean/max      0.5043/      1.001/      1.981 (rows)
Scaling: Extreme equilibration improvement =      (        7671 +        7671) / (       4.152 +       3.927)  =        1.534e+04 /       8.079  =        1899
Scaling: Mean    equilibration improvement = sqrt((       1.197 *       2.318) / (       1.037 *       1.001)) = sqrt(      2.776 /       1.037) =       1.636
Scaling: Yields [min, max, ratio] matrix values of [0.0128, 64, 5000]; Originally [0.0001, 5885, 5.885e+07]: Improvement of 1.177e+04
Scaling: Improves    mean equilibration by a factor 1.636
Scaling: Improves extreme equilibration by a factor 1899
Scaling: Improves max/min matrix values by a factor 1.177e+04
Scaling: Factors are in [0.001953, 256] for columns and in [0.007812, 1024] for rows
Scaling: Improvement factor is 3.656e+07 >= 1 so scale LP
Using dual simplex solver
Cost perturbation for 
   Initially have 839144 nonzero costs ( 20%) with min / average / max = 0.00390625 / 23.8172 / 256
   Large so set max_abs_cost = sqrt(sqrt(max_abs_cost)) = 4
   Perturbation column base = 2e-06
   Perturbation row    base = 1e-12
       Iteration        Objective     Infeasibilities num(sum)
DuPh1          0     0.0000000000e+00 Ph1: 0(0) No reason
DuPh2          0    -8.3700149097e+05 Pr: 1295380(1.28962e+06) No reason
DuPh2       5000    -8.3691322403e+05 Pr: 1266233(157760); Du: 0(3.47218e-10) Update limit reached
DuPh2      10000    -8.3691219893e+05 Pr: 1255712(132182); Du: 0(2.03932e-10) Update limit reached
DuPh2      15000    -8.3689718092e+05 Pr: 1245893(112378); Du: 0(5.64278e-10) Update limit reached
DuPh2      20000    -8.3689716805e+05 Pr: 1237367(97416.3); Du: 0(3.70427e-10) Update limit reached
DuPh2      25000    -8.3689615847e+05 Pr: 1229600(85396.3); Du: 0(4.92159e-10) Update limit reached
DuPh2      30000    -8.3687215030e+05 Pr: 1222328(75328.4); Du: 0(4.48165e-10) Update limit reached
DuPh2      35000    -8.3687214408e+05 Pr: 1215656(66973.5); Du: 0(6.79124e-10) Update limit reached
DuPh2      40000    -8.3687213895e+05 Pr: 1209168(59949.6); Du: 0(2.9467e-10) Update limit reached
DuPh2      45000    -8.3687213487e+05 Pr: 1203011(54096.2); Du: 0(3.87526e-10) Update limit reached
DuPh2      50000    -8.3687113148e+05 Pr: 1197105(49109.6); Du: 0(6.23866e-10) Update limit reached
DuPh2      55000    -8.3687112879e+05 Pr: 1191353(44795.2); Du: 0(3.64532e-10) Update limit reached
DuPh2      60000    -8.3687112649e+05 Pr: 1185736(41115.7); Du: 0(4.27882e-10) Update limit reached
DuPh2      65000    -8.3687112461e+05 Pr: 1180253(37896.6); Du: 0(4.93597e-10) Update limit reached
DuPh2      70000    -8.3687012272e+05 Pr: 1174707(35132.4); Du: 0(4.24572e-10) Update limit reached
DuPh2      75000    -8.3687012139e+05 Pr: 1169346(32915.4); Du: 0(7.26845e-10) Update limit reached
DuPh2      80000    -8.3687012024e+05 Pr: 1164061(31020.5); Du: 0(2.40898e-10) Update limit reached
DuPh2      85000    -8.3687011917e+05 Pr: 1158861(29406.9); Du: 0(5.56403e-10) Update limit reached
DuPh2      90000    -8.3687011832e+05 Pr: 1153698(28049.3); Du: 0(2.60065e-10) Update limit reached
DuPh2      95000    -8.3687011756e+05 Pr: 1148514(26865.8); Du: 0(3.26712e-10) Update limit reached
DuPh2     100000    -8.3687011704e+05 Pr: 1143478(25895.2); Du: 0(2.62875e-10) Update limit reached
DuPh2     105000    -8.3687011665e+05 Pr: 1138440(25042.7); Du: 0(4.42504e-10) Update limit reached
DuPh2     110000    -8.3687011623e+05 Pr: 1133420(24284.3); Du: 0(4.63054e-10) Update limit reached
DuPh2     115000    -8.3687011582e+05 Pr: 1128401(23590.8); Du: 0(3.87002e-10) Update limit reached
DuPh2     120000    -8.3687011536e+05 Pr: 1123401(22973.3); Du: 0(3.87002e-10) Update limit reached
DuPh2     125000    -8.3687011488e+05 Pr: 1118411(22426.1); Du: 0(3.4452e-10) Update limit reached
DuPh2     130000    -8.3687011443e+05 Pr: 1113428(21910.2); Du: 0(3.3976e-10) Update limit reached
DuPh2     135000    -8.3687011398e+05 Pr: 1108461(21436.6); Du: 0(2.67951e-10) Update limit reached
DuPh2     140000    -8.3687011352e+05 Pr: 1103492(20993.8); Du: 0(3.69024e-10) Update limit reached
DuPh2     145000    -8.3687011302e+05 Pr: 1098531(20574.1); Du: 0(2.44883e-10) Update limit reached
DuPh2     150000    -8.3687011262e+05 Pr: 1093559(20191.4); Du: 0(1.67479e-10) Update limit reached
DuPh2     155000    -8.3687011216e+05 Pr: 1088596(19818.2); Du: 0(3.84395e-10) Update limit reached
DuPh2     160000    -8.3687011174e+05 Pr: 1083632(19472.9); Du: 0(3.06209e-10) Update limit reached
DuPh2     165000    -8.3687011132e+05 Pr: 1078654(19129.6); Du: 0(3.38335e-10) Update limit reached
DuPh2     170000    -8.3687011084e+05 Pr: 1073694(18831.2); Du: 0(3.36315e-10) Update limit reached
DuPh2     175000    -8.3687011040e+05 Pr: 1068719(18527.7); Du: 0(5.0793e-10) Update limit reached
DuPh2     180000    -8.3687011004e+05 Pr: 1063741(18237.7); Du: 0(2.3207e-10) Update limit reached
DuPh2     185000    -8.3687010965e+05 Pr: 1058764(17950.5); Du: 0(1.54958e-10) Update limit reached
DuPh2     190000    -8.3687010932e+05 Pr: 1053800(17689.5); Du: 0(2.13703e-11) Update limit reached
DuPh2     195000    -8.3687010904e+05 Pr: 1048828(17424); Du: 0(1.835e-10) Update limit reached
DuPh2     200000    -8.3687010875e+05 Pr: 1043835(17162.7); Du: 0(2.05294e-10) Update limit reached
DuPh2     205000    -8.3687010838e+05 Pr: 1038878(16914.1); Du: 0(1.9039e-10) Update limit reached
DuPh2     210000    -8.3687010802e+05 Pr: 1033929(16675.7); Du: 0(2.13703e-11) Update limit reached
DuPh2     215000    -8.3687010771e+05 Pr: 1028966(16438); Du: 0(1.55477e-10) Update limit reached
DuPh2     220000    -8.3687010739e+05 Pr: 1023994(16216.6); Du: 0(2.3596e-10) Update limit reached
DuPh2     225000    -8.3687010710e+05 Pr: 1019035(15989.8); Du: 0(5.97885e-10) Update limit reached
DuPh2     230000    -8.3687010675e+05 Pr: 1014056(15769.5); Du: 0(5.3374e-10) Update limit reached
DuPh2     235000    -8.3687010649e+05 Pr: 1009096(15558); Du: 0(3.73195e-10) Update limit reached
DuPh2     240000    -8.3687010625e+05 Pr: 1004115(15346.4); Du: 0(3.61253e-10) Update limit reached
       Iteration        Objective     Infeasibilities num(sum)
DuPh2     245000    -8.3687010585e+05 Pr: 999185(15153.2); Du: 0(3.01065e-10) Update limit reached
DuPh2     250000    -8.3687010564e+05 Pr: 994202(14949.8); Du: 0(1.85933e-10) Update limit reached
DuPh2     255000    -8.3687010527e+05 Pr: 989237(14752.3); Du: 0(3.85299e-11) Update limit reached
DuPh2     260000    -8.3687010496e+05 Pr: 984281(14572.8); Du: 0(2.86895e-11) Update limit reached
DuPh2     265000    -8.3687010466e+05 Pr: 979315(14385.5); Du: 0(2.95187e-10) Update limit reached
DuPh2     270000    -8.3687010433e+05 Pr: 974365(14206.8); Du: 0(4.74868e-10) Update limit reached
DuPh2     275000    -8.3687010398e+05 Pr: 969406(14030.3); Du: 0(5.74743e-11) Update limit reached
DuPh2     280000    -8.3687010381e+05 Pr: 964445(13851.6); Du: 0(6.55236e-11) Update limit reached
DuPh2     285000    -8.3687010347e+05 Pr: 959462(13681.8); Du: 0(1.53468e-10) Update limit reached
DuPh2     290000    -8.3687010317e+05 Pr: 954477(13507.4); Du: 0(1.29382e-10) Update limit reached
DuPh2     295000    -8.3687010281e+05 Pr: 949541(13359); Du: 0(3.28858e-10) Update limit reached
DuPh2     300000    -8.3687010257e+05 Pr: 944589(13191.2); Du: 0(3.26624e-10) Update limit reached
DuPh2     305000    -8.3687010225e+05 Pr: 939594(13026.2); Du: 0(3.26624e-10) Update limit reached
DuPh2     310000    -8.3687010209e+05 Pr: 934643(12878.2); Du: 0(4.42231e-10) Update limit reached
DuPh2     315000    -8.3687010171e+05 Pr: 929668(12718.9); Du: 0(3.87565e-10) Update limit reached
DuPh2     320000    -8.3687010149e+05 Pr: 924733(12570.5); Du: 0(2.55834e-10) Update limit reached
DuPh2     325000    -8.3687010117e+05 Pr: 919725(12410.2); Du: 0(2.55834e-10) Update limit reached
DuPh2     330000    -8.3687010099e+05 Pr: 914790(12268.3); Du: 0(4.67155e-10) Update limit reached
DuPh2     335000    -8.3687010062e+05 Pr: 909787(12115.8); Du: 0(4.67155e-10) Update limit reached
DuPh2     340000    -8.3687010045e+05 Pr: 904865(11979.7); Du: 0(6.10105e-10) Update limit reached
DuPh2     345000    -8.3687010004e+05 Pr: 899868(11830.4); Du: 0(5.16444e-10) Update limit reached
DuPh2     350000    -8.3687009996e+05 Pr: 894887(11681.5); Du: 0(6.16796e-10) Update limit reached
DuPh2     355000    -8.3687009966e+05 Pr: 889937(11549.3); Du: 0(7.14235e-10) Update limit reached
DuPh2     360000    -8.3687009939e+05 Pr: 884973(11405.6); Du: 0(2.42091e-10) Update limit reached
DuPh2     365000    -8.3687009910e+05 Pr: 880021(11279.3); Du: 0(2.18927e-10) Update limit reached
DuPh2     370000    -8.3687009883e+05 Pr: 875023(11137.7); Du: 0(2.26683e-10) Update limit reached
DuPh2     375000    -8.3687009865e+05 Pr: 870105(11002); Du: 0(3.53883e-10) Update limit reached
DuPh2     380000    -8.3687009825e+05 Pr: 865108(10870.2); Du: 0(3.53883e-10) Update limit reached
DuPh2     385000    -8.3687009806e+05 Pr: 860167(10737); Du: 0(3.46515e-10) Update limit reached
DuPh2     390000    -8.3687009780e+05 Pr: 855199(10608.7); Du: 0(3.25143e-10) Update limit reached
DuPh2     395000    -8.3687009757e+05 Pr: 850201(10479.9); Du: 0(3.25143e-10) Update limit reached
DuPh2     400000    -8.3687009738e+05 Pr: 845263(10358.5); Du: 0(3.37901e-10) Update limit reached
DuPh2     405000    -8.3687009712e+05 Pr: 840293(10232.9); Du: 0(3.60892e-10) Update limit reached
DuPh2     410000    -8.3687009690e+05 Pr: 835321(10110.1); Du: 0(2.40241e-10) Update limit reached
DuPh2     415000    -8.3687009673e+05 Pr: 830389(9995.38); Du: 0(4.84106e-10) Update limit reached
DuPh2     420000    -8.3687009638e+05 Pr: 825395(9873.48); Du: 0(5.77101e-10) Update limit reached
DuPh2     425000    -8.3687009624e+05 Pr: 820418(9751.55); Du: 0(7.00105e-10) Update limit reached
DuPh2     430000    -8.3687009606e+05 Pr: 815476(9636.2); Du: 0(6.18364e-10) Update limit reached
DuPh2     435000    -8.3687009578e+05 Pr: 810501(9521.57); Du: 0(5.11301e-10) Update limit reached
DuPh2     440000    -8.3687009556e+05 Pr: 805518(9399.9); Du: 0(4.71786e-10) Update limit reached
DuPh2     445000    -8.3687009538e+05 Pr: 800571(9290.44); Du: 0(2.56484e-10) Update limit reached
DuPh2     449956    -8.3687009515e+05 Pr: 795675(9183.99); Du: 0(2.50829e-10) Synthetic clock
DuPh2     454956    -8.3687009487e+05 Pr: 790670(9069.21); Du: 0(2.50829e-10) Update limit reached
DuPh2     459956    -8.3687009482e+05 Pr: 785713(8957.61); Du: 0(1.1749e-10) Update limit reached
DuPh2     464860    -8.3687009463e+05 Pr: 780867(8856.99); Du: 0(2.30858e-10) Synthetic clock
DuPh2     469860    -8.3687009436e+05 Pr: 775875(8737.28); Du: 0(2.97274e-10) Update limit reached
DuPh2     474860    -8.3687009412e+05 Pr: 770900(8629.19); Du: 0(3.67653e-10) Update limit reached
DuPh2     479860    -8.3687009393e+05 Pr: 765962(8537.88); Du: 0(3.4764e-10) Update limit reached
DuPh2     484754    -8.3687009384e+05 Pr: 761131(8432.28); Du: 0(3.48695e-10) Synthetic clock
DuPh2     489754    -8.3687009351e+05 Pr: 756138(8329.34); Du: 0(3.48695e-10) Update limit reached
       Iteration        Objective     Infeasibilities num(sum)
DuPh2     494754    -8.3687009337e+05 Pr: 751155(8215.52); Du: 0(5.04878e-10) Update limit reached
DuPh2     499754    -8.3687009318e+05 Pr: 746213(8117.71); Du: 0(3.45889e-10) Update limit reached
DuPh2     504705    -8.3687009310e+05 Pr: 741318(8013.1); Du: 0(4.90393e-10) Synthetic clock
DuPh2     509705    -8.3687009279e+05 Pr: 736323(7915.05); Du: 0(4.90393e-10) Update limit reached
DuPh2     514705    -8.3687009262e+05 Pr: 731360(7817.91); Du: 0(5.10579e-10) Update limit reached
DuPh2     519705    -8.3687009243e+05 Pr: 726400(7719.99); Du: 0(1.72219e-10) Update limit reached
DuPh2     524701    -8.3687009237e+05 Pr: 721468(7625.04); Du: 0(4.01129e-10) Synthetic clock
DuPh2     529701    -8.3687009211e+05 Pr: 716474(7529.1); Du: 0(4.01129e-10) Update limit reached
DuPh2     534701    -8.3687009186e+05 Pr: 711474(7430.99); Du: 0(4.01129e-10) Update limit reached
DuPh2     539701    -8.3687009180e+05 Pr: 706519(7334.79); Du: 0(8.19193e-10) Update limit reached
DuPh2     544701    -8.3687009162e+05 Pr: 701574(7239.81); Du: 0(6.64735e-10) Update limit reached
DuPh2     549701    -8.3687009151e+05 Pr: 696610(7155.89); Du: 0(1.7043e-10) Update limit reached
DuPh2     554701    -8.3687009122e+05 Pr: 691612(7064.17); Du: 0(1.7043e-10) Update limit reached
DuPh2     559701    -8.3687009106e+05 Pr: 686632(6973.21); Du: 0(6.23956e-11) Update limit reached
DuPh2     564701    -8.3687009092e+05 Pr: 681699(6883.42); Du: 0(2.41161e-10) Update limit reached
DuPh2     569679    -8.3687009084e+05 Pr: 676770(6788.87); Du: 0(4.78862e-10) Synthetic clock
DuPh2     574636    -8.3687009066e+05 Pr: 671830(6700.86); Du: 0(3.2114e-10) Synthetic clock
DuPh2     579636    -8.3687009039e+05 Pr: 666839(6616.41); Du: 0(3.2114e-10) Update limit reached
DuPh2     584636    -8.3687009030e+05 Pr: 661862(6525.97); Du: 0(1.22129e-10) Update limit reached
DuPh2     589636    -8.3687009017e+05 Pr: 656913(6437.01); Du: 0(1.42519e-10) Update limit reached
DuPh2     594636    -8.3687009010e+05 Pr: 651971(6353.29); Du: 0(1.33717e-10) Update limit reached
DuPh2     599574    -8.3687008994e+05 Pr: 647070(6278.72); Du: 0(1.75828e-10) Synthetic clock
DuPh2     604574    -8.3687008968e+05 Pr: 642073(6193.71); Du: 0(1.75828e-10) Update limit reached
DuPh2     609574    -8.3687008958e+05 Pr: 637093(6109.36); Du: 0(1.49484e-10) Update limit reached
DuPh2     614574    -8.3687008948e+05 Pr: 632154(6017.47); Du: 0(9.49636e-11) Update limit reached
DuPh2     619574    -8.3687008943e+05 Pr: 627213(5943.08); Du: 0(2.95192e-10) Update limit reached
DuPh2     624574    -8.3687008927e+05 Pr: 622235(5856.37); Du: 0(3.54486e-10) Update limit reached
DuPh2     629574    -8.3687008903e+05 Pr: 617235(5775.71); Du: 0(3.54486e-10) Update limit reached
DuPh2     634574    -8.3687008891e+05 Pr: 612245(5693.44); Du: 0(3.52097e-10) Update limit reached
DuPh2     639574    -8.3687008887e+05 Pr: 607291(5619.34); Du: 0(2.19088e-10) Update limit reached
DuPh2     644574    -8.3687008879e+05 Pr: 602329(5542.81); Du: 0(2.50361e-10) Update limit reached
DuPh2     649447    -8.3687008874e+05 Pr: 597504(5470.3); Du: 0(2.86724e-10) Synthetic clock
DuPh2     654447    -8.3687008849e+05 Pr: 592509(5394.64); Du: 0(2.86724e-10) Update limit reached
DuPh2     659447    -8.3687008828e+05 Pr: 587524(5319.24); Du: 0(3.94458e-10) Update limit reached
DuPh2     664447    -8.3687008823e+05 Pr: 582577(5241.05); Du: 0(1.91324e-10) Update limit reached
DuPh2     669335    -8.3687008818e+05 Pr: 577735(5173.85); Du: 0(2.93099e-10) Synthetic clock
DuPh2     674335    -8.3687008813e+05 Pr: 572781(5096.36); Du: 0(2.93521e-10) Update limit reached
DuPh2     679254    -8.3687008798e+05 Pr: 567881(5025.87); Du: 0(2.73236e-10) Synthetic clock
DuPh2     684254    -8.3687008777e+05 Pr: 562883(4953.9); Du: 0(2.73236e-10) Update limit reached
DuPh2     689254    -8.3687008758e+05 Pr: 557884(4882.12); Du: 0(2.73236e-10) Update limit reached
DuPh2     694254    -8.3687008751e+05 Pr: 552897(4813.77); Du: 0(3.85001e-10) Update limit reached
DuPh2     699254    -8.3687008746e+05 Pr: 547952(4742.74); Du: 0(4.53238e-10) Update limit reached
DuPh2     704039    -8.3687008741e+05 Pr: 543209(4670.23); Du: 0(3.26158e-10) Synthetic clock
DuPh2     708552    -8.3687008737e+05 Pr: 538729(4606.1); Du: 0(2.59144e-10) Synthetic clock
DuPh2     713552    -8.3687008717e+05 Pr: 533744(4536.98); Du: 0(2.59144e-10) Update limit reached
DuPh2     718552    -8.3687008695e+05 Pr: 528743(4468); Du: 0(2.59144e-10) Update limit reached
DuPh2     723552    -8.3687008687e+05 Pr: 523776(4404.28); Du: 0(1.48991e-10) Update limit reached
DuPh2     728552    -8.3687008683e+05 Pr: 518828(4343.09); Du: 0(2.30731e-10) Update limit reached
DuPh2     733105    -8.3687008679e+05 Pr: 514304(4277.5); Du: 0(4.84629e-10) Synthetic clock
DuPh2     738105    -8.3687008674e+05 Pr: 509352(4216.72); Du: 0(2.43209e-10) Update limit reached
       Iteration        Objective     Infeasibilities num(sum)
DuPh2     743105    -8.3687008660e+05 Pr: 504353(4152.74); Du: 0(2.43209e-10) Update limit reached
DuPh2     748105    -8.3687008645e+05 Pr: 499355(4088.76); Du: 0(2.43209e-10) Update limit reached
DuPh2     753105    -8.3687008630e+05 Pr: 494355(4024); Du: 0(2.43209e-10) Update limit reached
DuPh2     758105    -8.3687008615e+05 Pr: 489360(3961.19); Du: 0(2.43209e-10) Update limit reached
DuPh2     763105    -8.3687008600e+05 Pr: 484360(3896.07); Du: 0(2.43209e-10) Update limit reached
DuPh2     768105    -8.3687008591e+05 Pr: 479363(3830.28); Du: 0(1.86071e-10) Update limit reached
DuPh2     773105    -8.3687008586e+05 Pr: 474398(3763.04); Du: 0(1.24006e-10) Update limit reached
DuPh2     778105    -8.3687008582e+05 Pr: 469445(3703.87); Du: 0(1.81149e-10) Update limit reached
DuPh2     783072    -8.3687008578e+05 Pr: 464511(3637.86); Du: 0(1.5941e-10) Synthetic clock
DuPh2     787883    -8.3687008568e+05 Pr: 459725(3579.24); Du: 0(2.17042e-10) Synthetic clock
DuPh2     792883    -8.3687008547e+05 Pr: 454730(3520.73); Du: 0(2.17042e-10) Update limit reached
DuPh2     797883    -8.3687008530e+05 Pr: 449737(3462.52); Du: 0(2.17042e-10) Update limit reached
DuPh2     802883    -8.3687008526e+05 Pr: 444762(3403.91); Du: 0(1.74239e-10) Update limit reached
DuPh2     807883    -8.3687008522e+05 Pr: 439803(3346.38); Du: 0(1.21005e-10) Update limit reached
DuPh2     812883    -8.3687008518e+05 Pr: 434818(3286.95); Du: 0(1.69305e-10) Update limit reached
DuPh2     817883    -8.3687008513e+05 Pr: 429857(3231.85); Du: 0(2.61221e-10) Update limit reached
DuPh2     822883    -8.3687008500e+05 Pr: 424859(3177.44); Du: 0(2.61221e-10) Update limit reached
DuPh2     827883    -8.3687008487e+05 Pr: 419861(3121.7); Du: 0(2.61221e-10) Update limit reached
DuPh2     832883    -8.3687008474e+05 Pr: 414862(3065.71); Du: 0(2.61221e-10) Update limit reached
DuPh2     837883    -8.3687008460e+05 Pr: 409863(3009.72); Du: 0(2.61221e-10) Update limit reached
DuPh2     842883    -8.3687008447e+05 Pr: 404862(2952.6); Du: 0(2.61221e-10) Update limit reached
DuPh2     847883    -8.3687008436e+05 Pr: 399861(2895.94); Du: 0(2.61221e-10) Update limit reached
DuPh2     852883    -8.3687008432e+05 Pr: 394885(2839.71); Du: 0(3.09065e-10) Update limit reached
DuPh2     857883    -8.3687008428e+05 Pr: 389925(2786.31); Du: 0(3.52454e-10) Update limit reached
DuPh2     862883    -8.3687008424e+05 Pr: 384958(2734.25); Du: 0(4.39041e-10) Update limit reached
DuPh2     867883    -8.3687008420e+05 Pr: 379993(2678.82); Du: 0(3.94259e-10) Update limit reached
DuPh2     872883    -8.3687008405e+05 Pr: 374994(2622.04); Du: 0(4.0644e-10) Update limit reached
DuPh2     877883    -8.3687008387e+05 Pr: 369994(2570.04); Du: 0(4.0644e-10) Update limit reached
DuPh2     882883    -8.3687008376e+05 Pr: 365002(2519.88); Du: 0(4.9619e-10) Update limit reached
DuPh2     887883    -8.3687008372e+05 Pr: 360032(2469.06); Du: 0(5.8703e-10) Update limit reached
DuPh2     892883    -8.3687008368e+05 Pr: 355075(2420.2); Du: 0(6.00414e-10) Update limit reached
DuPh2     897883    -8.3687008364e+05 Pr: 350075(2360.69); Du: 0(4.67059e-10) Update limit reached
DuPh2     902883    -8.3687008360e+05 Pr: 345105(2317.24); Du: 0(4.02272e-10) Update limit reached
DuPh2     907883    -8.3687008349e+05 Pr: 340108(2269.94); Du: 0(4.02272e-10) Update limit reached
DuPh2     912883    -8.3687008337e+05 Pr: 335109(2221.95); Du: 0(4.02272e-10) Update limit reached
DuPh2     917883    -8.3687008326e+05 Pr: 330110(2173.96); Du: 0(4.02272e-10) Update limit reached
DuPh2     922883    -8.3687008314e+05 Pr: 325110(2125.96); Du: 0(4.02272e-10) Update limit reached
DuPh2     927883    -8.3687008303e+05 Pr: 320113(2078.53); Du: 0(4.02272e-10) Update limit reached
DuPh2     932883    -8.3687008293e+05 Pr: 315115(2030.56); Du: 0(4.02272e-10) Update limit reached
DuPh2     937883    -8.3687008286e+05 Pr: 310128(1983.08); Du: 0(4.0664e-10) Update limit reached
DuPh2     942883    -8.3687008283e+05 Pr: 305149(1935.05); Du: 0(4.09553e-10) Update limit reached
DuPh2     947883    -8.3687008279e+05 Pr: 300180(1889.45); Du: 0(6.12665e-10) Update limit reached
DuPh2     952883    -8.3687008275e+05 Pr: 295200(1845.06); Du: 0(5.45287e-10) Update limit reached
DuPh2     957883    -8.3687008270e+05 Pr: 290225(1798.81); Du: 0(3.62531e-10) Update limit reached
DuPh2     962883    -8.3687008255e+05 Pr: 285229(1756.12); Du: 0(3.62531e-10) Update limit reached
DuPh2     967883    -8.3687008240e+05 Pr: 280233(1712.74); Du: 0(3.62531e-10) Update limit reached
DuPh2     972883    -8.3687008231e+05 Pr: 275245(1667.62); Du: 0(2.19862e-10) Update limit reached
DuPh2     977883    -8.3687008227e+05 Pr: 270266(1626.98); Du: 0(2.80038e-10) Update limit reached
DuPh2     982883    -8.3687008224e+05 Pr: 265296(1580.51); Du: 0(3.33097e-10) Update limit reached
DuPh2     987589    -8.3687008221e+05 Pr: 260603(1539.34); Du: 0(3.39288e-10) Synthetic clock
       Iteration        Objective     Infeasibilities num(sum)
DuPh2     992589    -8.3687008218e+05 Pr: 255629(1497.65); Du: 0(5.58974e-10) Update limit reached
DuPh2     997589    -8.3687008208e+05 Pr: 250629(1457.65); Du: 0(5.58974e-10) Update limit reached
DuPh2    1002589    -8.3687008198e+05 Pr: 245628(1417.07); Du: 0(5.58974e-10) Update limit reached
DuPh2    1007589    -8.3687008188e+05 Pr: 240627(1376.34); Du: 0(5.58974e-10) Update limit reached
DuPh2    1012589    -8.3687008178e+05 Pr: 235628(1335.22); Du: 0(5.58974e-10) Update limit reached
DuPh2    1017589    -8.3687008169e+05 Pr: 230632(1296.45); Du: 0(5.58974e-10) Update limit reached
DuPh2    1022589    -8.3687008159e+05 Pr: 225632(1256.45); Du: 0(5.58974e-10) Update limit reached
DuPh2    1027589    -8.3687008151e+05 Pr: 220633(1216.37); Du: 0(5.58974e-10) Update limit reached
DuPh2    1032589    -8.3687008148e+05 Pr: 215655(1179.75); Du: 0(4.73978e-10) Update limit reached
DuPh2    1037589    -8.3687008145e+05 Pr: 210672(1138.06); Du: 0(4.33726e-10) Update limit reached
DuPh2    1042589    -8.3687008142e+05 Pr: 205708(1101.78); Du: 0(3.70228e-10) Update limit reached
DuPh2    1047589    -8.3687008139e+05 Pr: 200717(1060.74); Du: 0(4.57433e-10) Update limit reached
DuPh2    1052589    -8.3687008129e+05 Pr: 195718(1024.45); Du: 0(4.68519e-10) Update limit reached
DuPh2    1057589    -8.3687008116e+05 Pr: 190716(987.231); Du: 0(4.68519e-10) Update limit reached
DuPh2    1062589    -8.3687008110e+05 Pr: 185728(953.034); Du: 0(5.81651e-10) Update limit reached
DuPh2    1067589    -8.3687008107e+05 Pr: 180746(917.213); Du: 0(6.13657e-10) Update limit reached
DuPh2    1072589    -8.3687008104e+05 Pr: 175753(880.995); Du: 0(2.8639e-10) Update limit reached
DuPh2    1077589    -8.3687008101e+05 Pr: 170777(847.027); Du: 0(2.52734e-10) Update limit reached
DuPh2    1082589    -8.3687008097e+05 Pr: 165783(815.816); Du: 0(2.70302e-10) Update limit reached
DuPh2    1087589    -8.3687008091e+05 Pr: 160783(783.816); Du: 0(2.70302e-10) Update limit reached
DuPh2    1092589    -8.3687008085e+05 Pr: 155785(751.865); Du: 0(2.70302e-10) Update limit reached
DuPh2    1097589    -8.3687008079e+05 Pr: 150785(719.865); Du: 0(2.70302e-10) Update limit reached
DuPh2    1102589    -8.3687008073e+05 Pr: 145787(687.89); Du: 0(2.70302e-10) Update limit reached
DuPh2    1107589    -8.3687008067e+05 Pr: 140787(655.89); Du: 0(2.70302e-10) Update limit reached
DuPh2    1112589    -8.3687008061e+05 Pr: 135787(623.89); Du: 0(2.70302e-10) Update limit reached
DuPh2    1117589    -8.3687008055e+05 Pr: 130788(591.897); Du: 0(2.70302e-10) Update limit reached
DuPh2    1122589    -8.3687008050e+05 Pr: 125788(559.897); Du: 0(2.70302e-10) Update limit reached
DuPh2    1127589    -8.3687008047e+05 Pr: 120793(528.453); Du: 0(2.78111e-10) Update limit reached
DuPh2    1132589    -8.3687008044e+05 Pr: 115801(494.267); Du: 0(2.61148e-10) Update limit reached
DuPh2    1137589    -8.3687008041e+05 Pr: 110822(463.952); Du: 0(3.66276e-10) Update limit reached
DuPh2    1142589    -8.3687008039e+05 Pr: 105829(431.661); Du: 0(5.74037e-10) Update limit reached
DuPh2    1147589    -8.3687008036e+05 Pr: 100849(405.476); Du: 0(6.83158e-10) Update limit reached
DuPh2    1152589    -8.3687008034e+05 Pr: 95852(376.39); Du: 0(6.72109e-10) Update limit reached
DuPh2    1157589    -8.3687008032e+05 Pr: 90881(352.412); Du: 0(5.94588e-10) Update limit reached
DuPh2    1162589    -8.3687008026e+05 Pr: 85881(328.366); Du: 0(4.89799e-10) Update limit reached
DuPh2    1167589    -8.3687008021e+05 Pr: 80880(304.321); Du: 0(4.89799e-10) Update limit reached
DuPh2    1172589    -8.3687008015e+05 Pr: 75879(280.301); Du: 0(4.89799e-10) Update limit reached
DuPh2    1177589    -8.3687008009e+05 Pr: 70879(256.301); Du: 0(4.89799e-10) Update limit reached
DuPh2    1182589    -8.3687008004e+05 Pr: 65879(232.275); Du: 0(5.74533e-10) Update limit reached
DuPh2    1187589    -8.3687008001e+05 Pr: 60886(208.308); Du: 0(4.92906e-10) Update limit reached
DuPh2    1192589    -8.3687008000e+05 Pr: 55892(184.021); Du: 0(3.16856e-10) Update limit reached
DuPh2    1197589    -8.3687007998e+05 Pr: 50909(163.881); Du: 0(3.02402e-10) Update limit reached
DuPh2    1202589    -8.3687007996e+05 Pr: 45913(143.966); Du: 0(2.85364e-10) Update limit reached
DuPh2    1207589    -8.3687007994e+05 Pr: 40934(126.159); Du: 0(2.34623e-10) Update limit reached
DuPh2    1212589    -8.3687007992e+05 Pr: 35930(109.434); Du: 0(2.92195e-10) Update limit reached
DuPh2    1217589    -8.3687007990e+05 Pr: 30932(93.2679); Du: 0(2.92195e-10) Update limit reached
DuPh2    1222589    -8.3687007987e+05 Pr: 25930(76.4797); Du: 0(2.3776e-10) Update limit reached
DuPh2    1227589    -8.3687007984e+05 Pr: 20932(60.6151); Du: 0(2.3776e-10) Update limit reached
DuPh2    1232589    -8.3687007981e+05 Pr: 15932(44.6175); Du: 0(2.3776e-10) Update limit reached
DuPh2    1237589    -8.3687007978e+05 Pr: 10933(28.6247); Du: 0(2.3776e-10) Update limit reached
       Iteration        Objective     Infeasibilities num(sum)
DuPh2    1242589    -8.3687007976e+05 Pr: 5931(12.8902); Du: 0(2.44155e-10) Update limit reached
DuPh2    1247589    -8.3687007975e+05 Pr: 934(1.7724); Du: 0(2.44155e-10) Update limit reached
DuPh2    1248520    -8.3687007975e+05 Pr: 0(0); Du: 0(1.86584e-10) Possibly optimal
DuPh2    1248520    -8.3685900000e+05 Pr: 0(0) Perturbation cleanup
Simplex iterations: DuPh2 1248520; Total 1248520
dual simplex solver returns 0 primal and 0 dual infeasibilities: Status Optimal
getKktFailures:: cost norm =        2; bound norm = 3.22e+03
getKktFailures:                      LP  (abs / rel)         Col (abs / rel)         Row (abs / rel)
getKktFailures: primal infeasibility 8.88e-16 / 2.76e-19            0 /        0     8.88e-16 / 2.76e-19
getKktFailures:   dual infeasibility        0 /        0            0 /        0            0 /        0
getKktFailures: objective gap               0
Solution optimality conditions
num/max      0 / 8.88e-16 (relative      0 / 2.76e-19) primal infeasibilities     (tolerance = 1e-09)
num/max      0 /        0 (relative      0 /        0)   dual infeasibilities     (tolerance = 1e-10)
                                         0 /        0  P-D objective error        (tolerance = 1e-07)

Postsolve  : 
Time           :   209.47
Time OriginalLP:   209.27
For LP                     : Solve original LP   209.27 ( 99%)
Model status        : Optimal
Simplex   iterations: 1248520
Objective value     : -8.3685900000e+05
P-D objective error :  0.0000000000e+00
HiGHS run time      :        209.49
