GO3_PROGRESS {"epoch_seconds":1.789985210592e9,"event":"reserve_benders_worker_started","raw_case_parsed":false,"pid":23284,"native_backend":{"analytic_center_requested":false,"git_hash":"04024d7","library_sha256":"06fa04b2f66ae80f3446e8e2a95ad1bea09faa0414b3151c1764bbb6bf7395c8","root_presolve_only_requested":true,"version":"1.15.1","policy":"root_memory_guard_v1","library_path":"C:\\Users\\thoma\\Documents\\go3-division2-cpu\\environments\\highs-root-memory-build\\bin\\libhighs.dll","highs_int_bits":32,"manifest_sha256":"73ceb849300d5ec00761156f21326c61e5343e1acb856a3206410eee69eba794","floating_point_bits":64,"objective_clique_max_size":0},"mode":"master","stage":"source_reserve_benders","round":3,"remaining_work_seconds":66.80489301681519}
Running HiGHS 1.15.1 (git hash: 04024d7): Copyright (c) 2026 under MIT licence terms
Includes third-party software components, see THIRD_PARTY_NOTICES.md for full details
GO3_PROGRESS {"epoch_seconds":1.789985211895e9,"event":"reserve_benders_master_loaded","cut_count":2,"pid":23284,"start":{"supplied":true,"scope":"complete within-attempt primal; no external seed","source_result":{"sha256":"a81bafb5e241ce76b2bda0bbb5881348d5f15a5fd6c9fdf4a1ed1348c047de31","path":"C:\\Users\\thoma\\Documents\\go3-division2-cpu\\tmp\\reserve_loop_components_3nz5u_yt\\phase_one\\reserve_decomposition\\rounds\\round_0002\\recourse\\result.json"},"api_returncode":0,"api_accepted":true,"original_master_audit":{"variables":3,"scope":"Original scheduling rows, bounds, integer domains and objective; not full GO3 verification","rows":1,"objective":-2.0000000000000004,"complete":true,"pass":true,"maximum_residual":0.0,"tolerance":1.0e-8},"maximum_cut_violation":0.0},"mode":"master","stage":"source_reserve_benders","variables":3,"nonzeros":5,"rows":3,"round":3,"remaining_work_seconds":65.50189304351807}
GO3_PROGRESS {"epoch_seconds":1.789985212e9,"event":"reserve_benders_solve_begin","actual_limit_seconds":10.0,"pid":23284,"mode":"master","stage":"source_reserve_benders","round":3,"remaining_work_seconds":65.39689302444458}
 MIP      : 
Rows      : 3
Cols      : 3
Nonzeros  : 5
Integer   : 1 (1 binary)
Coefficient ranges:
  Matrix  [1e+00, 3e+00]
  Cost    [2e-01, 1e+00]
  Bound   [1e+00, 1e+00]
  RHS     [1e+00, 3e+00]
Assessing feasibility of MIP using primal feasibility and integrality tolerance of       1e-09
Solution has               num          max          sum
Col     infeasibilities      0            0            0
Integer infeasibilities      0            0            0
Row     infeasibilities      0            0            0
Row     residuals            0            0            0
Presolving model
Presolve rules not allowed:
   Rule 13 (set bit 13 =  8192): Parallel rows and columns
1 rows, 2 cols, 2 nonzeros 0s
0 rows, 0 cols, 0 nonzeros 0s
Presolve reductions: rows 0(-3); columns 0(-3); nonzeros 0(-5) - Reduced to empty
MIP-Timing:     0.00042 - completed presolve
Presolve: Optimal

Src: B => Branching; C => Central rounding; F => Feasibility pump; H => Heuristic;
     I => Shifting; J => Feasibility jump; L => Sub-MIP; P => Empty MIP; R => Randomized rounding;
     S => Solve LP; T => Evaluate node; U => Unbounded; X => User solution; Y => HiGHS solution;
     Z => ZI Round; l => Trivial lower; p => Trivial point; u => Trivial upper; z => Trivial zero

        Nodes      |    B&B Tree     |            Objective Bounds              |  Dynamic Constraints |       Work      
Src  Proc. InQueue |  Leaves   Expl. | BestBound       BestSol              Gap |   Cuts   InLp Confl. | LpIters     Time

         0       0         0   0.00%   -0.75           -0.75              0.00%        0      0      0         0     0.0s

Solving report
  Status            Optimal
  Primal bound      -0.75
  Dual bound        -0.75
  Gap               0% (tolerance: 0.000133%)
  P-D integral      0
  Solution status   feasible
                    -0.75 (objective)
                    0 (bound viol.)
                    0 (int. viol.)
                    0 (row viol.)
  Timing            0.00
                    0.00 (Presolve)
                    0.00 (Solve)
                    0.00 (Postsolve)
  Max sub-MIP depth 0
  Nodes             0
  Repair LPs        0
  LP iterations     0
getKktFailures:: cost norm =        1; bound norm =        3
getKktFailures:                      LP  (abs / rel)         Col (abs / rel)         Row (abs / rel)
getKktFailures: primal infeasibility 8.88e-16 / 2.22e-16     8.88e-16 / 2.22e-16            0 /        0

MIP sub-solver profiling: number of threads used = 1

Thread 0
Solver                    Calls    Time       Time/call      MIP%
MIP                           1  6.0391e-04  6.0391e-04
GO3_PROGRESS {"epoch_seconds":1.789985212023e9,"event":"reserve_benders_solve_returned","solve_seconds":0.0006899833679199219,"pid":23284,"mode":"master","stage":"source_reserve_benders","termination":"OPTIMAL","simplex_iterations":0,"barrier_iterations":-1,"has_primal":true,"native_status":7,"solve_wall_seconds":0.013000011444091797,"round":3,"remaining_work_seconds":65.37389302253723}
GO3_PROGRESS {"epoch_seconds":1.789985212177e9,"event":"reserve_benders_stage_complete","pid":23284,"result_sha256":"7d7759a7e607355469ded391af9d951be253203d9a6742e9d93dc25e8830b413","mode":"master","stage":"source_reserve_benders","round":3,"remaining_work_seconds":65.21989297866821}
