GO3_PROGRESS {"epoch_seconds":1.789835379538e9,"event":"isolated_native_worker_started","raw_case_parsed":false,"pid":17932,"stage":"isolated_native_scheduling","elapsed_native_worker_seconds":0.003000020980834961,"remaining_work_seconds":3648.674860715866}
GO3_PROGRESS {"epoch_seconds":1.789835392813e9,"event":"isolated_native_import_begin","options":{"highs_analysis_level":384,"random_seed":0,"parallel":"off","threads":1,"mip_feasibility_tolerance":1.0e-9,"primal_feasibility_tolerance":1.0e-9,"mip_lp_solver":"simplex","mip_rel_gap":0.001,"log_dev_level":1},"pid":17932,"raw_case_parsed":false,"extraction_metadata_loaded":false,"stage":"isolated_native_scheduling","elapsed_native_worker_seconds":13.277999877929688,"remaining_work_seconds":3635.3998608589172}
Running HiGHS 1.15.1 (git hash: 04024d701f): Copyright (c) 2026 under MIT licence terms
Includes third-party software components, see THIRD_PARTY_NOTICES.md for full details
Using BLAS: libblastrampoline 
GO3_PROGRESS {"epoch_seconds":1.789835395748e9,"event":"isolated_native_import_complete","pid":17932,"variables":15253134,"nonzeros":68232594,"rows":17635208,"stage":"isolated_native_scheduling","seconds":2.884999990463257,"elapsed_native_worker_seconds":16.21299982070923,"remaining_work_seconds":3632.4648609161377}
GO3_PROGRESS {"epoch_seconds":1.789835395771e9,"event":"economic_solve_begin","pid":17932,"stage":"isolated_native_scheduling","actual_solver_limit_seconds":3600.0,"elapsed_native_worker_seconds":16.235999822616577,"remaining_work_seconds":3632.4418609142303}
 MIP      : 
Rows      : 17635208
Cols      : 15253134
Nonzeros  : 68232594
Integer   : 2592720 (2592720 binary)
Coefficient ranges:
  Matrix  [1e-05, 6e+03]
  Cost    [1e-01, 1e+06]
  Bound   [1e-05, 6e+03]
  RHS     [1e-05, 6e+03]
WARNING: Problem has some excessively small column bounds
WARNING: Problem has some excessively small row bounds
Presolving model
Permitted suppression of presolve rules via presolve_rule_off option:
   Rule  6 (set bit  6 =    64): Forcing row
   Rule  7 (set bit  7 =   128): Forcing col
   Rule  8 (set bit  8 =   256): Free col substitution
   Rule  9 (set bit  9 =   512): Doubleton equation
   Rule 10 (set bit 10 =  1024): Dependent equations
   Rule 11 (set bit 11 =  2048): Dependent free columns
   Rule 12 (set bit 12 =  4096): Aggregator
   Rule 13 (set bit 13 =  8192): Parallel rows and columns
   Rule 14 (set bit 14 = 16384): Sparsify
   Rule 15 (set bit 15 = 32768): Probing
   Rule 16 (set bit 16 = 65536): Enumeration
   Rule 17 (set bit 17 = 131072): Dual fixing
   Rule 18 (set bit 18 = 262144): Col stuffing
   Rule 19 (set bit 19 = 524288): Initial sweep
13791058 rows, 15041285 cols, 61767371 nonzeros 75s
Sparsify removed 0.0% of nonzeros
