GO3_PROGRESS {"epoch_seconds":1.789970206301e9,"event":"reserve_benders_worker_started","raw_case_parsed":false,"pid":12776,"native_backend":{"analytic_center_requested":false,"git_hash":"04024d7","library_sha256":"06fa04b2f66ae80f3446e8e2a95ad1bea09faa0414b3151c1764bbb6bf7395c8","root_presolve_only_requested":true,"version":"1.15.1","policy":"root_memory_guard_v1","library_path":"C:\\Users\\thoma\\Documents\\go3-division2-cpu\\environments\\highs-root-memory-build\\bin\\libhighs.dll","highs_int_bits":32,"manifest_sha256":"73ceb849300d5ec00761156f21326c61e5343e1acb856a3206410eee69eba794","floating_point_bits":64,"objective_clique_max_size":0},"mode":"recourse","stage":"source_reserve_benders","round":2,"remaining_work_seconds":97.765549659729}
Running HiGHS 1.15.1 (git hash: 04024d7): Copyright (c) 2026 under MIT licence terms
Includes third-party software components, see THIRD_PARTY_NOTICES.md for full details
GO3_PROGRESS {"epoch_seconds":1.789970207959e9,"event":"reserve_benders_solve_begin","actual_limit_seconds":5.0,"pid":12776,"period":1,"mode":"recourse","stage":"source_reserve_benders","round":2,"remaining_work_seconds":96.1075496673584}
LP has 2 rows; 1 col; 2 nonzeros
Coefficient ranges:
  Matrix  [1e+00, 1e+00]
  Cost    [3e+00, 3e+00]
  Bound   [0e+00, 0e+00]
  RHS     [5e-01, 5e-01]
Presolving model
0 rows, 0 cols, 0 nonzeros 0s
0 rows, 0 cols, 0 nonzeros 0s
Presolve reductions: rows 0(-2); columns 0(-1); nonzeros 0(-2) - Reduced to empty
Performed postsolve
Solving the original LP from the solution after postsolve

Model status        : Optimal
Objective value     :  1.5000000000e+00
P-D objective error :  0.0000000000e+00
HiGHS run time      :          0.00
GO3_PROGRESS {"epoch_seconds":1.789970207979e9,"event":"reserve_benders_solve_returned","solve_seconds":0.00041294097900390625,"pid":12776,"mode":"recourse","stage":"source_reserve_benders","termination":"OPTIMAL","simplex_iterations":0,"barrier_iterations":0,"has_primal":true,"period":1,"native_status":7,"solve_wall_seconds":0.0009999275207519531,"round":2,"remaining_work_seconds":96.08754968643188}
GO3_PROGRESS {"epoch_seconds":1.789970208457e9,"event":"reserve_benders_hour_complete","pid":12776,"mode":"recourse","hours_completed":1,"stage":"source_reserve_benders","hours_required":1,"kind":"cost","period":1,"round":2,"remaining_work_seconds":95.60954976081848}
GO3_PROGRESS {"epoch_seconds":1.789970208706e9,"event":"reserve_benders_incumbent_audited","pid":12776,"mode":"recourse","objective":-2.0000000000000004,"stage":"source_reserve_benders","round":2,"maximum_residual":3.885780586188048e-16,"remaining_work_seconds":95.36054968833923}
GO3_PROGRESS {"epoch_seconds":1.78997020875e9,"event":"reserve_benders_stage_complete","pid":12776,"result_sha256":"e825de2aca0a8f21f10b84eb99229ebc0d1a4832ae08a631557c126130a80efe","mode":"recourse","stage":"source_reserve_benders","round":2,"remaining_work_seconds":95.31654977798462}
