Running HiGHS 1.15.1 (git hash: 04024d7): Copyright (c) 2026 under MIT licence terms
Includes third-party software components, see THIRD_PARTY_NOTICES.md for full details
LP has 210531 rows; 150258 cols; 553235 nonzeros
Coefficient ranges:
  Matrix  [1e+00, 2e+01]
  Cost    [1e+02, 5e+05]
  Bound   [1e-05, 6e+03]
  RHS     [1e-20, 6e+03]
WARNING: Problem has some excessively small column bounds
WARNING: Problem has some excessively small row bounds
Presolving model
39841 rows, 67130 cols, 207433 nonzeros 0s
36580 rows, 67130 cols, 197650 nonzeros 0s
Presolve reductions: rows 36580(-173951); columns 67130(-83128); nonzeros 197650(-355585) 
Solving the presolved LP
Using dual simplex solver
  Iteration        Objective     Infeasibilities num(sum)
          0     2.6087010041e+03 Pr: 96(7708.48) 0.2s
      20579     4.3834429618e+08 Pr: 0(0) 0.6s

Performed postsolve
Solving the original LP from the solution after postsolve

Model status        : Optimal
Simplex   iterations: 20579
Objective value     :  4.3834429618e+08
P-D objective error :  3.6033845963e-15
HiGHS run time      :          0.75
