GO3_PROGRESS {"epoch_seconds":1.789985416478e9,"event":"reserve_benders_worker_started","raw_case_parsed":false,"pid":7580,"native_backend":{"analytic_center_requested":false,"git_hash":"04024d7","library_sha256":"892447b910bab933e5fad23035f8f5c06cf25ac24f93be5b44633edb6e1bb349","root_presolve_only_requested":true,"version":"1.15.1","policy":"root_progress_guard_v1","library_path":"C:\\Users\\thoma\\Documents\\go3-division2-cpu\\environments\\highs-root-progress-build\\bin\\libhighs.dll","highs_int_bits":32,"manifest_sha256":"abb3c9ff808b89d844804cf4c987701f7055d8cdb849fd0fe48cf52ea7bed4a6","floating_point_bits":64,"objective_clique_max_size":0,"root_lp_logging_requested":true},"mode":"recourse","stage":"source_reserve_benders","round":3,"remaining_work_seconds":87.345210313797}
Running HiGHS 1.15.1 (git hash: 04024d7): Copyright (c) 2026 under MIT licence terms
Includes third-party software components, see THIRD_PARTY_NOTICES.md for full details
GO3_PROGRESS {"epoch_seconds":1.789985418133e9,"event":"reserve_benders_solve_begin","actual_limit_seconds":5.0,"pid":7580,"period":1,"mode":"recourse","stage":"source_reserve_benders","round":3,"remaining_work_seconds":85.69021034240723}
LP has 2 rows; 1 col; 2 nonzeros
Coefficient ranges:
  Matrix  [1e+00, 1e+00]
  Cost    [3e+00, 3e+00]
  Bound   [0e+00, 0e+00]
  RHS     [1e+00, 1e+00]
Presolving model
0 rows, 0 cols, 0 nonzeros 0s
0 rows, 0 cols, 0 nonzeros 0s
Presolve reductions: rows 0(-2); columns 0(-1); nonzeros 0(-2) - Reduced to empty
Performed postsolve
Solving the original LP from the solution after postsolve

Model status        : Optimal
Objective value     :  0.0000000000e+00
P-D objective error :  0.0000000000e+00
HiGHS run time      :          0.00
GO3_PROGRESS {"epoch_seconds":1.789985418142e9,"event":"reserve_benders_solve_returned","solve_seconds":0.00038504600524902344,"pid":7580,"mode":"recourse","stage":"source_reserve_benders","termination":"OPTIMAL","simplex_iterations":0,"barrier_iterations":0,"has_primal":true,"period":1,"native_status":7,"solve_wall_seconds":0.0009999275207519531,"round":3,"remaining_work_seconds":85.68121027946472}
GO3_PROGRESS {"epoch_seconds":1.789985418584e9,"event":"reserve_benders_hour_complete","pid":7580,"mode":"recourse","hours_completed":1,"stage":"source_reserve_benders","hours_required":1,"kind":"cost","period":1,"round":3,"remaining_work_seconds":85.23921012878418}
GO3_PROGRESS {"epoch_seconds":1.789985418844e9,"event":"reserve_benders_incumbent_audited","pid":7580,"mode":"recourse","objective":-0.75,"stage":"source_reserve_benders","round":3,"maximum_residual":0.0,"remaining_work_seconds":84.97921013832092}
GO3_PROGRESS {"epoch_seconds":1.789985418887e9,"event":"reserve_benders_stage_complete","pid":7580,"result_sha256":"adc4fa44bfcfe6bde92dadbd1b13ef064879286230dc1dadfae4879e14a522b9","mode":"recourse","stage":"source_reserve_benders","round":3,"remaining_work_seconds":84.93621015548706}
