GO3_PROGRESS {"epoch_seconds":1.789973148655e9,"event":"reserve_benders_worker_started","raw_case_parsed":false,"pid":29612,"native_backend":{"analytic_center_requested":false,"git_hash":"04024d7","library_sha256":"892447b910bab933e5fad23035f8f5c06cf25ac24f93be5b44633edb6e1bb349","root_presolve_only_requested":true,"version":"1.15.1","policy":"root_progress_guard_v1","library_path":"C:\\Users\\thoma\\Documents\\go3-division2-cpu\\environments\\highs-root-progress-build\\bin\\libhighs.dll","highs_int_bits":32,"manifest_sha256":"abb3c9ff808b89d844804cf4c987701f7055d8cdb849fd0fe48cf52ea7bed4a6","floating_point_bits":64,"objective_clique_max_size":4096,"root_lp_logging_requested":true},"mode":"recourse","stage":"source_reserve_benders","round":1,"remaining_work_seconds":1361.0066282749176}
Running HiGHS 1.15.1 (git hash: 04024d7): Copyright (c) 2026 under MIT licence terms
Includes third-party software components, see THIRD_PARTY_NOTICES.md for full details
GO3_PROGRESS {"epoch_seconds":1.789973150703e9,"event":"reserve_benders_solve_begin","actual_limit_seconds":30.0,"pid":29612,"period":1,"mode":"recourse","stage":"source_reserve_benders","round":1,"remaining_work_seconds":1358.9586281776428}
LP has 210447 rows; 150174 cols; 553067 nonzeros
Coefficient ranges:
  Matrix  [1e+00, 2e+01]
  Cost    [1e+02, 5e+05]
  Bound   [1e-05, 6e+03]
  RHS     [1e-20, 6e+03]
WARNING: Problem has some excessively small column bounds
WARNING: Problem has some excessively small row bounds
Presolving model
40179 rows, 68324 cols, 212365 nonzeros 0s
37312 rows, 68324 cols, 203764 nonzeros 0s
Presolve reductions: rows 37312(-173135); columns 68324(-81850); nonzeros 203764(-349303) 
Solving the presolved LP
Using dual simplex solver
  Iteration        Objective     Infeasibilities num(sum)
          0     2.5967249924e+03 Pr: 96(7643.77) 0.2s
      21064     4.2257175987e+08 Pr: 0(0) 0.6s

Performed postsolve
Solving the original LP from the solution after postsolve

Model status        : Optimal
Simplex   iterations: 21064
Objective value     :  4.2257175987e+08
P-D objective error :  2.6094643130e-15
HiGHS run time      :          0.71
GO3_PROGRESS {"epoch_seconds":1.789973151424e9,"event":"reserve_benders_solve_returned","solve_seconds":0.7101840972900391,"pid":29612,"mode":"recourse","stage":"source_reserve_benders","termination":"OPTIMAL","simplex_iterations":21064,"barrier_iterations":0,"has_primal":true,"period":1,"native_status":7,"solve_wall_seconds":0.7109999656677246,"round":1,"remaining_work_seconds":1358.2376282215118}
GO3_PROGRESS {"epoch_seconds":1.78997315212e9,"event":"reserve_benders_hour_complete","pid":29612,"mode":"recourse","hours_completed":1,"stage":"source_reserve_benders","hours_required":48,"kind":"cost","period":1,"round":1,"remaining_work_seconds":1357.5416283607483}
Running HiGHS 1.15.1 (git hash: 04024d7): Copyright (c) 2026 under MIT licence terms
Includes third-party software components, see THIRD_PARTY_NOTICES.md for full details
GO3_PROGRESS {"epoch_seconds":1.789973152305e9,"event":"reserve_benders_solve_begin","actual_limit_seconds":30.0,"pid":29612,"period":2,"mode":"recourse","stage":"source_reserve_benders","round":1,"remaining_work_seconds":1357.3566281795502}
LP has 210423 rows; 150150 cols; 553019 nonzeros
Coefficient ranges:
  Matrix  [1e+00, 2e+01]
  Cost    [1e+02, 5e+05]
  Bound   [1e-05, 6e+03]
  RHS     [1e-20, 6e+03]
WARNING: Problem has some excessively small column bounds
WARNING: Problem has some excessively small row bounds
Presolving model
40313 rows, 68772 cols, 214130 nonzeros 0s
37517 rows, 68772 cols, 205742 nonzeros 0s
Presolve reductions: rows 37517(-172906); columns 68772(-81378); nonzeros 205742(-347277) 
Solving the presolved LP
Using dual simplex solver
  Iteration        Objective     Infeasibilities num(sum)
          0     2.4423210113e+03 Pr: 96(7704.55) 0.2s
      21026     4.3109297216e+08 Pr: 0(0) 0.6s

Performed postsolve
Solving the original LP from the solution after postsolve

Model status        : Optimal
Simplex   iterations: 21026
Objective value     :  4.3109297216e+08
P-D objective error :  1.9356961950e-15
HiGHS run time      :          0.77
GO3_PROGRESS {"epoch_seconds":1.789973153081e9,"event":"reserve_benders_solve_returned","solve_seconds":0.7730228900909424,"pid":29612,"mode":"recourse","stage":"source_reserve_benders","termination":"OPTIMAL","simplex_iterations":21026,"barrier_iterations":0,"has_primal":true,"period":2,"native_status":7,"solve_wall_seconds":0.7750000953674316,"round":1,"remaining_work_seconds":1356.580628156662}
GO3_PROGRESS {"epoch_seconds":1.789973153169e9,"event":"reserve_benders_hour_complete","pid":29612,"mode":"recourse","hours_completed":2,"stage":"source_reserve_benders","hours_required":48,"kind":"cost","period":2,"round":1,"remaining_work_seconds":1356.4926283359528}
Running HiGHS 1.15.1 (git hash: 04024d7): Copyright (c) 2026 under MIT licence terms
Includes third-party software components, see THIRD_PARTY_NOTICES.md for full details
GO3_PROGRESS {"epoch_seconds":1.789973153351e9,"event":"reserve_benders_solve_begin","actual_limit_seconds":30.0,"pid":29612,"period":3,"mode":"recourse","stage":"source_reserve_benders","round":1,"remaining_work_seconds":1356.3106281757355}
LP has 210413 rows; 150140 cols; 552999 nonzeros
Coefficient ranges:
  Matrix  [1e+00, 2e+01]
  Cost    [1e+02, 5e+05]
  Bound   [1e-05, 6e+03]
  RHS     [1e-20, 6e+03]
WARNING: Problem has some excessively small column bounds
WARNING: Problem has some excessively small row bounds
Presolving model
40370 rows, 68935 cols, 214940 nonzeros 0s
37637 rows, 68935 cols, 206741 nonzeros 0s
Presolve reductions: rows 37637(-172776); columns 68935(-81205); nonzeros 206741(-346258) 
Solving the presolved LP
Using dual simplex solver
  Iteration        Objective     Infeasibilities num(sum)
          0     2.4816930057e+03 Pr: 96(7729.52) 0.2s
      21265     4.3385820926e+08 Pr: 0(0) 0.6s

Performed postsolve
Solving the original LP from the solution after postsolve

Model status        : Optimal
Simplex   iterations: 21265
Objective value     :  4.3385820925e+08
P-D objective error :  2.4728899485e-15
HiGHS run time      :          0.78
GO3_PROGRESS {"epoch_seconds":1.789973154129e9,"event":"reserve_benders_solve_returned","solve_seconds":0.7752859592437744,"pid":29612,"mode":"recourse","stage":"source_reserve_benders","termination":"OPTIMAL","simplex_iterations":21265,"barrier_iterations":0,"has_primal":true,"period":3,"native_status":7,"solve_wall_seconds":0.7769999504089355,"round":1,"remaining_work_seconds":1355.5326282978058}
GO3_PROGRESS {"epoch_seconds":1.789973154225e9,"event":"reserve_benders_hour_complete","pid":29612,"mode":"recourse","hours_completed":3,"stage":"source_reserve_benders","hours_required":48,"kind":"cost","period":3,"round":1,"remaining_work_seconds":1355.4366283416748}
Running HiGHS 1.15.1 (git hash: 04024d7): Copyright (c) 2026 under MIT licence terms
Includes third-party software components, see THIRD_PARTY_NOTICES.md for full details
GO3_PROGRESS {"epoch_seconds":1.789973154406e9,"event":"reserve_benders_solve_begin","actual_limit_seconds":30.0,"pid":29612,"period":4,"mode":"recourse","stage":"source_reserve_benders","round":1,"remaining_work_seconds":1355.2556283473969}
LP has 210401 rows; 150128 cols; 552975 nonzeros
Coefficient ranges:
  Matrix  [1e+00, 2e+01]
  Cost    [1e+02, 5e+05]
  Bound   [1e-05, 6e+03]
  RHS     [3e-20, 6e+03]
WARNING: Problem has some excessively small column bounds
WARNING: Problem has some excessively small row bounds
Presolving model
40401 rows, 68960 cols, 215288 nonzeros 0s
37699 rows, 68960 cols, 207182 nonzeros 0s
Presolve reductions: rows 37699(-172702); columns 68960(-81168); nonzeros 207182(-345793) 
Solving the presolved LP
Using dual simplex solver
  Iteration        Objective     Infeasibilities num(sum)
          0     2.0771390993e+03 Pr: 96(7732.94) 0.2s
      21159     4.3413435781e+08 Pr: 0(0) 0.6s

Performed postsolve
Solving the original LP from the solution after postsolve

Model status        : Optimal
Simplex   iterations: 21159
Objective value     :  4.3413435781e+08
P-D objective error :  2.7459077419e-15
HiGHS run time      :          0.78
GO3_PROGRESS {"epoch_seconds":1.789973155193e9,"event":"reserve_benders_solve_returned","solve_seconds":0.7839112281799316,"pid":29612,"mode":"recourse","stage":"source_reserve_benders","termination":"OPTIMAL","simplex_iterations":21159,"barrier_iterations":0,"has_primal":true,"period":4,"native_status":7,"solve_wall_seconds":0.7840001583099365,"round":1,"remaining_work_seconds":1354.468628168106}
GO3_PROGRESS {"epoch_seconds":1.78997315529e9,"event":"reserve_benders_hour_complete","pid":29612,"mode":"recourse","hours_completed":4,"stage":"source_reserve_benders","hours_required":48,"kind":"cost","period":4,"round":1,"remaining_work_seconds":1354.3716282844543}
Running HiGHS 1.15.1 (git hash: 04024d7): Copyright (c) 2026 under MIT licence terms
Includes third-party software components, see THIRD_PARTY_NOTICES.md for full details
GO3_PROGRESS {"epoch_seconds":1.789973155471e9,"event":"reserve_benders_solve_begin","actual_limit_seconds":30.0,"pid":29612,"period":5,"mode":"recourse","stage":"source_reserve_benders","round":1,"remaining_work_seconds":1354.1906282901764}
LP has 210383 rows; 150110 cols; 552939 nonzeros
Coefficient ranges:
  Matrix  [1e+00, 2e+01]
  Cost    [1e+02, 5e+05]
  Bound   [1e-05, 6e+03]
  RHS     [1e-20, 6e+03]
WARNING: Problem has some excessively small column bounds
WARNING: Problem has some excessively small row bounds
Presolving model
40452 rows, 68997 cols, 215582 nonzeros 0s
37719 rows, 68997 cols, 207383 nonzeros 0s
Presolve reductions: rows 37719(-172664); columns 68997(-81113); nonzeros 207383(-345556) 
Solving the presolved LP
Using dual simplex solver
  Iteration        Objective     Infeasibilities num(sum)
          0     2.1178370067e+03 Pr: 96(7736.28) 0.2s
      20706     4.3481482530e+08 Pr: 0(0) 0.6s

Performed postsolve
Solving the original LP from the solution after postsolve

Model status        : Optimal
Simplex   iterations: 20706
Objective value     :  4.3481482530e+08
P-D objective error :  2.2618286692e-15
HiGHS run time      :          0.74
GO3_PROGRESS {"epoch_seconds":1.789973156214e9,"event":"reserve_benders_solve_returned","solve_seconds":0.7389919757843018,"pid":29612,"mode":"recourse","stage":"source_reserve_benders","termination":"OPTIMAL","simplex_iterations":20706,"barrier_iterations":0,"has_primal":true,"period":5,"native_status":7,"solve_wall_seconds":0.7409999370574951,"round":1,"remaining_work_seconds":1353.4476282596588}
GO3_PROGRESS {"epoch_seconds":1.789973156301e9,"event":"reserve_benders_hour_complete","pid":29612,"mode":"recourse","hours_completed":5,"stage":"source_reserve_benders","hours_required":48,"kind":"cost","period":5,"round":1,"remaining_work_seconds":1353.3606281280518}
Running HiGHS 1.15.1 (git hash: 04024d7): Copyright (c) 2026 under MIT licence terms
Includes third-party software components, see THIRD_PARTY_NOTICES.md for full details
GO3_PROGRESS {"epoch_seconds":1.789973156482e9,"event":"reserve_benders_solve_begin","actual_limit_seconds":30.0,"pid":29612,"period":6,"mode":"recourse","stage":"source_reserve_benders","round":1,"remaining_work_seconds":1353.1796281337738}
LP has 210407 rows; 150134 cols; 552987 nonzeros
Coefficient ranges:
  Matrix  [1e+00, 2e+01]
  Cost    [1e+02, 5e+05]
  Bound   [1e-05, 6e+03]
  RHS     [3e-20, 6e+03]
WARNING: Problem has some excessively small column bounds
WARNING: Problem has some excessively small row bounds
Presolving model
40394 rows, 69007 cols, 215302 nonzeros 0s
37683 rows, 69007 cols, 207169 nonzeros 0s
Presolve reductions: rows 37683(-172724); columns 69007(-81127); nonzeros 207169(-345818) 
Solving the presolved LP
Using dual simplex solver
  Iteration        Objective     Infeasibilities num(sum)
          0     1.3385580024e+03 Pr: 96(7755.93) 0.2s
      21157     4.3783509198e+08 Pr: 0(0) 0.6s

Performed postsolve
Solving the original LP from the solution after postsolve

Model status        : Optimal
Simplex   iterations: 21157
Objective value     :  4.3783509198e+08
P-D objective error :  3.0630356736e-15
HiGHS run time      :          0.77
GO3_PROGRESS {"epoch_seconds":1.789973157254e9,"event":"reserve_benders_solve_returned","solve_seconds":0.7691888809204102,"pid":29612,"mode":"recourse","stage":"source_reserve_benders","termination":"OPTIMAL","simplex_iterations":21157,"barrier_iterations":0,"has_primal":true,"period":6,"native_status":7,"solve_wall_seconds":0.7709999084472656,"round":1,"remaining_work_seconds":1352.4076282978058}
GO3_PROGRESS {"epoch_seconds":1.789973157347e9,"event":"reserve_benders_hour_complete","pid":29612,"mode":"recourse","hours_completed":6,"stage":"source_reserve_benders","hours_required":48,"kind":"cost","period":6,"round":1,"remaining_work_seconds":1352.3146283626556}
Running HiGHS 1.15.1 (git hash: 04024d7): Copyright (c) 2026 under MIT licence terms
Includes third-party software components, see THIRD_PARTY_NOTICES.md for full details
GO3_PROGRESS {"epoch_seconds":1.789973157527e9,"event":"reserve_benders_solve_begin","actual_limit_seconds":30.0,"pid":29612,"period":7,"mode":"recourse","stage":"source_reserve_benders","round":1,"remaining_work_seconds":1352.1346282958984}
LP has 210437 rows; 150164 cols; 553047 nonzeros
Coefficient ranges:
  Matrix  [1e+00, 2e+01]
  Cost    [1e+02, 5e+05]
  Bound   [1e-05, 6e+03]
  RHS     [1e-20, 6e+03]
WARNING: Problem has some excessively small column bounds
WARNING: Problem has some excessively small row bounds
Presolving model
40396 rows, 69030 cols, 215087 nonzeros 0s
37611 rows, 69030 cols, 206732 nonzeros 0s
Presolve reductions: rows 37611(-172826); columns 69030(-81134); nonzeros 206732(-346315) 
Solving the presolved LP
Using dual simplex solver
  Iteration        Objective     Infeasibilities num(sum)
          0     3.0080379978e+03 Pr: 96(7785.87) 0.2s
      20918     4.4269902621e+08 Pr: 0(0) 0.6s

Performed postsolve
Solving the original LP from the solution after postsolve

Model status        : Optimal
Simplex   iterations: 20918
Objective value     :  4.4269902621e+08
P-D objective error :  2.9620624983e-15
HiGHS run time      :          0.77
GO3_PROGRESS {"epoch_seconds":1.7899731583e9,"event":"reserve_benders_solve_returned","solve_seconds":0.7707741260528564,"pid":29612,"mode":"recourse","stage":"source_reserve_benders","termination":"OPTIMAL","simplex_iterations":20918,"barrier_iterations":0,"has_primal":true,"period":7,"native_status":7,"solve_wall_seconds":0.7719998359680176,"round":1,"remaining_work_seconds":1351.361628293991}
GO3_PROGRESS {"epoch_seconds":1.78997315839e9,"event":"reserve_benders_hour_complete","pid":29612,"mode":"recourse","hours_completed":7,"stage":"source_reserve_benders","hours_required":48,"kind":"cost","period":7,"round":1,"remaining_work_seconds":1351.2716281414032}
Running HiGHS 1.15.1 (git hash: 04024d7): Copyright (c) 2026 under MIT licence terms
Includes third-party software components, see THIRD_PARTY_NOTICES.md for full details
GO3_PROGRESS {"epoch_seconds":1.789973158571e9,"event":"reserve_benders_solve_begin","actual_limit_seconds":30.0,"pid":29612,"period":8,"mode":"recourse","stage":"source_reserve_benders","round":1,"remaining_work_seconds":1351.0906281471252}
LP has 210441 rows; 150168 cols; 553055 nonzeros
Coefficient ranges:
  Matrix  [1e+00, 2e+01]
  Cost    [1e+02, 5e+05]
  Bound   [1e-05, 6e+03]
  RHS     [1e-20, 6e+03]
WARNING: Problem has some excessively small column bounds
WARNING: Problem has some excessively small row bounds
Presolving model
40351 rows, 68839 cols, 214182 nonzeros 0s
37498 rows, 68839 cols, 205623 nonzeros 0s
Presolve reductions: rows 37498(-172943); columns 68839(-81329); nonzeros 205623(-347432) 
Solving the presolved LP
Using dual simplex solver
  Iteration        Objective     Infeasibilities num(sum)
          0     2.5670319969e+03 Pr: 96(7798.6) 0.2s
      20915     4.4550272587e+08 Pr: 0(0) 0.6s

Performed postsolve
Solving the original LP from the solution after postsolve

Model status        : Optimal
Simplex   iterations: 20915
Objective value     :  4.4550272587e+08
P-D objective error :  2.6089415492e-15
HiGHS run time      :          0.77
GO3_PROGRESS {"epoch_seconds":1.789973159344e9,"event":"reserve_benders_solve_returned","solve_seconds":0.7697570323944092,"pid":29612,"mode":"recourse","stage":"source_reserve_benders","termination":"OPTIMAL","simplex_iterations":20915,"barrier_iterations":0,"has_primal":true,"period":8,"native_status":7,"solve_wall_seconds":0.7710001468658447,"round":1,"remaining_work_seconds":1350.317628145218}
GO3_PROGRESS {"epoch_seconds":1.789973159434e9,"event":"reserve_benders_hour_complete","pid":29612,"mode":"recourse","hours_completed":8,"stage":"source_reserve_benders","hours_required":48,"kind":"cost","period":8,"round":1,"remaining_work_seconds":1350.2276282310486}
Running HiGHS 1.15.1 (git hash: 04024d7): Copyright (c) 2026 under MIT licence terms
Includes third-party software components, see THIRD_PARTY_NOTICES.md for full details
GO3_PROGRESS {"epoch_seconds":1.789973159616e9,"event":"reserve_benders_solve_begin","actual_limit_seconds":30.0,"pid":29612,"period":9,"mode":"recourse","stage":"source_reserve_benders","round":1,"remaining_work_seconds":1350.0456283092499}
LP has 210455 rows; 150182 cols; 553083 nonzeros
Coefficient ranges:
  Matrix  [1e+00, 2e+01]
  Cost    [1e+02, 5e+05]
  Bound   [1e-05, 6e+03]
  RHS     [1e-20, 6e+03]
WARNING: Problem has some excessively small column bounds
WARNING: Problem has some excessively small row bounds
Presolving model
40240 rows, 68444 cols, 212685 nonzeros 0s
37343 rows, 68444 cols, 203994 nonzeros 0s
Presolve reductions: rows 37343(-173112); columns 68444(-81738); nonzeros 203994(-349089) 
Solving the presolved LP
Using dual simplex solver
  Iteration        Objective     Infeasibilities num(sum)
          0     3.2444320025e+03 Pr: 96(7770.28) 0.2s
      21158     4.4135735801e+08 Pr: 0(0) 0.6s

Performed postsolve
Solving the original LP from the solution after postsolve

Model status        : Optimal
Simplex   iterations: 21158
Objective value     :  4.4135735801e+08
P-D objective error :  2.8360182880e-15
HiGHS run time      :          0.80
GO3_PROGRESS {"epoch_seconds":1.789973160415e9,"event":"reserve_benders_solve_returned","solve_seconds":0.7960641384124756,"pid":29612,"mode":"recourse","stage":"source_reserve_benders","termination":"OPTIMAL","simplex_iterations":21158,"barrier_iterations":0,"has_primal":true,"period":9,"native_status":7,"solve_wall_seconds":0.7979998588562012,"round":1,"remaining_work_seconds":1349.2466282844543}
GO3_PROGRESS {"epoch_seconds":1.789973160499e9,"event":"reserve_benders_hour_complete","pid":29612,"mode":"recourse","hours_completed":9,"stage":"source_reserve_benders","hours_required":48,"kind":"cost","period":9,"round":1,"remaining_work_seconds":1349.1626281738281}
Running HiGHS 1.15.1 (git hash: 04024d7): Copyright (c) 2026 under MIT licence terms
Includes third-party software components, see THIRD_PARTY_NOTICES.md for full details
GO3_PROGRESS {"epoch_seconds":1.78997316068e9,"event":"reserve_benders_solve_begin","actual_limit_seconds":30.0,"pid":29612,"period":10,"mode":"recourse","stage":"source_reserve_benders","round":1,"remaining_work_seconds":1348.9816281795502}
LP has 210471 rows; 150198 cols; 553115 nonzeros
Coefficient ranges:
  Matrix  [1e+00, 2e+01]
  Cost    [1e+02, 5e+05]
  Bound   [1e-05, 6e+03]
  RHS     [1e-20, 6e+03]
WARNING: Problem has some excessively small column bounds
WARNING: Problem has some excessively small row bounds
Presolving model
40055 rows, 67939 cols, 210903 nonzeros 0s
37085 rows, 67939 cols, 201993 nonzeros 0s
Presolve reductions: rows 37085(-173386); columns 67939(-82259); nonzeros 201993(-351122) 
Solving the presolved LP
Using dual simplex solver
  Iteration        Objective     Infeasibilities num(sum)
          0     2.3730620071e+03 Pr: 96(7779.93) 0.2s
      21079     4.4397079604e+08 Pr: 0(0) 0.6s

Performed postsolve
Solving the original LP from the solution after postsolve

Model status        : Optimal
Simplex   iterations: 21079
Objective value     :  4.4397079604e+08
P-D objective error :  3.3563381443e-15
HiGHS run time      :          0.77
GO3_PROGRESS {"epoch_seconds":1.789973161452e9,"event":"reserve_benders_solve_returned","solve_seconds":0.768841028213501,"pid":29612,"mode":"recourse","stage":"source_reserve_benders","termination":"OPTIMAL","simplex_iterations":21079,"barrier_iterations":0,"has_primal":true,"period":10,"native_status":7,"solve_wall_seconds":0.7709999084472656,"round":1,"remaining_work_seconds":1348.2096283435822}
GO3_PROGRESS {"epoch_seconds":1.789973161545e9,"event":"reserve_benders_hour_complete","pid":29612,"mode":"recourse","hours_completed":10,"stage":"source_reserve_benders","hours_required":48,"kind":"cost","period":10,"round":1,"remaining_work_seconds":1348.1166281700134}
Running HiGHS 1.15.1 (git hash: 04024d7): Copyright (c) 2026 under MIT licence terms
Includes third-party software components, see THIRD_PARTY_NOTICES.md for full details
GO3_PROGRESS {"epoch_seconds":1.789973161723e9,"event":"reserve_benders_solve_begin","actual_limit_seconds":30.0,"pid":29612,"period":11,"mode":"recourse","stage":"source_reserve_benders","round":1,"remaining_work_seconds":1347.9386281967163}
LP has 210489 rows; 150216 cols; 553151 nonzeros
Coefficient ranges:
  Matrix  [1e+00, 2e+01]
  Cost    [1e+02, 5e+05]
  Bound   [1e-05, 6e+03]
  RHS     [1e-20, 6e+03]
WARNING: Problem has some excessively small column bounds
WARNING: Problem has some excessively small row bounds
Presolving model
40049 rows, 67671 cols, 210074 nonzeros 0s
36988 rows, 67671 cols, 200891 nonzeros 0s
Presolve reductions: rows 36988(-173501); columns 67671(-82545); nonzeros 200891(-352260) 
Solving the presolved LP
Using dual simplex solver
  Iteration        Objective     Infeasibilities num(sum)
          0     2.8034970073e+03 Pr: 96(7758.42) 0.2s
      21068     4.4058649002e+08 Pr: 0(0) 0.6s

Performed postsolve
Solving the original LP from the solution after postsolve

Model status        : Optimal
Simplex   iterations: 21068
Objective value     :  4.4058649002e+08
P-D objective error :  3.5850465698e-15
HiGHS run time      :          0.77
GO3_PROGRESS {"epoch_seconds":1.789973162499e9,"event":"reserve_benders_solve_returned","solve_seconds":0.7731928825378418,"pid":29612,"mode":"recourse","stage":"source_reserve_benders","termination":"OPTIMAL","simplex_iterations":21068,"barrier_iterations":0,"has_primal":true,"period":11,"native_status":7,"solve_wall_seconds":0.7750000953674316,"round":1,"remaining_work_seconds":1347.1626281738281}
GO3_PROGRESS {"epoch_seconds":1.789973162593e9,"event":"reserve_benders_hour_complete","pid":29612,"mode":"recourse","hours_completed":11,"stage":"source_reserve_benders","hours_required":48,"kind":"cost","period":11,"round":1,"remaining_work_seconds":1347.0686283111572}
Running HiGHS 1.15.1 (git hash: 04024d7): Copyright (c) 2026 under MIT licence terms
Includes third-party software components, see THIRD_PARTY_NOTICES.md for full details
GO3_PROGRESS {"epoch_seconds":1.789973162772e9,"event":"reserve_benders_solve_begin","actual_limit_seconds":30.0,"pid":29612,"period":12,"mode":"recourse","stage":"source_reserve_benders","round":1,"remaining_work_seconds":1346.8896281719208}
LP has 210499 rows; 150226 cols; 553171 nonzeros
Coefficient ranges:
  Matrix  [1e+00, 2e+01]
  Cost    [1e+02, 5e+05]
  Bound   [1e-05, 6e+03]
  RHS     [1e-20, 6e+03]
WARNING: Problem has some excessively small column bounds
WARNING: Problem has some excessively small row bounds
Presolving model
40109 rows, 67632 cols, 209914 nonzeros 0s
36957 rows, 67632 cols, 200458 nonzeros 0s
Presolve reductions: rows 36957(-173542); columns 67632(-82594); nonzeros 200458(-352713) 
Solving the presolved LP
Using dual simplex solver
  Iteration        Objective     Infeasibilities num(sum)
          0     2.6167840009e+03 Pr: 96(7767.03) 0.2s
      21168     4.4186952787e+08 Pr: 0(0) 0.6s

Performed postsolve
Solving the original LP from the solution after postsolve

Model status        : Optimal
Simplex   iterations: 21168
Objective value     :  4.4186952787e+08
P-D objective error :  4.0467586662e-15
HiGHS run time      :          0.77
GO3_PROGRESS {"epoch_seconds":1.789973163549e9,"event":"reserve_benders_solve_returned","solve_seconds":0.7727968692779541,"pid":29612,"mode":"recourse","stage":"source_reserve_benders","termination":"OPTIMAL","simplex_iterations":21168,"barrier_iterations":0,"has_primal":true,"period":12,"native_status":7,"solve_wall_seconds":0.7740001678466797,"round":1,"remaining_work_seconds":1346.1126282215118}
GO3_PROGRESS {"epoch_seconds":1.789973163642e9,"event":"reserve_benders_hour_complete","pid":29612,"mode":"recourse","hours_completed":12,"stage":"source_reserve_benders","hours_required":48,"kind":"cost","period":12,"round":1,"remaining_work_seconds":1346.0196282863617}
Running HiGHS 1.15.1 (git hash: 04024d7): Copyright (c) 2026 under MIT licence terms
Includes third-party software components, see THIRD_PARTY_NOTICES.md for full details
GO3_PROGRESS {"epoch_seconds":1.789973163824e9,"event":"reserve_benders_solve_begin","actual_limit_seconds":30.0,"pid":29612,"period":13,"mode":"recourse","stage":"source_reserve_benders","round":1,"remaining_work_seconds":1345.837628364563}
LP has 210517 rows; 150244 cols; 553207 nonzeros
Coefficient ranges:
  Matrix  [1e+00, 2e+01]
  Cost    [1e+02, 5e+05]
  Bound   [1e-05, 6e+03]
  RHS     [1e-20, 6e+03]
WARNING: Problem has some excessively small column bounds
WARNING: Problem has some excessively small row bounds
Presolving model
40117 rows, 67590 cols, 209706 nonzeros 0s
36915 rows, 67590 cols, 200100 nonzeros 0s
Presolve reductions: rows 36915(-173602); columns 67590(-82654); nonzeros 200100(-353107) 
Solving the presolved LP
Using dual simplex solver
  Iteration        Objective     Infeasibilities num(sum)
          0     1.7685330027e+03 Pr: 96(7725.51) 0.2s
      20835     4.3597049710e+08 Pr: 0(0) 0.6s

Performed postsolve
Solving the original LP from the solution after postsolve

Model status        : Optimal
Simplex   iterations: 20835
Objective value     :  4.3597049710e+08
P-D objective error :  2.8710601914e-15
HiGHS run time      :          0.78
GO3_PROGRESS {"epoch_seconds":1.789973164602e9,"event":"reserve_benders_solve_returned","solve_seconds":0.775911808013916,"pid":29612,"mode":"recourse","stage":"source_reserve_benders","termination":"OPTIMAL","simplex_iterations":20835,"barrier_iterations":0,"has_primal":true,"period":13,"native_status":7,"solve_wall_seconds":0.7769999504089355,"round":1,"remaining_work_seconds":1345.0596282482147}
GO3_PROGRESS {"epoch_seconds":1.78997316468e9,"event":"reserve_benders_hour_complete","pid":29612,"mode":"recourse","hours_completed":13,"stage":"source_reserve_benders","hours_required":48,"kind":"cost","period":13,"round":1,"remaining_work_seconds":1344.9816281795502}
Running HiGHS 1.15.1 (git hash: 04024d7): Copyright (c) 2026 under MIT licence terms
Includes third-party software components, see THIRD_PARTY_NOTICES.md for full details
GO3_PROGRESS {"epoch_seconds":1.789973164869e9,"event":"reserve_benders_solve_begin","actual_limit_seconds":30.0,"pid":29612,"period":14,"mode":"recourse","stage":"source_reserve_benders","round":1,"remaining_work_seconds":1344.792628288269}
LP has 210505 rows; 150232 cols; 553183 nonzeros
Coefficient ranges:
  Matrix  [1e+00, 2e+01]
  Cost    [1e+02, 5e+05]
  Bound   [1e-05, 6e+03]
  RHS     [1e-20, 6e+03]
WARNING: Problem has some excessively small column bounds
WARNING: Problem has some excessively small row bounds
Presolving model
40113 rows, 67567 cols, 209481 nonzeros 0s
36877 rows, 67567 cols, 199773 nonzeros 0s
Presolve reductions: rows 36877(-173628); columns 67567(-82665); nonzeros 199773(-353410) 
Solving the presolved LP
Using dual simplex solver
  Iteration        Objective     Infeasibilities num(sum)
          0     2.4596300058e+03 Pr: 96(7721.56) 0.2s
      20707     4.3552329140e+08 Pr: 0(0) 0.6s

Performed postsolve
Solving the original LP from the solution after postsolve

Model status        : Optimal
Simplex   iterations: 20707
Objective value     :  4.3552329140e+08
P-D objective error :  3.6951534829e-15
HiGHS run time      :          0.75
GO3_PROGRESS {"epoch_seconds":1.789973165622e9,"event":"reserve_benders_solve_returned","solve_seconds":0.7504701614379883,"pid":29612,"mode":"recourse","stage":"source_reserve_benders","termination":"OPTIMAL","simplex_iterations":20707,"barrier_iterations":0,"has_primal":true,"period":14,"native_status":7,"solve_wall_seconds":0.752000093460083,"round":1,"remaining_work_seconds":1344.0396282672882}
GO3_PROGRESS {"epoch_seconds":1.789973165711e9,"event":"reserve_benders_hour_complete","pid":29612,"mode":"recourse","hours_completed":14,"stage":"source_reserve_benders","hours_required":48,"kind":"cost","period":14,"round":1,"remaining_work_seconds":1343.9506282806396}
Running HiGHS 1.15.1 (git hash: 04024d7): Copyright (c) 2026 under MIT licence terms
Includes third-party software components, see THIRD_PARTY_NOTICES.md for full details
GO3_PROGRESS {"epoch_seconds":1.789973165894e9,"event":"reserve_benders_solve_begin","actual_limit_seconds":30.0,"pid":29612,"period":15,"mode":"recourse","stage":"source_reserve_benders","round":1,"remaining_work_seconds":1343.7676281929016}
LP has 210517 rows; 150244 cols; 553207 nonzeros
Coefficient ranges:
  Matrix  [1e+00, 2e+01]
  Cost    [1e+02, 5e+05]
  Bound   [1e-05, 6e+03]
  RHS     [1e-20, 6e+03]
WARNING: Problem has some excessively small column bounds
WARNING: Problem has some excessively small row bounds
Presolving model
40128 rows, 67539 cols, 209300 nonzeros 0s
36835 rows, 67539 cols, 199421 nonzeros 0s
Presolve reductions: rows 36835(-173682); columns 67539(-82705); nonzeros 199421(-353786) 
Solving the presolved LP
Using dual simplex solver
  Iteration        Objective     Infeasibilities num(sum)
          0     2.3790930026e+03 Pr: 96(7726.21) 0.2s
      21134     4.3712185890e+08 Pr: 0(0) 0.6s

Performed postsolve
Solving the original LP from the solution after postsolve

Model status        : Optimal
Simplex   iterations: 21134
Objective value     :  4.3712185890e+08
P-D objective error :  2.7271408873e-15
HiGHS run time      :          0.76
GO3_PROGRESS {"epoch_seconds":1.789973166651e9,"event":"reserve_benders_solve_returned","solve_seconds":0.755059003829956,"pid":29612,"mode":"recourse","stage":"source_reserve_benders","termination":"OPTIMAL","simplex_iterations":21134,"barrier_iterations":0,"has_primal":true,"period":15,"native_status":7,"solve_wall_seconds":0.7569999694824219,"round":1,"remaining_work_seconds":1343.0106282234192}
GO3_PROGRESS {"epoch_seconds":1.789973166742e9,"event":"reserve_benders_hour_complete","pid":29612,"mode":"recourse","hours_completed":15,"stage":"source_reserve_benders","hours_required":48,"kind":"cost","period":15,"round":1,"remaining_work_seconds":1342.9196281433105}
Running HiGHS 1.15.1 (git hash: 04024d7): Copyright (c) 2026 under MIT licence terms
Includes third-party software components, see THIRD_PARTY_NOTICES.md for full details
GO3_PROGRESS {"epoch_seconds":1.789973166923e9,"event":"reserve_benders_solve_begin","actual_limit_seconds":30.0,"pid":29612,"period":16,"mode":"recourse","stage":"source_reserve_benders","round":1,"remaining_work_seconds":1342.7386281490326}
LP has 210529 rows; 150256 cols; 553231 nonzeros
Coefficient ranges:
  Matrix  [1e+00, 2e+01]
  Cost    [1e+02, 5e+05]
  Bound   [1e-05, 6e+03]
  RHS     [1e-20, 6e+03]
WARNING: Problem has some excessively small column bounds
WARNING: Problem has some excessively small row bounds
Presolving model
40128 rows, 67507 cols, 208996 nonzeros 0s
36795 rows, 67507 cols, 198997 nonzeros 0s
Presolve reductions: rows 36795(-173734); columns 67507(-82749); nonzeros 198997(-354234) 
Solving the presolved LP
Using dual simplex solver
  Iteration        Objective     Infeasibilities num(sum)
          0     2.5607870013e+03 Pr: 96(7746.27) 0.2s
      20536     4.4281063548e+08 Pr: 0(0) 0.6s

Performed postsolve
Solving the original LP from the solution after postsolve

Model status        : Optimal
Simplex   iterations: 20536
Objective value     :  4.4281063548e+08
P-D objective error :  2.8267106492e-15
HiGHS run time      :          0.74
GO3_PROGRESS {"epoch_seconds":1.789973167668e9,"event":"reserve_benders_solve_returned","solve_seconds":0.7422902584075928,"pid":29612,"mode":"recourse","stage":"source_reserve_benders","termination":"OPTIMAL","simplex_iterations":20536,"barrier_iterations":0,"has_primal":true,"period":16,"native_status":7,"solve_wall_seconds":0.7430000305175781,"round":1,"remaining_work_seconds":1341.9936282634735}
GO3_PROGRESS {"epoch_seconds":1.789973167763e9,"event":"reserve_benders_hour_complete","pid":29612,"mode":"recourse","hours_completed":16,"stage":"source_reserve_benders","hours_required":48,"kind":"cost","period":16,"round":1,"remaining_work_seconds":1341.8986282348633}
Running HiGHS 1.15.1 (git hash: 04024d7): Copyright (c) 2026 under MIT licence terms
Includes third-party software components, see THIRD_PARTY_NOTICES.md for full details
GO3_PROGRESS {"epoch_seconds":1.789973167951e9,"event":"reserve_benders_solve_begin","actual_limit_seconds":30.0,"pid":29612,"period":17,"mode":"recourse","stage":"source_reserve_benders","round":1,"remaining_work_seconds":1341.710628271103}
LP has 210545 rows; 150272 cols; 553263 nonzeros
Coefficient ranges:
  Matrix  [1e+00, 2e+01]
  Cost    [1e+02, 5e+05]
  Bound   [1e-05, 6e+03]
  RHS     [1e-20, 6e+03]
WARNING: Problem has some excessively small column bounds
WARNING: Problem has some excessively small row bounds
Presolving model
39756 rows, 67078 cols, 207093 nonzeros 0s
36501 rows, 67078 cols, 197328 nonzeros 0s
Presolve reductions: rows 36501(-174044); columns 67078(-83194); nonzeros 197328(-355935) 
Solving the presolved LP
Using dual simplex solver
  Iteration        Objective     Infeasibilities num(sum)
          0     2.6838480049e+03 Pr: 96(7740.13) 0.2s
      20088     4.4201169047e+08 Pr: 0(0) 0.6s

Performed postsolve
Solving the original LP from the solution after postsolve

Model status        : Optimal
Simplex   iterations: 20088
Objective value     :  4.4201169047e+08
P-D objective error :  2.7643957001e-15
HiGHS run time      :          0.73
GO3_PROGRESS {"epoch_seconds":1.789973168688e9,"event":"reserve_benders_solve_returned","solve_seconds":0.733875036239624,"pid":29612,"mode":"recourse","stage":"source_reserve_benders","termination":"OPTIMAL","simplex_iterations":20088,"barrier_iterations":0,"has_primal":true,"period":17,"native_status":7,"solve_wall_seconds":0.7360000610351562,"round":1,"remaining_work_seconds":1340.973628282547}
GO3_PROGRESS {"epoch_seconds":1.789973168764e9,"event":"reserve_benders_hour_complete","pid":29612,"mode":"recourse","hours_completed":17,"stage":"source_reserve_benders","hours_required":48,"kind":"cost","period":17,"round":1,"remaining_work_seconds":1340.8976283073425}
Running HiGHS 1.15.1 (git hash: 04024d7): Copyright (c) 2026 under MIT licence terms
Includes third-party software components, see THIRD_PARTY_NOTICES.md for full details
GO3_PROGRESS {"epoch_seconds":1.789973168955e9,"event":"reserve_benders_solve_begin","actual_limit_seconds":30.0,"pid":29612,"period":18,"mode":"recourse","stage":"source_reserve_benders","round":1,"remaining_work_seconds":1340.7066283226013}
LP has 210543 rows; 150270 cols; 553259 nonzeros
Coefficient ranges:
  Matrix  [1e+00, 2e+01]
  Cost    [1e+02, 5e+05]
  Bound   [1e-05, 6e+03]
  RHS     [1e-20, 6e+03]
WARNING: Problem has some excessively small column bounds
WARNING: Problem has some excessively small row bounds
Presolving model
39752 rows, 67071 cols, 207017 nonzeros 0s
36490 rows, 67071 cols, 197231 nonzeros 0s
Presolve reductions: rows 36490(-174053); columns 67071(-83199); nonzeros 197231(-356028) 
Solving the presolved LP
Using dual simplex solver
  Iteration        Objective     Infeasibilities num(sum)
          0     1.9092750070e+03 Pr: 96(7729.25) 0.2s
      20739     4.4038158652e+08 Pr: 0(0) 0.6s

Performed postsolve
Solving the original LP from the solution after postsolve

Model status        : Optimal
Simplex   iterations: 20739
Objective value     :  4.4038158652e+08
P-D objective error :  2.3009112802e-15
HiGHS run time      :          0.75
GO3_PROGRESS {"epoch_seconds":1.789973169704e9,"event":"reserve_benders_solve_returned","solve_seconds":0.7462761402130127,"pid":29612,"mode":"recourse","stage":"source_reserve_benders","termination":"OPTIMAL","simplex_iterations":20739,"barrier_iterations":0,"has_primal":true,"period":18,"native_status":7,"solve_wall_seconds":0.747999906539917,"round":1,"remaining_work_seconds":1339.957628250122}
GO3_PROGRESS {"epoch_seconds":1.789973169793e9,"event":"reserve_benders_hour_complete","pid":29612,"mode":"recourse","hours_completed":18,"stage":"source_reserve_benders","hours_required":48,"kind":"cost","period":18,"round":1,"remaining_work_seconds":1339.8686282634735}
Running HiGHS 1.15.1 (git hash: 04024d7): Copyright (c) 2026 under MIT licence terms
Includes third-party software components, see THIRD_PARTY_NOTICES.md for full details
GO3_PROGRESS {"epoch_seconds":1.78997316998e9,"event":"reserve_benders_solve_begin","actual_limit_seconds":30.0,"pid":29612,"period":19,"mode":"recourse","stage":"source_reserve_benders","round":1,"remaining_work_seconds":1339.681628227234}
LP has 210533 rows; 150260 cols; 553239 nonzeros
Coefficient ranges:
  Matrix  [1e+00, 2e+01]
  Cost    [1e+02, 5e+05]
  Bound   [1e-05, 6e+03]
  RHS     [1e-20, 6e+03]
WARNING: Problem has some excessively small column bounds
WARNING: Problem has some excessively small row bounds
Presolving model
39765 rows, 67074 cols, 207073 nonzeros 0s
36504 rows, 67074 cols, 197290 nonzeros 0s
Presolve reductions: rows 36504(-174029); columns 67074(-83186); nonzeros 197290(-355949) 
Solving the presolved LP
Using dual simplex solver
  Iteration        Objective     Infeasibilities num(sum)
          0     2.0862459991e+03 Pr: 96(7713.48) 0.2s
      20676     4.3778560343e+08 Pr: 0(0) 0.6s

Performed postsolve
Solving the original LP from the solution after postsolve

Model status        : Optimal
Simplex   iterations: 20676
Objective value     :  4.3778560343e+08
P-D objective error :  3.3356825439e-15
HiGHS run time      :          0.75
GO3_PROGRESS {"epoch_seconds":1.789973170731e9,"event":"reserve_benders_solve_returned","solve_seconds":0.7493300437927246,"pid":29612,"mode":"recourse","stage":"source_reserve_benders","termination":"OPTIMAL","simplex_iterations":20676,"barrier_iterations":0,"has_primal":true,"period":19,"native_status":7,"solve_wall_seconds":0.75,"round":1,"remaining_work_seconds":1338.9306282997131}
GO3_PROGRESS {"epoch_seconds":1.789973170826e9,"event":"reserve_benders_hour_complete","pid":29612,"mode":"recourse","hours_completed":19,"stage":"source_reserve_benders","hours_required":48,"kind":"cost","period":19,"round":1,"remaining_work_seconds":1338.835628271103}
Running HiGHS 1.15.1 (git hash: 04024d7): Copyright (c) 2026 under MIT licence terms
Includes third-party software components, see THIRD_PARTY_NOTICES.md for full details
GO3_PROGRESS {"epoch_seconds":1.78997317102e9,"event":"reserve_benders_solve_begin","actual_limit_seconds":30.0,"pid":29612,"period":20,"mode":"recourse","stage":"source_reserve_benders","round":1,"remaining_work_seconds":1338.6416282653809}
LP has 210531 rows; 150258 cols; 553235 nonzeros
Coefficient ranges:
  Matrix  [1e+00, 2e+01]
  Cost    [1e+02, 5e+05]
  Bound   [1e-05, 6e+03]
  RHS     [1e-20, 6e+03]
WARNING: Problem has some excessively small column bounds
WARNING: Problem has some excessively small row bounds
Presolving model
39841 rows, 67130 cols, 207433 nonzeros 0s
36580 rows, 67130 cols, 197650 nonzeros 0s
Presolve reductions: rows 36580(-173951); columns 67130(-83128); nonzeros 197650(-355585) 
Solving the presolved LP
Using dual simplex solver
  Iteration        Objective     Infeasibilities num(sum)
          0     2.6087010041e+03 Pr: 96(7708.48) 0.2s
      20579     4.3834429618e+08 Pr: 0(0) 0.6s

Performed postsolve
Solving the original LP from the solution after postsolve

Model status        : Optimal
Simplex   iterations: 20579
Objective value     :  4.3834429618e+08
P-D objective error :  3.6033845963e-15
HiGHS run time      :          0.74
GO3_PROGRESS {"epoch_seconds":1.789973171762e9,"event":"reserve_benders_solve_returned","solve_seconds":0.7385349273681641,"pid":29612,"mode":"recourse","stage":"source_reserve_benders","termination":"OPTIMAL","simplex_iterations":20579,"barrier_iterations":0,"has_primal":true,"period":20,"native_status":7,"solve_wall_seconds":0.7400000095367432,"round":1,"remaining_work_seconds":1337.899628162384}
GO3_PROGRESS {"epoch_seconds":1.789973171842e9,"event":"reserve_benders_hour_complete","pid":29612,"mode":"recourse","hours_completed":20,"stage":"source_reserve_benders","hours_required":48,"kind":"cost","period":20,"round":1,"remaining_work_seconds":1337.819628238678}
Running HiGHS 1.15.1 (git hash: 04024d7): Copyright (c) 2026 under MIT licence terms
Includes third-party software components, see THIRD_PARTY_NOTICES.md for full details
GO3_PROGRESS {"epoch_seconds":1.789973172035e9,"event":"reserve_benders_solve_begin","actual_limit_seconds":30.0,"pid":29612,"period":21,"mode":"recourse","stage":"source_reserve_benders","round":1,"remaining_work_seconds":1337.6266281604767}
LP has 210513 rows; 150240 cols; 553199 nonzeros
Coefficient ranges:
  Matrix  [1e+00, 2e+01]
  Cost    [1e+02, 5e+05]
  Bound   [1e-05, 6e+03]
  RHS     [1e-20, 6e+03]
WARNING: Problem has some excessively small column bounds
WARNING: Problem has some excessively small row bounds
Presolving model
40165 rows, 67554 cols, 209409 nonzeros 0s
36872 rows, 67554 cols, 199530 nonzeros 0s
Presolve reductions: rows 36872(-173641); columns 67554(-82686); nonzeros 199530(-353669) 
Solving the presolved LP
Using dual simplex solver
  Iteration        Objective     Infeasibilities num(sum)
          0     2.1950949997e+03 Pr: 96(7655.52) 0.2s
      21244     4.2619480701e+08 Pr: 0(0) 0.6s

Performed postsolve
Solving the original LP from the solution after postsolve

Model status        : Optimal
Simplex   iterations: 21244
Objective value     :  4.2619480701e+08
P-D objective error :  2.8669875755e-15
HiGHS run time      :          0.73
GO3_PROGRESS {"epoch_seconds":1.789973172766e9,"event":"reserve_benders_solve_returned","solve_seconds":0.7295427322387695,"pid":29612,"mode":"recourse","stage":"source_reserve_benders","termination":"OPTIMAL","simplex_iterations":21244,"barrier_iterations":0,"has_primal":true,"period":21,"native_status":7,"solve_wall_seconds":0.7300000190734863,"round":1,"remaining_work_seconds":1336.8956282138824}
GO3_PROGRESS {"epoch_seconds":1.789973172851e9,"event":"reserve_benders_hour_complete","pid":29612,"mode":"recourse","hours_completed":21,"stage":"source_reserve_benders","hours_required":48,"kind":"cost","period":21,"round":1,"remaining_work_seconds":1336.8106281757355}
Running HiGHS 1.15.1 (git hash: 04024d7): Copyright (c) 2026 under MIT licence terms
Includes third-party software components, see THIRD_PARTY_NOTICES.md for full details
GO3_PROGRESS {"epoch_seconds":1.789973173037e9,"event":"reserve_benders_solve_begin","actual_limit_seconds":30.0,"pid":29612,"period":22,"mode":"recourse","stage":"source_reserve_benders","round":1,"remaining_work_seconds":1336.6246283054352}
LP has 210509 rows; 150236 cols; 553191 nonzeros
Coefficient ranges:
  Matrix  [1e+00, 2e+01]
  Cost    [1e+02, 5e+05]
  Bound   [1e-05, 6e+03]
  RHS     [1e-20, 6e+03]
WARNING: Problem has some excessively small column bounds
WARNING: Problem has some excessively small row bounds
Presolving model
40143 rows, 67578 cols, 209696 nonzeros 0s
36927 rows, 67578 cols, 200048 nonzeros 0s
Presolve reductions: rows 36927(-173582); columns 67578(-82658); nonzeros 200048(-353143) 
Solving the presolved LP
Using dual simplex solver
  Iteration        Objective     Infeasibilities num(sum)
          0     2.7719989976e+03 Pr: 96(7632.82) 0.2s
      20851     4.2195037264e+08 Pr: 0(0) 0.6s

Performed postsolve
Solving the original LP from the solution after postsolve

Model status        : Optimal
Simplex   iterations: 20851
Objective value     :  4.2195037264e+08
P-D objective error :  3.1783465375e-15
HiGHS run time      :          0.76
GO3_PROGRESS {"epoch_seconds":1.789973173795e9,"event":"reserve_benders_solve_returned","solve_seconds":0.7569780349731445,"pid":29612,"mode":"recourse","stage":"source_reserve_benders","termination":"OPTIMAL","simplex_iterations":20851,"barrier_iterations":0,"has_primal":true,"period":22,"native_status":7,"solve_wall_seconds":0.7569999694824219,"round":1,"remaining_work_seconds":1335.8666281700134}
GO3_PROGRESS {"epoch_seconds":1.78997317388e9,"event":"reserve_benders_hour_complete","pid":29612,"mode":"recourse","hours_completed":22,"stage":"source_reserve_benders","hours_required":48,"kind":"cost","period":22,"round":1,"remaining_work_seconds":1335.7816281318665}
Running HiGHS 1.15.1 (git hash: 04024d7): Copyright (c) 2026 under MIT licence terms
Includes third-party software components, see THIRD_PARTY_NOTICES.md for full details
GO3_PROGRESS {"epoch_seconds":1.789973174063e9,"event":"reserve_benders_solve_begin","actual_limit_seconds":30.0,"pid":29612,"period":23,"mode":"recourse","stage":"source_reserve_benders","round":1,"remaining_work_seconds":1335.598628282547}
LP has 210503 rows; 150230 cols; 553179 nonzeros
Coefficient ranges:
  Matrix  [1e+00, 2e+01]
  Cost    [1e+02, 5e+05]
  Bound   [1e-05, 6e+03]
  RHS     [1e-20, 6e+03]
WARNING: Problem has some excessively small column bounds
WARNING: Problem has some excessively small row bounds
Presolving model
40047 rows, 67642 cols, 209927 nonzeros 0s
36960 rows, 67642 cols, 200666 nonzeros 0s
Presolve reductions: rows 36960(-173543); columns 67642(-82588); nonzeros 200666(-352513) 
Solving the presolved LP
Using dual simplex solver
  Iteration        Objective     Infeasibilities num(sum)
          0     2.3931110074e+03 Pr: 96(7661.21) 0.2s
      20908     4.2600884450e+08 Pr: 0(0) 0.6s

Performed postsolve
Solving the original LP from the solution after postsolve

Model status        : Optimal
Simplex   iterations: 20908
Objective value     :  4.2600884450e+08
P-D objective error :  3.9175948418e-15
HiGHS run time      :          0.74
GO3_PROGRESS {"epoch_seconds":1.789973174806e9,"event":"reserve_benders_solve_returned","solve_seconds":0.7403342723846436,"pid":29612,"mode":"recourse","stage":"source_reserve_benders","termination":"OPTIMAL","simplex_iterations":20908,"barrier_iterations":0,"has_primal":true,"period":23,"native_status":7,"solve_wall_seconds":0.7420001029968262,"round":1,"remaining_work_seconds":1334.8556282520294}
GO3_PROGRESS {"epoch_seconds":1.789973174904e9,"event":"reserve_benders_hour_complete","pid":29612,"mode":"recourse","hours_completed":23,"stage":"source_reserve_benders","hours_required":48,"kind":"cost","period":23,"round":1,"remaining_work_seconds":1334.7576282024384}
Running HiGHS 1.15.1 (git hash: 04024d7): Copyright (c) 2026 under MIT licence terms
Includes third-party software components, see THIRD_PARTY_NOTICES.md for full details
GO3_PROGRESS {"epoch_seconds":1.789973175086e9,"event":"reserve_benders_solve_begin","actual_limit_seconds":30.0,"pid":29612,"period":24,"mode":"recourse","stage":"source_reserve_benders","round":1,"remaining_work_seconds":1334.5756282806396}
LP has 210471 rows; 150198 cols; 553115 nonzeros
Coefficient ranges:
  Matrix  [1e+00, 2e+01]
  Cost    [1e+02, 5e+05]
  Bound   [1e-05, 6e+03]
  RHS     [1e-20, 6e+03]
WARNING: Problem has some excessively small column bounds
WARNING: Problem has some excessively small row bounds
Presolving model
40127 rows, 68105 cols, 211483 nonzeros 0s
37167 rows, 68105 cols, 202603 nonzeros 0s
Presolve reductions: rows 37167(-173304); columns 68105(-82093); nonzeros 202603(-350512) 
Solving the presolved LP
Using dual simplex solver
  Iteration        Objective     Infeasibilities num(sum)
          0     2.2527829964e+03 Pr: 96(7684.71) 0.2s
      20776     4.2998596403e+08 Pr: 0(0) 0.6s

Performed postsolve
Solving the original LP from the solution after postsolve

Model status        : Optimal
Simplex   iterations: 20776
Objective value     :  4.2998596403e+08
P-D objective error :  2.3565396194e-15
HiGHS run time      :          0.74
GO3_PROGRESS {"epoch_seconds":1.789973175826e9,"event":"reserve_benders_solve_returned","solve_seconds":0.7359468936920166,"pid":29612,"mode":"recourse","stage":"source_reserve_benders","termination":"OPTIMAL","simplex_iterations":20776,"barrier_iterations":0,"has_primal":true,"period":24,"native_status":7,"solve_wall_seconds":0.7379999160766602,"round":1,"remaining_work_seconds":1333.835628271103}
GO3_PROGRESS {"epoch_seconds":1.789973175921e9,"event":"reserve_benders_hour_complete","pid":29612,"mode":"recourse","hours_completed":24,"stage":"source_reserve_benders","hours_required":48,"kind":"cost","period":24,"round":1,"remaining_work_seconds":1333.7406282424927}
Running HiGHS 1.15.1 (git hash: 04024d7): Copyright (c) 2026 under MIT licence terms
Includes third-party software components, see THIRD_PARTY_NOTICES.md for full details
GO3_PROGRESS {"epoch_seconds":1.7899731761e9,"event":"reserve_benders_solve_begin","actual_limit_seconds":30.0,"pid":29612,"period":25,"mode":"recourse","stage":"source_reserve_benders","round":1,"remaining_work_seconds":1333.5616283416748}
LP has 210451 rows; 150178 cols; 553075 nonzeros
Coefficient ranges:
  Matrix  [1e+00, 2e+01]
  Cost    [1e+02, 5e+05]
  Bound   [1e-05, 6e+03]
  RHS     [1e-20, 6e+03]
WARNING: Problem has some excessively small column bounds
WARNING: Problem has some excessively small row bounds
Presolving model
40277 rows, 68590 cols, 213301 nonzeros 0s
37416 rows, 68590 cols, 204718 nonzeros 0s
Presolve reductions: rows 37416(-173035); columns 68590(-81588); nonzeros 204718(-348357) 
Solving the presolved LP
Using dual simplex solver
  Iteration        Objective     Infeasibilities num(sum)
          0     2.0389330150e+03 Pr: 96(7702.1) 0.2s
      21279     4.3092213770e+08 Pr: 0(0) 0.6s

Performed postsolve
Solving the original LP from the solution after postsolve

Model status        : Optimal
Simplex   iterations: 21279
Objective value     :  4.3092213770e+08
P-D objective error :  2.2822606490e-15
HiGHS run time      :          0.73
GO3_PROGRESS {"epoch_seconds":1.789973176838e9,"event":"reserve_benders_solve_returned","solve_seconds":0.7344868183135986,"pid":29612,"mode":"recourse","stage":"source_reserve_benders","termination":"OPTIMAL","simplex_iterations":21279,"barrier_iterations":0,"has_primal":true,"period":25,"native_status":7,"solve_wall_seconds":0.7369999885559082,"round":1,"remaining_work_seconds":1332.8236281871796}
GO3_PROGRESS {"epoch_seconds":1.789973176924e9,"event":"reserve_benders_hour_complete","pid":29612,"mode":"recourse","hours_completed":25,"stage":"source_reserve_benders","hours_required":48,"kind":"cost","period":25,"round":1,"remaining_work_seconds":1332.7376282215118}
Running HiGHS 1.15.1 (git hash: 04024d7): Copyright (c) 2026 under MIT licence terms
Includes third-party software components, see THIRD_PARTY_NOTICES.md for full details
GO3_PROGRESS {"epoch_seconds":1.789973177108e9,"event":"reserve_benders_solve_begin","actual_limit_seconds":30.0,"pid":29612,"period":26,"mode":"recourse","stage":"source_reserve_benders","round":1,"remaining_work_seconds":1332.553628206253}
LP has 210435 rows; 150162 cols; 553043 nonzeros
Coefficient ranges:
  Matrix  [1e+00, 2e+01]
  Cost    [1e+02, 5e+05]
  Bound   [1e-05, 6e+03]
  RHS     [1e-20, 6e+03]
WARNING: Problem has some excessively small column bounds
WARNING: Problem has some excessively small row bounds
Presolving model
40418 rows, 68888 cols, 214762 nonzeros 0s
37572 rows, 68888 cols, 206224 nonzeros 0s
Presolve reductions: rows 37572(-172863); columns 68888(-81274); nonzeros 206224(-346819) 
Solving the presolved LP
Using dual simplex solver
  Iteration        Objective     Infeasibilities num(sum)
          0     2.2682350079e+03 Pr: 96(7735.08) 0.2s
      21188     4.3555232072e+08 Pr: 0(0) 0.6s

Performed postsolve
Solving the original LP from the solution after postsolve

Model status        : Optimal
Simplex   iterations: 21188
Objective value     :  4.3555232072e+08
P-D objective error :  2.7369682985e-15
HiGHS run time      :          0.78
GO3_PROGRESS {"epoch_seconds":1.789973177888e9,"event":"reserve_benders_solve_returned","solve_seconds":0.7774338722229004,"pid":29612,"mode":"recourse","stage":"source_reserve_benders","termination":"OPTIMAL","simplex_iterations":21188,"barrier_iterations":0,"has_primal":true,"period":26,"native_status":7,"solve_wall_seconds":0.7790000438690186,"round":1,"remaining_work_seconds":1331.7736282348633}
GO3_PROGRESS {"epoch_seconds":1.789973177983e9,"event":"reserve_benders_hour_complete","pid":29612,"mode":"recourse","hours_completed":26,"stage":"source_reserve_benders","hours_required":48,"kind":"cost","period":26,"round":1,"remaining_work_seconds":1331.678628206253}
Running HiGHS 1.15.1 (git hash: 04024d7): Copyright (c) 2026 under MIT licence terms
Includes third-party software components, see THIRD_PARTY_NOTICES.md for full details
GO3_PROGRESS {"epoch_seconds":1.789973178164e9,"event":"reserve_benders_solve_begin","actual_limit_seconds":30.0,"pid":29612,"period":27,"mode":"recourse","stage":"source_reserve_benders","round":1,"remaining_work_seconds":1331.497628211975}
LP has 210411 rows; 150138 cols; 552995 nonzeros
Coefficient ranges:
  Matrix  [1e+00, 2e+01]
  Cost    [1e+02, 5e+05]
  Bound   [1e-05, 6e+03]
  RHS     [1e-20, 6e+03]
WARNING: Problem has some excessively small column bounds
WARNING: Problem has some excessively small row bounds
Presolving model
40433 rows, 69001 cols, 215309 nonzeros 0s
37675 rows, 69001 cols, 207035 nonzeros 0s
Presolve reductions: rows 37675(-172736); columns 69001(-81137); nonzeros 207035(-345960) 
Solving the presolved LP
Using dual simplex solver
  Iteration        Objective     Infeasibilities num(sum)
          0     1.9311920032e+03 Pr: 96(7760.85) 0.2s
      21003     4.3875314114e+08 Pr: 0(0) 0.6s

Performed postsolve
Solving the original LP from the solution after postsolve

Model status        : Optimal
Simplex   iterations: 21003
Objective value     :  4.3875314114e+08
P-D objective error :  2.9887015285e-15
HiGHS run time      :          0.77
GO3_PROGRESS {"epoch_seconds":1.789973178934e9,"event":"reserve_benders_solve_returned","solve_seconds":0.7667829990386963,"pid":29612,"mode":"recourse","stage":"source_reserve_benders","termination":"OPTIMAL","simplex_iterations":21003,"barrier_iterations":0,"has_primal":true,"period":27,"native_status":7,"solve_wall_seconds":0.7680001258850098,"round":1,"remaining_work_seconds":1330.7276282310486}
GO3_PROGRESS {"epoch_seconds":1.789973179024e9,"event":"reserve_benders_hour_complete","pid":29612,"mode":"recourse","hours_completed":27,"stage":"source_reserve_benders","hours_required":48,"kind":"cost","period":27,"round":1,"remaining_work_seconds":1330.6376283168793}
Running HiGHS 1.15.1 (git hash: 04024d7): Copyright (c) 2026 under MIT licence terms
Includes third-party software components, see THIRD_PARTY_NOTICES.md for full details
GO3_PROGRESS {"epoch_seconds":1.789973179205e9,"event":"reserve_benders_solve_begin","actual_limit_seconds":30.0,"pid":29612,"period":28,"mode":"recourse","stage":"source_reserve_benders","round":1,"remaining_work_seconds":1330.4566283226013}
LP has 210401 rows; 150128 cols; 552975 nonzeros
Coefficient ranges:
  Matrix  [1e+00, 2e+01]
  Cost    [1e+02, 5e+05]
  Bound   [1e-05, 6e+03]
  RHS     [3e-20, 6e+03]
WARNING: Problem has some excessively small column bounds
WARNING: Problem has some excessively small row bounds
Presolving model
40453 rows, 68992 cols, 215512 nonzeros 0s
37719 rows, 68992 cols, 207310 nonzeros 0s
Presolve reductions: rows 37719(-172682); columns 68992(-81136); nonzeros 207310(-345665) 
Solving the presolved LP
Using dual simplex solver
  Iteration        Objective     Infeasibilities num(sum)
          0     1.9156130009e+03 Pr: 96(7764.72) 0.2s
      20848     4.3891119509e+08 Pr: 0(0) 0.6s

Performed postsolve
Solving the original LP from the solution after postsolve

Model status        : Optimal
Simplex   iterations: 20848
Objective value     :  4.3891119509e+08
P-D objective error :  2.3086195371e-15
HiGHS run time      :          0.74
GO3_PROGRESS {"epoch_seconds":1.789973179949e9,"event":"reserve_benders_solve_returned","solve_seconds":0.7419590950012207,"pid":29612,"mode":"recourse","stage":"source_reserve_benders","termination":"OPTIMAL","simplex_iterations":20848,"barrier_iterations":0,"has_primal":true,"period":28,"native_status":7,"solve_wall_seconds":0.742999792098999,"round":1,"remaining_work_seconds":1329.712628364563}
GO3_PROGRESS {"epoch_seconds":1.789973180034e9,"event":"reserve_benders_hour_complete","pid":29612,"mode":"recourse","hours_completed":28,"stage":"source_reserve_benders","hours_required":48,"kind":"cost","period":28,"round":1,"remaining_work_seconds":1329.627628326416}
Running HiGHS 1.15.1 (git hash: 04024d7): Copyright (c) 2026 under MIT licence terms
Includes third-party software components, see THIRD_PARTY_NOTICES.md for full details
GO3_PROGRESS {"epoch_seconds":1.78997318022e9,"event":"reserve_benders_solve_begin","actual_limit_seconds":30.0,"pid":29612,"period":29,"mode":"recourse","stage":"source_reserve_benders","round":1,"remaining_work_seconds":1329.4416282176971}
LP has 210399 rows; 150126 cols; 552971 nonzeros
Coefficient ranges:
  Matrix  [1e+00, 2e+01]
  Cost    [1e+02, 5e+05]
  Bound   [1e-05, 6e+03]
  RHS     [3e-20, 6e+03]
WARNING: Problem has some excessively small column bounds
WARNING: Problem has some excessively small row bounds
Presolving model
40432 rows, 68949 cols, 215370 nonzeros 0s
37687 rows, 68949 cols, 207135 nonzeros 0s
Presolve reductions: rows 37687(-172712); columns 68949(-81177); nonzeros 207135(-345836) 
Solving the presolved LP
Using dual simplex solver
  Iteration        Objective     Infeasibilities num(sum)
          0     2.1304190042e+03 Pr: 96(7773.12) 0.2s
      20889     4.4013182254e+08 Pr: 0(0) 0.6s

Performed postsolve
Solving the original LP from the solution after postsolve

Model status        : Optimal
Simplex   iterations: 20889
Objective value     :  4.4013182254e+08
P-D objective error :  2.9793396351e-15
HiGHS run time      :          0.77
GO3_PROGRESS {"epoch_seconds":1.789973180996e9,"event":"reserve_benders_solve_returned","solve_seconds":0.772960901260376,"pid":29612,"mode":"recourse","stage":"source_reserve_benders","termination":"OPTIMAL","simplex_iterations":20889,"barrier_iterations":0,"has_primal":true,"period":29,"native_status":7,"solve_wall_seconds":0.7750000953674316,"round":1,"remaining_work_seconds":1328.665628194809}
GO3_PROGRESS {"epoch_seconds":1.789973181074e9,"event":"reserve_benders_hour_complete","pid":29612,"mode":"recourse","hours_completed":29,"stage":"source_reserve_benders","hours_required":48,"kind":"cost","period":29,"round":1,"remaining_work_seconds":1328.587628364563}
Running HiGHS 1.15.1 (git hash: 04024d7): Copyright (c) 2026 under MIT licence terms
Includes third-party software components, see THIRD_PARTY_NOTICES.md for full details
GO3_PROGRESS {"epoch_seconds":1.789973181255e9,"event":"reserve_benders_solve_begin","actual_limit_seconds":30.0,"pid":29612,"period":30,"mode":"recourse","stage":"source_reserve_benders","round":1,"remaining_work_seconds":1328.4066281318665}
LP has 210407 rows; 150134 cols; 552987 nonzeros
Coefficient ranges:
  Matrix  [1e+00, 2e+01]
  Cost    [1e+02, 5e+05]
  Bound   [1e-05, 6e+03]
  RHS     [1e-20, 6e+03]
WARNING: Problem has some excessively small column bounds
WARNING: Problem has some excessively small row bounds
Presolving model
40403 rows, 68991 cols, 215222 nonzeros 0s
37646 rows, 68991 cols, 206951 nonzeros 0s
Presolve reductions: rows 37646(-172761); columns 68991(-81143); nonzeros 206951(-346036) 
Solving the presolved LP
Using dual simplex solver
  Iteration        Objective     Infeasibilities num(sum)
          0     2.1898680050e+03 Pr: 96(7780.83) 0.2s
      20779     4.4159142091e+08 Pr: 0(0) 0.6s

Performed postsolve
Solving the original LP from the solution after postsolve

Model status        : Optimal
Simplex   iterations: 20779
Objective value     :  4.4159142091e+08
P-D objective error :  3.0369804358e-15
HiGHS run time      :          0.77
GO3_PROGRESS {"epoch_seconds":1.789973182028e9,"event":"reserve_benders_solve_returned","solve_seconds":0.7705240249633789,"pid":29612,"mode":"recourse","stage":"source_reserve_benders","termination":"OPTIMAL","simplex_iterations":20779,"barrier_iterations":0,"has_primal":true,"period":30,"native_status":7,"solve_wall_seconds":0.7710001468658447,"round":1,"remaining_work_seconds":1327.633628129959}
GO3_PROGRESS {"epoch_seconds":1.789973182117e9,"event":"reserve_benders_hour_complete","pid":29612,"mode":"recourse","hours_completed":30,"stage":"source_reserve_benders","hours_required":48,"kind":"cost","period":30,"round":1,"remaining_work_seconds":1327.5446281433105}
Running HiGHS 1.15.1 (git hash: 04024d7): Copyright (c) 2026 under MIT licence terms
Includes third-party software components, see THIRD_PARTY_NOTICES.md for full details
GO3_PROGRESS {"epoch_seconds":1.789973182297e9,"event":"reserve_benders_solve_begin","actual_limit_seconds":30.0,"pid":29612,"period":31,"mode":"recourse","stage":"source_reserve_benders","round":1,"remaining_work_seconds":1327.364628314972}
LP has 210429 rows; 150156 cols; 553031 nonzeros
Coefficient ranges:
  Matrix  [1e+00, 2e+01]
  Cost    [1e+02, 5e+05]
  Bound   [1e-05, 6e+03]
  RHS     [1e-20, 6e+03]
WARNING: Problem has some excessively small column bounds
WARNING: Problem has some excessively small row bounds
Presolving model
40388 rows, 69001 cols, 214906 nonzeros 0s
37567 rows, 69001 cols, 206443 nonzeros 0s
Presolve reductions: rows 37567(-172862); columns 69001(-81155); nonzeros 206443(-346588) 
Solving the presolved LP
Using dual simplex solver
  Iteration        Objective     Infeasibilities num(sum)
          0     2.3794909936e+03 Pr: 96(7785.39) 0.2s
      21198     4.4298618026e+08 Pr: 0(0) 0.6s

Performed postsolve
Solving the original LP from the solution after postsolve

Model status        : Optimal
Simplex   iterations: 21198
Objective value     :  4.4298618025e+08
P-D objective error :  2.4892106712e-15
HiGHS run time      :          0.74
GO3_PROGRESS {"epoch_seconds":1.789973183045e9,"event":"reserve_benders_solve_returned","solve_seconds":0.7436559200286865,"pid":29612,"mode":"recourse","stage":"source_reserve_benders","termination":"OPTIMAL","simplex_iterations":21198,"barrier_iterations":0,"has_primal":true,"period":31,"native_status":7,"solve_wall_seconds":0.7460000514984131,"round":1,"remaining_work_seconds":1326.6166281700134}
GO3_PROGRESS {"epoch_seconds":1.789973183138e9,"event":"reserve_benders_hour_complete","pid":29612,"mode":"recourse","hours_completed":31,"stage":"source_reserve_benders","hours_required":48,"kind":"cost","period":31,"round":1,"remaining_work_seconds":1326.5236282348633}
Running HiGHS 1.15.1 (git hash: 04024d7): Copyright (c) 2026 under MIT licence terms
Includes third-party software components, see THIRD_PARTY_NOTICES.md for full details
GO3_PROGRESS {"epoch_seconds":1.789973183322e9,"event":"reserve_benders_solve_begin","actual_limit_seconds":30.0,"pid":29612,"period":32,"mode":"recourse","stage":"source_reserve_benders","round":1,"remaining_work_seconds":1326.3396282196045}
LP has 210451 rows; 150178 cols; 553075 nonzeros
Coefficient ranges:
  Matrix  [1e+00, 2e+01]
  Cost    [1e+02, 5e+05]
  Bound   [1e-05, 6e+03]
  RHS     [1e-20, 6e+03]
WARNING: Problem has some excessively small column bounds
WARNING: Problem has some excessively small row bounds
Presolving model
40270 rows, 68685 cols, 213474 nonzeros 0s
37425 rows, 68685 cols, 204939 nonzeros 0s
Presolve reductions: rows 37425(-173026); columns 68685(-81493); nonzeros 204939(-348136) 
Solving the presolved LP
Using dual simplex solver
  Iteration        Objective     Infeasibilities num(sum)
          0     2.2572110208e+03 Pr: 96(7782.14) 0.2s
      21200     4.4249209131e+08 Pr: 0(0) 0.6s

Performed postsolve
Solving the original LP from the solution after postsolve

Model status        : Optimal
Simplex   iterations: 21200
Objective value     :  4.4249209130e+08
P-D objective error :  2.7613944758e-15
HiGHS run time      :          0.78
GO3_PROGRESS {"epoch_seconds":1.789973184102e9,"event":"reserve_benders_solve_returned","solve_seconds":0.7771320343017578,"pid":29612,"mode":"recourse","stage":"source_reserve_benders","termination":"OPTIMAL","simplex_iterations":21200,"barrier_iterations":0,"has_primal":true,"period":32,"native_status":7,"solve_wall_seconds":0.7790000438690186,"round":1,"remaining_work_seconds":1325.5596282482147}
GO3_PROGRESS {"epoch_seconds":1.789973184192e9,"event":"reserve_benders_hour_complete","pid":29612,"mode":"recourse","hours_completed":32,"stage":"source_reserve_benders","hours_required":48,"kind":"cost","period":32,"round":1,"remaining_work_seconds":1325.4696283340454}
Running HiGHS 1.15.1 (git hash: 04024d7): Copyright (c) 2026 under MIT licence terms
Includes third-party software components, see THIRD_PARTY_NOTICES.md for full details
GO3_PROGRESS {"epoch_seconds":1.789973184374e9,"event":"reserve_benders_solve_begin","actual_limit_seconds":30.0,"pid":29612,"period":33,"mode":"recourse","stage":"source_reserve_benders","round":1,"remaining_work_seconds":1325.2876281738281}
LP has 210463 rows; 150190 cols; 553099 nonzeros
Coefficient ranges:
  Matrix  [1e+00, 2e+01]
  Cost    [1e+02, 5e+05]
  Bound   [1e-05, 6e+03]
  RHS     [1e-20, 6e+03]
WARNING: Problem has some excessively small column bounds
WARNING: Problem has some excessively small row bounds
Presolving model
40116 rows, 68133 cols, 211544 nonzeros 0s
37181 rows, 68133 cols, 202739 nonzeros 0s
Presolve reductions: rows 37181(-173282); columns 68133(-82057); nonzeros 202739(-350360) 
Solving the presolved LP
Using dual simplex solver
  Iteration        Objective     Infeasibilities num(sum)
          0     2.0486970010e+03 Pr: 96(7800.74) 0.2s
      20943     4.4709667530e+08 Pr: 0(0) 0.6s

Performed postsolve
Solving the original LP from the solution after postsolve

Model status        : Optimal
Simplex   iterations: 20943
Objective value     :  4.4709667530e+08
P-D objective error :  3.3328722847e-15
HiGHS run time      :          0.76
GO3_PROGRESS {"epoch_seconds":1.789973185133e9,"event":"reserve_benders_solve_returned","solve_seconds":0.7568588256835938,"pid":29612,"mode":"recourse","stage":"source_reserve_benders","termination":"OPTIMAL","simplex_iterations":20943,"barrier_iterations":0,"has_primal":true,"period":33,"native_status":7,"solve_wall_seconds":0.7579998970031738,"round":1,"remaining_work_seconds":1324.5286283493042}
GO3_PROGRESS {"epoch_seconds":1.78997318522e9,"event":"reserve_benders_hour_complete","pid":29612,"mode":"recourse","hours_completed":33,"stage":"source_reserve_benders","hours_required":48,"kind":"cost","period":33,"round":1,"remaining_work_seconds":1324.4416282176971}
Running HiGHS 1.15.1 (git hash: 04024d7): Copyright (c) 2026 under MIT licence terms
Includes third-party software components, see THIRD_PARTY_NOTICES.md for full details
GO3_PROGRESS {"epoch_seconds":1.789973185401e9,"event":"reserve_benders_solve_begin","actual_limit_seconds":30.0,"pid":29612,"period":34,"mode":"recourse","stage":"source_reserve_benders","round":1,"remaining_work_seconds":1324.2606282234192}
LP has 210481 rows; 150208 cols; 553135 nonzeros
Coefficient ranges:
  Matrix  [1e+00, 2e+01]
  Cost    [1e+02, 5e+05]
  Bound   [1e-05, 6e+03]
  RHS     [1e-20, 6e+03]
WARNING: Problem has some excessively small column bounds
WARNING: Problem has some excessively small row bounds
Presolving model
40078 rows, 67735 cols, 210307 nonzeros 0s
37018 rows, 67735 cols, 201127 nonzeros 0s
Presolve reductions: rows 37018(-173463); columns 67735(-82473); nonzeros 201127(-352008) 
Solving the presolved LP
Using dual simplex solver
  Iteration        Objective     Infeasibilities num(sum)
          0     2.5155569977e+03 Pr: 96(7787.45) 0.2s
      20904     4.4466415731e+08 Pr: 0(0) 0.6s

Performed postsolve
Solving the original LP from the solution after postsolve

Model status        : Optimal
Simplex   iterations: 20904
Objective value     :  4.4466415731e+08
P-D objective error :  3.0159941698e-15
HiGHS run time      :          0.77
GO3_PROGRESS {"epoch_seconds":1.789973186171e9,"event":"reserve_benders_solve_returned","solve_seconds":0.7672567367553711,"pid":29612,"mode":"recourse","stage":"source_reserve_benders","termination":"OPTIMAL","simplex_iterations":20904,"barrier_iterations":0,"has_primal":true,"period":34,"native_status":7,"solve_wall_seconds":0.7699999809265137,"round":1,"remaining_work_seconds":1323.4906282424927}
GO3_PROGRESS {"epoch_seconds":1.789973186248e9,"event":"reserve_benders_hour_complete","pid":29612,"mode":"recourse","hours_completed":34,"stage":"source_reserve_benders","hours_required":48,"kind":"cost","period":34,"round":1,"remaining_work_seconds":1323.4136283397675}
Running HiGHS 1.15.1 (git hash: 04024d7): Copyright (c) 2026 under MIT licence terms
Includes third-party software components, see THIRD_PARTY_NOTICES.md for full details
GO3_PROGRESS {"epoch_seconds":1.789973186433e9,"event":"reserve_benders_solve_begin","actual_limit_seconds":30.0,"pid":29612,"period":35,"mode":"recourse","stage":"source_reserve_benders","round":1,"remaining_work_seconds":1323.2286281585693}
LP has 210497 rows; 150224 cols; 553167 nonzeros
Coefficient ranges:
  Matrix  [1e+00, 2e+01]
  Cost    [1e+02, 5e+05]
  Bound   [1e-05, 6e+03]
  RHS     [1e-20, 6e+03]
WARNING: Problem has some excessively small column bounds
WARNING: Problem has some excessively small row bounds
Presolving model
40102 rows, 67632 cols, 209894 nonzeros 0s
36948 rows, 67632 cols, 200432 nonzeros 0s
Presolve reductions: rows 36948(-173549); columns 67632(-82592); nonzeros 200432(-352735) 
Solving the presolved LP
Using dual simplex solver
  Iteration        Objective     Infeasibilities num(sum)
          0     1.7426759981e+03 Pr: 96(7779.26) 0.2s
      20947     4.4404857921e+08 Pr: 0(0) 0.6s

Performed postsolve
Solving the original LP from the solution after postsolve

Model status        : Optimal
Simplex   iterations: 20947
Objective value     :  4.4404857921e+08
P-D objective error :  3.5570952340e-15
HiGHS run time      :          0.76
GO3_PROGRESS {"epoch_seconds":1.789973187195e9,"event":"reserve_benders_solve_returned","solve_seconds":0.758223295211792,"pid":29612,"mode":"recourse","stage":"source_reserve_benders","termination":"OPTIMAL","simplex_iterations":20947,"barrier_iterations":0,"has_primal":true,"period":35,"native_status":7,"solve_wall_seconds":0.7599999904632568,"round":1,"remaining_work_seconds":1322.4666283130646}
GO3_PROGRESS {"epoch_seconds":1.789973187277e9,"event":"reserve_benders_hour_complete","pid":29612,"mode":"recourse","hours_completed":35,"stage":"source_reserve_benders","hours_required":48,"kind":"cost","period":35,"round":1,"remaining_work_seconds":1322.3846282958984}
Running HiGHS 1.15.1 (git hash: 04024d7): Copyright (c) 2026 under MIT licence terms
Includes third-party software components, see THIRD_PARTY_NOTICES.md for full details
GO3_PROGRESS {"epoch_seconds":1.789973187458e9,"event":"reserve_benders_solve_begin","actual_limit_seconds":30.0,"pid":29612,"period":36,"mode":"recourse","stage":"source_reserve_benders","round":1,"remaining_work_seconds":1322.2036283016205}
LP has 210509 rows; 150236 cols; 553191 nonzeros
Coefficient ranges:
  Matrix  [1e+00, 2e+01]
  Cost    [1e+02, 5e+05]
  Bound   [1e-05, 6e+03]
  RHS     [1e-20, 6e+03]
WARNING: Problem has some excessively small column bounds
WARNING: Problem has some excessively small row bounds
Presolving model
40082 rows, 67549 cols, 209448 nonzeros 0s
36863 rows, 67549 cols, 199791 nonzeros 0s
Presolve reductions: rows 36863(-173646); columns 67549(-82687); nonzeros 199791(-353400) 
Solving the presolved LP
Using dual simplex solver
  Iteration        Objective     Infeasibilities num(sum)
          0     2.2687340072e+03 Pr: 96(7768.76) 0.2s
      20969     4.4227477041e+08 Pr: 0(0) 0.6s

Performed postsolve
Solving the original LP from the solution after postsolve

Model status        : Optimal
Simplex   iterations: 20969
Objective value     :  4.4227477041e+08
P-D objective error :  3.7735140313e-15
HiGHS run time      :          0.76
GO3_PROGRESS {"epoch_seconds":1.789973188222e9,"event":"reserve_benders_solve_returned","solve_seconds":0.7611598968505859,"pid":29612,"mode":"recourse","stage":"source_reserve_benders","termination":"OPTIMAL","simplex_iterations":20969,"barrier_iterations":0,"has_primal":true,"period":36,"native_status":7,"solve_wall_seconds":0.7629997730255127,"round":1,"remaining_work_seconds":1321.4396283626556}
GO3_PROGRESS {"epoch_seconds":1.789973188308e9,"event":"reserve_benders_hour_complete","pid":29612,"mode":"recourse","hours_completed":36,"stage":"source_reserve_benders","hours_required":48,"kind":"cost","period":36,"round":1,"remaining_work_seconds":1321.3536281585693}
Running HiGHS 1.15.1 (git hash: 04024d7): Copyright (c) 2026 under MIT licence terms
Includes third-party software components, see THIRD_PARTY_NOTICES.md for full details
GO3_PROGRESS {"epoch_seconds":1.78997318849e9,"event":"reserve_benders_solve_begin","actual_limit_seconds":30.0,"pid":29612,"period":37,"mode":"recourse","stage":"source_reserve_benders","round":1,"remaining_work_seconds":1321.1716282367706}
LP has 210515 rows; 150242 cols; 553203 nonzeros
Coefficient ranges:
  Matrix  [1e+00, 2e+01]
  Cost    [1e+02, 5e+05]
  Bound   [1e-05, 6e+03]
  RHS     [1e-20, 6e+03]
WARNING: Problem has some excessively small column bounds
WARNING: Problem has some excessively small row bounds
Presolving model
40112 rows, 67541 cols, 209315 nonzeros 0s
36830 rows, 67541 cols, 199469 nonzeros 0s
Presolve reductions: rows 36830(-173685); columns 67541(-82701); nonzeros 199469(-353734) 
Solving the presolved LP
Using dual simplex solver
  Iteration        Objective     Infeasibilities num(sum)
          0     2.0532700096e+03 Pr: 96(7768.29) 0.2s
      21001     4.4326856477e+08 Pr: 0(0) 0.6s

Performed postsolve
Solving the original LP from the solution after postsolve

Model status        : Optimal
Simplex   iterations: 21001
Objective value     :  4.4326856477e+08
P-D objective error :  3.4961215064e-15
HiGHS run time      :          0.76
GO3_PROGRESS {"epoch_seconds":1.789973189256e9,"event":"reserve_benders_solve_returned","solve_seconds":0.7637770175933838,"pid":29612,"mode":"recourse","stage":"source_reserve_benders","termination":"OPTIMAL","simplex_iterations":21001,"barrier_iterations":0,"has_primal":true,"period":37,"native_status":7,"solve_wall_seconds":0.7650001049041748,"round":1,"remaining_work_seconds":1320.4056282043457}
GO3_PROGRESS {"epoch_seconds":1.789973189349e9,"event":"reserve_benders_hour_complete","pid":29612,"mode":"recourse","hours_completed":37,"stage":"source_reserve_benders","hours_required":48,"kind":"cost","period":37,"round":1,"remaining_work_seconds":1320.3126282691956}
Running HiGHS 1.15.1 (git hash: 04024d7): Copyright (c) 2026 under MIT licence terms
Includes third-party software components, see THIRD_PARTY_NOTICES.md for full details
GO3_PROGRESS {"epoch_seconds":1.789973189529e9,"event":"reserve_benders_solve_begin","actual_limit_seconds":30.0,"pid":29612,"period":38,"mode":"recourse","stage":"source_reserve_benders","round":1,"remaining_work_seconds":1320.1326282024384}
LP has 210517 rows; 150244 cols; 553207 nonzeros
Coefficient ranges:
  Matrix  [1e+00, 2e+01]
  Cost    [1e+02, 5e+05]
  Bound   [1e-05, 6e+03]
  RHS     [1e-20, 6e+03]
WARNING: Problem has some excessively small column bounds
WARNING: Problem has some excessively small row bounds
Presolving model
40145 rows, 67596 cols, 209277 nonzeros 0s
36826 rows, 67596 cols, 199320 nonzeros 0s
Presolve reductions: rows 36826(-173691); columns 67596(-82648); nonzeros 199320(-353887) 
Solving the presolved LP
Using dual simplex solver
  Iteration        Objective     Infeasibilities num(sum)
          0     2.0190959983e+03 Pr: 96(7776.14) 0.2s
      20958     4.4634307337e+08 Pr: 0(0) 0.6s

Performed postsolve
Solving the original LP from the solution after postsolve

Model status        : Optimal
Simplex   iterations: 20958
Objective value     :  4.4634307337e+08
P-D objective error :  3.8726593952e-15
HiGHS run time      :          0.75
GO3_PROGRESS {"epoch_seconds":1.789973190283e9,"event":"reserve_benders_solve_returned","solve_seconds":0.7519228458404541,"pid":29612,"mode":"recourse","stage":"source_reserve_benders","termination":"OPTIMAL","simplex_iterations":20958,"barrier_iterations":0,"has_primal":true,"period":38,"native_status":7,"solve_wall_seconds":0.753000020980835,"round":1,"remaining_work_seconds":1319.3786282539368}
GO3_PROGRESS {"epoch_seconds":1.789973190375e9,"event":"reserve_benders_hour_complete","pid":29612,"mode":"recourse","hours_completed":38,"stage":"source_reserve_benders","hours_required":48,"kind":"cost","period":38,"round":1,"remaining_work_seconds":1319.2866282463074}
Running HiGHS 1.15.1 (git hash: 04024d7): Copyright (c) 2026 under MIT licence terms
Includes third-party software components, see THIRD_PARTY_NOTICES.md for full details
GO3_PROGRESS {"epoch_seconds":1.789973190558e9,"event":"reserve_benders_solve_begin","actual_limit_seconds":30.0,"pid":29612,"period":39,"mode":"recourse","stage":"source_reserve_benders","round":1,"remaining_work_seconds":1319.1036281585693}
LP has 210537 rows; 150264 cols; 553247 nonzeros
Coefficient ranges:
  Matrix  [1e+00, 2e+01]
  Cost    [1e+02, 5e+05]
  Bound   [1e-05, 6e+03]
  RHS     [1e-20, 6e+03]
WARNING: Problem has some excessively small column bounds
WARNING: Problem has some excessively small row bounds
Presolving model
39739 rows, 67073 cols, 207044 nonzeros 0s
36490 rows, 67073 cols, 197297 nonzeros 0s
Presolve reductions: rows 36490(-174047); columns 67073(-83191); nonzeros 197297(-355950) 
Solving the presolved LP
Using dual simplex solver
  Iteration        Objective     Infeasibilities num(sum)
          0     1.8359430047e+03 Pr: 96(7782.3) 0.2s
      20713     4.4865975332e+08 Pr: 0(0) 0.6s

Performed postsolve
Solving the original LP from the solution after postsolve

Model status        : Optimal
Simplex   iterations: 20713
Objective value     :  4.4865975332e+08
P-D objective error :  3.7198122620e-15
HiGHS run time      :          0.73
GO3_PROGRESS {"epoch_seconds":1.789973191295e9,"event":"reserve_benders_solve_returned","solve_seconds":0.7325661182403564,"pid":29612,"mode":"recourse","stage":"source_reserve_benders","termination":"OPTIMAL","simplex_iterations":20713,"barrier_iterations":0,"has_primal":true,"period":39,"native_status":7,"solve_wall_seconds":0.7350001335144043,"round":1,"remaining_work_seconds":1318.3666281700134}
GO3_PROGRESS {"epoch_seconds":1.789973191379e9,"event":"reserve_benders_hour_complete","pid":29612,"mode":"recourse","hours_completed":39,"stage":"source_reserve_benders","hours_required":48,"kind":"cost","period":39,"round":1,"remaining_work_seconds":1318.2826282978058}
Running HiGHS 1.15.1 (git hash: 04024d7): Copyright (c) 2026 under MIT licence terms
Includes third-party software components, see THIRD_PARTY_NOTICES.md for full details
GO3_PROGRESS {"epoch_seconds":1.78997319157e9,"event":"reserve_benders_solve_begin","actual_limit_seconds":30.0,"pid":29612,"period":40,"mode":"recourse","stage":"source_reserve_benders","round":1,"remaining_work_seconds":1318.0916283130646}
LP has 210545 rows; 150272 cols; 553263 nonzeros
Coefficient ranges:
  Matrix  [1e+00, 2e+01]
  Cost    [1e+02, 5e+05]
  Bound   [1e-05, 6e+03]
  RHS     [1e-20, 6e+03]
WARNING: Problem has some excessively small column bounds
WARNING: Problem has some excessively small row bounds
Presolving model
39693 rows, 67060 cols, 206830 nonzeros 0s
36429 rows, 67060 cols, 197038 nonzeros 0s
Presolve reductions: rows 36429(-174116); columns 67060(-83212); nonzeros 197038(-356225) 
Solving the presolved LP
Using dual simplex solver
  Iteration        Objective     Infeasibilities num(sum)
          0     2.1834270030e+03 Pr: 96(7728.8) 0.2s
      21127     4.4052348697e+08 Pr: 0(0) 0.6s

Performed postsolve
Solving the original LP from the solution after postsolve

Model status        : Optimal
Simplex   iterations: 21127
Objective value     :  4.4052348697e+08
P-D objective error :  3.6532113603e-15
HiGHS run time      :          0.78
GO3_PROGRESS {"epoch_seconds":1.789973192356e9,"event":"reserve_benders_solve_returned","solve_seconds":0.7840089797973633,"pid":29612,"mode":"recourse","stage":"source_reserve_benders","termination":"OPTIMAL","simplex_iterations":21127,"barrier_iterations":0,"has_primal":true,"period":40,"native_status":7,"solve_wall_seconds":0.7849998474121094,"round":1,"remaining_work_seconds":1317.3056282997131}
GO3_PROGRESS {"epoch_seconds":1.789973192443e9,"event":"reserve_benders_hour_complete","pid":29612,"mode":"recourse","hours_completed":40,"stage":"source_reserve_benders","hours_required":48,"kind":"cost","period":40,"round":1,"remaining_work_seconds":1317.218628168106}
Running HiGHS 1.15.1 (git hash: 04024d7): Copyright (c) 2026 under MIT licence terms
Includes third-party software components, see THIRD_PARTY_NOTICES.md for full details
GO3_PROGRESS {"epoch_seconds":1.789973192622e9,"event":"reserve_benders_solve_begin","actual_limit_seconds":30.0,"pid":29612,"period":41,"mode":"recourse","stage":"source_reserve_benders","round":1,"remaining_work_seconds":1317.0396282672882}
LP has 210547 rows; 150274 cols; 553267 nonzeros
Coefficient ranges:
  Matrix  [1e+00, 2e+01]
  Cost    [1e+02, 5e+05]
  Bound   [1e-05, 6e+03]
  RHS     [1e-20, 6e+03]
WARNING: Problem has some excessively small column bounds
WARNING: Problem has some excessively small row bounds
Presolving model
39599 rows, 66988 cols, 206363 nonzeros 0s
36326 rows, 66988 cols, 196544 nonzeros 0s
Presolve reductions: rows 36326(-174221); columns 66988(-83286); nonzeros 196544(-356723) 
Solving the presolved LP
Using dual simplex solver
  Iteration        Objective     Infeasibilities num(sum)
          0     2.2513580044e+03 Pr: 96(7724.11) 0.2s
      20584     4.4007628974e+08 Pr: 0(0) 0.6s

Performed postsolve
Solving the original LP from the solution after postsolve

Model status        : Optimal
Simplex   iterations: 20584
Objective value     :  4.4007628974e+08
P-D objective error :  3.7923653028e-15
HiGHS run time      :          0.76
GO3_PROGRESS {"epoch_seconds":1.789973193384e9,"event":"reserve_benders_solve_returned","solve_seconds":0.759253978729248,"pid":29612,"mode":"recourse","stage":"source_reserve_benders","termination":"OPTIMAL","simplex_iterations":20584,"barrier_iterations":0,"has_primal":true,"period":41,"native_status":7,"solve_wall_seconds":0.7610001564025879,"round":1,"remaining_work_seconds":1316.2776281833649}
GO3_PROGRESS {"epoch_seconds":1.789973193463e9,"event":"reserve_benders_hour_complete","pid":29612,"mode":"recourse","hours_completed":41,"stage":"source_reserve_benders","hours_required":48,"kind":"cost","period":41,"round":1,"remaining_work_seconds":1316.1986281871796}
Running HiGHS 1.15.1 (git hash: 04024d7): Copyright (c) 2026 under MIT licence terms
Includes third-party software components, see THIRD_PARTY_NOTICES.md for full details
GO3_PROGRESS {"epoch_seconds":1.789973193654e9,"event":"reserve_benders_solve_begin","actual_limit_seconds":30.0,"pid":29612,"period":42,"mode":"recourse","stage":"source_reserve_benders","round":1,"remaining_work_seconds":1316.0076282024384}
LP has 210547 rows; 150274 cols; 553267 nonzeros
Coefficient ranges:
  Matrix  [1e+00, 2e+01]
  Cost    [1e+02, 5e+05]
  Bound   [1e-05, 6e+03]
  RHS     [1e-20, 6e+03]
WARNING: Problem has some excessively small column bounds
WARNING: Problem has some excessively small row bounds
Presolving model
39608 rows, 66969 cols, 206341 nonzeros 0s
36304 rows, 66969 cols, 196429 nonzeros 0s
Presolve reductions: rows 36304(-174243); columns 66969(-83305); nonzeros 196429(-356838) 
Solving the presolved LP
Using dual simplex solver
  Iteration        Objective     Infeasibilities num(sum)
          0     2.1097060066e+03 Pr: 96(7719.27) 0.2s
      20766     4.3906469630e+08 Pr: 0(0) 0.6s

Performed postsolve
Solving the original LP from the solution after postsolve

Model status        : Optimal
Simplex   iterations: 20766
Objective value     :  4.3906469630e+08
P-D objective error :  1.9684282420e-15
HiGHS run time      :          0.76
GO3_PROGRESS {"epoch_seconds":1.789973194422e9,"event":"reserve_benders_solve_returned","solve_seconds":0.7642381191253662,"pid":29612,"mode":"recourse","stage":"source_reserve_benders","termination":"OPTIMAL","simplex_iterations":20766,"barrier_iterations":0,"has_primal":true,"period":42,"native_status":7,"solve_wall_seconds":0.7669999599456787,"round":1,"remaining_work_seconds":1315.239628314972}
GO3_PROGRESS {"epoch_seconds":1.789973194506e9,"event":"reserve_benders_hour_complete","pid":29612,"mode":"recourse","hours_completed":42,"stage":"source_reserve_benders","hours_required":48,"kind":"cost","period":42,"round":1,"remaining_work_seconds":1315.1556282043457}
Running HiGHS 1.15.1 (git hash: 04024d7): Copyright (c) 2026 under MIT licence terms
Includes third-party software components, see THIRD_PARTY_NOTICES.md for full details
GO3_PROGRESS {"epoch_seconds":1.789973194686e9,"event":"reserve_benders_solve_begin","actual_limit_seconds":30.0,"pid":29612,"period":43,"mode":"recourse","stage":"source_reserve_benders","round":1,"remaining_work_seconds":1314.9756281375885}
LP has 210543 rows; 150270 cols; 553259 nonzeros
Coefficient ranges:
  Matrix  [1e+00, 2e+01]
  Cost    [1e+02, 5e+05]
  Bound   [1e-05, 6e+03]
  RHS     [1e-20, 6e+03]
WARNING: Problem has some excessively small column bounds
WARNING: Problem has some excessively small row bounds
Presolving model
39661 rows, 66992 cols, 206529 nonzeros 0s
36358 rows, 66992 cols, 196620 nonzeros 0s
Presolve reductions: rows 36358(-174185); columns 66992(-83278); nonzeros 196620(-356639) 
Solving the presolved LP
Using dual simplex solver
  Iteration        Objective     Infeasibilities num(sum)
          0     2.1515600026e+03 Pr: 96(7707.83) 0.2s
      20791     4.3762508819e+08 Pr: 0(0) 0.6s

Performed postsolve
Solving the original LP from the solution after postsolve

Model status        : Optimal
Simplex   iterations: 20791
Objective value     :  4.3762508819e+08
P-D objective error :  2.8602051679e-15
HiGHS run time      :          0.76
GO3_PROGRESS {"epoch_seconds":1.789973195447e9,"event":"reserve_benders_solve_returned","solve_seconds":0.7571492195129395,"pid":29612,"mode":"recourse","stage":"source_reserve_benders","termination":"OPTIMAL","simplex_iterations":20791,"barrier_iterations":0,"has_primal":true,"period":43,"native_status":7,"solve_wall_seconds":0.7590000629425049,"round":1,"remaining_work_seconds":1314.2146282196045}
GO3_PROGRESS {"epoch_seconds":1.789973195538e9,"event":"reserve_benders_hour_complete","pid":29612,"mode":"recourse","hours_completed":43,"stage":"source_reserve_benders","hours_required":48,"kind":"cost","period":43,"round":1,"remaining_work_seconds":1314.1236281394958}
Running HiGHS 1.15.1 (git hash: 04024d7): Copyright (c) 2026 under MIT licence terms
Includes third-party software components, see THIRD_PARTY_NOTICES.md for full details
GO3_PROGRESS {"epoch_seconds":1.789973195719e9,"event":"reserve_benders_solve_begin","actual_limit_seconds":30.0,"pid":29612,"period":44,"mode":"recourse","stage":"source_reserve_benders","round":1,"remaining_work_seconds":1313.942628145218}
LP has 210541 rows; 150268 cols; 553255 nonzeros
Coefficient ranges:
  Matrix  [1e+00, 2e+01]
  Cost    [1e+02, 5e+05]
  Bound   [1e-05, 6e+03]
  RHS     [1e-20, 6e+03]
WARNING: Problem has some excessively small column bounds
WARNING: Problem has some excessively small row bounds
Presolving model
39774 rows, 67045 cols, 207004 nonzeros 0s
36471 rows, 67045 cols, 197095 nonzeros 0s
Presolve reductions: rows 36471(-174070); columns 67045(-83223); nonzeros 197095(-356160) 
Solving the presolved LP
Using dual simplex solver
  Iteration        Objective     Infeasibilities num(sum)
          0     1.9453009988e+03 Pr: 96(7712.68) 0.2s
      20752     4.3829815777e+08 Pr: 0(0) 0.6s

Performed postsolve
Solving the original LP from the solution after postsolve

Model status        : Optimal
Simplex   iterations: 20752
Objective value     :  4.3829815777e+08
P-D objective error :  4.2837193700e-15
HiGHS run time      :          0.77
GO3_PROGRESS {"epoch_seconds":1.789973196487e9,"event":"reserve_benders_solve_returned","solve_seconds":0.7666537761688232,"pid":29612,"mode":"recourse","stage":"source_reserve_benders","termination":"OPTIMAL","simplex_iterations":20752,"barrier_iterations":0,"has_primal":true,"period":44,"native_status":7,"solve_wall_seconds":0.7669999599456787,"round":1,"remaining_work_seconds":1313.1746282577515}
GO3_PROGRESS {"epoch_seconds":1.789973196569e9,"event":"reserve_benders_hour_complete","pid":29612,"mode":"recourse","hours_completed":44,"stage":"source_reserve_benders","hours_required":48,"kind":"cost","period":44,"round":1,"remaining_work_seconds":1313.0926282405853}
Running HiGHS 1.15.1 (git hash: 04024d7): Copyright (c) 2026 under MIT licence terms
Includes third-party software components, see THIRD_PARTY_NOTICES.md for full details
GO3_PROGRESS {"epoch_seconds":1.789973196754e9,"event":"reserve_benders_solve_begin","actual_limit_seconds":30.0,"pid":29612,"period":45,"mode":"recourse","stage":"source_reserve_benders","round":1,"remaining_work_seconds":1312.9076282978058}
LP has 210525 rows; 150252 cols; 553223 nonzeros
Coefficient ranges:
  Matrix  [1e+00, 2e+01]
  Cost    [1e+02, 5e+05]
  Bound   [1e-05, 6e+03]
  RHS     [1e-20, 6e+03]
WARNING: Problem has some excessively small column bounds
WARNING: Problem has some excessively small row bounds
Presolving model
40155 rows, 67459 cols, 208937 nonzeros 0s
36799 rows, 67459 cols, 198869 nonzeros 0s
Presolve reductions: rows 36799(-173726); columns 67459(-82793); nonzeros 198869(-354354) 
Solving the presolved LP
Using dual simplex solver
  Iteration        Objective     Infeasibilities num(sum)
          0     2.8319889970e+03 Pr: 96(7741.47) 0.2s
      21107     4.4324294315e+08 Pr: 0(0) 0.6s

Performed postsolve
Solving the original LP from the solution after postsolve

Model status        : Optimal
Simplex   iterations: 21107
Objective value     :  4.4324294315e+08
P-D objective error :  3.8997455532e-15
HiGHS run time      :          0.78
GO3_PROGRESS {"epoch_seconds":1.789973197534e9,"event":"reserve_benders_solve_returned","solve_seconds":0.7783629894256592,"pid":29612,"mode":"recourse","stage":"source_reserve_benders","termination":"OPTIMAL","simplex_iterations":21107,"barrier_iterations":0,"has_primal":true,"period":45,"native_status":7,"solve_wall_seconds":0.7789998054504395,"round":1,"remaining_work_seconds":1312.127628326416}
GO3_PROGRESS {"epoch_seconds":1.789973197624e9,"event":"reserve_benders_hour_complete","pid":29612,"mode":"recourse","hours_completed":45,"stage":"source_reserve_benders","hours_required":48,"kind":"cost","period":45,"round":1,"remaining_work_seconds":1312.0376281738281}
Running HiGHS 1.15.1 (git hash: 04024d7): Copyright (c) 2026 under MIT licence terms
Includes third-party software components, see THIRD_PARTY_NOTICES.md for full details
GO3_PROGRESS {"epoch_seconds":1.789973197805e9,"event":"reserve_benders_solve_begin","actual_limit_seconds":30.0,"pid":29612,"period":46,"mode":"recourse","stage":"source_reserve_benders","round":1,"remaining_work_seconds":1311.8566281795502}
LP has 210503 rows; 150230 cols; 553179 nonzeros
Coefficient ranges:
  Matrix  [1e+00, 2e+01]
  Cost    [1e+02, 5e+05]
  Bound   [1e-05, 6e+03]
  RHS     [1e-20, 6e+03]
WARNING: Problem has some excessively small column bounds
WARNING: Problem has some excessively small row bounds
Presolving model
40156 rows, 67563 cols, 209543 nonzeros 0s
36892 rows, 67563 cols, 199751 nonzeros 0s
Presolve reductions: rows 36892(-173611); columns 67563(-82667); nonzeros 199751(-353428) 
Solving the presolved LP
Using dual simplex solver
  Iteration        Objective     Infeasibilities num(sum)
          0     1.6234980072e+03 Pr: 96(7682) 0.2s
      20990     4.3011112374e+08 Pr: 0(0) 0.6s

Performed postsolve
Solving the original LP from the solution after postsolve

Model status        : Optimal
Simplex   iterations: 20990
Objective value     :  4.3011112374e+08
P-D objective error :  3.1873317210e-15
HiGHS run time      :          0.77
GO3_PROGRESS {"epoch_seconds":1.78997319858e9,"event":"reserve_benders_solve_returned","solve_seconds":0.7725188732147217,"pid":29612,"mode":"recourse","stage":"source_reserve_benders","termination":"OPTIMAL","simplex_iterations":20990,"barrier_iterations":0,"has_primal":true,"period":46,"native_status":7,"solve_wall_seconds":0.7739999294281006,"round":1,"remaining_work_seconds":1311.0816283226013}
GO3_PROGRESS {"epoch_seconds":1.789973198664e9,"event":"reserve_benders_hour_complete","pid":29612,"mode":"recourse","hours_completed":46,"stage":"source_reserve_benders","hours_required":48,"kind":"cost","period":46,"round":1,"remaining_work_seconds":1310.997628211975}
Running HiGHS 1.15.1 (git hash: 04024d7): Copyright (c) 2026 under MIT licence terms
Includes third-party software components, see THIRD_PARTY_NOTICES.md for full details
GO3_PROGRESS {"epoch_seconds":1.789973198846e9,"event":"reserve_benders_solve_begin","actual_limit_seconds":30.0,"pid":29612,"period":47,"mode":"recourse","stage":"source_reserve_benders","round":1,"remaining_work_seconds":1310.8156282901764}
LP has 210493 rows; 150220 cols; 553159 nonzeros
Coefficient ranges:
  Matrix  [1e+00, 2e+01]
  Cost    [1e+02, 5e+05]
  Bound   [1e-05, 6e+03]
  RHS     [1e-20, 6e+03]
WARNING: Problem has some excessively small column bounds
WARNING: Problem has some excessively small row bounds
Presolving model
40151 rows, 67751 cols, 210279 nonzeros 0s
37001 rows, 67751 cols, 200829 nonzeros 0s
Presolve reductions: rows 37001(-173492); columns 67751(-82469); nonzeros 200829(-352330) 
Solving the presolved LP
Using dual simplex solver
  Iteration        Objective     Infeasibilities num(sum)
          0     2.2251310117e+03 Pr: 96(7694.61) 0.2s
      21260     4.3114586776e+08 Pr: 0(0) 0.6s

Performed postsolve
Solving the original LP from the solution after postsolve

Model status        : Optimal
Simplex   iterations: 21260
Objective value     :  4.3114586776e+08
P-D objective error :  3.3870527460e-15
HiGHS run time      :          0.79
GO3_PROGRESS {"epoch_seconds":1.789973199639e9,"event":"reserve_benders_solve_returned","solve_seconds":0.7879002094268799,"pid":29612,"mode":"recourse","stage":"source_reserve_benders","termination":"OPTIMAL","simplex_iterations":21260,"barrier_iterations":0,"has_primal":true,"period":47,"native_status":7,"solve_wall_seconds":0.7909998893737793,"round":1,"remaining_work_seconds":1310.0226283073425}
GO3_PROGRESS {"epoch_seconds":1.789973199717e9,"event":"reserve_benders_hour_complete","pid":29612,"mode":"recourse","hours_completed":47,"stage":"source_reserve_benders","hours_required":48,"kind":"cost","period":47,"round":1,"remaining_work_seconds":1309.944628238678}
Running HiGHS 1.15.1 (git hash: 04024d7): Copyright (c) 2026 under MIT licence terms
Includes third-party software components, see THIRD_PARTY_NOTICES.md for full details
GO3_PROGRESS {"epoch_seconds":1.7899731999e9,"event":"reserve_benders_solve_begin","actual_limit_seconds":30.0,"pid":29612,"period":48,"mode":"recourse","stage":"source_reserve_benders","round":1,"remaining_work_seconds":1309.76162815094}
LP has 210487 rows; 150214 cols; 553147 nonzeros
Coefficient ranges:
  Matrix  [1e+00, 2e+01]
  Cost    [1e+02, 5e+05]
  Bound   [1e-05, 6e+03]
  RHS     [1e-20, 6e+03]
WARNING: Problem has some excessively small column bounds
WARNING: Problem has some excessively small row bounds
Presolving model
40173 rows, 68164 cols, 211633 nonzeros 0s
37170 rows, 68164 cols, 202624 nonzeros 0s
Presolve reductions: rows 37170(-173317); columns 68164(-82050); nonzeros 202624(-350523) 
Solving the presolved LP
Using dual simplex solver
  Iteration        Objective     Infeasibilities num(sum)
          0     1.9086440110e+03 Pr: 96(7731.24) 0.2s
      21337     4.3720356051e+08 Pr: 0(0) 0.6s

Performed postsolve
Solving the original LP from the solution after postsolve

Model status        : Optimal
Simplex   iterations: 21337
Objective value     :  4.3720356051e+08
P-D objective error :  3.2037917280e-15
HiGHS run time      :          0.74
GO3_PROGRESS {"epoch_seconds":1.789973200642e9,"event":"reserve_benders_solve_returned","solve_seconds":0.7393798828125,"pid":29612,"mode":"recourse","stage":"source_reserve_benders","termination":"OPTIMAL","simplex_iterations":21337,"barrier_iterations":0,"has_primal":true,"period":48,"native_status":7,"solve_wall_seconds":0.7409999370574951,"round":1,"remaining_work_seconds":1309.0196282863617}
GO3_PROGRESS {"epoch_seconds":1.789973200734e9,"event":"reserve_benders_hour_complete","pid":29612,"mode":"recourse","hours_completed":48,"stage":"source_reserve_benders","hours_required":48,"kind":"cost","period":48,"round":1,"remaining_work_seconds":1308.9276282787323}
GO3_PROGRESS {"epoch_seconds":1.78997325413e9,"event":"reserve_benders_incumbent_audited","pid":29612,"mode":"recourse","objective":-2.0572608194137283e10,"stage":"source_reserve_benders","round":1,"maximum_residual":6.000000010719653e-10,"remaining_work_seconds":1255.5316281318665}
GO3_PROGRESS {"epoch_seconds":1.78997325417e9,"event":"reserve_benders_stage_complete","pid":29612,"result_sha256":"041cc339f0342057c7cc81b369ff89cdc75e0a905fe77192fce1cb32e0a691e8","mode":"recourse","stage":"source_reserve_benders","round":1,"remaining_work_seconds":1255.4916281700134}
