Running HiGHS 1.15.1 (git hash: 04024d7): Copyright (c) 2026 under MIT licence terms
Includes third-party software components, see THIRD_PARTY_NOTICES.md for full details
LP has 210447 rows; 150174 cols; 553067 nonzeros
Coefficient ranges:
  Matrix  [1e+00, 2e+01]
  Cost    [1e+02, 5e+05]
  Bound   [1e-05, 6e+03]
  RHS     [1e-20, 6e+03]
WARNING: Problem has some excessively small column bounds
WARNING: Problem has some excessively small row bounds
Presolving model
40179 rows, 68324 cols, 212365 nonzeros 0s
37312 rows, 68324 cols, 203764 nonzeros 0s
Presolve reductions: rows 37312(-173135); columns 68324(-81850); nonzeros 203764(-349303) 
Solving the presolved LP
Using dual simplex solver
  Iteration        Objective     Infeasibilities num(sum)
          0     2.5967249924e+03 Pr: 96(7643.77) 0.2s
      21064     4.2257175987e+08 Pr: 0(0) 0.6s

Performed postsolve
Solving the original LP from the solution after postsolve

Model status        : Optimal
Simplex   iterations: 21064
Objective value     :  4.2257175987e+08
P-D objective error :  2.6094643130e-15
HiGHS run time      :          0.73
