GO3_PROGRESS {"epoch_seconds":1.789992915766e9,"event":"reserve_benders_worker_started","raw_case_parsed":false,"pid":23072,"native_backend":{"git_hash":"04024d7","library_sha256":"09e8b2b6eafd425f03390dc5aa192820aa79f825025ee3be54e71a792b75634d","floating_point_bits":64,"objective_clique_max_size":0,"policy":"setup_clique_guard_v1","library_path":"C:\\Users\\thoma\\Documents\\go3-division2-cpu\\environments\\highs-setup-guard-build\\bin\\libhighs.dll","highs_int_bits":32,"version":"1.15.1","manifest_sha256":"ee5a6438fae2a94379ae0fabe8c17e118d07ba8ad39e02a21f5e776caf4667c7"},"mode":"recourse","stage":"source_reserve_benders","round":2,"remaining_work_seconds":97.54455423355103}
Running HiGHS 1.15.1 (git hash: 04024d7): Copyright (c) 2026 under MIT licence terms
Includes third-party software components, see THIRD_PARTY_NOTICES.md for full details
GO3_PROGRESS {"epoch_seconds":1.789992917427e9,"event":"reserve_benders_solve_begin","actual_limit_seconds":5.0,"pid":23072,"period":1,"mode":"recourse","stage":"source_reserve_benders","round":2,"remaining_work_seconds":95.88355422019958}
LP has 1 row; 1 col; 1 nonzero
Coefficient ranges:
  Matrix  [1e+00, 1e+00]
  Cost    [3e+00, 3e+00]
  Bound   [0e+00, 0e+00]
  RHS     [0e+00, 0e+00]
Presolving model
0 rows, 0 cols, 0 nonzeros 0s
0 rows, 0 cols, 0 nonzeros 0s
Presolve reductions: rows 0(-1); columns 0(-1); nonzeros 0(-1) - Reduced to empty
Performed postsolve
Solving the original LP from the solution after postsolve

Model status        : Optimal
Objective value     :  0.0000000000e+00
P-D objective error :  0.0000000000e+00
HiGHS run time      :          0.00
GO3_PROGRESS {"epoch_seconds":1.789992917436e9,"event":"reserve_benders_solve_returned","solve_seconds":0.00036716461181640625,"pid":23072,"mode":"recourse","stage":"source_reserve_benders","termination":"OPTIMAL","simplex_iterations":0,"barrier_iterations":0,"has_primal":true,"period":1,"native_status":7,"solve_wall_seconds":0.0,"round":2,"remaining_work_seconds":95.87455415725708}
GO3_PROGRESS {"epoch_seconds":1.789992917877e9,"event":"reserve_benders_hour_complete","pid":23072,"mode":"recourse","hours_completed":1,"stage":"source_reserve_benders","hours_required":1,"kind":"cost","period":1,"round":2,"remaining_work_seconds":95.43355417251587}
GO3_PROGRESS {"epoch_seconds":1.789992918124e9,"event":"reserve_benders_incumbent_audited","pid":23072,"mode":"recourse","objective":-0.75,"stage":"source_reserve_benders","round":2,"maximum_residual":0.0,"remaining_work_seconds":95.1865541934967}
GO3_PROGRESS {"epoch_seconds":1.789992918164e9,"event":"reserve_benders_stage_complete","pid":23072,"result_sha256":"ebccb45fdcca9468adc6181ad74ea9ddbf190a1abfccb822989071291a30141c","mode":"recourse","stage":"source_reserve_benders","round":2,"remaining_work_seconds":95.14655423164368}
