GO3_PROGRESS {"epoch_seconds":1.78996980509e9,"event":"reserve_benders_worker_started","raw_case_parsed":false,"pid":22384,"native_backend":{"git_hash":"04024d701f","library_sha256":"404f0a37f0887e0b390274230441539524f0f68d141a58d62053aea041eb9ded","floating_point_bits":64,"policy":"upstream_jll_v1","library_path":"C:\\Users\\thoma\\Documents\\go3-division2-cpu\\environments\\julia-depot\\artifacts\\7b3fde6a10989de897c61b0c6880e7e7d97cccd4\\bin\\libhighs.dll","highs_int_bits":32,"version":"1.15.1"},"mode":"recourse","stage":"source_reserve_benders","round":2,"remaining_work_seconds":97.8906831741333}
Running HiGHS 1.15.1 (git hash: 04024d701f): Copyright (c) 2026 under MIT licence terms
Includes third-party software components, see THIRD_PARTY_NOTICES.md for full details
Using BLAS: libblastrampoline 
GO3_PROGRESS {"epoch_seconds":1.789969806772e9,"event":"reserve_benders_solve_begin","actual_limit_seconds":5.0,"pid":22384,"period":1,"mode":"recourse","stage":"source_reserve_benders","round":2,"remaining_work_seconds":96.20868301391602}
LP has 2 rows; 1 col; 2 nonzeros
Coefficient ranges:
  Matrix  [1e+00, 1e+00]
  Cost    [3e+00, 3e+00]
  Bound   [0e+00, 0e+00]
  RHS     [5e-01, 5e-01]
Presolving model
0 rows, 0 cols, 0 nonzeros 0s
0 rows, 0 cols, 0 nonzeros 0s
Presolve reductions: rows 0(-2); columns 0(-1); nonzeros 0(-2) - Reduced to empty
Performed postsolve
Solving the original LP from the solution after postsolve

Model status        : Optimal
Objective value     :  1.5000000000e+00
P-D objective error :  0.0000000000e+00
HiGHS run time      :          0.00
GO3_PROGRESS {"epoch_seconds":1.789969806782e9,"event":"reserve_benders_solve_returned","solve_seconds":0.0012290477752685547,"pid":22384,"mode":"recourse","stage":"source_reserve_benders","termination":"OPTIMAL","simplex_iterations":0,"barrier_iterations":0,"has_primal":true,"period":1,"native_status":7,"solve_wall_seconds":0.0010001659393310547,"round":2,"remaining_work_seconds":96.19868302345276}
GO3_PROGRESS {"epoch_seconds":1.789969807255e9,"event":"reserve_benders_hour_complete","pid":22384,"mode":"recourse","hours_completed":1,"stage":"source_reserve_benders","hours_required":1,"kind":"cost","period":1,"round":2,"remaining_work_seconds":95.7256829738617}
GO3_PROGRESS {"epoch_seconds":1.789969807517e9,"event":"reserve_benders_incumbent_audited","pid":22384,"mode":"recourse","objective":-2.0000000000000004,"stage":"source_reserve_benders","round":2,"maximum_residual":3.885780586188048e-16,"remaining_work_seconds":95.46368312835693}
GO3_PROGRESS {"epoch_seconds":1.789969807561e9,"event":"reserve_benders_stage_complete","pid":22384,"result_sha256":"c51a57222d1e37ee636a35a3d0dfb3b052569931f1ed8fcd99f71c7d8ca2f099","mode":"recourse","stage":"source_reserve_benders","round":2,"remaining_work_seconds":95.41968297958374}
