GO3_PROGRESS {"epoch_seconds":1.789840118473e9,"event":"isolated_native_worker_started","raw_case_parsed":false,"pid":5516,"stage":"isolated_native_scheduling","elapsed_native_worker_seconds":0.003000020980834961,"remaining_work_seconds":3680.394334077835}
GO3_PROGRESS {"epoch_seconds":1.789840131656e9,"event":"isolated_native_import_begin","options":{"highs_analysis_level":384,"random_seed":0,"parallel":"off","threads":1,"mip_feasibility_tolerance":1.0e-9,"primal_feasibility_tolerance":1.0e-9,"mip_lp_solver":"simplex","mip_rel_gap":0.001,"presolve_rule_off":8192,"log_dev_level":1},"pid":5516,"raw_case_parsed":false,"extraction_metadata_loaded":false,"stage":"isolated_native_scheduling","elapsed_native_worker_seconds":13.185999870300293,"remaining_work_seconds":3667.2113342285156}
Running HiGHS 1.15.1 (git hash: 04024d701f): Copyright (c) 2026 under MIT licence terms
Includes third-party software components, see THIRD_PARTY_NOTICES.md for full details
Using BLAS: libblastrampoline 
GO3_PROGRESS {"epoch_seconds":1.78984013463e9,"event":"isolated_native_import_complete","pid":5516,"variables":15253134,"nonzeros":68232594,"rows":17635208,"stage":"isolated_native_scheduling","seconds":2.9140000343322754,"elapsed_native_worker_seconds":16.16000008583069,"remaining_work_seconds":3664.2373340129852}
GO3_PROGRESS {"epoch_seconds":1.789840134642e9,"event":"economic_solve_begin","pid":5516,"stage":"isolated_native_scheduling","actual_solver_limit_seconds":3600.0,"elapsed_native_worker_seconds":16.17199993133545,"remaining_work_seconds":3664.2253341674805}
 MIP      : 
Rows      : 17635208
Cols      : 15253134
Nonzeros  : 68232594
Integer   : 2592720 (2592720 binary)
Coefficient ranges:
  Matrix  [1e-05, 6e+03]
  Cost    [1e-01, 1e+06]
  Bound   [1e-05, 6e+03]
  RHS     [1e-05, 6e+03]
WARNING: Problem has some excessively small column bounds
WARNING: Problem has some excessively small row bounds
Presolving model
Presolve rules not allowed:
   Rule 13 (set bit 13 =  8192): Parallel rows and columns
13791058 rows, 15041285 cols, 61767371 nonzeros 75s
Sparsify removed 0.0% of nonzeros
Fixed 25217 dominated columns and strengthened 0 bounds
