GO3_PROGRESS {"epoch_seconds":1.789977789998e9,"event":"reserve_benders_worker_started","raw_case_parsed":false,"pid":20860,"native_backend":{"analytic_center_requested":false,"git_hash":"04024d7","library_sha256":"892447b910bab933e5fad23035f8f5c06cf25ac24f93be5b44633edb6e1bb349","root_presolve_only_requested":true,"version":"1.15.1","policy":"root_progress_guard_v1","library_path":"C:\\Users\\thoma\\Documents\\go3-division2-cpu\\environments\\highs-root-progress-build\\bin\\libhighs.dll","highs_int_bits":32,"manifest_sha256":"abb3c9ff808b89d844804cf4c987701f7055d8cdb849fd0fe48cf52ea7bed4a6","floating_point_bits":64,"objective_clique_max_size":0,"root_lp_logging_requested":true},"mode":"master","stage":"source_reserve_benders","round":1,"remaining_work_seconds":87.05722308158875}
Running HiGHS 1.15.1 (git hash: 04024d7): Copyright (c) 2026 under MIT licence terms
Includes third-party software components, see THIRD_PARTY_NOTICES.md for full details
GO3_PROGRESS {"epoch_seconds":1.78997779076e9,"event":"reserve_benders_master_loaded","cut_count":0,"pid":20860,"start":{"supplied":false},"mode":"master","stage":"source_reserve_benders","variables":46,"nonzeros":143,"rows":70,"round":1,"remaining_work_seconds":86.2952229976654}
GO3_PROGRESS {"epoch_seconds":1.789977790865e9,"event":"reserve_benders_solve_begin","actual_limit_seconds":10.0,"pid":20860,"mode":"master","stage":"source_reserve_benders","round":1,"remaining_work_seconds":86.19022297859192}
 MIP      : 
Rows      : 70
Cols      : 46
Nonzeros  : 143
Integer   : 18 (15 binary)
Coefficient ranges:
  Matrix  [2e-01, 3e+00]
  Cost    [3e-02, 1e+03]
  Bound   [1e+00, 3e+00]
  RHS     [5e-01, 2e+00]
Presolving model
Presolve rules not allowed:
   Rule 13 (set bit 13 =  8192): Parallel rows and columns
29 rows, 27 cols, 69 nonzeros 0s
21 rows, 20 cols, 64 nonzeros 0s
Fixed 3 dominated columns and strengthened 0 bounds
7 probing evaluations: 0 deleted rows, 0 deleted columns, 0 lifted nonzeros
13 rows, 13 cols, 42 nonzeros 0s
Presolve reductions: rows 13(-57); columns 13(-33); nonzeros 42(-101) 
MIP-Timing:       0.011 - completed presolve
MIP-Timing:       0.011 - starting  setup
GO3-HIGHS-Setup stage=initialization solve_elapsed=0.011398
GO3-HIGHS-Setup stage=transpose_and_locks solve_elapsed=0.011410
GO3-HIGHS-Setup stage=row_integrality solve_elapsed=0.011420
GO3-HIGHS-Setup stage=objective_clique_partition solve_elapsed=0.011428
GO3-HIGHS-Setup optional_objective_clique_skipped binary_columns=7 limit=0 source_model_unchanged=1
GO3-HIGHS-Setup stage=objective_propagation solve_elapsed=0.011443
GO3-HIGHS-Setup stage=row_activities solve_elapsed=0.011454
GO3-HIGHS-Setup stage=domain_propagation solve_elapsed=0.011462
GO3-HIGHS-Setup stage=domain_propagation_complete solve_elapsed=0.011472
GO3-HIGHS-Setup stage=objective_integrality solve_elapsed=0.011482
GO3-HIGHS-Setup stage=basis_transfer solve_elapsed=0.011490
GO3-HIGHS-Setup stage=basis_transfer_complete solve_elapsed=0.011499

Solving MIP model with:
   13 rows
   13 cols (7 binary, 0 integer, 0 implied int., 6 continuous, 0 domain fixed)
   42 nonzeros
   Thread count 1 (of 24 threads). Using 1 max workers. Parallel search off
GO3-HIGHS-Setup stage=heuristic_columns solve_elapsed=0.011519
GO3-HIGHS-Setup stage=heuristic_columns_complete solve_elapsed=0.011530
MIP-Timing:       0.012 - completed setup
Feasibility Jump: starting solve. weightUpdateDecay=1, relaxContinuous=0  

Src: B => Branching; C => Central rounding; F => Feasibility pump; H => Heuristic;
     I => Shifting; J => Feasibility jump; L => Sub-MIP; P => Empty MIP; R => Randomized rounding;
     S => Solve LP; T => Evaluate node; U => Unbounded; X => User solution; Y => HiGHS solution;
     Z => ZI Round; l => Trivial lower; p => Trivial point; u => Trivial upper; z => Trivial zero

        Nodes      |    B&B Tree     |            Objective Bounds              |  Dynamic Constraints |       Work      
Src  Proc. InQueue |  Leaves   Expl. | BestBound       BestSol              Gap |   Cuts   InLp Confl. | LpIters     Time

 J       0       0         0   0.00%   inf             492.725            Large        0      0      0         0     0.0s
MIP-Timing:       0.016 - starting evaluate root node
GO3-HIGHS-Root stage=begin solve_elapsed=0.016291
GO3-HIGHS-Root optional_analytic_center_skipped source_model_unchanged=1
GO3-HIGHS-Root stage=load_model_begin solve_elapsed=0.016400
GO3-HIGHS-Root stage=load_model_complete solve_elapsed=0.016421
GO3-HIGHS-Root-LP logging_enabled=1 highs_debug_level=0
GO3-HIGHS-Root stage=first_lp_begin solve_elapsed=0.016952
MIP-Timing:       0.017 - start first LP solve (without basis)
Solving LP without presolve or useful basis
Using dual simplex solver
Cost perturbation for 
   Initially have 13 nonzero costs (100%) with min / average / max = 0.025 / 269.506 / 1010
   Large so set max_abs_cost = sqrt(sqrt(max_abs_cost)) = 5.63742
   Perturbation column base = 2.81871e-06
   Perturbation row    base = 1e-12
       Iteration        Objective     Infeasibilities num(sum)
DuPh1          0     0.0000000000e+00 Ph1: 0(0) No reason
DuPh2          0    -4.5000593349e-01 Pr: 3(3) No reason
DuPh2          4    -3.2499665317e-01 Pr: 0(0) Possibly optimal
DuPh2          4    -3.2500000000e-01 Pr: 0(0) Perturbation cleanup
Simplex iterations: DuPh2 4; Total 4
dual simplex solver returns 0 primal and 0 dual infeasibilities: Status Optimal
getKktFailures:: cost norm =      0.1; bound norm =        1
getKktFailures:                      LP  (abs / rel)         Col (abs / rel)         Row (abs / rel)
getKktFailures: primal infeasibility        0 /        0            0 /        0            0 /        0
getKktFailures:   dual infeasibility        0 /        0            0 /        0            0 /        0
getKktFailures: objective gap        3.36e-17
Solution optimality conditions
num/max      0 /        0 (relative      0 /        0) primal infeasibilities     (tolerance = 1e-09)
num/max      0 /        0 (relative      0 /        0)   dual infeasibilities     (tolerance = 1e-10)
                                         0 / 3.36e-17  P-D objective error        (tolerance = 1e-07)

Postsolve  : 
Time           :     0.00
Time OriginalLP:     0.00
For LP                     : Solve original LP     0.00 ( 77%)
Strange: Solve time = 0.000503063; Sum times = 0.000390053: relative difference = 0.224645
Model status        : Optimal
Simplex   iterations: 4
Objective value     : -3.2500000000e-01
P-D objective error :  3.3643121958e-17
HiGHS run time      :          0.00
MIP-Timing:       0.018 - finish first LP solve
 T       0       0         0 100.00%   1732.275        1732.15            0.01%        0      0      0         4     0.0s
GO3-HIGHS-Root stage=first_lp_complete solve_elapsed=0.017597
MIP-Timing:       0.018 - completed evaluate root node
         1       0         1 100.00%   1732.15         1732.15            0.00%        0      0      0         4     0.0s

Solving report
  Status            Optimal
  Primal bound      1732.15
  Dual bound        1732.15
  Gap               0% (tolerance: 0.0001%)
  P-D integral      0.00289039162624
  Solution status   feasible
                    1732.15 (objective)
                    0 (bound viol.)
                    0 (int. viol.)
                    0 (row viol.)
  Timing            0.02
                    0.01 (Presolve)
                    0.01 (Solve)
                    0.00 (Postsolve)
  Max sub-MIP depth 0
  Nodes             1
  Repair LPs        0
  LP iterations     4
                    0 (strong br.)
                    0 (separation)
                    0 (heuristics)
getKktFailures:: cost norm =    1e+03; bound norm =        1
getKktFailures:                      LP  (abs / rel)         Col (abs / rel)         Row (abs / rel)
getKktFailures: primal infeasibility        0 /        0            0 /        0            0 /        0

MIP sub-solver profiling: number of threads used = 1

Thread 0
Solver                    Calls    Time       Time/call      MIP%
MIP                           1  1.7805e-02  1.7805e-02
Du simplex (no basis)         1  3.7289e-04  3.7289e-04       2.1
TOTAL                            3.7289e-04                   2.1

Percent (sub-)MIP time by thread

MIP sub-solver            0
Du simplex (no basis)   2.1
===========================
Total                   2.1
===========================
GO3_PROGRESS {"epoch_seconds":1.789977790895e9,"event":"reserve_benders_solve_returned","solve_seconds":0.01788473129272461,"pid":20860,"mode":"master","stage":"source_reserve_benders","termination":"OPTIMAL","simplex_iterations":4,"barrier_iterations":-1,"has_primal":true,"native_status":7,"solve_wall_seconds":0.01900005340576172,"round":1,"remaining_work_seconds":86.16022300720215}
GO3_PROGRESS {"epoch_seconds":1.789977791163e9,"event":"reserve_benders_stage_complete","pid":20860,"result_sha256":"6ce2a7a69cf0566f0d6efd8d6e742570a02e7e49da8606f9b5187dda5d73317d","mode":"master","stage":"source_reserve_benders","round":1,"remaining_work_seconds":85.89222288131714}
