GO3_PROGRESS {"epoch_seconds":1.789941813349e9,"event":"reserve_benders_worker_started","raw_case_parsed":false,"pid":10160,"native_backend":{"git_hash":"04024d7","library_sha256":"09e8b2b6eafd425f03390dc5aa192820aa79f825025ee3be54e71a792b75634d","floating_point_bits":64,"objective_clique_max_size":0,"policy":"setup_clique_guard_v1","library_path":"C:\\Users\\thoma\\Documents\\go3-division2-cpu\\environments\\highs-setup-guard-build\\bin\\libhighs.dll","highs_int_bits":32,"version":"1.15.1","manifest_sha256":"ee5a6438fae2a94379ae0fabe8c17e118d07ba8ad39e02a21f5e776caf4667c7"},"mode":"master","stage":"source_reserve_benders","round":3,"remaining_work_seconds":68.10015320777893}
Running HiGHS 1.15.1 (git hash: 04024d7): Copyright (c) 2026 under MIT licence terms
Includes third-party software components, see THIRD_PARTY_NOTICES.md for full details
GO3_PROGRESS {"epoch_seconds":1.789941814632e9,"event":"reserve_benders_master_loaded","cut_count":2,"pid":10160,"start":{"supplied":true,"scope":"complete within-attempt primal; no external seed","source_result":{"sha256":"a8b45c038934398d5c3f8fb65686bf765cc10ddba3f0667c9aadec7b84c0c42d","path":"C:\\Users\\thoma\\Documents\\go3-division2-cpu\\tmp\\reserve_loop_components_y5zepgoc\\phase_one\\reserve_decomposition\\rounds\\round_0002\\recourse\\result.json"},"api_returncode":0,"api_accepted":true,"original_master_audit":{"variables":3,"scope":"Original scheduling rows, bounds, integer domains and objective; not full GO3 verification","rows":1,"objective":-2.0000000000000004,"complete":true,"pass":true,"maximum_residual":0.0,"tolerance":1.0e-8},"maximum_cut_violation":0.0},"mode":"master","stage":"source_reserve_benders","variables":3,"nonzeros":5,"rows":3,"round":3,"remaining_work_seconds":66.81715321540833}
GO3_PROGRESS {"epoch_seconds":1.789941814745e9,"event":"reserve_benders_solve_begin","actual_limit_seconds":10.0,"pid":10160,"mode":"master","stage":"source_reserve_benders","round":3,"remaining_work_seconds":66.70415329933167}
 MIP      : 
Rows      : 3
Cols      : 3
Nonzeros  : 5
Integer   : 1 (1 binary)
Coefficient ranges:
  Matrix  [1e+00, 3e+00]
  Cost    [2e-01, 1e+00]
  Bound   [1e+00, 1e+00]
  RHS     [1e+00, 3e+00]
Assessing feasibility of MIP using primal feasibility and integrality tolerance of       1e-09
Solution has               num          max          sum
Col     infeasibilities      0            0            0
Integer infeasibilities      0            0            0
Row     infeasibilities      0            0            0
Row     residuals            0            0            0
Presolving model
Presolve rules not allowed:
   Rule 13 (set bit 13 =  8192): Parallel rows and columns
1 rows, 2 cols, 2 nonzeros 0s
0 rows, 0 cols, 0 nonzeros 0s
Presolve reductions: rows 0(-3); columns 0(-3); nonzeros 0(-5) - Reduced to empty
MIP-Timing:     0.00036 - completed presolve
Presolve: Optimal

Src: B => Branching; C => Central rounding; F => Feasibility pump; H => Heuristic;
     I => Shifting; J => Feasibility jump; L => Sub-MIP; P => Empty MIP; R => Randomized rounding;
     S => Solve LP; T => Evaluate node; U => Unbounded; X => User solution; Y => HiGHS solution;
     Z => ZI Round; l => Trivial lower; p => Trivial point; u => Trivial upper; z => Trivial zero

        Nodes      |    B&B Tree     |            Objective Bounds              |  Dynamic Constraints |       Work      
Src  Proc. InQueue |  Leaves   Expl. | BestBound       BestSol              Gap |   Cuts   InLp Confl. | LpIters     Time

         0       0         0   0.00%   -0.75           -0.75              0.00%        0      0      0         0     0.0s

Solving report
  Status            Optimal
  Primal bound      -0.75
  Dual bound        -0.75
  Gap               0% (tolerance: 0.000133%)
  P-D integral      0
  Solution status   feasible
                    -0.75 (objective)
                    0 (bound viol.)
                    0 (int. viol.)
                    0 (row viol.)
  Timing            0.00
                    0.00 (Presolve)
                    0.00 (Solve)
                    0.00 (Postsolve)
  Max sub-MIP depth 0
  Nodes             0
  Repair LPs        0
  LP iterations     0
getKktFailures:: cost norm =        1; bound norm =        3
getKktFailures:                      LP  (abs / rel)         Col (abs / rel)         Row (abs / rel)
getKktFailures: primal infeasibility 8.88e-16 / 2.22e-16     8.88e-16 / 2.22e-16            0 /        0

MIP sub-solver profiling: number of threads used = 1

Thread 0
Solver                    Calls    Time       Time/call      MIP%
MIP                           1  5.4002e-04  5.4002e-04
GO3_PROGRESS {"epoch_seconds":1.789941814757e9,"event":"reserve_benders_solve_returned","solve_seconds":0.0006170272827148438,"pid":10160,"mode":"master","stage":"source_reserve_benders","termination":"OPTIMAL","simplex_iterations":0,"barrier_iterations":-1,"has_primal":true,"native_status":7,"solve_wall_seconds":0.0019998550415039062,"round":3,"remaining_work_seconds":66.69215321540833}
GO3_PROGRESS {"epoch_seconds":1.789941814907e9,"event":"reserve_benders_stage_complete","pid":10160,"result_sha256":"6f9172928ceac31f619b5ef3d563fe65b3ba5bd899edde063adb1f5c0d3eca6a","mode":"master","stage":"source_reserve_benders","round":3,"remaining_work_seconds":66.5421531200409}
