Running HiGHS 1.15.1 (git hash: 04024d7): Copyright (c) 2026 under MIT licence terms
Includes third-party software components, see THIRD_PARTY_NOTICES.md for full details
  LP      : 
Row      : 1
Cols      : 3
Nonzeros  : 2
Coefficient ranges:
  Matrix  [1e+00, 1e+00]
  Cost    [2e-01, 1e+00]
  Bound   [1e+00, 1e+00]
  RHS     [0e+00, 0e+00]
Presolving model
Presolve rules not allowed:
   Rule 13 (set bit 13 =  8192): Parallel rows and columns
0 rows, 0 cols, 0 nonzeros 0s
0 rows, 0 cols, 0 nonzeros 0s
Presolve reductions: rows 0(-1); columns 0(-3); nonzeros 0(-2) - Reduced to empty
Performed postsolve
Solving the original LP from the solution after postsolve
Scaling: Matrix has [min, max] values of [1, 1] within [0.2, 5] so no scaling performed
getKktFailures:: cost norm =        0; bound norm =        1
getKktFailures:                      LP  (abs / rel)         Col (abs / rel)         Row (abs / rel)
getKktFailures: primal infeasibility        0 /        0            0 /        0            0 /        0
getKktFailures:   dual infeasibility        0 /        0            0 /        0            0 /        0
getKktFailures: objective gap               0
Solution optimality conditions
num/max      0 /        0 (relative      0 /        0) primal infeasibilities     (tolerance = 1e-09)
num/max      0 /        0 (relative      0 /        0)   dual infeasibilities     (tolerance = 1e-09)
                                         0 /        0  P-D objective error        (tolerance = 1e-07)

Postsolve  : 0
Time           :     0.00
Time Pre       :     0.00
Time OriginalLP:     0.00
For LP                     : Presolve     0.00 ( 13%)    : Postsolve     0.00 (  1%)    : Solve original LP     0.00 ( 19%)
Strange: Solve time = 0.000583172; Sum times = 0.000196218: relative difference = 0.663532
Model status        : Optimal
Objective value     : -2.5000000000e-01
P-D objective error :  0.0000000000e+00
HiGHS run time      :          0.00

MIP sub-solver profiling: number of threads used = 1
