Running HiGHS 1.15.1 (git hash: 04024d701f): Copyright (c) 2026 under MIT licence terms
Includes third-party software components, see THIRD_PARTY_NOTICES.md for full details
Using BLAS: libblastrampoline 
 MIP      : 
Rows      : 181
Cols      : 153
Nonzeros  : 517
Integer   : 18 (15 binary)
Coefficient ranges:
  Matrix  [1e-02, 3e+00]
  Cost    [3e-03, 1e+03]
  Bound   [5e-01, 4e+00]
  RHS     [5e-01, 8e+00]
Assessing feasibility of MIP using primal feasibility and integrality tolerance of       1e-09
Solution has               num          max          sum
Col     infeasibilities      0            0            0
Integer infeasibilities      0            0            0
Row     infeasibilities      0            0            0
Row     residuals            0            0            0
Presolving model
Permitted suppression of presolve rules via presolve_rule_off option:
   Rule  6 (set bit  6 =    64): Forcing row
   Rule  7 (set bit  7 =   128): Forcing col
   Rule  8 (set bit  8 =   256): Free col substitution
   Rule  9 (set bit  9 =   512): Doubleton equation
   Rule 10 (set bit 10 =  1024): Dependent equations
   Rule 11 (set bit 11 =  2048): Dependent free columns
   Rule 12 (set bit 12 =  4096): Aggregator
   Rule 13 (set bit 13 =  8192): Parallel rows and columns
   Rule 14 (set bit 14 = 16384): Sparsify
   Rule 15 (set bit 15 = 32768): Probing
   Rule 16 (set bit 16 = 65536): Enumeration
   Rule 17 (set bit 17 = 131072): Dual fixing
   Rule 18 (set bit 18 = 262144): Col stuffing
   Rule 19 (set bit 19 = 524288): Initial sweep
73 rows, 59 cols, 210 nonzeros 0s
52 rows, 52 cols, 193 nonzeros 0s
7 probing evaluations: 0 deleted rows, 0 deleted columns, 0 lifted nonzeros
51 rows, 51 cols, 203 nonzeros 0s
Presolve reductions: rows 51(-130); columns 51(-102); nonzeros 203(-314) 
MIP-Timing:     0.00091 - completed presolve
MIP-Timing:     0.00092 - starting  setup

MIP start solution is feasible, objective value is 1732.3229

Solving MIP model with:
   51 rows
   51 cols (0 binary, 0 integer, 0 implied int., 41 continuous, 10 domain fixed)
   203 nonzeros
   Thread count 4 (of 24 threads). Using 1 max workers. Parallel search off
MIP-Timing:       0.001 - completed setup
Feasibility Jump: starting solve. weightUpdateDecay=1, relaxContinuous=0  
MIP-Timing:      0.0051 - starting evaluate root node
MIP-Timing:      0.0051 - starting analytic centre calculation

Src: B => Branching; C => Central rounding; F => Feasibility pump; H => Heuristic;
     I => Shifting; J => Feasibility jump; L => Sub-MIP; P => Empty MIP; R => Randomized rounding;
     S => Solve LP; T => Evaluate node; U => Unbounded; X => User solution; Y => HiGHS solution;
     Z => ZI Round; l => Trivial lower; p => Trivial point; u => Trivial upper; z => Trivial zero

        Nodes      |    B&B Tree     |            Objective Bounds              |  Dynamic Constraints |       Work      
Src  Proc. InQueue |  Leaves   Expl. | BestBound       BestSol              Gap |   Cuts   InLp Confl. | LpIters     Time

         0       0         0   0.00%   1732.325044     1732.3229          0.00%        0      0      0         0     0.0s
MIP-Timing:      0.0053 - start first LP solve (without basis)
MIP-Timing:      0.0057 - finish first LP solve
 T       0       0         0   0.00%   1732.325044     1732.3229          0.00%        0      0      0         5     0.0s
MIP-Timing:      0.0058 - completed evaluate root node
         1       0         1 100.00%   1732.3229       1732.3229          0.00%        0      0      0         5     0.0s

Solving report
  Status            Optimal
  Primal bound      1732.3229
  Dual bound        1732.3229
  Gap               0% (tolerance: 0.0001%)
  P-D integral      6.42286880491e-10
  Solution status   feasible
                    1732.3229 (objective)
                    0 (bound viol.)
                    0 (int. viol.)
                    0 (row viol.)
  Timing            0.01
                    0.00 (Presolve)
                    0.00 (Solve)
                    0.00 (Postsolve)
  Max sub-MIP depth 0
  Nodes             1
  Repair LPs        0
  LP iterations     5
                    0 (strong br.)
                    0 (separation)
                    0 (heuristics)
getKktFailures:: cost norm =    1e+03; bound norm =        3
getKktFailures:                      LP  (abs / rel)         Col (abs / rel)         Row (abs / rel)
getKktFailures: primal infeasibility 2.78e-17 / 6.94e-18            0 /        0     2.78e-17 / 6.94e-18

MIP sub-solver profiling: number of threads used = 1

Thread 0
Solver                    Calls    Time       Time/call      MIP%
MIP                           1  5.9111e-03  5.9111e-03
Du simplex (basis)            1  6.0797e-05  6.0797e-05       1.0
Du simplex (no basis)         1  9.7036e-05  9.7036e-05       1.6
TOTAL                            1.5783e-04                   2.7

Percent (sub-)MIP time by thread

MIP sub-solver            0
Du simplex (basis)      1.0
Du simplex (no basis)   1.6
===========================
Total                   2.7
===========================
