GO3_PROGRESS {"epoch_seconds":1.789933428614e9,"event":"source_reserve_partition_begin","pid":28000,"solve_calls":0,"elapsed_seconds":0.0}
GO3_PROGRESS {"epoch_seconds":1.789933443692e9,"event":"reserve_partition_columns","pid":28000,"master_columns":8043122,"solve_calls":0,"recourse_columns":7210012,"periods":[1,2,3,4,5,6,7,8,9,10,11,12,13,14,15,16,17,18,19,20,21,22,23,24,25,26,27,28,29,30,31,32,33,34,35,36,37,38,39,40,41,42,43,44,45,46,47,48],"elapsed_seconds":15.077999830245972}
GO3_PROGRESS {"epoch_seconds":1.78993344589e9,"event":"reserve_partition_rows","pid":28000,"solve_calls":0,"rows_required":17635208,"rows_processed":1048576,"elapsed_seconds":17.276000022888184}
GO3_PROGRESS {"epoch_seconds":1.789933450721e9,"event":"reserve_partition_rows","pid":28000,"solve_calls":0,"rows_required":17635208,"rows_processed":2097152,"elapsed_seconds":22.10699987411499}
GO3_PROGRESS {"epoch_seconds":1.789933451995e9,"event":"reserve_partition_rows","pid":28000,"solve_calls":0,"rows_required":17635208,"rows_processed":3145728,"elapsed_seconds":23.38099980354309}
GO3_PROGRESS {"epoch_seconds":1.789933453881e9,"event":"reserve_partition_rows","pid":28000,"solve_calls":0,"rows_required":17635208,"rows_processed":4194304,"elapsed_seconds":25.26699995994568}
GO3_PROGRESS {"epoch_seconds":1.789933456069e9,"event":"reserve_partition_rows","pid":28000,"solve_calls":0,"rows_required":17635208,"rows_processed":5242880,"elapsed_seconds":27.454999923706055}
GO3_PROGRESS {"epoch_seconds":1.789933458245e9,"event":"reserve_partition_rows","pid":28000,"solve_calls":0,"rows_required":17635208,"rows_processed":6291456,"elapsed_seconds":29.63099980354309}
GO3_PROGRESS {"epoch_seconds":1.789933460801e9,"event":"reserve_partition_rows","pid":28000,"solve_calls":0,"rows_required":17635208,"rows_processed":7340032,"elapsed_seconds":32.187000036239624}
GO3_PROGRESS {"epoch_seconds":1.789933462618e9,"event":"reserve_partition_rows","pid":28000,"solve_calls":0,"rows_required":17635208,"rows_processed":8388608,"elapsed_seconds":34.00399994850159}
GO3_PROGRESS {"epoch_seconds":1.78993346411e9,"event":"reserve_partition_rows","pid":28000,"solve_calls":0,"rows_required":17635208,"rows_processed":9437184,"elapsed_seconds":35.495999813079834}
GO3_PROGRESS {"epoch_seconds":1.789933465891e9,"event":"reserve_partition_rows","pid":28000,"solve_calls":0,"rows_required":17635208,"rows_processed":10485760,"elapsed_seconds":37.276999950408936}
GO3_PROGRESS {"epoch_seconds":1.789933467135e9,"event":"reserve_partition_rows","pid":28000,"solve_calls":0,"rows_required":17635208,"rows_processed":11534336,"elapsed_seconds":38.520999908447266}
GO3_PROGRESS {"epoch_seconds":1.789933469492e9,"event":"reserve_partition_rows","pid":28000,"solve_calls":0,"rows_required":17635208,"rows_processed":12582912,"elapsed_seconds":40.878000020980835}
GO3_PROGRESS {"epoch_seconds":1.789933470979e9,"event":"reserve_partition_rows","pid":28000,"solve_calls":0,"rows_required":17635208,"rows_processed":13631488,"elapsed_seconds":42.36500000953674}
GO3_PROGRESS {"epoch_seconds":1.789933472562e9,"event":"reserve_partition_rows","pid":28000,"solve_calls":0,"rows_required":17635208,"rows_processed":14680064,"elapsed_seconds":43.94799995422363}
GO3_PROGRESS {"epoch_seconds":1.789933474444e9,"event":"reserve_partition_rows","pid":28000,"solve_calls":0,"rows_required":17635208,"rows_processed":15728640,"elapsed_seconds":45.829999923706055}
GO3_PROGRESS {"epoch_seconds":1.789933476788e9,"event":"reserve_partition_rows","pid":28000,"solve_calls":0,"rows_required":17635208,"rows_processed":16777216,"elapsed_seconds":48.17400002479553}
GO3_PROGRESS {"epoch_seconds":1.789933485351e9,"event":"source_reserve_partition_verify_begin","pid":28000,"solve_calls":0,"master_source_columns":8043122,"elapsed_seconds":56.73699998855591}
GO3_PROGRESS {"epoch_seconds":1.789933486455e9,"event":"reserve_partition_part_verified","pid":28000,"period":32,"rows_checked":210451,"solve_calls":0,"columns_checked":150178,"elapsed_seconds":57.84099984169006}
GO3_PROGRESS {"epoch_seconds":1.789933487343e9,"event":"reserve_partition_part_verified","pid":28000,"period":29,"rows_checked":210399,"solve_calls":0,"columns_checked":150126,"elapsed_seconds":58.728999853134155}
GO3_PROGRESS {"epoch_seconds":1.789933488e9,"event":"reserve_partition_part_verified","pid":28000,"period":1,"rows_checked":210447,"solve_calls":0,"columns_checked":150174,"elapsed_seconds":59.38599991798401}
GO3_PROGRESS {"epoch_seconds":1.789933488653e9,"event":"reserve_partition_part_verified","pid":28000,"period":2,"rows_checked":210423,"solve_calls":0,"columns_checked":150150,"elapsed_seconds":60.039000034332275}
GO3_PROGRESS {"epoch_seconds":1.789933489312e9,"event":"reserve_partition_part_verified","pid":28000,"period":41,"rows_checked":210547,"solve_calls":0,"columns_checked":150274,"elapsed_seconds":60.69799995422363}
GO3_PROGRESS {"epoch_seconds":1.789933489971e9,"event":"reserve_partition_part_verified","pid":28000,"period":27,"rows_checked":210411,"solve_calls":0,"columns_checked":150138,"elapsed_seconds":61.35699987411499}
GO3_PROGRESS {"epoch_seconds":1.789933490625e9,"event":"reserve_partition_part_verified","pid":28000,"period":42,"rows_checked":210547,"solve_calls":0,"columns_checked":150274,"elapsed_seconds":62.01099991798401}
GO3_PROGRESS {"epoch_seconds":1.789933491279e9,"event":"reserve_partition_part_verified","pid":28000,"period":33,"rows_checked":210463,"solve_calls":0,"columns_checked":150190,"elapsed_seconds":62.66499996185303}
GO3_PROGRESS {"epoch_seconds":1.789933491934e9,"event":"reserve_partition_part_verified","pid":28000,"period":28,"rows_checked":210401,"solve_calls":0,"columns_checked":150128,"elapsed_seconds":63.3199999332428}
GO3_PROGRESS {"epoch_seconds":1.789933492591e9,"event":"reserve_partition_part_verified","pid":28000,"period":26,"rows_checked":210435,"solve_calls":0,"columns_checked":150162,"elapsed_seconds":63.97699999809265}
GO3_PROGRESS {"epoch_seconds":1.789933493251e9,"event":"reserve_partition_part_verified","pid":28000,"period":10,"rows_checked":210471,"solve_calls":0,"columns_checked":150198,"elapsed_seconds":64.63699984550476}
GO3_PROGRESS {"epoch_seconds":1.789933493905e9,"event":"reserve_partition_part_verified","pid":28000,"period":24,"rows_checked":210471,"solve_calls":0,"columns_checked":150198,"elapsed_seconds":65.29099988937378}
GO3_PROGRESS {"epoch_seconds":1.789933494562e9,"event":"reserve_partition_part_verified","pid":28000,"period":25,"rows_checked":210451,"solve_calls":0,"columns_checked":150178,"elapsed_seconds":65.94799995422363}
GO3_PROGRESS {"epoch_seconds":1.789933495216e9,"event":"reserve_partition_part_verified","pid":28000,"period":23,"rows_checked":210503,"solve_calls":0,"columns_checked":150230,"elapsed_seconds":66.60199999809265}
GO3_PROGRESS {"epoch_seconds":1.789933495875e9,"event":"reserve_partition_part_verified","pid":28000,"period":5,"rows_checked":210383,"solve_calls":0,"columns_checked":150110,"elapsed_seconds":67.26099991798401}
GO3_PROGRESS {"epoch_seconds":1.789933496526e9,"event":"reserve_partition_part_verified","pid":28000,"period":31,"rows_checked":210429,"solve_calls":0,"columns_checked":150156,"elapsed_seconds":67.91199994087219}
GO3_PROGRESS {"epoch_seconds":1.789933497195e9,"event":"reserve_partition_part_verified","pid":28000,"period":43,"rows_checked":210543,"solve_calls":0,"columns_checked":150270,"elapsed_seconds":68.5809998512268}
GO3_PROGRESS {"epoch_seconds":1.789933497844e9,"event":"reserve_partition_part_verified","pid":28000,"period":39,"rows_checked":210537,"solve_calls":0,"columns_checked":150264,"elapsed_seconds":69.23000001907349}
GO3_PROGRESS {"epoch_seconds":1.789933498498e9,"event":"reserve_partition_part_verified","pid":28000,"period":44,"rows_checked":210541,"solve_calls":0,"columns_checked":150268,"elapsed_seconds":69.88399982452393}
GO3_PROGRESS {"epoch_seconds":1.789933499148e9,"event":"reserve_partition_part_verified","pid":28000,"period":34,"rows_checked":210481,"solve_calls":0,"columns_checked":150208,"elapsed_seconds":70.53399991989136}
GO3_PROGRESS {"epoch_seconds":1.789933499802e9,"event":"reserve_partition_part_verified","pid":28000,"period":17,"rows_checked":210545,"solve_calls":0,"columns_checked":150272,"elapsed_seconds":71.18799996376038}
GO3_PROGRESS {"epoch_seconds":1.789933500454e9,"event":"reserve_partition_part_verified","pid":28000,"period":37,"rows_checked":210515,"solve_calls":0,"columns_checked":150242,"elapsed_seconds":71.83999991416931}
GO3_PROGRESS {"epoch_seconds":1.789933501113e9,"event":"reserve_partition_part_verified","pid":28000,"period":47,"rows_checked":210493,"solve_calls":0,"columns_checked":150220,"elapsed_seconds":72.49899983406067}
GO3_PROGRESS {"epoch_seconds":1.789933501767e9,"event":"reserve_partition_part_verified","pid":28000,"period":9,"rows_checked":210455,"solve_calls":0,"columns_checked":150182,"elapsed_seconds":73.15299987792969}
GO3_PROGRESS {"epoch_seconds":1.789933502423e9,"event":"reserve_partition_part_verified","pid":28000,"period":12,"rows_checked":210499,"solve_calls":0,"columns_checked":150226,"elapsed_seconds":73.80900001525879}
GO3_PROGRESS {"epoch_seconds":1.789933503079e9,"event":"reserve_partition_part_verified","pid":28000,"period":20,"rows_checked":210531,"solve_calls":0,"columns_checked":150258,"elapsed_seconds":74.46499991416931}
GO3_PROGRESS {"epoch_seconds":1.789933503745e9,"event":"reserve_partition_part_verified","pid":28000,"period":6,"rows_checked":210407,"solve_calls":0,"columns_checked":150134,"elapsed_seconds":75.13099980354309}
GO3_PROGRESS {"epoch_seconds":1.7899335044e9,"event":"reserve_partition_part_verified","pid":28000,"period":14,"rows_checked":210505,"solve_calls":0,"columns_checked":150232,"elapsed_seconds":75.78600001335144}
GO3_PROGRESS {"epoch_seconds":1.789933505061e9,"event":"reserve_partition_part_verified","pid":28000,"period":7,"rows_checked":210437,"solve_calls":0,"columns_checked":150164,"elapsed_seconds":76.44700002670288}
GO3_PROGRESS {"epoch_seconds":1.789933505715e9,"event":"reserve_partition_part_verified","pid":28000,"period":8,"rows_checked":210441,"solve_calls":0,"columns_checked":150168,"elapsed_seconds":77.10099983215332}
GO3_PROGRESS {"epoch_seconds":1.78993350637e9,"event":"reserve_partition_part_verified","pid":28000,"period":19,"rows_checked":210533,"solve_calls":0,"columns_checked":150260,"elapsed_seconds":77.75599980354309}
GO3_PROGRESS {"epoch_seconds":1.78993354483e9,"event":"reserve_partition_part_verified","pid":28000,"period":0,"rows_checked":17325992,"solve_calls":0,"columns_checked":8043122,"elapsed_seconds":116.21599984169006}
GO3_PROGRESS {"epoch_seconds":1.789933545482e9,"event":"reserve_partition_part_verified","pid":28000,"period":4,"rows_checked":210401,"solve_calls":0,"columns_checked":150128,"elapsed_seconds":116.86800003051758}
GO3_PROGRESS {"epoch_seconds":1.789933546133e9,"event":"reserve_partition_part_verified","pid":28000,"period":22,"rows_checked":210509,"solve_calls":0,"columns_checked":150236,"elapsed_seconds":117.51899981498718}
GO3_PROGRESS {"epoch_seconds":1.78993354678e9,"event":"reserve_partition_part_verified","pid":28000,"period":11,"rows_checked":210489,"solve_calls":0,"columns_checked":150216,"elapsed_seconds":118.16599988937378}
GO3_PROGRESS {"epoch_seconds":1.789933547428e9,"event":"reserve_partition_part_verified","pid":28000,"period":35,"rows_checked":210497,"solve_calls":0,"columns_checked":150224,"elapsed_seconds":118.81399989128113}
GO3_PROGRESS {"epoch_seconds":1.789933548085e9,"event":"reserve_partition_part_verified","pid":28000,"period":13,"rows_checked":210517,"solve_calls":0,"columns_checked":150244,"elapsed_seconds":119.47099995613098}
GO3_PROGRESS {"epoch_seconds":1.789933548734e9,"event":"reserve_partition_part_verified","pid":28000,"period":15,"rows_checked":210517,"solve_calls":0,"columns_checked":150244,"elapsed_seconds":120.11999988555908}
GO3_PROGRESS {"epoch_seconds":1.789933549386e9,"event":"reserve_partition_part_verified","pid":28000,"period":16,"rows_checked":210529,"solve_calls":0,"columns_checked":150256,"elapsed_seconds":120.77199983596802}
GO3_PROGRESS {"epoch_seconds":1.789933550036e9,"event":"reserve_partition_part_verified","pid":28000,"period":40,"rows_checked":210545,"solve_calls":0,"columns_checked":150272,"elapsed_seconds":121.42199993133545}
GO3_PROGRESS {"epoch_seconds":1.789933550686e9,"event":"reserve_partition_part_verified","pid":28000,"period":46,"rows_checked":210503,"solve_calls":0,"columns_checked":150230,"elapsed_seconds":122.07200002670288}
GO3_PROGRESS {"epoch_seconds":1.789933551336e9,"event":"reserve_partition_part_verified","pid":28000,"period":21,"rows_checked":210513,"solve_calls":0,"columns_checked":150240,"elapsed_seconds":122.72199988365173}
GO3_PROGRESS {"epoch_seconds":1.789933551985e9,"event":"reserve_partition_part_verified","pid":28000,"period":38,"rows_checked":210517,"solve_calls":0,"columns_checked":150244,"elapsed_seconds":123.37099981307983}
GO3_PROGRESS {"epoch_seconds":1.789933552634e9,"event":"reserve_partition_part_verified","pid":28000,"period":45,"rows_checked":210525,"solve_calls":0,"columns_checked":150252,"elapsed_seconds":124.01999998092651}
GO3_PROGRESS {"epoch_seconds":1.789933553287e9,"event":"reserve_partition_part_verified","pid":28000,"period":36,"rows_checked":210509,"solve_calls":0,"columns_checked":150236,"elapsed_seconds":124.6729998588562}
GO3_PROGRESS {"epoch_seconds":1.789933553936e9,"event":"reserve_partition_part_verified","pid":28000,"period":48,"rows_checked":210487,"solve_calls":0,"columns_checked":150214,"elapsed_seconds":125.32200002670288}
GO3_PROGRESS {"epoch_seconds":1.789933554585e9,"event":"reserve_partition_part_verified","pid":28000,"period":18,"rows_checked":210543,"solve_calls":0,"columns_checked":150270,"elapsed_seconds":125.97099995613098}
GO3_PROGRESS {"epoch_seconds":1.789933555234e9,"event":"reserve_partition_part_verified","pid":28000,"period":30,"rows_checked":210407,"solve_calls":0,"columns_checked":150134,"elapsed_seconds":126.61999988555908}
GO3_PROGRESS {"epoch_seconds":1.789933555884e9,"event":"reserve_partition_part_verified","pid":28000,"period":3,"rows_checked":210413,"solve_calls":0,"columns_checked":150140,"elapsed_seconds":127.26999998092651}
GO3_PROGRESS {"epoch_seconds":1.789933556054e9,"event":"source_reserve_partition_verified","pid":28000,"master_projection_rows_proved":9793900,"scope":"Exact source scheduling partition; no solved or verified GO3 candidate","source_columns_checked":15253134,"source_coefficients_and_bounds_unchanged":true,"source_rows_checked":17635208,"periods":[1,2,3,4,5,6,7,8,9,10,11,12,13,14,15,16,17,18,19,20,21,22,23,24,25,26,27,28,29,30,31,32,33,34,35,36,37,38,39,40,41,42,43,44,45,46,47,48],"partition_manifest_sha256":"21cbb70e3118c57cca8658c17ad4a94c7a469d009454caa90d9db8c3536d6740","solve_calls":0,"complete":true,"pass":true,"source_rows_covered_exactly_once":true,"elapsed_seconds":127.43999981880188}
