GO3_PROGRESS {"epoch_seconds":1.789940873081e9,"event":"reserve_benders_worker_started","raw_case_parsed":false,"pid":7660,"mode":"recourse","stage":"source_reserve_benders","round":2,"remaining_work_seconds":98.74950051307678}
Running HiGHS 1.15.1 (git hash: 04024d701f): Copyright (c) 2026 under MIT licence terms
Includes third-party software components, see THIRD_PARTY_NOTICES.md for full details
Using BLAS: libblastrampoline 
GO3_PROGRESS {"epoch_seconds":1.789940874773e9,"event":"reserve_benders_solve_begin","actual_limit_seconds":5.0,"pid":7660,"period":1,"mode":"recourse","stage":"source_reserve_benders","round":2,"remaining_work_seconds":97.05750060081482}
LP has 1 row; 1 col; 1 nonzero
Coefficient ranges:
  Matrix  [1e+00, 1e+00]
  Cost    [3e+00, 3e+00]
  Bound   [0e+00, 0e+00]
  RHS     [0e+00, 0e+00]
Presolving model
0 rows, 0 cols, 0 nonzeros 0s
0 rows, 0 cols, 0 nonzeros 0s
Presolve reductions: rows 0(-1); columns 0(-1); nonzeros 0(-1) - Reduced to empty
Performed postsolve
Solving the original LP from the solution after postsolve

Model status        : Optimal
Objective value     :  0.0000000000e+00
P-D objective error :  0.0000000000e+00
HiGHS run time      :          0.00
GO3_PROGRESS {"epoch_seconds":1.789940874795e9,"event":"reserve_benders_solve_returned","solve_seconds":0.0008339881896972656,"pid":7660,"mode":"recourse","stage":"source_reserve_benders","termination":"OPTIMAL","simplex_iterations":0,"barrier_iterations":0,"has_primal":true,"period":1,"native_status":7,"solve_wall_seconds":0.01100015640258789,"round":2,"remaining_work_seconds":97.03550052642822}
GO3_PROGRESS {"epoch_seconds":1.789940875235e9,"event":"reserve_benders_hour_complete","pid":7660,"mode":"recourse","hours_completed":1,"stage":"source_reserve_benders","hours_required":1,"kind":"cost","period":1,"round":2,"remaining_work_seconds":96.59550070762634}
GO3_PROGRESS {"epoch_seconds":1.789940875469e9,"event":"reserve_benders_incumbent_audited","pid":7660,"mode":"recourse","objective":-0.75,"stage":"source_reserve_benders","round":2,"maximum_residual":0.0,"remaining_work_seconds":96.36150050163269}
GO3_PROGRESS {"epoch_seconds":1.789940875508e9,"event":"reserve_benders_stage_complete","pid":7660,"result_sha256":"3b4d2a4d2cb0688a5da24d0cb04cb431d56a2b344b9c919174bf69914c6ce8d8","mode":"recourse","stage":"source_reserve_benders","round":2,"remaining_work_seconds":96.322500705719}
