GO3_PROGRESS {"epoch_seconds":1.789940915283e9,"event":"reserve_benders_worker_started","raw_case_parsed":false,"pid":30592,"mode":"recourse","stage":"source_reserve_benders","round":3,"remaining_work_seconds":89.65808439254761}
Running HiGHS 1.15.1 (git hash: 04024d701f): Copyright (c) 2026 under MIT licence terms
Includes third-party software components, see THIRD_PARTY_NOTICES.md for full details
Using BLAS: libblastrampoline 
GO3_PROGRESS {"epoch_seconds":1.789940917049e9,"event":"reserve_benders_solve_begin","actual_limit_seconds":5.0,"pid":30592,"period":1,"mode":"recourse","stage":"source_reserve_benders","round":3,"remaining_work_seconds":87.89208436012268}
LP has 2 rows; 1 col; 2 nonzeros
Coefficient ranges:
  Matrix  [1e+00, 1e+00]
  Cost    [3e+00, 3e+00]
  Bound   [0e+00, 0e+00]
  RHS     [1e+00, 1e+00]
Presolving model
0 rows, 0 cols, 0 nonzeros 0s
0 rows, 0 cols, 0 nonzeros 0s
Presolve reductions: rows 0(-2); columns 0(-1); nonzeros 0(-2) - Reduced to empty
Performed postsolve
Solving the original LP from the solution after postsolve

Model status        : Optimal
Objective value     :  0.0000000000e+00
P-D objective error :  0.0000000000e+00
HiGHS run time      :          0.00
GO3_PROGRESS {"epoch_seconds":1.789940917063e9,"event":"reserve_benders_solve_returned","solve_seconds":0.0004856586456298828,"pid":30592,"mode":"recourse","stage":"source_reserve_benders","termination":"OPTIMAL","simplex_iterations":0,"barrier_iterations":0,"has_primal":true,"period":1,"native_status":7,"solve_wall_seconds":0.0,"round":3,"remaining_work_seconds":87.87808442115784}
GO3_PROGRESS {"epoch_seconds":1.789940917531e9,"event":"reserve_benders_hour_complete","pid":30592,"mode":"recourse","hours_completed":1,"stage":"source_reserve_benders","hours_required":1,"kind":"cost","period":1,"round":3,"remaining_work_seconds":87.41008448600769}
GO3_PROGRESS {"epoch_seconds":1.789940917823e9,"event":"reserve_benders_incumbent_audited","pid":30592,"mode":"recourse","objective":-0.75,"stage":"source_reserve_benders","round":3,"maximum_residual":0.0,"remaining_work_seconds":87.11808443069458}
GO3_PROGRESS {"epoch_seconds":1.789940917878e9,"event":"reserve_benders_stage_complete","pid":30592,"result_sha256":"302b9d6f0723dc419811a93eccdb418e67bd3dde7770c8a4abea71942391b99f","mode":"recourse","stage":"source_reserve_benders","round":3,"remaining_work_seconds":87.06308436393738}
