GO3_PROGRESS {"elapsed_worker_seconds":0.07500004768371582,"stage":"loading","remaining_work_seconds":104.92875742912292}
GO3_PROGRESS {"elapsed_worker_seconds":0.7819998264312744,"stage":"scheduling","remaining_work_seconds":104.22175765037537}
GO3_SCHEDULING_MODEL {"reserve_policy":"joint_scheduling_then_full_reallocation","constraints_excluding_variable_bounds":181,"source_pq_bound_devices":1,"variables":153,"build_seconds":6.729000091552734,"include_reserves":true,"consumer_online_dominance":{"fixed_online_variables":3,"generator_commitments_changed":0,"policy":"proven_zero_minimum_consumer_online_dominance_v1","eligible_consumers":1,"source_values_changed":false,"rejected_consumers":{},"eligible_consumer_uids":["d"]},"source_startup_windows":{"membership":"begin-tol <= interval_start < end-tol","time_equality_tolerance":1.0e-6,"source_values_changed":false,"windows":4}}
GO3_PROGRESS {"elapsed_scheduling_seconds":10.958000183105469,"event":"model_built","elapsed_worker_seconds":11.817999839782715,"build_seconds":6.991000175476074,"stage":"scheduling_event","remaining_work_seconds":93.18575763702393}
GO3_PROGRESS {"elapsed_scheduling_seconds":11.699000120162964,"event":"economic_solve_begin","elapsed_worker_seconds":12.497999906539917,"stage":"scheduling_event","remaining_work_seconds":92.50575757026672}
Running HiGHS 1.15.1 (git hash: 04024d701f): Copyright (c) 2026 under MIT licence terms
Includes third-party software components, see THIRD_PARTY_NOTICES.md for full details
Using BLAS: libblastrampoline 
 MIP      : 
Rows      : 181
Cols      : 153
Nonzeros  : 517
Integer   : 18 (15 binary)
Coefficient ranges:
  Matrix  [1e-02, 3e+00]
  Cost    [3e-03, 1e+03]
  Bound   [5e-01, 4e+00]
  RHS     [5e-01, 8e+00]
Presolving model
Permitted suppression of presolve rules via presolve_rule_off option:
   Rule  6 (set bit  6 =    64): Forcing row
   Rule  7 (set bit  7 =   128): Forcing col
   Rule  8 (set bit  8 =   256): Free col substitution
   Rule  9 (set bit  9 =   512): Doubleton equation
   Rule 10 (set bit 10 =  1024): Dependent equations
   Rule 11 (set bit 11 =  2048): Dependent free columns
   Rule 12 (set bit 12 =  4096): Aggregator
   Rule 13 (set bit 13 =  8192): Parallel rows and columns
   Rule 14 (set bit 14 = 16384): Sparsify
   Rule 15 (set bit 15 = 32768): Probing
   Rule 16 (set bit 16 = 65536): Enumeration
   Rule 17 (set bit 17 = 131072): Dual fixing
   Rule 18 (set bit 18 = 262144): Col stuffing
   Rule 19 (set bit 19 = 524288): Initial sweep
73 rows, 59 cols, 210 nonzeros 0s
52 rows, 52 cols, 193 nonzeros 0s
7 probing evaluations: 0 deleted rows, 0 deleted columns, 0 lifted nonzeros
51 rows, 51 cols, 203 nonzeros 0s
Presolve reductions: rows 51(-130); columns 51(-102); nonzeros 203(-314) 

Solving MIP model with:
   51 rows
   51 cols (7 binary, 0 integer, 0 implied int., 44 continuous, 0 domain fixed)
   203 nonzeros
   Thread count 4 (of 24 threads). Using 1 max workers. Parallel search off
Feasibility Jump: starting solve. weightUpdateDecay=1, relaxContinuous=0  

Src: B => Branching; C => Central rounding; F => Feasibility pump; H => Heuristic;
     I => Shifting; J => Feasibility jump; L => Sub-MIP; P => Empty MIP; R => Randomized rounding;
     S => Solve LP; T => Evaluate node; U => Unbounded; X => User solution; Y => HiGHS solution;
     Z => ZI Round; l => Trivial lower; p => Trivial point; u => Trivial upper; z => Trivial zero

        Nodes      |    B&B Tree     |            Objective Bounds              |  Dynamic Constraints |       Work      
Src  Proc. InQueue |  Leaves   Expl. | BestBound       BestSol              Gap |   Cuts   InLp Confl. | LpIters     Time

 J       0       0         0   0.00%   inf             -250.5             Large        0      0      0         0     0.0s
 T       0       0         0   0.00%   1415.7          1410.57329         0.36%        0      0      0        17     0.0s
         1       0         1 100.00%   1410.57329      1410.57329         0.00%        0      0      0        17     0.0s

Solving report
  Status            Optimal
  Primal bound      1410.57329
  Dual bound        1410.57329
  Gap               0% (tolerance: 0.0001%)
  P-D integral      0.0030720572024
  Solution status   feasible
                    1410.57329 (objective)
                    0 (bound viol.)
                    0 (int. viol.)
                    0 (row viol.)
  Timing            0.01
                    0.00 (Presolve)
                    0.01 (Solve)
                    0.00 (Postsolve)
  Max sub-MIP depth 0
  Nodes             1
  Repair LPs        0
  LP iterations     17
                    0 (strong br.)
                    0 (separation)
                    0 (heuristics)
getKktFailures:: cost norm =    1e+03; bound norm =        3
getKktFailures:                      LP  (abs / rel)         Col (abs / rel)         Row (abs / rel)
getKktFailures: primal infeasibility 2.78e-17 / 6.94e-18            0 /        0     2.78e-17 / 6.94e-18

MIP sub-solver profiling: number of threads used = 1

Thread 0
Solver                    Calls    Time       Time/call      MIP%
MIP                           1  6.2909e-03  6.2909e-03
Du simplex (no basis)         1  2.7490e-04  2.7490e-04       4.4
TOTAL                            2.7490e-04                   4.4

Percent (sub-)MIP time by thread

MIP sub-solver            0
Du simplex (no basis)   4.4
===========================
Total                   4.4
===========================
GO3_PROGRESS {"elapsed_scheduling_seconds":11.985000133514404,"event":"economic_solve_returned","elapsed_worker_seconds":12.779000043869019,"stage":"scheduling_event","wall_seconds":0.28600001335144043,"remaining_work_seconds":92.22475743293762}
Rounded shunt steps:
GO3_PROGRESS {"elapsed_worker_seconds":14.444000005722046,"stage":"schedule_candidate_ready","remaining_work_seconds":90.5597574710846}
GO3_PROGRESS {"elapsed_worker_seconds":15.861999988555908,"interval":1,"stage":"ac_optimization","interval_count":3,"remaining_work_seconds":89.14175748825073}
GO3_CORRECTION_PHASE {"remaining_refinement_seconds":79.06975746154785,"event":"begin","hour_deadline":1.7899439728087575e9,"fair_share_seconds":26.35658582051595,"policy":"remaining_horizon_v1","protected_recovery_deadline":1.7899439728087575e9,"global_deadline_reset":false,"future_hours_reserved_seconds":40.0,"interval":1,"hour_allowance_seconds":39.06975746154785,"slp_seconds":11.720927238464355,"phase":"hour_allocation","remaining_intervals":3}
GO3_CORRECTION_PHASE {"event":"begin","remaining_hour_seconds":31.939757585525513,"phase":"continuous_shunt_correction","budget_seconds":11.720927238464355,"lp_solver":"ipx"}
GO3_CORRECTION_PHASE {"event":"end","phase":"continuous_shunt_correction","termination":"round_limit","accepted_steps":0,"wall_seconds":7.067000150680542,"residual":1.0}
GO3_CORRECTION_PHASE {"event":"begin","requested_seconds":12.0,"max_iterations":600,"fixed_shunts":false,"remaining_hour_seconds":24.83575749397278,"barrier_strategy":"monotone","phase":"continuous_shunt_fallback"}

******************************************************************************
This program contains Ipopt, a library for large-scale nonlinear optimization.
 Ipopt is released as open source code under the Eclipse Public License (EPL).
         For more information visit https://github.com/coin-or/Ipopt
******************************************************************************

GO3_CORRECTION_PHASE {"event":"end","selected_residual":9.97861793194943e-11,"phase":"continuous_shunt_fallback","termination":"INTERRUPTED","before_residual":1.0,"wall_seconds":4.328999996185303}
GO3_CORRECTION_PHASE {"event":"complete","continuous_candidate_is_final":false,"same_interval_dual_seed_available":true,"phase":"round_shunts","count":1,"continuous_candidate_residual":9.97861793194943e-11,"rounded_candidate_residual":0.003871320452529265}
GO3_CORRECTION_PHASE {"event":"begin","requested_seconds":12.0,"max_iterations":600,"fixed_shunts":true,"remaining_hour_seconds":18.155757427215576,"barrier_strategy":"monotone","phase":"rounded_shunt_fallback"}
GO3_CORRECTION_PHASE {"event":"end","selected_residual":2.499736528882579e-15,"phase":"rounded_shunt_fallback","termination":"INTERRUPTED","before_residual":0.003871320452529265,"wall_seconds":1.4109997749328613}
Rounded shunt steps:
GO3_AC_EXPORT_PROJECTION {"maximum_unfinished_bus_injection_change_pu":0.0,"within_guard":true,"official_tolerance_changed":false,"certificate_scope":"Export projection drift only; full independent and official verification still required","refined_intervals":1,"policy":"legacy_tolerance_v1","maximum_refined_device_change_pu":0.0,"maximum_refined_bus_injection_change_pu":0.0,"worst_refined_bus":null,"bookkeeping_tolerance":1.0e-8,"enforced":false,"projection_guard_pu":1.0e-9,"projection_events":0,"refined_projection_events":0,"source_bounds_changed":false}
GO3_PROGRESS {"elapsed_worker_seconds":39.40499997138977,"interval":2,"stage":"ac_optimization","interval_count":3,"remaining_work_seconds":65.59875750541687}
GO3_CORRECTION_PHASE {"remaining_refinement_seconds":55.49075746536255,"event":"begin","hour_deadline":1.7899439928087575e9,"fair_share_seconds":27.745378732681274,"policy":"remaining_horizon_v1","protected_recovery_deadline":1.7899439928087575e9,"global_deadline_reset":false,"future_hours_reserved_seconds":20.0,"interval":2,"hour_allowance_seconds":35.49075746536255,"slp_seconds":10.647227239608764,"phase":"hour_allocation","remaining_intervals":2}
GO3_CORRECTION_PHASE {"event":"begin","remaining_hour_seconds":35.15875744819641,"phase":"continuous_shunt_correction","budget_seconds":10.647227239608764,"lp_solver":"ipx"}
GO3_CORRECTION_PHASE {"event":"end","phase":"continuous_shunt_correction","termination":"round_limit","accepted_steps":0,"wall_seconds":0.016000032424926758,"residual":0.2999999693892208}
GO3_CORRECTION_PHASE {"event":"begin","requested_seconds":12.0,"max_iterations":600,"fixed_shunts":false,"remaining_hour_seconds":35.14075756072998,"barrier_strategy":"monotone","phase":"continuous_shunt_fallback"}
GO3_CORRECTION_PHASE {"event":"end","selected_residual":1.1597389715234385e-12,"phase":"continuous_shunt_fallback","termination":"INTERRUPTED","before_residual":0.2999999693892208,"wall_seconds":0.029999971389770508}
GO3_CORRECTION_PHASE {"event":"complete","continuous_candidate_is_final":false,"same_interval_dual_seed_available":true,"phase":"round_shunts","count":1,"continuous_candidate_residual":1.1597389715234385e-12,"rounded_candidate_residual":0.004157559511597429}
GO3_CORRECTION_PHASE {"event":"begin","requested_seconds":12.0,"max_iterations":600,"fixed_shunts":true,"remaining_hour_seconds":35.10875749588013,"barrier_strategy":"monotone","phase":"rounded_shunt_fallback"}
GO3_CORRECTION_PHASE {"event":"end","selected_residual":3.5828909283885935e-11,"phase":"rounded_shunt_fallback","termination":"INTERRUPTED","before_residual":0.004157559511597429,"wall_seconds":0.006999969482421875}
Rounded shunt steps:
GO3_AC_EXPORT_PROJECTION {"maximum_unfinished_bus_injection_change_pu":0.0,"within_guard":true,"official_tolerance_changed":false,"certificate_scope":"Export projection drift only; full independent and official verification still required","refined_intervals":2,"policy":"legacy_tolerance_v1","maximum_refined_device_change_pu":0.0,"maximum_refined_bus_injection_change_pu":0.0,"worst_refined_bus":null,"bookkeeping_tolerance":1.0e-8,"enforced":false,"projection_guard_pu":1.0e-9,"projection_events":0,"refined_projection_events":0,"source_bounds_changed":false}
GO3_PROGRESS {"elapsed_worker_seconds":39.90499997138977,"interval":3,"stage":"ac_optimization","interval_count":3,"remaining_work_seconds":65.09875750541687}
GO3_CORRECTION_PHASE {"remaining_refinement_seconds":55.08775758743286,"event":"begin","hour_deadline":1.789944002721e9,"fair_share_seconds":55.08775758743286,"policy":"remaining_horizon_v1","protected_recovery_deadline":1.789944002721e9,"global_deadline_reset":false,"future_hours_reserved_seconds":0.0,"interval":3,"hour_allowance_seconds":45.0,"slp_seconds":13.5,"phase":"hour_allocation","remaining_intervals":1}
GO3_CORRECTION_PHASE {"event":"begin","remaining_hour_seconds":44.996999979019165,"phase":"continuous_shunt_correction","budget_seconds":13.5,"lp_solver":"ipx"}
GO3_CORRECTION_PHASE {"event":"end","phase":"continuous_shunt_correction","termination":"original_model_residual_pass","accepted_steps":0,"wall_seconds":0.016000032424926758,"residual":3.583687860353457e-11}
GO3_CORRECTION_PHASE {"event":"complete","continuous_candidate_is_final":false,"same_interval_dual_seed_available":false,"phase":"round_shunts","count":1,"continuous_candidate_residual":3.583687860353457e-11,"rounded_candidate_residual":3.583687860353457e-11}
GO3_CORRECTION_PHASE {"event":"begin","remaining_hour_seconds":44.978999853134155,"phase":"rounded_shunt_correction","budget_seconds":13.5,"lp_solver":"ipx"}
GO3_CORRECTION_PHASE {"event":"end","phase":"rounded_shunt_correction","termination":"original_model_residual_pass","accepted_steps":0,"wall_seconds":0.010999917984008789,"residual":3.583687860353457e-11}
Rounded shunt steps:
GO3_AC_EXPORT_PROJECTION {"maximum_unfinished_bus_injection_change_pu":0.0,"within_guard":true,"official_tolerance_changed":false,"certificate_scope":"Export projection drift only; full independent and official verification still required","refined_intervals":3,"policy":"legacy_tolerance_v1","maximum_refined_device_change_pu":0.0,"maximum_refined_bus_injection_change_pu":0.0,"worst_refined_bus":null,"bookkeeping_tolerance":1.0e-8,"enforced":false,"projection_guard_pu":1.0e-9,"projection_events":0,"refined_projection_events":0,"source_bounds_changed":false}
Rounded shunt steps:
GO3_AC_EXPORT_PROJECTION {"maximum_unfinished_bus_injection_change_pu":0.0,"within_guard":true,"official_tolerance_changed":false,"certificate_scope":"Export projection drift only; full independent and official verification still required","refined_intervals":3,"policy":"legacy_tolerance_v1","maximum_refined_device_change_pu":0.0,"maximum_refined_bus_injection_change_pu":0.0,"worst_refined_bus":null,"bookkeeping_tolerance":1.0e-8,"enforced":false,"projection_guard_pu":1.0e-9,"projection_events":0,"refined_projection_events":0,"source_bounds_changed":false}
GO3_PROGRESS {"elapsed_worker_seconds":39.973999977111816,"stage":"reserves","remaining_work_seconds":65.02975749969482}
BEGINNING PARALLEL RESERVE CALCULATIONS
DONE WITH PARALLEL RESERVE CALCULATIONS
GO3_PROGRESS {"intervals_required":3,"elapsed_worker_seconds":44.829999923706055,"all_intervals_refined":true,"intervals_finished":3,"stage":"complete","remaining_work_seconds":60.173757553100586}
