GO3_PROGRESS {"elapsed_worker_seconds":0.07500004768371582,"stage":"loading","remaining_work_seconds":104.52044916152954}
GO3_PROGRESS {"elapsed_worker_seconds":0.7810001373291016,"stage":"scheduling","remaining_work_seconds":103.81444907188416}
GO3_SCHEDULING_MODEL {"reserve_policy":"joint_scheduling_then_full_reallocation","constraints_excluding_variable_bounds":181,"source_pq_bound_devices":1,"variables":153,"build_seconds":6.927000045776367,"include_reserves":true,"consumer_online_dominance":{"fixed_online_variables":3,"generator_commitments_changed":0,"policy":"proven_zero_minimum_consumer_online_dominance_v1","eligible_consumers":1,"source_values_changed":false,"rejected_consumers":{},"eligible_consumer_uids":["d"]},"source_startup_windows":{"membership":"begin-tol <= interval_start < end-tol","time_equality_tolerance":1.0e-6,"source_values_changed":false,"windows":4}}
GO3_PROGRESS {"elapsed_scheduling_seconds":11.081000089645386,"event":"model_built","elapsed_worker_seconds":11.926000118255615,"build_seconds":7.190999984741211,"stage":"scheduling_event","remaining_work_seconds":92.66944909095764}
GO3_PROGRESS {"elapsed_scheduling_seconds":11.82800006866455,"event":"economic_solve_begin","elapsed_worker_seconds":12.617000102996826,"stage":"scheduling_event","remaining_work_seconds":91.97844910621643}
Running HiGHS 1.15.1 (git hash: 04024d701f): Copyright (c) 2026 under MIT licence terms
Includes third-party software components, see THIRD_PARTY_NOTICES.md for full details
Using BLAS: libblastrampoline 
 MIP      : 
Rows      : 181
Cols      : 153
Nonzeros  : 517
Integer   : 18 (15 binary)
Coefficient ranges:
  Matrix  [1e-02, 3e+00]
  Cost    [3e-03, 1e+03]
  Bound   [5e-01, 4e+00]
  RHS     [5e-01, 8e+00]
Presolving model
Permitted suppression of presolve rules via presolve_rule_off option:
   Rule  6 (set bit  6 =    64): Forcing row
   Rule  7 (set bit  7 =   128): Forcing col
   Rule  8 (set bit  8 =   256): Free col substitution
   Rule  9 (set bit  9 =   512): Doubleton equation
   Rule 10 (set bit 10 =  1024): Dependent equations
   Rule 11 (set bit 11 =  2048): Dependent free columns
   Rule 12 (set bit 12 =  4096): Aggregator
   Rule 13 (set bit 13 =  8192): Parallel rows and columns
   Rule 14 (set bit 14 = 16384): Sparsify
   Rule 15 (set bit 15 = 32768): Probing
   Rule 16 (set bit 16 = 65536): Enumeration
   Rule 17 (set bit 17 = 131072): Dual fixing
   Rule 18 (set bit 18 = 262144): Col stuffing
   Rule 19 (set bit 19 = 524288): Initial sweep
73 rows, 59 cols, 210 nonzeros 0s
52 rows, 52 cols, 193 nonzeros 0s
7 probing evaluations: 0 deleted rows, 0 deleted columns, 0 lifted nonzeros
51 rows, 51 cols, 203 nonzeros 0s
Presolve reductions: rows 51(-130); columns 51(-102); nonzeros 203(-314) 

Solving MIP model with:
   51 rows
   51 cols (7 binary, 0 integer, 0 implied int., 44 continuous, 0 domain fixed)
   203 nonzeros
   Thread count 4 (of 24 threads). Using 1 max workers. Parallel search off
Feasibility Jump: starting solve. weightUpdateDecay=1, relaxContinuous=0  

Src: B => Branching; C => Central rounding; F => Feasibility pump; H => Heuristic;
     I => Shifting; J => Feasibility jump; L => Sub-MIP; P => Empty MIP; R => Randomized rounding;
     S => Solve LP; T => Evaluate node; U => Unbounded; X => User solution; Y => HiGHS solution;
     Z => ZI Round; l => Trivial lower; p => Trivial point; u => Trivial upper; z => Trivial zero

        Nodes      |    B&B Tree     |            Objective Bounds              |  Dynamic Constraints |       Work      
Src  Proc. InQueue |  Leaves   Expl. | BestBound       BestSol              Gap |   Cuts   InLp Confl. | LpIters     Time

 J       0       0         0   0.00%   inf             -250.5             Large        0      0      0         0     0.0s
 T       0       0         0   0.00%   1737.45         1732.3229          0.30%        0      0      0        17     0.0s
         1       0         1 100.00%   1732.3229       1732.3229          0.00%        0      0      0        17     0.0s

Solving report
  Status            Optimal
  Primal bound      1732.3229
  Dual bound        1732.3229
  Gap               0% (tolerance: 0.0001%)
  P-D integral      0.00336420901076
  Solution status   feasible
                    1732.3229 (objective)
                    0 (bound viol.)
                    2.22044604925e-16 (int. viol.)
                    0 (row viol.)
  Timing            0.01
                    0.00 (Presolve)
                    0.00 (Solve)
                    0.00 (Postsolve)
  Max sub-MIP depth 0
  Nodes             1
  Repair LPs        0
  LP iterations     17
                    0 (strong br.)
                    0 (separation)
                    0 (heuristics)
getKktFailures:: cost norm =    1e+03; bound norm =        3
getKktFailures:                      LP  (abs / rel)         Col (abs / rel)         Row (abs / rel)
getKktFailures: primal infeasibility 8.88e-16 / 2.22e-16     2.22e-16 / 5.55e-17     8.88e-16 / 2.22e-16

MIP sub-solver profiling: number of threads used = 1

Thread 0
Solver                    Calls    Time       Time/call      MIP%
MIP                           1  5.9378e-03  5.9378e-03
Du simplex (no basis)         1  2.3603e-04  2.3603e-04       4.0
TOTAL                            2.3603e-04                   4.0

Percent (sub-)MIP time by thread

MIP sub-solver            0
Du simplex (no basis)   4.0
===========================
Total                   4.0
===========================
GO3_PROGRESS {"elapsed_scheduling_seconds":12.114000082015991,"event":"economic_solve_returned","elapsed_worker_seconds":12.907999992370605,"stage":"scheduling_event","wall_seconds":0.28600001335144043,"remaining_work_seconds":91.68744921684265}
Rounded shunt steps:
GO3_PROGRESS {"elapsed_worker_seconds":14.676000118255615,"stage":"schedule_candidate_ready","remaining_work_seconds":89.91944909095764}
GO3_PROGRESS {"elapsed_worker_seconds":16.098000049591064,"interval":1,"stage":"ac_optimization","interval_count":3,"remaining_work_seconds":88.49744915962219}
GO3_CORRECTION_PHASE {"remaining_refinement_seconds":78.42444920539856,"event":"begin","hour_deadline":1.789943797636449e9,"fair_share_seconds":26.141483068466187,"policy":"remaining_horizon_v1","protected_recovery_deadline":1.789943797636449e9,"global_deadline_reset":false,"future_hours_reserved_seconds":40.0,"interval":1,"hour_allowance_seconds":38.42444920539856,"slp_seconds":11.527334761619567,"phase":"hour_allocation","remaining_intervals":3}
GO3_CORRECTION_PHASE {"event":"begin","remaining_hour_seconds":31.22844910621643,"phase":"linearized_correction","budget_seconds":11.527334761619567}
GO3_CORRECTION_NATIVE {"native_primal_status":2,"native_allowance_seconds":5.446334791183472,"start_policy":"fresh_presolved_lp_v1","native_presolve_observed":true,"api_seconds":0.003000020980834961,"import_audit":{"removed_small_coefficients_only":true,"row_error_limit":1.0e-10,"domains_exact":true,"maximum_bounded_row_error":0.0,"scope":"Candidate LP import only; original nonlinear/source checks remain mandatory","unbounded_changed_columns":0,"changed_nonzeros":0,"matrix_import_threshold":1.0e-12,"objective_exact":true,"native_nonzeros":217,"input_nonzeros":225,"pass":true,"maximum_coefficient_change":0.0,"wall_seconds":0.0},"native_ipx_observed":false,"import_status":0,"crossover_requested":"not_applicable","native_optimizations":1,"ipm_iterations":0,"native_model_status":7,"native_warning_error_count":0,"certificate_scope":"linearized candidate subproblem only; no full GO3 bound","bulk_transfer_and_audit_seconds":0.042999982833862305,"native_solver_requested":"simplex","wall_seconds":0.05900001525878906,"native_useful_basis_bypassed_presolve":false,"native_warning_error_excerpt":[],"external_solution_read":false,"native_start_use":"No primal or basis supplied to native LP; current point retained for linearization and nonlinear line search","simplex_iterations":2,"native_log_file":"C:\\Users\\thoma\\Documents\\go3-division2-cpu\\tmp\\pilot002_component_gate_314vmtz9\\correction_worker\\native_correction\\hour_0001\\jl_FF46.tmp","complete_start_api_status":null,"native_stored_start":false,"requested_seconds":5.489334774017334,"rows":69,"basis_reused":false,"native_run_status":0,"original_linearization_residual":2.942091015256665e-15,"native_seconds":0.0014998912811279297,"columns":67,"presolve_requested":"on"}
GO3_CORRECTION_NATIVE {"native_primal_status":2,"native_allowance_seconds":5.4003345489501955,"start_policy":"fresh_presolved_lp_v1","native_presolve_observed":true,"api_seconds":0.0,"import_audit":{"removed_small_coefficients_only":true,"row_error_limit":1.0e-10,"domains_exact":true,"maximum_bounded_row_error":0.0,"scope":"Candidate LP import only; original nonlinear/source checks remain mandatory","unbounded_changed_columns":0,"changed_nonzeros":0,"matrix_import_threshold":1.0e-12,"objective_exact":true,"native_nonzeros":223,"input_nonzeros":225,"pass":true,"maximum_coefficient_change":0.0,"wall_seconds":0.0},"native_ipx_observed":false,"import_status":0,"crossover_requested":"not_applicable","native_optimizations":1,"ipm_iterations":0,"native_model_status":7,"native_warning_error_count":1,"certificate_scope":"linearized candidate subproblem only; no full GO3 bound","bulk_transfer_and_audit_seconds":0.0010001659393310547,"native_solver_requested":"simplex","wall_seconds":0.0010001659393310547,"native_useful_basis_bypassed_presolve":false,"native_warning_error_excerpt":["WARNING: Problem has some excessively small row bounds"],"external_solution_read":false,"native_start_use":"No primal or basis supplied to native LP; current point retained for linearization and nonlinear line search","simplex_iterations":10,"native_log_file":"C:\\Users\\thoma\\Documents\\go3-division2-cpu\\tmp\\pilot002_component_gate_314vmtz9\\correction_worker\\native_correction\\hour_0001\\jl_FF95.tmp","complete_start_api_status":null,"native_stored_start":false,"requested_seconds":5.4013347148895265,"rows":69,"basis_reused":false,"native_run_status":0,"original_linearization_residual":6.106226635438361e-15,"native_seconds":0.0006520748138427734,"columns":67,"presolve_requested":"on"}
GO3_CORRECTION_NATIVE {"native_primal_status":2,"native_allowance_seconds":5.39133472442627,"start_policy":"fresh_presolved_lp_v1","native_presolve_observed":true,"api_seconds":0.0010001659393310547,"import_audit":{"removed_small_coefficients_only":true,"row_error_limit":1.0e-10,"domains_exact":true,"maximum_bounded_row_error":0.0,"scope":"Candidate LP import only; original nonlinear/source checks remain mandatory","unbounded_changed_columns":0,"changed_nonzeros":0,"matrix_import_threshold":1.0e-12,"objective_exact":true,"native_nonzeros":223,"input_nonzeros":225,"pass":true,"maximum_coefficient_change":0.0,"wall_seconds":0.0},"native_ipx_observed":false,"import_status":0,"crossover_requested":"not_applicable","native_optimizations":1,"ipm_iterations":0,"native_model_status":7,"native_warning_error_count":1,"certificate_scope":"linearized candidate subproblem only; no full GO3 bound","bulk_transfer_and_audit_seconds":0.0,"native_solver_requested":"simplex","wall_seconds":0.0010001659393310547,"native_useful_basis_bypassed_presolve":false,"native_warning_error_excerpt":["WARNING: Problem has some excessively small row bounds"],"external_solution_read":false,"native_start_use":"No primal or basis supplied to native LP; current point retained for linearization and nonlinear line search","simplex_iterations":8,"native_log_file":"C:\\Users\\thoma\\Documents\\go3-division2-cpu\\tmp\\pilot002_component_gate_314vmtz9\\correction_worker\\native_correction\\hour_0001\\jl_FFA6.tmp","complete_start_api_status":null,"native_stored_start":false,"requested_seconds":5.39133472442627,"rows":69,"basis_reused":false,"native_run_status":0,"original_linearization_residual":4.551914400963142e-15,"native_seconds":0.0006582736968994141,"columns":67,"presolve_requested":"on"}
GO3_CORRECTION_NATIVE {"native_primal_status":2,"native_allowance_seconds":5.383334589004517,"start_policy":"fresh_presolved_lp_v1","native_presolve_observed":true,"api_seconds":0.0009999275207519531,"import_audit":{"removed_small_coefficients_only":true,"row_error_limit":1.0e-10,"domains_exact":true,"maximum_bounded_row_error":0.0,"scope":"Candidate LP import only; original nonlinear/source checks remain mandatory","unbounded_changed_columns":0,"changed_nonzeros":0,"matrix_import_threshold":1.0e-12,"objective_exact":true,"native_nonzeros":223,"input_nonzeros":225,"pass":true,"maximum_coefficient_change":0.0,"wall_seconds":0.0},"native_ipx_observed":false,"import_status":0,"crossover_requested":"not_applicable","native_optimizations":1,"ipm_iterations":0,"native_model_status":7,"native_warning_error_count":0,"certificate_scope":"linearized candidate subproblem only; no full GO3 bound","bulk_transfer_and_audit_seconds":0.0,"native_solver_requested":"simplex","wall_seconds":0.0009999275207519531,"native_useful_basis_bypassed_presolve":false,"native_warning_error_excerpt":[],"external_solution_read":false,"native_start_use":"No primal or basis supplied to native LP; current point retained for linearization and nonlinear line search","simplex_iterations":10,"native_log_file":"C:\\Users\\thoma\\Documents\\go3-division2-cpu\\tmp\\pilot002_component_gate_314vmtz9\\correction_worker\\native_correction\\hour_0001\\jl_FFA7.tmp","complete_start_api_status":null,"native_stored_start":false,"requested_seconds":5.383334589004517,"rows":69,"basis_reused":false,"native_run_status":0,"original_linearization_residual":9.880984919163893e-15,"native_seconds":0.0005979537963867188,"columns":67,"presolve_requested":"on"}
GO3_CORRECTION_NATIVE {"native_primal_status":2,"native_allowance_seconds":5.375334692001343,"start_policy":"fresh_presolved_lp_v1","native_presolve_observed":true,"api_seconds":0.0009999275207519531,"import_audit":{"removed_small_coefficients_only":true,"row_error_limit":1.0e-10,"domains_exact":true,"maximum_bounded_row_error":0.0,"scope":"Candidate LP import only; original nonlinear/source checks remain mandatory","unbounded_changed_columns":0,"changed_nonzeros":0,"matrix_import_threshold":1.0e-12,"objective_exact":true,"native_nonzeros":223,"input_nonzeros":225,"pass":true,"maximum_coefficient_change":0.0,"wall_seconds":0.0},"native_ipx_observed":false,"import_status":0,"crossover_requested":"not_applicable","native_optimizations":1,"ipm_iterations":0,"native_model_status":7,"native_warning_error_count":1,"certificate_scope":"linearized candidate subproblem only; no full GO3 bound","bulk_transfer_and_audit_seconds":0.0,"native_solver_requested":"simplex","wall_seconds":0.0009999275207519531,"native_useful_basis_bypassed_presolve":false,"native_warning_error_excerpt":["WARNING: Problem has some excessively small row bounds"],"external_solution_read":false,"native_start_use":"No primal or basis supplied to native LP; current point retained for linearization and nonlinear line search","simplex_iterations":8,"native_log_file":"C:\\Users\\thoma\\Documents\\go3-division2-cpu\\tmp\\pilot002_component_gate_314vmtz9\\correction_worker\\native_correction\\hour_0001\\jl_FFB8.tmp","complete_start_api_status":null,"native_stored_start":false,"requested_seconds":5.375334692001343,"rows":69,"basis_reused":false,"native_run_status":0,"original_linearization_residual":3.552713678800501e-15,"native_seconds":0.0005919933319091797,"columns":67,"presolve_requested":"on"}
GO3_CORRECTION_NATIVE {"native_primal_status":2,"native_allowance_seconds":5.369334650039673,"start_policy":"fresh_presolved_lp_v1","native_presolve_observed":true,"api_seconds":0.0009999275207519531,"import_audit":{"removed_small_coefficients_only":true,"row_error_limit":1.0e-10,"domains_exact":true,"maximum_bounded_row_error":0.0,"scope":"Candidate LP import only; original nonlinear/source checks remain mandatory","unbounded_changed_columns":0,"changed_nonzeros":0,"matrix_import_threshold":1.0e-12,"objective_exact":true,"native_nonzeros":223,"input_nonzeros":225,"pass":true,"maximum_coefficient_change":0.0,"wall_seconds":0.0},"native_ipx_observed":false,"import_status":0,"crossover_requested":"not_applicable","native_optimizations":1,"ipm_iterations":0,"native_model_status":7,"native_warning_error_count":1,"certificate_scope":"linearized candidate subproblem only; no full GO3 bound","bulk_transfer_and_audit_seconds":0.0,"native_solver_requested":"simplex","wall_seconds":0.0009999275207519531,"native_useful_basis_bypassed_presolve":false,"native_warning_error_excerpt":["WARNING: Problem has some excessively small row bounds"],"external_solution_read":false,"native_start_use":"No primal or basis supplied to native LP; current point retained for linearization and nonlinear line search","simplex_iterations":10,"native_log_file":"C:\\Users\\thoma\\Documents\\go3-division2-cpu\\tmp\\pilot002_component_gate_314vmtz9\\correction_worker\\native_correction\\hour_0001\\jl_FFB9.tmp","complete_start_api_status":null,"native_stored_start":false,"requested_seconds":5.369334650039673,"rows":69,"basis_reused":false,"native_run_status":0,"original_linearization_residual":1.1102230246251565e-14,"native_seconds":0.0006270408630371094,"columns":67,"presolve_requested":"on"}
GO3_CORRECTION_NATIVE {"native_primal_status":2,"native_allowance_seconds":5.362334680557251,"start_policy":"fresh_presolved_lp_v1","native_presolve_observed":true,"api_seconds":0.0,"import_audit":{"removed_small_coefficients_only":true,"row_error_limit":1.0e-10,"domains_exact":true,"maximum_bounded_row_error":0.0,"scope":"Candidate LP import only; original nonlinear/source checks remain mandatory","unbounded_changed_columns":0,"changed_nonzeros":0,"matrix_import_threshold":1.0e-12,"objective_exact":true,"native_nonzeros":223,"input_nonzeros":225,"pass":true,"maximum_coefficient_change":0.0,"wall_seconds":0.0},"native_ipx_observed":false,"import_status":0,"crossover_requested":"not_applicable","native_optimizations":1,"ipm_iterations":0,"native_model_status":7,"native_warning_error_count":1,"certificate_scope":"linearized candidate subproblem only; no full GO3 bound","bulk_transfer_and_audit_seconds":0.0,"native_solver_requested":"simplex","wall_seconds":0.0,"native_useful_basis_bypassed_presolve":false,"native_warning_error_excerpt":["WARNING: Problem has some excessively small row bounds"],"external_solution_read":false,"native_start_use":"No primal or basis supplied to native LP; current point retained for linearization and nonlinear line search","simplex_iterations":8,"native_log_file":"C:\\Users\\thoma\\Documents\\go3-division2-cpu\\tmp\\pilot002_component_gate_314vmtz9\\correction_worker\\native_correction\\hour_0001\\jl_FFC9.tmp","complete_start_api_status":null,"native_stored_start":false,"requested_seconds":5.362334680557251,"rows":69,"basis_reused":false,"native_run_status":0,"original_linearization_residual":2.3037127760972e-15,"native_seconds":0.0006010532379150391,"columns":67,"presolve_requested":"on"}
GO3_CORRECTION_NATIVE {"native_primal_status":2,"native_allowance_seconds":5.355334711074829,"start_policy":"fresh_presolved_lp_v1","native_presolve_observed":true,"api_seconds":0.0009999275207519531,"import_audit":{"removed_small_coefficients_only":true,"row_error_limit":1.0e-10,"domains_exact":true,"maximum_bounded_row_error":0.0,"scope":"Candidate LP import only; original nonlinear/source checks remain mandatory","unbounded_changed_columns":0,"changed_nonzeros":0,"matrix_import_threshold":1.0e-12,"objective_exact":true,"native_nonzeros":223,"input_nonzeros":225,"pass":true,"maximum_coefficient_change":0.0,"wall_seconds":0.0},"native_ipx_observed":false,"import_status":0,"crossover_requested":"not_applicable","native_optimizations":1,"ipm_iterations":0,"native_model_status":7,"native_warning_error_count":1,"certificate_scope":"linearized candidate subproblem only; no full GO3 bound","bulk_transfer_and_audit_seconds":0.0,"native_solver_requested":"simplex","wall_seconds":0.0009999275207519531,"native_useful_basis_bypassed_presolve":false,"native_warning_error_excerpt":["WARNING: Problem has some excessively small row bounds"],"external_solution_read":false,"native_start_use":"No primal or basis supplied to native LP; current point retained for linearization and nonlinear line search","simplex_iterations":8,"native_log_file":"C:\\Users\\thoma\\Documents\\go3-division2-cpu\\tmp\\pilot002_component_gate_314vmtz9\\correction_worker\\native_correction\\hour_0001\\jl_FFCA.tmp","complete_start_api_status":null,"native_stored_start":false,"requested_seconds":5.355334711074829,"rows":69,"basis_reused":false,"native_run_status":0,"original_linearization_residual":1.4432899320127035e-15,"native_seconds":0.0005919933319091797,"columns":67,"presolve_requested":"on"}
GO3_CORRECTION_PHASE {"event":"end","phase":"linearized_correction","termination":"round_limit","accepted_steps":8,"wall_seconds":6.8459999561309814,"residual":0.0009911811931831993}
GO3_CORRECTION_PHASE {"event":"begin","requested_seconds":12.0,"max_iterations":600,"fixed_shunts":true,"remaining_hour_seconds":24.34644913673401,"barrier_strategy":"adaptive","phase":"fixed_shunt_fallback"}

******************************************************************************
This program contains Ipopt, a library for large-scale nonlinear optimization.
 Ipopt is released as open source code under the Eclipse Public License (EPL).
         For more information visit https://github.com/coin-or/Ipopt
******************************************************************************

GO3_CORRECTION_PHASE {"event":"end","selected_residual":5.479795506246887e-10,"phase":"fixed_shunt_fallback","termination":"INTERRUPTED","before_residual":0.0009911811931831993,"wall_seconds":4.278000116348267}
Rounded shunt steps:
GO3_AC_EXPORT_PROJECTION {"maximum_unfinished_bus_injection_change_pu":0.0,"within_guard":true,"official_tolerance_changed":false,"certificate_scope":"Export projection drift only; full independent and official verification still required","refined_intervals":1,"policy":"legacy_tolerance_v1","maximum_refined_device_change_pu":0.0,"maximum_refined_bus_injection_change_pu":0.0,"worst_refined_bus":null,"bookkeeping_tolerance":1.0e-8,"enforced":false,"projection_guard_pu":1.0e-9,"projection_events":0,"refined_projection_events":0,"source_bounds_changed":false}
GO3_PROGRESS {"elapsed_worker_seconds":35.771000146865845,"interval":2,"stage":"ac_optimization","interval_count":3,"remaining_work_seconds":68.82444906234741}
GO3_CORRECTION_PHASE {"remaining_refinement_seconds":58.73244905471802,"event":"begin","hour_deadline":1.789943817636449e9,"fair_share_seconds":29.36622452735901,"policy":"remaining_horizon_v1","protected_recovery_deadline":1.789943817636449e9,"global_deadline_reset":false,"future_hours_reserved_seconds":20.0,"interval":2,"hour_allowance_seconds":38.73244905471802,"slp_seconds":11.619734716415405,"phase":"hour_allocation","remaining_intervals":2}
GO3_CORRECTION_PHASE {"event":"begin","remaining_hour_seconds":38.41344904899597,"phase":"linearized_correction","budget_seconds":11.619734716415405}
GO3_CORRECTION_PHASE {"event":"end","phase":"linearized_correction","termination":"original_model_residual_pass","accepted_steps":0,"wall_seconds":0.017999887466430664,"residual":1.6439321015582209e-9}
Rounded shunt steps:
GO3_AC_EXPORT_PROJECTION {"maximum_unfinished_bus_injection_change_pu":0.0,"within_guard":true,"official_tolerance_changed":false,"certificate_scope":"Export projection drift only; full independent and official verification still required","refined_intervals":2,"policy":"legacy_tolerance_v1","maximum_refined_device_change_pu":0.0,"maximum_refined_bus_injection_change_pu":0.0,"worst_refined_bus":null,"bookkeeping_tolerance":1.0e-8,"enforced":false,"projection_guard_pu":1.0e-9,"projection_events":0,"refined_projection_events":0,"source_bounds_changed":false}
GO3_PROGRESS {"elapsed_worker_seconds":36.21300005912781,"interval":3,"stage":"ac_optimization","interval_count":3,"remaining_work_seconds":68.38244915008545}
GO3_CORRECTION_PHASE {"remaining_refinement_seconds":58.38144898414612,"event":"begin","hour_deadline":1.789943824255e9,"fair_share_seconds":58.38144898414612,"policy":"remaining_horizon_v1","protected_recovery_deadline":1.789943824255e9,"global_deadline_reset":false,"future_hours_reserved_seconds":0.0,"interval":3,"hour_allowance_seconds":45.0,"slp_seconds":13.5,"phase":"hour_allocation","remaining_intervals":1}
GO3_CORRECTION_PHASE {"event":"begin","remaining_hour_seconds":44.997000217437744,"phase":"linearized_correction","budget_seconds":13.5}
GO3_CORRECTION_PHASE {"event":"end","phase":"linearized_correction","termination":"original_model_residual_pass","accepted_steps":0,"wall_seconds":0.012000083923339844,"residual":1.6439321015582209e-9}
Rounded shunt steps:
GO3_AC_EXPORT_PROJECTION {"maximum_unfinished_bus_injection_change_pu":0.0,"within_guard":true,"official_tolerance_changed":false,"certificate_scope":"Export projection drift only; full independent and official verification still required","refined_intervals":3,"policy":"legacy_tolerance_v1","maximum_refined_device_change_pu":0.0,"maximum_refined_bus_injection_change_pu":0.0,"worst_refined_bus":null,"bookkeeping_tolerance":1.0e-8,"enforced":false,"projection_guard_pu":1.0e-9,"projection_events":0,"refined_projection_events":0,"source_bounds_changed":false}
Rounded shunt steps:
GO3_AC_EXPORT_PROJECTION {"maximum_unfinished_bus_injection_change_pu":0.0,"within_guard":true,"official_tolerance_changed":false,"certificate_scope":"Export projection drift only; full independent and official verification still required","refined_intervals":3,"policy":"legacy_tolerance_v1","maximum_refined_device_change_pu":0.0,"maximum_refined_bus_injection_change_pu":0.0,"worst_refined_bus":null,"bookkeeping_tolerance":1.0e-8,"enforced":false,"projection_guard_pu":1.0e-9,"projection_events":0,"refined_projection_events":0,"source_bounds_changed":false}
GO3_PROGRESS {"elapsed_worker_seconds":36.254000186920166,"stage":"reserves","remaining_work_seconds":68.34144902229309}
BEGINNING PARALLEL RESERVE CALCULATIONS
DONE WITH PARALLEL RESERVE CALCULATIONS
GO3_PROGRESS {"intervals_required":3,"elapsed_worker_seconds":41.104000091552734,"all_intervals_refined":true,"intervals_finished":3,"stage":"complete","remaining_work_seconds":63.49144911766052}
