GO3_PROGRESS {"elapsed_worker_seconds":0.07800006866455078,"stage":"loading","remaining_work_seconds":104.87184524536133}
GO3_PROGRESS {"elapsed_worker_seconds":0.7750000953674316,"stage":"scheduling","remaining_work_seconds":104.17484521865845}
GO3_SCHEDULING_MODEL {"reserve_policy":"joint_scheduling_then_full_reallocation","constraints_excluding_variable_bounds":171,"source_pq_bound_devices":0,"variables":153,"build_seconds":6.778000116348267,"include_reserves":true,"consumer_online_dominance":{"fixed_online_variables":3,"generator_commitments_changed":0,"policy":"proven_zero_minimum_consumer_online_dominance_v1","eligible_consumers":1,"source_values_changed":false,"rejected_consumers":{},"eligible_consumer_uids":["d"]},"source_startup_windows":{"membership":"begin-tol <= interval_start < end-tol","time_equality_tolerance":1.0e-6,"source_values_changed":false,"windows":0}}
GO3_PROGRESS {"elapsed_scheduling_seconds":10.990000009536743,"event":"model_built","elapsed_worker_seconds":11.828999996185303,"build_seconds":7.0329999923706055,"stage":"scheduling_event","remaining_work_seconds":93.12084531784058}
GO3_PROGRESS {"elapsed_scheduling_seconds":11.789000034332275,"event":"economic_solve_begin","elapsed_worker_seconds":12.571000099182129,"stage":"scheduling_event","remaining_work_seconds":92.37884521484375}
Running HiGHS 1.15.1 (git hash: 04024d701f): Copyright (c) 2026 under MIT licence terms
Includes third-party software components, see THIRD_PARTY_NOTICES.md for full details
Using BLAS: libblastrampoline 
 MIP      : 
Rows      : 171
Cols      : 153
Nonzeros  : 487
Integer   : 18 (15 binary)
Coefficient ranges:
  Matrix  [1e-02, 3e+00]
  Cost    [3e-03, 1e+03]
  Bound   [5e-01, 4e+00]
  RHS     [5e-01, 8e+00]
Presolving model
Permitted suppression of presolve rules via presolve_rule_off option:
   Rule  6 (set bit  6 =    64): Forcing row
   Rule  7 (set bit  7 =   128): Forcing col
   Rule  8 (set bit  8 =   256): Free col substitution
   Rule  9 (set bit  9 =   512): Doubleton equation
   Rule 10 (set bit 10 =  1024): Dependent equations
   Rule 11 (set bit 11 =  2048): Dependent free columns
   Rule 12 (set bit 12 =  4096): Aggregator
   Rule 13 (set bit 13 =  8192): Parallel rows and columns
   Rule 14 (set bit 14 = 16384): Sparsify
   Rule 15 (set bit 15 = 32768): Probing
   Rule 16 (set bit 16 = 65536): Enumeration
   Rule 17 (set bit 17 = 131072): Dual fixing
   Rule 18 (set bit 18 = 262144): Col stuffing
   Rule 19 (set bit 19 = 524288): Initial sweep
74 rows, 60 cols, 201 nonzeros 0s
57 rows, 51 cols, 196 nonzeros 0s
7 probing evaluations: 0 deleted rows, 0 deleted columns, 0 lifted nonzeros
44 rows, 51 cols, 163 nonzeros 0s
Presolve reductions: rows 44(-127); columns 51(-102); nonzeros 163(-324) 

Solving MIP model with:
   44 rows
   51 cols (7 binary, 0 integer, 0 implied int., 44 continuous, 0 domain fixed)
   163 nonzeros
   Thread count 4 (of 24 threads). Using 1 max workers. Parallel search off
Feasibility Jump: starting solve. weightUpdateDecay=1, relaxContinuous=0  

Src: B => Branching; C => Central rounding; F => Feasibility pump; H => Heuristic;
     I => Shifting; J => Feasibility jump; L => Sub-MIP; P => Empty MIP; R => Randomized rounding;
     S => Solve LP; T => Evaluate node; U => Unbounded; X => User solution; Y => HiGHS solution;
     Z => ZI Round; l => Trivial lower; p => Trivial point; u => Trivial upper; z => Trivial zero

        Nodes      |    B&B Tree     |            Objective Bounds              |  Dynamic Constraints |       Work      
Src  Proc. InQueue |  Leaves   Expl. | BestBound       BestSol              Gap |   Cuts   InLp Confl. | LpIters     Time

 J       0       0         0   0.00%   inf             -250.5             Large        0      0      0         0     0.0s
 T       0       0         0   0.00%   1737.45         1732.3229          0.30%        0      0      0        17     0.0s
         1       0         1 100.00%   1732.3229       1732.3229          0.00%        0      0      0        17     0.0s

Solving report
  Status            Optimal
  Primal bound      1732.3229
  Dual bound        1732.3229
  Gap               0% (tolerance: 0.0001%)
  P-D integral      0.0033396155937
  Solution status   feasible
                    1732.3229 (objective)
                    0 (bound viol.)
                    2.22044604925e-16 (int. viol.)
                    0 (row viol.)
  Timing            0.01
                    0.00 (Presolve)
                    0.00 (Solve)
                    0.00 (Postsolve)
  Max sub-MIP depth 0
  Nodes             1
  Repair LPs        0
  LP iterations     17
                    0 (strong br.)
                    0 (separation)
                    0 (heuristics)
getKktFailures:: cost norm =    1e+03; bound norm =        3
getKktFailures:                      LP  (abs / rel)         Col (abs / rel)         Row (abs / rel)
getKktFailures: primal infeasibility 8.88e-16 / 2.22e-16     2.22e-16 / 5.55e-17     8.88e-16 / 2.22e-16

MIP sub-solver profiling: number of threads used = 1

Thread 0
Solver                    Calls    Time       Time/call      MIP%
MIP                           1  5.9247e-03  5.9247e-03
Du simplex (no basis)         1  2.2912e-04  2.2912e-04       3.9
TOTAL                            2.2912e-04                   3.9

Percent (sub-)MIP time by thread

MIP sub-solver            0
Du simplex (no basis)   3.9
===========================
Total                   3.9
===========================
GO3_PROGRESS {"elapsed_scheduling_seconds":12.069000005722046,"event":"economic_solve_returned","elapsed_worker_seconds":12.858000040054321,"stage":"scheduling_event","wall_seconds":0.2799999713897705,"remaining_work_seconds":92.09184527397156}
Rounded shunt steps:
BEGINNING PARALLEL RESERVE CALCULATIONS
DONE WITH PARALLEL RESERVE CALCULATIONS
GO3_PROGRESS {"elapsed_worker_seconds":20.223000049591064,"stage":"schedule_candidate_ready","remaining_work_seconds":84.72684526443481}
GO3_PROGRESS {"elapsed_worker_seconds":21.25,"interval":1,"stage":"ac_optimization","interval_count":3,"remaining_work_seconds":83.69984531402588}

******************************************************************************
This program contains Ipopt, a library for large-scale nonlinear optimization.
 Ipopt is released as open source code under the Eclipse Public License (EPL).
         For more information visit https://github.com/coin-or/Ipopt
******************************************************************************

Total number of variables............................:       38
                     variables with only lower bounds:       15
                variables with lower and upper bounds:       21
                     variables with only upper bounds:        0
Total number of equality constraints.................:       21
Total number of inequality constraints...............:        9
        inequality constraints with only lower bounds:        0
   inequality constraints with lower and upper bounds:        3
        inequality constraints with only upper bounds:        6


Number of Iterations....: 15

                                   (scaled)                 (unscaled)
Objective...............:  -9.8994459789828483e+01    4.9497229894914238e+02
Dual infeasibility......:   4.9996067128806154e-13    2.4998033564403077e-12
Constraint violation....:   3.2874918065584069e-13    3.2874918065584069e-13
Variable bound violation:   0.0000000000000000e+00    0.0000000000000000e+00
Complementarity.........:   9.1298974013945813e-11    4.5649487006972902e-10
Overall NLP error.......:   9.1298974013945813e-11    4.5649487006972902e-10


Number of objective function evaluations             = 16
Number of objective gradient evaluations             = 16
Number of equality constraint evaluations            = 16
Number of inequality constraint evaluations          = 16
Number of equality constraint Jacobian evaluations   = 16
Number of inequality constraint Jacobian evaluations = 16
Number of Lagrangian Hessian evaluations             = 15
Total seconds in IPOPT                               = 1.996

EXIT: Optimal Solution Found.
Total number of variables............................:       37
                     variables with only lower bounds:       15
                variables with lower and upper bounds:       20
                     variables with only upper bounds:        0
Total number of equality constraints.................:       21
Total number of inequality constraints...............:        9
        inequality constraints with only lower bounds:        0
   inequality constraints with lower and upper bounds:        3
        inequality constraints with only upper bounds:        6


Number of Iterations....: 15

                                   (scaled)                 (unscaled)
Objective...............:  -9.8994459789828483e+01    4.9497229894914238e+02
Dual infeasibility......:   4.9800268075994580e-13    2.4900134037997290e-12
Constraint violation....:   3.0981727600076781e-13    3.0981727600076781e-13
Variable bound violation:   0.0000000000000000e+00    0.0000000000000000e+00
Complementarity.........:   9.1298026807641141e-11    4.5649013403820569e-10
Overall NLP error.......:   9.1298026807641141e-11    4.5649013403820569e-10


Number of objective function evaluations             = 16
Number of objective gradient evaluations             = 16
Number of equality constraint evaluations            = 16
Number of inequality constraint evaluations          = 16
Number of equality constraint Jacobian evaluations   = 16
Number of inequality constraint Jacobian evaluations = 16
Number of Lagrangian Hessian evaluations             = 15
Total seconds in IPOPT                               = 0.003

EXIT: Optimal Solution Found.
Rounded shunt steps:
GO3_AC_EXPORT_PROJECTION {"maximum_unfinished_bus_injection_change_pu":0.0,"within_guard":true,"official_tolerance_changed":false,"certificate_scope":"Export projection drift only; full independent and official verification still required","refined_intervals":1,"policy":"legacy_tolerance_v1","maximum_refined_device_change_pu":0.0,"maximum_refined_bus_injection_change_pu":0.0,"worst_refined_bus":null,"bookkeeping_tolerance":1.0e-8,"enforced":false,"projection_guard_pu":1.0e-9,"projection_events":0,"refined_projection_events":0,"source_bounds_changed":false}
GO3_PROGRESS {"elapsed_worker_seconds":28.15500020980835,"interval":2,"stage":"ac_optimization","interval_count":3,"remaining_work_seconds":76.79484510421753}
Total number of variables............................:       38
                     variables with only lower bounds:       15
                variables with lower and upper bounds:       21
                     variables with only upper bounds:        0
Total number of equality constraints.................:       21
Total number of inequality constraints...............:        9
        inequality constraints with only lower bounds:        0
   inequality constraints with lower and upper bounds:        3
        inequality constraints with only upper bounds:        6


Number of Iterations....: 15

                                   (scaled)                 (unscaled)
Objective...............:  -9.8994459789828483e+01    9.8994459789828477e+02
Dual infeasibility......:   5.0299507377370733e-13    5.0299507377370733e-12
Constraint violation....:   3.3057237502909231e-13    3.3057237502909231e-13
Variable bound violation:   0.0000000000000000e+00    0.0000000000000000e+00
Complementarity.........:   9.1298988920425059e-11    9.1298988920425059e-10
Overall NLP error.......:   9.1298988920425059e-11    9.1298988920425059e-10


Number of objective function evaluations             = 16
Number of objective gradient evaluations             = 16
Number of equality constraint evaluations            = 16
Number of inequality constraint evaluations          = 16
Number of equality constraint Jacobian evaluations   = 16
Number of inequality constraint Jacobian evaluations = 16
Number of Lagrangian Hessian evaluations             = 15
Total seconds in IPOPT                               = 0.003

EXIT: Optimal Solution Found.
Total number of variables............................:       37
                     variables with only lower bounds:       15
                variables with lower and upper bounds:       20
                     variables with only upper bounds:        0
Total number of equality constraints.................:       21
Total number of inequality constraints...............:        9
        inequality constraints with only lower bounds:        0
   inequality constraints with lower and upper bounds:        3
        inequality constraints with only upper bounds:        6


Number of Iterations....: 15

                                   (scaled)                 (unscaled)
Objective...............:  -9.8994459789828483e+01    9.8994459789828477e+02
Dual infeasibility......:   5.0079941648776555e-13    5.0079941648776555e-12
Constraint violation....:   3.1066078529096153e-13    3.1066078529096153e-13
Variable bound violation:   0.0000000000000000e+00    0.0000000000000000e+00
Complementarity.........:   9.1298046034375501e-11    9.1298046034375493e-10
Overall NLP error.......:   9.1298046034375501e-11    9.1298046034375493e-10


Number of objective function evaluations             = 16
Number of objective gradient evaluations             = 16
Number of equality constraint evaluations            = 16
Number of inequality constraint evaluations          = 16
Number of equality constraint Jacobian evaluations   = 16
Number of inequality constraint Jacobian evaluations = 16
Number of Lagrangian Hessian evaluations             = 15
Total seconds in IPOPT                               = 0.003

EXIT: Optimal Solution Found.
Rounded shunt steps:
GO3_AC_EXPORT_PROJECTION {"maximum_unfinished_bus_injection_change_pu":0.0,"within_guard":true,"official_tolerance_changed":false,"certificate_scope":"Export projection drift only; full independent and official verification still required","refined_intervals":2,"policy":"legacy_tolerance_v1","maximum_refined_device_change_pu":0.0,"maximum_refined_bus_injection_change_pu":0.0,"worst_refined_bus":null,"bookkeeping_tolerance":1.0e-8,"enforced":false,"projection_guard_pu":1.0e-9,"projection_events":0,"refined_projection_events":0,"source_bounds_changed":false}
GO3_PROGRESS {"elapsed_worker_seconds":28.263000011444092,"interval":3,"stage":"ac_optimization","interval_count":3,"remaining_work_seconds":76.68684530258179}
Total number of variables............................:       38
                     variables with only lower bounds:       15
                variables with lower and upper bounds:       21
                     variables with only upper bounds:        0
Total number of equality constraints.................:       21
Total number of inequality constraints...............:        9
        inequality constraints with only lower bounds:        0
   inequality constraints with lower and upper bounds:        3
        inequality constraints with only upper bounds:        6


Number of Iterations....: 18

                                   (scaled)                 (unscaled)
Objective...............:  -9.8994459789828454e+01    2.4748614947457114e+02
Dual infeasibility......:   4.7286191280638475e-13    1.1821547820159619e-12
Constraint violation....:   2.8444781252634499e-13    2.8444781252634499e-13
Variable bound violation:   0.0000000000000000e+00    0.0000000000000000e+00
Complementarity.........:   9.1271477777800028e-11    2.2817869444450007e-10
Overall NLP error.......:   9.1271477777800028e-11    2.2817869444450007e-10


Number of objective function evaluations             = 19
Number of objective gradient evaluations             = 19
Number of equality constraint evaluations            = 19
Number of inequality constraint evaluations          = 19
Number of equality constraint Jacobian evaluations   = 19
Number of inequality constraint Jacobian evaluations = 19
Number of Lagrangian Hessian evaluations             = 18
Total seconds in IPOPT                               = 0.003

EXIT: Optimal Solution Found.
Total number of variables............................:       37
                     variables with only lower bounds:       15
                variables with lower and upper bounds:       20
                     variables with only upper bounds:        0
Total number of equality constraints.................:       21
Total number of inequality constraints...............:        9
        inequality constraints with only lower bounds:        0
   inequality constraints with lower and upper bounds:        3
        inequality constraints with only upper bounds:        6


Number of Iterations....: 17

                                   (scaled)                 (unscaled)
Objective...............:  -9.8994459789828454e+01    2.4748614947457114e+02
Dual infeasibility......:   4.7428380667291492e-13    1.1857095166822873e-12
Constraint violation....:   2.8912245861323349e-13    2.8912245861323349e-13
Variable bound violation:   0.0000000000000000e+00    0.0000000000000000e+00
Complementarity.........:   9.1271215377999796e-11    2.2817803844499949e-10
Overall NLP error.......:   9.1271215377999796e-11    2.2817803844499949e-10


Number of objective function evaluations             = 18
Number of objective gradient evaluations             = 18
Number of equality constraint evaluations            = 18
Number of inequality constraint evaluations          = 18
Number of equality constraint Jacobian evaluations   = 18
Number of inequality constraint Jacobian evaluations = 18
Number of Lagrangian Hessian evaluations             = 17
Total seconds in IPOPT                               = 0.003

EXIT: Optimal Solution Found.
Rounded shunt steps:
GO3_AC_EXPORT_PROJECTION {"maximum_unfinished_bus_injection_change_pu":0.0,"within_guard":true,"official_tolerance_changed":false,"certificate_scope":"Export projection drift only; full independent and official verification still required","refined_intervals":3,"policy":"legacy_tolerance_v1","maximum_refined_device_change_pu":0.0,"maximum_refined_bus_injection_change_pu":0.0,"worst_refined_bus":null,"bookkeeping_tolerance":1.0e-8,"enforced":false,"projection_guard_pu":1.0e-9,"projection_events":0,"refined_projection_events":0,"source_bounds_changed":false}
Rounded shunt steps:
GO3_AC_EXPORT_PROJECTION {"maximum_unfinished_bus_injection_change_pu":0.0,"within_guard":true,"official_tolerance_changed":false,"certificate_scope":"Export projection drift only; full independent and official verification still required","refined_intervals":3,"policy":"legacy_tolerance_v1","maximum_refined_device_change_pu":0.0,"maximum_refined_bus_injection_change_pu":0.0,"worst_refined_bus":null,"bookkeeping_tolerance":1.0e-8,"enforced":false,"projection_guard_pu":1.0e-9,"projection_events":0,"refined_projection_events":0,"source_bounds_changed":false}
GO3_PROGRESS {"elapsed_worker_seconds":28.306000232696533,"stage":"reserves","remaining_work_seconds":76.64384508132935}
BEGINNING PARALLEL RESERVE CALCULATIONS
DONE WITH PARALLEL RESERVE CALCULATIONS
GO3_PROGRESS {"intervals_required":3,"elapsed_worker_seconds":28.478000164031982,"all_intervals_refined":true,"intervals_finished":3,"stage":"complete","remaining_work_seconds":76.4718451499939}
