GO3_PROGRESS {"epoch_seconds":1.78997044823e9,"event":"reserve_benders_worker_started","raw_case_parsed":false,"pid":2960,"native_backend":{"analytic_center_requested":false,"git_hash":"04024d7","library_sha256":"892447b910bab933e5fad23035f8f5c06cf25ac24f93be5b44633edb6e1bb349","root_presolve_only_requested":true,"version":"1.15.1","policy":"root_progress_guard_v1","library_path":"C:\\Users\\thoma\\Documents\\go3-division2-cpu\\environments\\highs-root-progress-build\\bin\\libhighs.dll","highs_int_bits":32,"manifest_sha256":"abb3c9ff808b89d844804cf4c987701f7055d8cdb849fd0fe48cf52ea7bed4a6","floating_point_bits":64,"objective_clique_max_size":0,"root_lp_logging_requested":true},"mode":"recourse","stage":"source_reserve_benders","round":1,"remaining_work_seconds":107.63614463806152}
Running HiGHS 1.15.1 (git hash: 04024d7): Copyright (c) 2026 under MIT licence terms
Includes third-party software components, see THIRD_PARTY_NOTICES.md for full details
GO3_PROGRESS {"epoch_seconds":1.78997044988e9,"event":"reserve_benders_solve_begin","actual_limit_seconds":5.0,"pid":2960,"period":1,"mode":"recourse","stage":"source_reserve_benders","round":1,"remaining_work_seconds":105.98614454269409}
LP has 1 row; 1 col; 1 nonzero
Coefficient ranges:
  Matrix  [1e+00, 1e+00]
  Cost    [3e+00, 3e+00]
  Bound   [0e+00, 0e+00]
  RHS     [1e+00, 1e+00]
Presolving model
0 rows, 0 cols, 0 nonzeros 0s
0 rows, 0 cols, 0 nonzeros 0s
Presolve reductions: rows 0(-1); columns 0(-1); nonzeros 0(-1) - Reduced to empty
Performed postsolve
Solving the original LP from the solution after postsolve

Model status        : Optimal
Objective value     :  3.0000000000e+00
P-D objective error :  0.0000000000e+00
HiGHS run time      :          0.00
GO3_PROGRESS {"epoch_seconds":1.789970449889e9,"event":"reserve_benders_solve_returned","solve_seconds":0.00038504600524902344,"pid":2960,"mode":"recourse","stage":"source_reserve_benders","termination":"OPTIMAL","simplex_iterations":0,"barrier_iterations":0,"has_primal":true,"period":1,"native_status":7,"solve_wall_seconds":0.0,"round":1,"remaining_work_seconds":105.97714471817017}
GO3_PROGRESS {"epoch_seconds":1.789970450362e9,"event":"reserve_benders_hour_complete","pid":2960,"mode":"recourse","hours_completed":1,"stage":"source_reserve_benders","hours_required":1,"kind":"cost","period":1,"round":1,"remaining_work_seconds":105.5041446685791}
GO3_PROGRESS {"epoch_seconds":1.789970450598e9,"event":"reserve_benders_incumbent_audited","pid":2960,"mode":"recourse","objective":-3.0,"stage":"source_reserve_benders","round":1,"maximum_residual":0.0,"remaining_work_seconds":105.26814460754395}
GO3_PROGRESS {"epoch_seconds":1.789970450652e9,"event":"reserve_benders_stage_complete","pid":2960,"result_sha256":"14ffc08ae81b7688c2bf198e38b298ef07cd4f05ec95d87ea4ff1a62bfd4772f","mode":"recourse","stage":"source_reserve_benders","round":1,"remaining_work_seconds":105.21414470672607}
