GO3_PROGRESS {"epoch_seconds":1.789972418884e9,"event":"source_reserve_partition_begin","pid":24928,"solve_calls":0,"elapsed_seconds":0.0}
GO3_PROGRESS {"epoch_seconds":1.789972434186e9,"event":"reserve_partition_columns","pid":24928,"master_columns":8043122,"solve_calls":0,"recourse_columns":7210012,"periods":[1,2,3,4,5,6,7,8,9,10,11,12,13,14,15,16,17,18,19,20,21,22,23,24,25,26,27,28,29,30,31,32,33,34,35,36,37,38,39,40,41,42,43,44,45,46,47,48],"elapsed_seconds":15.302000045776367}
GO3_PROGRESS {"epoch_seconds":1.789972436507e9,"event":"reserve_partition_rows","pid":24928,"solve_calls":0,"rows_required":17635208,"rows_processed":1048576,"elapsed_seconds":17.622999906539917}
GO3_PROGRESS {"epoch_seconds":1.789972441512e9,"event":"reserve_partition_rows","pid":24928,"solve_calls":0,"rows_required":17635208,"rows_processed":2097152,"elapsed_seconds":22.628000020980835}
GO3_PROGRESS {"epoch_seconds":1.789972442785e9,"event":"reserve_partition_rows","pid":24928,"solve_calls":0,"rows_required":17635208,"rows_processed":3145728,"elapsed_seconds":23.901000022888184}
GO3_PROGRESS {"epoch_seconds":1.789972444757e9,"event":"reserve_partition_rows","pid":24928,"solve_calls":0,"rows_required":17635208,"rows_processed":4194304,"elapsed_seconds":25.872999906539917}
GO3_PROGRESS {"epoch_seconds":1.789972447002e9,"event":"reserve_partition_rows","pid":24928,"solve_calls":0,"rows_required":17635208,"rows_processed":5242880,"elapsed_seconds":28.118000030517578}
GO3_PROGRESS {"epoch_seconds":1.78997244944e9,"event":"reserve_partition_rows","pid":24928,"solve_calls":0,"rows_required":17635208,"rows_processed":6291456,"elapsed_seconds":30.555999994277954}
GO3_PROGRESS {"epoch_seconds":1.789972452115e9,"event":"reserve_partition_rows","pid":24928,"solve_calls":0,"rows_required":17635208,"rows_processed":7340032,"elapsed_seconds":33.23099994659424}
GO3_PROGRESS {"epoch_seconds":1.789972453773e9,"event":"reserve_partition_rows","pid":24928,"solve_calls":0,"rows_required":17635208,"rows_processed":8388608,"elapsed_seconds":34.888999938964844}
GO3_PROGRESS {"epoch_seconds":1.789972455182e9,"event":"reserve_partition_rows","pid":24928,"solve_calls":0,"rows_required":17635208,"rows_processed":9437184,"elapsed_seconds":36.2979998588562}
GO3_PROGRESS {"epoch_seconds":1.789972456864e9,"event":"reserve_partition_rows","pid":24928,"solve_calls":0,"rows_required":17635208,"rows_processed":10485760,"elapsed_seconds":37.980000019073486}
GO3_PROGRESS {"epoch_seconds":1.789972458094e9,"event":"reserve_partition_rows","pid":24928,"solve_calls":0,"rows_required":17635208,"rows_processed":11534336,"elapsed_seconds":39.21000003814697}
GO3_PROGRESS {"epoch_seconds":1.789972460164e9,"event":"reserve_partition_rows","pid":24928,"solve_calls":0,"rows_required":17635208,"rows_processed":12582912,"elapsed_seconds":41.27999997138977}
GO3_PROGRESS {"epoch_seconds":1.78997246164e9,"event":"reserve_partition_rows","pid":24928,"solve_calls":0,"rows_required":17635208,"rows_processed":13631488,"elapsed_seconds":42.75600004196167}
GO3_PROGRESS {"epoch_seconds":1.789972463158e9,"event":"reserve_partition_rows","pid":24928,"solve_calls":0,"rows_required":17635208,"rows_processed":14680064,"elapsed_seconds":44.2739999294281}
GO3_PROGRESS {"epoch_seconds":1.789972465059e9,"event":"reserve_partition_rows","pid":24928,"solve_calls":0,"rows_required":17635208,"rows_processed":15728640,"elapsed_seconds":46.174999952316284}
GO3_PROGRESS {"epoch_seconds":1.789972467531e9,"event":"reserve_partition_rows","pid":24928,"solve_calls":0,"rows_required":17635208,"rows_processed":16777216,"elapsed_seconds":48.64699983596802}
GO3_PROGRESS {"epoch_seconds":1.789972475805e9,"event":"source_reserve_partition_verify_begin","pid":24928,"solve_calls":0,"master_source_columns":8043122,"elapsed_seconds":56.9210000038147}
GO3_PROGRESS {"epoch_seconds":1.789972476967e9,"event":"reserve_partition_part_verified","pid":24928,"period":32,"rows_checked":210451,"solve_calls":0,"columns_checked":150178,"elapsed_seconds":58.08299994468689}
GO3_PROGRESS {"epoch_seconds":1.789972477912e9,"event":"reserve_partition_part_verified","pid":24928,"period":29,"rows_checked":210399,"solve_calls":0,"columns_checked":150126,"elapsed_seconds":59.02799987792969}
GO3_PROGRESS {"epoch_seconds":1.789972478615e9,"event":"reserve_partition_part_verified","pid":24928,"period":1,"rows_checked":210447,"solve_calls":0,"columns_checked":150174,"elapsed_seconds":59.73099994659424}
GO3_PROGRESS {"epoch_seconds":1.789972479319e9,"event":"reserve_partition_part_verified","pid":24928,"period":2,"rows_checked":210423,"solve_calls":0,"columns_checked":150150,"elapsed_seconds":60.43499994277954}
GO3_PROGRESS {"epoch_seconds":1.78997248001e9,"event":"reserve_partition_part_verified","pid":24928,"period":41,"rows_checked":210547,"solve_calls":0,"columns_checked":150274,"elapsed_seconds":61.12599992752075}
GO3_PROGRESS {"epoch_seconds":1.789972480719e9,"event":"reserve_partition_part_verified","pid":24928,"period":27,"rows_checked":210411,"solve_calls":0,"columns_checked":150138,"elapsed_seconds":61.83500003814697}
GO3_PROGRESS {"epoch_seconds":1.78997248142e9,"event":"reserve_partition_part_verified","pid":24928,"period":42,"rows_checked":210547,"solve_calls":0,"columns_checked":150274,"elapsed_seconds":62.53600001335144}
GO3_PROGRESS {"epoch_seconds":1.789972482127e9,"event":"reserve_partition_part_verified","pid":24928,"period":33,"rows_checked":210463,"solve_calls":0,"columns_checked":150190,"elapsed_seconds":63.24300003051758}
GO3_PROGRESS {"epoch_seconds":1.789972482833e9,"event":"reserve_partition_part_verified","pid":24928,"period":28,"rows_checked":210401,"solve_calls":0,"columns_checked":150128,"elapsed_seconds":63.948999881744385}
GO3_PROGRESS {"epoch_seconds":1.789972483537e9,"event":"reserve_partition_part_verified","pid":24928,"period":26,"rows_checked":210435,"solve_calls":0,"columns_checked":150162,"elapsed_seconds":64.65299987792969}
GO3_PROGRESS {"epoch_seconds":1.789972484244e9,"event":"reserve_partition_part_verified","pid":24928,"period":10,"rows_checked":210471,"solve_calls":0,"columns_checked":150198,"elapsed_seconds":65.35999989509583}
GO3_PROGRESS {"epoch_seconds":1.789972484949e9,"event":"reserve_partition_part_verified","pid":24928,"period":24,"rows_checked":210471,"solve_calls":0,"columns_checked":150198,"elapsed_seconds":66.06499981880188}
GO3_PROGRESS {"epoch_seconds":1.78997248565e9,"event":"reserve_partition_part_verified","pid":24928,"period":25,"rows_checked":210451,"solve_calls":0,"columns_checked":150178,"elapsed_seconds":66.76600003242493}
GO3_PROGRESS {"epoch_seconds":1.789972486331e9,"event":"reserve_partition_part_verified","pid":24928,"period":23,"rows_checked":210503,"solve_calls":0,"columns_checked":150230,"elapsed_seconds":67.44700002670288}
GO3_PROGRESS {"epoch_seconds":1.789972487016e9,"event":"reserve_partition_part_verified","pid":24928,"period":5,"rows_checked":210383,"solve_calls":0,"columns_checked":150110,"elapsed_seconds":68.13199996948242}
GO3_PROGRESS {"epoch_seconds":1.789972487723e9,"event":"reserve_partition_part_verified","pid":24928,"period":31,"rows_checked":210429,"solve_calls":0,"columns_checked":150156,"elapsed_seconds":68.83899998664856}
GO3_PROGRESS {"epoch_seconds":1.789972488429e9,"event":"reserve_partition_part_verified","pid":24928,"period":43,"rows_checked":210543,"solve_calls":0,"columns_checked":150270,"elapsed_seconds":69.54499983787537}
GO3_PROGRESS {"epoch_seconds":1.789972489132e9,"event":"reserve_partition_part_verified","pid":24928,"period":39,"rows_checked":210537,"solve_calls":0,"columns_checked":150264,"elapsed_seconds":70.24799990653992}
GO3_PROGRESS {"epoch_seconds":1.789972489832e9,"event":"reserve_partition_part_verified","pid":24928,"period":44,"rows_checked":210541,"solve_calls":0,"columns_checked":150268,"elapsed_seconds":70.94799995422363}
GO3_PROGRESS {"epoch_seconds":1.789972490535e9,"event":"reserve_partition_part_verified","pid":24928,"period":34,"rows_checked":210481,"solve_calls":0,"columns_checked":150208,"elapsed_seconds":71.65100002288818}
GO3_PROGRESS {"epoch_seconds":1.78997249124e9,"event":"reserve_partition_part_verified","pid":24928,"period":17,"rows_checked":210545,"solve_calls":0,"columns_checked":150272,"elapsed_seconds":72.35599994659424}
GO3_PROGRESS {"epoch_seconds":1.789972491941e9,"event":"reserve_partition_part_verified","pid":24928,"period":37,"rows_checked":210515,"solve_calls":0,"columns_checked":150242,"elapsed_seconds":73.0569999217987}
GO3_PROGRESS {"epoch_seconds":1.789972492653e9,"event":"reserve_partition_part_verified","pid":24928,"period":47,"rows_checked":210493,"solve_calls":0,"columns_checked":150220,"elapsed_seconds":73.76900005340576}
GO3_PROGRESS {"epoch_seconds":1.789972493359e9,"event":"reserve_partition_part_verified","pid":24928,"period":9,"rows_checked":210455,"solve_calls":0,"columns_checked":150182,"elapsed_seconds":74.47499990463257}
GO3_PROGRESS {"epoch_seconds":1.789972494064e9,"event":"reserve_partition_part_verified","pid":24928,"period":12,"rows_checked":210499,"solve_calls":0,"columns_checked":150226,"elapsed_seconds":75.17999982833862}
GO3_PROGRESS {"epoch_seconds":1.78997249478e9,"event":"reserve_partition_part_verified","pid":24928,"period":20,"rows_checked":210531,"solve_calls":0,"columns_checked":150258,"elapsed_seconds":75.89599990844727}
GO3_PROGRESS {"epoch_seconds":1.789972495496e9,"event":"reserve_partition_part_verified","pid":24928,"period":6,"rows_checked":210407,"solve_calls":0,"columns_checked":150134,"elapsed_seconds":76.61199998855591}
GO3_PROGRESS {"epoch_seconds":1.789972496202e9,"event":"reserve_partition_part_verified","pid":24928,"period":14,"rows_checked":210505,"solve_calls":0,"columns_checked":150232,"elapsed_seconds":77.31799983978271}
GO3_PROGRESS {"epoch_seconds":1.789972496908e9,"event":"reserve_partition_part_verified","pid":24928,"period":7,"rows_checked":210437,"solve_calls":0,"columns_checked":150164,"elapsed_seconds":78.0239999294281}
GO3_PROGRESS {"epoch_seconds":1.789972497611e9,"event":"reserve_partition_part_verified","pid":24928,"period":8,"rows_checked":210441,"solve_calls":0,"columns_checked":150168,"elapsed_seconds":78.72699999809265}
GO3_PROGRESS {"epoch_seconds":1.789972498318e9,"event":"reserve_partition_part_verified","pid":24928,"period":19,"rows_checked":210533,"solve_calls":0,"columns_checked":150260,"elapsed_seconds":79.43400001525879}
GO3_PROGRESS {"epoch_seconds":1.789972526929e9,"event":"reserve_partition_part_verified","pid":24928,"period":0,"rows_checked":10931162,"solve_calls":0,"columns_checked":8043122,"elapsed_seconds":108.04499983787537}
GO3_PROGRESS {"epoch_seconds":1.789972527634e9,"event":"reserve_partition_part_verified","pid":24928,"period":4,"rows_checked":210401,"solve_calls":0,"columns_checked":150128,"elapsed_seconds":108.75}
GO3_PROGRESS {"epoch_seconds":1.789972528329e9,"event":"reserve_partition_part_verified","pid":24928,"period":22,"rows_checked":210509,"solve_calls":0,"columns_checked":150236,"elapsed_seconds":109.4449999332428}
GO3_PROGRESS {"epoch_seconds":1.789972529031e9,"event":"reserve_partition_part_verified","pid":24928,"period":11,"rows_checked":210489,"solve_calls":0,"columns_checked":150216,"elapsed_seconds":110.14699983596802}
GO3_PROGRESS {"epoch_seconds":1.789972529732e9,"event":"reserve_partition_part_verified","pid":24928,"period":35,"rows_checked":210497,"solve_calls":0,"columns_checked":150224,"elapsed_seconds":110.84800004959106}
GO3_PROGRESS {"epoch_seconds":1.789972530427e9,"event":"reserve_partition_part_verified","pid":24928,"period":13,"rows_checked":210517,"solve_calls":0,"columns_checked":150244,"elapsed_seconds":111.54299998283386}
GO3_PROGRESS {"epoch_seconds":1.789972531132e9,"event":"reserve_partition_part_verified","pid":24928,"period":15,"rows_checked":210517,"solve_calls":0,"columns_checked":150244,"elapsed_seconds":112.24799990653992}
GO3_PROGRESS {"epoch_seconds":1.789972531828e9,"event":"reserve_partition_part_verified","pid":24928,"period":16,"rows_checked":210529,"solve_calls":0,"columns_checked":150256,"elapsed_seconds":112.94400000572205}
GO3_PROGRESS {"epoch_seconds":1.789972532525e9,"event":"reserve_partition_part_verified","pid":24928,"period":40,"rows_checked":210545,"solve_calls":0,"columns_checked":150272,"elapsed_seconds":113.64100003242493}
GO3_PROGRESS {"epoch_seconds":1.789972533228e9,"event":"reserve_partition_part_verified","pid":24928,"period":46,"rows_checked":210503,"solve_calls":0,"columns_checked":150230,"elapsed_seconds":114.3439998626709}
GO3_PROGRESS {"epoch_seconds":1.789972533931e9,"event":"reserve_partition_part_verified","pid":24928,"period":21,"rows_checked":210513,"solve_calls":0,"columns_checked":150240,"elapsed_seconds":115.04699993133545}
GO3_PROGRESS {"epoch_seconds":1.789972534639e9,"event":"reserve_partition_part_verified","pid":24928,"period":38,"rows_checked":210517,"solve_calls":0,"columns_checked":150244,"elapsed_seconds":115.75499987602234}
GO3_PROGRESS {"epoch_seconds":1.789972535327e9,"event":"reserve_partition_part_verified","pid":24928,"period":45,"rows_checked":210525,"solve_calls":0,"columns_checked":150252,"elapsed_seconds":116.44299983978271}
GO3_PROGRESS {"epoch_seconds":1.789972536011e9,"event":"reserve_partition_part_verified","pid":24928,"period":36,"rows_checked":210509,"solve_calls":0,"columns_checked":150236,"elapsed_seconds":117.1269998550415}
GO3_PROGRESS {"epoch_seconds":1.789972536717e9,"event":"reserve_partition_part_verified","pid":24928,"period":48,"rows_checked":210487,"solve_calls":0,"columns_checked":150214,"elapsed_seconds":117.83299994468689}
GO3_PROGRESS {"epoch_seconds":1.789972537418e9,"event":"reserve_partition_part_verified","pid":24928,"period":18,"rows_checked":210543,"solve_calls":0,"columns_checked":150270,"elapsed_seconds":118.53399991989136}
GO3_PROGRESS {"epoch_seconds":1.789972538121e9,"event":"reserve_partition_part_verified","pid":24928,"period":30,"rows_checked":210407,"solve_calls":0,"columns_checked":150134,"elapsed_seconds":119.23699998855591}
GO3_PROGRESS {"epoch_seconds":1.789972538822e9,"event":"reserve_partition_part_verified","pid":24928,"period":3,"rows_checked":210413,"solve_calls":0,"columns_checked":150140,"elapsed_seconds":119.93799996376038}
GO3_PROGRESS {"epoch_seconds":1.789972539001e9,"event":"source_reserve_partition_verified","pid":24928,"master_projection_rows_proved":3399070,"scope":"Exact source scheduling partition; no solved or verified GO3 candidate","source_columns_checked":15253134,"source_coefficients_and_bounds_unchanged":true,"source_rows_checked":17635208,"periods":[1,2,3,4,5,6,7,8,9,10,11,12,13,14,15,16,17,18,19,20,21,22,23,24,25,26,27,28,29,30,31,32,33,34,35,36,37,38,39,40,41,42,43,44,45,46,47,48],"box_redundant_master_projections_proved":6394830,"partition_manifest_sha256":"30eab9f15a59d67d27d62f7316ca0fb727f227cefa6b94d846a794c05dbf20d5","solve_calls":0,"complete":true,"pass":true,"source_rows_covered_exactly_once":true,"elapsed_seconds":120.11699986457825}
