Running HiGHS 1.15.1 (git hash: 04024d7): Copyright (c) 2026 under MIT licence terms
Includes third-party software components, see THIRD_PARTY_NOTICES.md for full details
LP has 210497 rows; 150224 cols; 553167 nonzeros
Coefficient ranges:
  Matrix  [1e+00, 2e+01]
  Cost    [1e+02, 5e+05]
  Bound   [1e-05, 6e+03]
  RHS     [1e-20, 6e+03]
WARNING: Problem has some excessively small column bounds
WARNING: Problem has some excessively small row bounds
Presolving model
40102 rows, 67632 cols, 209894 nonzeros 0s
36948 rows, 67632 cols, 200432 nonzeros 0s
Presolve reductions: rows 36948(-173549); columns 67632(-82592); nonzeros 200432(-352735) 
Solving the presolved LP
Using dual simplex solver
  Iteration        Objective     Infeasibilities num(sum)
          0     1.7426759981e+03 Pr: 96(7779.26) 0.2s
      20947     4.4404857921e+08 Pr: 0(0) 0.6s

Performed postsolve
Solving the original LP from the solution after postsolve

Model status        : Optimal
Simplex   iterations: 20947
Objective value     :  4.4404857921e+08
P-D objective error :  3.5570952340e-15
HiGHS run time      :          0.77
