GO3_PROGRESS {"epoch_seconds":1.789992760183e9,"event":"reserve_benders_worker_started","raw_case_parsed":false,"pid":24336,"native_backend":{"git_hash":"04024d701f","library_sha256":"404f0a37f0887e0b390274230441539524f0f68d141a58d62053aea041eb9ded","floating_point_bits":64,"policy":"upstream_jll_v1","library_path":"C:\\Users\\thoma\\Documents\\go3-division2-cpu\\environments\\julia-depot\\artifacts\\7b3fde6a10989de897c61b0c6880e7e7d97cccd4\\bin\\libhighs.dll","highs_int_bits":32,"version":"1.15.1"},"mode":"recourse","stage":"source_reserve_benders","round":3,"remaining_work_seconds":88.10052967071533}
Running HiGHS 1.15.1 (git hash: 04024d701f): Copyright (c) 2026 under MIT licence terms
Includes third-party software components, see THIRD_PARTY_NOTICES.md for full details
Using BLAS: libblastrampoline 
GO3_PROGRESS {"epoch_seconds":1.789992761823e9,"event":"reserve_benders_solve_begin","actual_limit_seconds":5.0,"pid":24336,"period":1,"mode":"recourse","stage":"source_reserve_benders","round":3,"remaining_work_seconds":86.46052980422974}
LP has 2 rows; 1 col; 2 nonzeros
Coefficient ranges:
  Matrix  [1e+00, 1e+00]
  Cost    [3e+00, 3e+00]
  Bound   [0e+00, 0e+00]
  RHS     [1e+00, 1e+00]
Presolving model
0 rows, 0 cols, 0 nonzeros 0s
0 rows, 0 cols, 0 nonzeros 0s
Presolve reductions: rows 0(-2); columns 0(-1); nonzeros 0(-2) - Reduced to empty
Performed postsolve
Solving the original LP from the solution after postsolve

Model status        : Optimal
Objective value     :  0.0000000000e+00
P-D objective error :  0.0000000000e+00
HiGHS run time      :          0.00
GO3_PROGRESS {"epoch_seconds":1.789992761832e9,"event":"reserve_benders_solve_returned","solve_seconds":0.0013439655303955078,"pid":24336,"mode":"recourse","stage":"source_reserve_benders","termination":"OPTIMAL","simplex_iterations":0,"barrier_iterations":0,"has_primal":true,"period":1,"native_status":7,"solve_wall_seconds":0.0010001659393310547,"round":3,"remaining_work_seconds":86.45152974128723}
GO3_PROGRESS {"epoch_seconds":1.789992762274e9,"event":"reserve_benders_hour_complete","pid":24336,"mode":"recourse","hours_completed":1,"stage":"source_reserve_benders","hours_required":1,"kind":"cost","period":1,"round":3,"remaining_work_seconds":86.00952982902527}
GO3_PROGRESS {"epoch_seconds":1.78999276251e9,"event":"reserve_benders_incumbent_audited","pid":24336,"mode":"recourse","objective":-0.75,"stage":"source_reserve_benders","round":3,"maximum_residual":0.0,"remaining_work_seconds":85.77352976799011}
GO3_PROGRESS {"epoch_seconds":1.789992762551e9,"event":"reserve_benders_stage_complete","pid":24336,"result_sha256":"724cf9dd0f0723c247942eeb8bff3bbb0e02db4fc6fbb20468d3978603afdf15","mode":"recourse","stage":"source_reserve_benders","round":3,"remaining_work_seconds":85.73252964019775}
