Running HiGHS 1.15.1 (git hash: 04024d7): Copyright (c) 2026 under MIT licence terms
Includes third-party software components, see THIRD_PARTY_NOTICES.md for full details
LP has 210517 rows; 150244 cols; 553207 nonzeros
Coefficient ranges:
  Matrix  [1e+00, 2e+01]
  Cost    [1e+02, 5e+05]
  Bound   [1e-05, 6e+03]
  RHS     [1e-20, 6e+03]
WARNING: Problem has some excessively small column bounds
WARNING: Problem has some excessively small row bounds
Presolving model
40145 rows, 67596 cols, 209277 nonzeros 0s
36826 rows, 67596 cols, 199320 nonzeros 0s
Presolve reductions: rows 36826(-173691); columns 67596(-82648); nonzeros 199320(-353887) 
Solving the presolved LP
Using dual simplex solver
  Iteration        Objective     Infeasibilities num(sum)
          0     2.0190959983e+03 Pr: 96(7776.14) 0.2s
      20958     4.4634307337e+08 Pr: 0(0) 0.6s

Performed postsolve
Solving the original LP from the solution after postsolve

Model status        : Optimal
Simplex   iterations: 20958
Objective value     :  4.4634307337e+08
P-D objective error :  3.8726593952e-15
HiGHS run time      :          0.74
