C:\Users\thoma\Documents\go3-division2-cpu\.cache\upstream\C3DataUtilities\datautilities\ctgmodel.py:126: SparseEfficiencyWarning: splu converted its input to CSC format
  a_factors = scipy.sparse.linalg.splu(a_mat)
C:\Users\thoma\Documents\go3-division2-cpu\.cache\upstream\C3DataUtilities\datautilities\ctgmodel.py:379: SparseEfficiencyWarning: splu converted its input to CSC format
  a_factors_t = scipy.sparse.linalg.splu(a_mat_t)
{
  "pass": true,
  "complete": true,
  "candidate_sha256": "1f1c5a600925f14c2bb494aed9a4276ebe29f7a4d1e50009fccb774fe14d1c65",
  "input_sha256": "865bbc89659575b63f5fa2d79d824f7f54e3441cb4f70aaf97d66a476b40431c",
  "independent_seconds": 0.006703199993353337,
  "official_seconds": 0.5512421999592334,
  "official_contingency_batch_audit": {
    "policy": "pinned_official_outage_batches_v1",
    "batch_size": 2,
    "complete": true,
    "invocations": 1,
    "batches": [
      {
        "start_inclusive": 0,
        "stop_exclusive": 2,
        "checks": 6,
        "seconds": 0.0032269999501295388
      },
      {
        "start_inclusive": 2,
        "stop_exclusive": 3,
        "checks": 3,
        "seconds": 0.002443700039293617
      }
    ],
    "original_source_sha256": "0876bc72009fa9c91040ae0442fef1a74f854852b5ca994ecce1b912305d6f00",
    "upstream_files_modified": false,
    "all_monitored_branches_retained": true,
    "global_aggregation": "original_evaluator_over_complete_source_order_t_k_z",
    "source_contingencies": 3,
    "intervals": 3,
    "required_checks": 9,
    "completed_checks": 9,
    "source_uid_sha256": "4817507d9942bf24635535b19b1588bb44e00d2b51314536926f3580c7f5d896",
    "monitored_ac_branches": 3,
    "network_buses": 2,
    "source_order_preserved": true,
    "max_batch_columns": 2
  },
  "objective": 1732.1459647319407,
  "official_feas": 1,
  "official_phys_feas": 1,
  "independent_hard_pass": true,
  "max_hard_residual": 0.0,
  "objective_discrepancy": 5.229594535194337e-12,
  "objective_agreement": true,
  "contingencies_completed": 9,
  "contingencies_required": 9,
  "max_p_imbalance_pu": 1.525059245555127e-10,
  "max_q_imbalance_pu": 2.3062018232600234e-09,
  "max_contingency_overload_pu": 0.0,
  "costs_total": {
    "production": 17.50193050079136,
    "demand_benefit": 1750.0,
    "on": 0.35000000000000003,
    "startup": 0.0,
    "shutdown": 0.0,
    "reserve_awards": 0.0021001930500791363,
    "switching": 0.0,
    "real_imbalance": 4.173931200668335e-07,
    "reactive_imbalance": 4.156819267270295e-06,
    "base_overload": 0.0,
    "reserve_shortfall": 0.0,
    "contingency_worst": 0.0,
    "contingency_average": 0.0
  },
  "verification_directory": "C:\\Users\\thoma\\Documents\\go3-division2-cpu\\tmp\\pilot002_component_gate_ehct1eyy\\compacted_scheduling_verification",
  "total_verification_seconds": 0.5579534999560565
}
