GO3_PROGRESS {"epoch_seconds":1.789959424401e9,"event":"reserve_benders_worker_started","raw_case_parsed":false,"pid":25996,"native_backend":{"git_hash":"04024d701f","library_sha256":"404f0a37f0887e0b390274230441539524f0f68d141a58d62053aea041eb9ded","floating_point_bits":64,"policy":"upstream_jll_v1","library_path":"C:\\Users\\thoma\\Documents\\go3-division2-cpu\\environments\\julia-depot\\artifacts\\7b3fde6a10989de897c61b0c6880e7e7d97cccd4\\bin\\libhighs.dll","highs_int_bits":32,"version":"1.15.1"},"mode":"recourse","stage":"source_reserve_benders","round":2,"remaining_work_seconds":97.84043622016907}
Running HiGHS 1.15.1 (git hash: 04024d701f): Copyright (c) 2026 under MIT licence terms
Includes third-party software components, see THIRD_PARTY_NOTICES.md for full details
Using BLAS: libblastrampoline 
GO3_PROGRESS {"epoch_seconds":1.789959426063e9,"event":"reserve_benders_solve_begin","actual_limit_seconds":5.0,"pid":25996,"period":1,"mode":"recourse","stage":"source_reserve_benders","round":2,"remaining_work_seconds":96.17843627929688}
LP has 2 rows; 1 col; 2 nonzeros
Coefficient ranges:
  Matrix  [1e+00, 1e+00]
  Cost    [3e+00, 3e+00]
  Bound   [0e+00, 0e+00]
  RHS     [5e-01, 5e-01]
Presolving model
0 rows, 0 cols, 0 nonzeros 0s
0 rows, 0 cols, 0 nonzeros 0s
Presolve reductions: rows 0(-2); columns 0(-1); nonzeros 0(-2) - Reduced to empty
Performed postsolve
Solving the original LP from the solution after postsolve

Model status        : Optimal
Objective value     :  1.5000000000e+00
P-D objective error :  0.0000000000e+00
HiGHS run time      :          0.00
GO3_PROGRESS {"epoch_seconds":1.789959426074e9,"event":"reserve_benders_solve_returned","solve_seconds":0.0004940032958984375,"pid":25996,"mode":"recourse","stage":"source_reserve_benders","termination":"OPTIMAL","simplex_iterations":0,"barrier_iterations":0,"has_primal":true,"period":1,"native_status":7,"solve_wall_seconds":0.0009999275207519531,"round":2,"remaining_work_seconds":96.16743636131287}
GO3_PROGRESS {"epoch_seconds":1.789959426552e9,"event":"reserve_benders_hour_complete","pid":25996,"mode":"recourse","hours_completed":1,"stage":"source_reserve_benders","hours_required":1,"kind":"cost","period":1,"round":2,"remaining_work_seconds":95.68943619728088}
GO3_PROGRESS {"epoch_seconds":1.789959426809e9,"event":"reserve_benders_incumbent_audited","pid":25996,"mode":"recourse","objective":-2.0000000000000004,"stage":"source_reserve_benders","round":2,"maximum_residual":3.885780586188048e-16,"remaining_work_seconds":95.43243622779846}
GO3_PROGRESS {"epoch_seconds":1.789959426851e9,"event":"reserve_benders_stage_complete","pid":25996,"result_sha256":"7e621928ce0eef1a98726a27336ba79ebaa87d6fc698fa7feb7aa7eafbcedb3c","mode":"recourse","stage":"source_reserve_benders","round":2,"remaining_work_seconds":95.39043617248535}
