Running HiGHS 1.15.1 (git hash: 04024d7): Copyright (c) 2026 under MIT licence terms
Includes third-party software components, see THIRD_PARTY_NOTICES.md for full details
LP has 210503 rows; 150230 cols; 553179 nonzeros
Coefficient ranges:
  Matrix  [1e+00, 2e+01]
  Cost    [1e+02, 5e+05]
  Bound   [1e-05, 6e+03]
  RHS     [1e-20, 6e+03]
WARNING: Problem has some excessively small column bounds
WARNING: Problem has some excessively small row bounds
Presolving model
40156 rows, 67563 cols, 209543 nonzeros 0s
36892 rows, 67563 cols, 199751 nonzeros 0s
Presolve reductions: rows 36892(-173611); columns 67563(-82667); nonzeros 199751(-353428) 
Solving the presolved LP
Using dual simplex solver
  Iteration        Objective     Infeasibilities num(sum)
          0     1.6234980072e+03 Pr: 96(7682) 0.2s
      20990     4.3011112374e+08 Pr: 0(0) 0.6s

Performed postsolve
Solving the original LP from the solution after postsolve

Model status        : Optimal
Simplex   iterations: 20990
Objective value     :  4.3011112374e+08
P-D objective error :  3.1873317210e-15
HiGHS run time      :          0.75
