Running HiGHS 1.15.1 (git hash: 04024d7): Copyright (c) 2026 under MIT licence terms
Includes third-party software components, see THIRD_PARTY_NOTICES.md for full details
LP has 210517 rows; 150244 cols; 553207 nonzeros
Coefficient ranges:
  Matrix  [1e+00, 2e+01]
  Cost    [1e+02, 5e+05]
  Bound   [1e-05, 6e+03]
  RHS     [1e-20, 6e+03]
WARNING: Problem has some excessively small column bounds
WARNING: Problem has some excessively small row bounds
Presolving model
40117 rows, 67590 cols, 209706 nonzeros 0s
36915 rows, 67590 cols, 200100 nonzeros 0s
Presolve reductions: rows 36915(-173602); columns 67590(-82654); nonzeros 200100(-353107) 
Solving the presolved LP
Using dual simplex solver
  Iteration        Objective     Infeasibilities num(sum)
          0     1.7685330027e+03 Pr: 96(7725.51) 0.2s
      20835     4.3597049710e+08 Pr: 0(0) 0.6s

Performed postsolve
Solving the original LP from the solution after postsolve

Model status        : Optimal
Simplex   iterations: 20835
Objective value     :  4.3597049710e+08
P-D objective error :  2.8710601914e-15
HiGHS run time      :          0.78
