GO3_PROGRESS {"epoch_seconds":1.789984875435e9,"event":"reserve_benders_worker_started","raw_case_parsed":false,"pid":17660,"native_backend":{"git_hash":"04024d701f","library_sha256":"404f0a37f0887e0b390274230441539524f0f68d141a58d62053aea041eb9ded","floating_point_bits":64,"policy":"upstream_jll_v1","library_path":"C:\\Users\\thoma\\Documents\\go3-division2-cpu\\environments\\julia-depot\\artifacts\\7b3fde6a10989de897c61b0c6880e7e7d97cccd4\\bin\\libhighs.dll","highs_int_bits":32,"version":"1.15.1"},"mode":"recourse","stage":"source_reserve_benders","round":1,"remaining_work_seconds":107.68539261817932}
Running HiGHS 1.15.1 (git hash: 04024d701f): Copyright (c) 2026 under MIT licence terms
Includes third-party software components, see THIRD_PARTY_NOTICES.md for full details
Using BLAS: libblastrampoline 
GO3_PROGRESS {"epoch_seconds":1.789984877085e9,"event":"reserve_benders_solve_begin","actual_limit_seconds":5.0,"pid":17660,"period":1,"mode":"recourse","stage":"source_reserve_benders","round":1,"remaining_work_seconds":106.03539252281189}
LP has 21 rows; 18 cols; 44 nonzeros
Coefficient ranges:
  Matrix  [5e-02, 1e+00]
  Cost    [5e-03, 5e+01]
  Bound   [5e-01, 4e+00]
  RHS     [1e-02, 2e+00]
Presolving model
6 rows, 7 cols, 14 nonzeros 0s
5 rows, 7 cols, 12 nonzeros 0s
Presolve reductions: rows 5(-16); columns 7(-11); nonzeros 12(-32) 
Solving the presolved LP
Using dual simplex solver
  Iteration        Objective     Infeasibilities num(sum)
          0     0.0000000000e+00 Pr: 4(0.19) 0.0s
          2     6.0000000000e-04 Pr: 0(0) 0.0s

Performed postsolve
Solving the original LP from the solution after postsolve

Model status        : Optimal
Simplex   iterations: 2
Objective value     :  6.0000000000e-04
P-D objective error :  0.0000000000e+00
HiGHS run time      :          0.00
GO3_PROGRESS {"epoch_seconds":1.789984877095e9,"event":"reserve_benders_solve_returned","solve_seconds":0.0014929771423339844,"pid":17660,"mode":"recourse","stage":"source_reserve_benders","termination":"OPTIMAL","simplex_iterations":2,"barrier_iterations":0,"has_primal":true,"period":1,"native_status":7,"solve_wall_seconds":0.002000093460083008,"round":1,"remaining_work_seconds":106.02539253234863}
GO3_PROGRESS {"epoch_seconds":1.789984877552e9,"event":"reserve_benders_hour_complete","pid":17660,"mode":"recourse","hours_completed":1,"stage":"source_reserve_benders","hours_required":3,"kind":"cost","period":1,"round":1,"remaining_work_seconds":105.5683925151825}
Running HiGHS 1.15.1 (git hash: 04024d701f): Copyright (c) 2026 under MIT licence terms
Includes third-party software components, see THIRD_PARTY_NOTICES.md for full details
Using BLAS: libblastrampoline 
GO3_PROGRESS {"epoch_seconds":1.789984877657e9,"event":"reserve_benders_solve_begin","actual_limit_seconds":5.0,"pid":17660,"period":2,"mode":"recourse","stage":"source_reserve_benders","round":1,"remaining_work_seconds":105.46339249610901}
LP has 21 rows; 18 cols; 44 nonzeros
Coefficient ranges:
  Matrix  [5e-02, 1e+00]
  Cost    [1e-02, 1e+02]
  Bound   [5e-01, 4e+00]
  RHS     [1e-02, 2e+00]
Presolving model
6 rows, 7 cols, 14 nonzeros 0s
5 rows, 7 cols, 12 nonzeros 0s
Presolve reductions: rows 5(-16); columns 7(-11); nonzeros 12(-32) 
Solving the presolved LP
Using dual simplex solver
  Iteration        Objective     Infeasibilities num(sum)
          0     0.0000000000e+00 Pr: 4(0.19) 0.0s
          2     1.2000000000e-03 Pr: 0(0) 0.0s

Performed postsolve
Solving the original LP from the solution after postsolve

Model status        : Optimal
Simplex   iterations: 2
Objective value     :  1.2000000000e-03
P-D objective error :  0.0000000000e+00
HiGHS run time      :          0.00
GO3_PROGRESS {"epoch_seconds":1.78998487766e9,"event":"reserve_benders_solve_returned","solve_seconds":0.0005419254302978516,"pid":17660,"mode":"recourse","stage":"source_reserve_benders","termination":"OPTIMAL","simplex_iterations":2,"barrier_iterations":0,"has_primal":true,"period":2,"native_status":7,"solve_wall_seconds":0.0010001659393310547,"round":1,"remaining_work_seconds":105.46039247512817}
GO3_PROGRESS {"epoch_seconds":1.789984877669e9,"event":"reserve_benders_hour_complete","pid":17660,"mode":"recourse","hours_completed":2,"stage":"source_reserve_benders","hours_required":3,"kind":"cost","period":2,"round":1,"remaining_work_seconds":105.45139265060425}
Running HiGHS 1.15.1 (git hash: 04024d701f): Copyright (c) 2026 under MIT licence terms
Includes third-party software components, see THIRD_PARTY_NOTICES.md for full details
Using BLAS: libblastrampoline 
GO3_PROGRESS {"epoch_seconds":1.789984877762e9,"event":"reserve_benders_solve_begin","actual_limit_seconds":5.0,"pid":17660,"period":3,"mode":"recourse","stage":"source_reserve_benders","round":1,"remaining_work_seconds":105.35839247703552}
LP has 21 rows; 18 cols; 44 nonzeros
Coefficient ranges:
  Matrix  [5e-02, 1e+00]
  Cost    [3e-03, 2e+01]
  Bound   [5e-01, 4e+00]
  RHS     [1e-02, 2e+00]
Presolving model
6 rows, 7 cols, 14 nonzeros 0s
5 rows, 7 cols, 12 nonzeros 0s
Presolve reductions: rows 5(-16); columns 7(-11); nonzeros 12(-32) 
Solving the presolved LP
Using dual simplex solver
  Iteration        Objective     Infeasibilities num(sum)
          0     0.0000000000e+00 Pr: 4(0.19) 0.0s
          2     3.0000000000e-04 Pr: 0(0) 0.0s

Performed postsolve
Solving the original LP from the solution after postsolve

Model status        : Optimal
Simplex   iterations: 2
Objective value     :  3.0000000000e-04
P-D objective error :  0.0000000000e+00
HiGHS run time      :          0.00
GO3_PROGRESS {"epoch_seconds":1.789984877763e9,"event":"reserve_benders_solve_returned","solve_seconds":0.0005009174346923828,"pid":17660,"mode":"recourse","stage":"source_reserve_benders","termination":"OPTIMAL","simplex_iterations":2,"barrier_iterations":0,"has_primal":true,"period":3,"native_status":7,"solve_wall_seconds":0.0009999275207519531,"round":1,"remaining_work_seconds":105.35739254951477}
GO3_PROGRESS {"epoch_seconds":1.789984877771e9,"event":"reserve_benders_hour_complete","pid":17660,"mode":"recourse","hours_completed":3,"stage":"source_reserve_benders","hours_required":3,"kind":"cost","period":3,"round":1,"remaining_work_seconds":105.3493926525116}
GO3_PROGRESS {"epoch_seconds":1.789984878006e9,"event":"reserve_benders_incumbent_audited","pid":17660,"mode":"recourse","objective":1732.1479,"stage":"source_reserve_benders","round":1,"maximum_residual":0.0,"remaining_work_seconds":105.11439251899719}
GO3_PROGRESS {"epoch_seconds":1.789984878049e9,"event":"reserve_benders_stage_complete","pid":17660,"result_sha256":"48e245db3036c81b6bae4c9840f319e7e000db58f89bb53701237f21bbadc70c","mode":"recourse","stage":"source_reserve_benders","round":1,"remaining_work_seconds":105.07139253616333}
