GO3_PROGRESS {"epoch_seconds":1.789977600939e9,"event":"reserve_benders_worker_started","raw_case_parsed":false,"pid":23312,"native_backend":{"analytic_center_requested":false,"git_hash":"04024d7","library_sha256":"06fa04b2f66ae80f3446e8e2a95ad1bea09faa0414b3151c1764bbb6bf7395c8","root_presolve_only_requested":true,"version":"1.15.1","policy":"root_memory_guard_v1","library_path":"C:\\Users\\thoma\\Documents\\go3-division2-cpu\\environments\\highs-root-memory-build\\bin\\libhighs.dll","highs_int_bits":32,"manifest_sha256":"73ceb849300d5ec00761156f21326c61e5343e1acb856a3206410eee69eba794","floating_point_bits":64,"objective_clique_max_size":0},"mode":"master","stage":"source_reserve_benders","round":2,"remaining_work_seconds":77.17438817024231}
Running HiGHS 1.15.1 (git hash: 04024d7): Copyright (c) 2026 under MIT licence terms
Includes third-party software components, see THIRD_PARTY_NOTICES.md for full details
GO3_PROGRESS {"epoch_seconds":1.789977602219e9,"event":"reserve_benders_master_loaded","cut_count":3,"pid":23312,"start":{"supplied":true,"scope":"complete within-attempt primal; no external seed","source_result":{"sha256":"903fd179c21c7d2b6edf18bfc8c458d392d19b181dccdbdb57d3833993aaa0c4","path":"C:\\Users\\thoma\\Documents\\go3-division2-cpu\\tmp\\reserve_loop_components_tc78qtwy\\dc_worker\\reserve_decomposition\\rounds\\round_0001\\recourse\\result.json"},"api_returncode":0,"api_accepted":true,"original_master_audit":{"variables":46,"scope":"Original scheduling rows, bounds, integer domains and objective; not full GO3 verification","rows":70,"objective":1732.1479000000002,"complete":true,"pass":true,"maximum_residual":0.0,"tolerance":1.0e-8},"maximum_cut_violation":0.0},"mode":"master","stage":"source_reserve_benders","variables":46,"nonzeros":152,"rows":73,"round":2,"remaining_work_seconds":75.89438796043396}
GO3_PROGRESS {"epoch_seconds":1.789977602333e9,"event":"reserve_benders_solve_begin","actual_limit_seconds":10.0,"pid":23312,"mode":"master","stage":"source_reserve_benders","round":2,"remaining_work_seconds":75.78038811683655}
 MIP      : 
Rows      : 73
Cols      : 46
Nonzeros  : 152
Integer   : 18 (15 binary)
Coefficient ranges:
  Matrix  [5e-05, 3e+00]
  Cost    [3e-02, 1e+03]
  Bound   [1e+00, 3e+00]
  RHS     [1e-18, 2e+00]
WARNING: Problem has some excessively small row bounds
Assessing feasibility of MIP using primal feasibility and integrality tolerance of       1e-09
Solution has               num          max          sum
Col     infeasibilities      0            0            0
Integer infeasibilities      0            0            0
Row     infeasibilities      0            0            0
Row     residuals            0            0            0
Presolving model
Presolve rules not allowed:
   Rule 13 (set bit 13 =  8192): Parallel rows and columns
29 rows, 27 cols, 69 nonzeros 0s
21 rows, 20 cols, 64 nonzeros 0s
Fixed 3 dominated columns and strengthened 0 bounds
7 probing evaluations: 0 deleted rows, 0 deleted columns, 0 lifted nonzeros
13 rows, 13 cols, 42 nonzeros 0s
Presolve reductions: rows 13(-60); columns 13(-33); nonzeros 42(-110) 
MIP-Timing:     0.00063 - completed presolve
MIP-Timing:     0.00064 - starting  setup
GO3-HIGHS-Setup stage=initialization solve_elapsed=0.000645

MIP start solution is feasible, objective value is 1732.1479
GO3-HIGHS-Setup stage=transpose_and_locks solve_elapsed=0.000669
GO3-HIGHS-Setup stage=row_integrality solve_elapsed=0.000677
GO3-HIGHS-Setup stage=objective_clique_partition solve_elapsed=0.000684
GO3-HIGHS-Setup optional_objective_clique_skipped binary_columns=7 limit=0 source_model_unchanged=1
GO3-HIGHS-Setup stage=objective_propagation solve_elapsed=0.000697
GO3-HIGHS-Setup stage=row_activities solve_elapsed=0.000705
GO3-HIGHS-Setup stage=domain_propagation solve_elapsed=0.000713
GO3-HIGHS-Setup stage=domain_propagation_complete solve_elapsed=0.000726
MIP-Timing:     0.00073 - completed setup

Src: B => Branching; C => Central rounding; F => Feasibility pump; H => Heuristic;
     I => Shifting; J => Feasibility jump; L => Sub-MIP; P => Empty MIP; R => Randomized rounding;
     S => Solve LP; T => Evaluate node; U => Unbounded; X => User solution; Y => HiGHS solution;
     Z => ZI Round; l => Trivial lower; p => Trivial point; u => Trivial upper; z => Trivial zero

        Nodes      |    B&B Tree     |            Objective Bounds              |  Dynamic Constraints |       Work      
Src  Proc. InQueue |  Leaves   Expl. | BestBound       BestSol              Gap |   Cuts   InLp Confl. | LpIters     Time

         0       0         0 100.00%   1732.1479       1732.1479          0.00%        0      0      0         0     0.0s

Solving report
  Status            Optimal
  Primal bound      1732.1479
  Dual bound        1732.1479
  Gap               0% (tolerance: 0.0001%)
  P-D integral      0
  Solution status   feasible
                    1732.1479 (objective)
                    0 (bound viol.)
                    0 (int. viol.)
                    0 (row viol.)
  Timing            0.00
                    0.00 (Presolve)
                    0.00 (Solve)
                    0.00 (Postsolve)
  Max sub-MIP depth 0
  Nodes             0
  Repair LPs        0
  LP iterations     0
getKktFailures:: cost norm =    1e+03; bound norm =        1
getKktFailures:                      LP  (abs / rel)         Col (abs / rel)         Row (abs / rel)
getKktFailures: primal infeasibility        0 /        0            0 /        0            0 /        0

MIP sub-solver profiling: number of threads used = 1

Thread 0
Solver                    Calls    Time       Time/call      MIP%
MIP                           1  8.9478e-04  8.9478e-04
GO3_PROGRESS {"epoch_seconds":1.789977602347e9,"event":"reserve_benders_solve_returned","solve_seconds":0.000978231430053711,"pid":23312,"mode":"master","stage":"source_reserve_benders","termination":"OPTIMAL","simplex_iterations":0,"barrier_iterations":-1,"has_primal":true,"native_status":7,"solve_wall_seconds":0.0029997825622558594,"round":2,"remaining_work_seconds":75.7663881778717}
GO3_PROGRESS {"epoch_seconds":1.789977602505e9,"event":"reserve_benders_stage_complete","pid":23312,"result_sha256":"e2b70d66bd992ca37612459d590a916285d6d3633fec67ca0b03632d80416bd9","mode":"master","stage":"source_reserve_benders","round":2,"remaining_work_seconds":75.60838794708252}
