GO3_PROGRESS {"epoch_seconds":1.789992984422e9,"event":"reserve_benders_worker_started","raw_case_parsed":false,"pid":3352,"native_backend":{"git_hash":"04024d7","library_sha256":"09e8b2b6eafd425f03390dc5aa192820aa79f825025ee3be54e71a792b75634d","floating_point_bits":64,"objective_clique_max_size":0,"policy":"setup_clique_guard_v1","library_path":"C:\\Users\\thoma\\Documents\\go3-division2-cpu\\environments\\highs-setup-guard-build\\bin\\libhighs.dll","highs_int_bits":32,"version":"1.15.1","manifest_sha256":"ee5a6438fae2a94379ae0fabe8c17e118d07ba8ad39e02a21f5e776caf4667c7"},"mode":"recourse","stage":"source_reserve_benders","round":1,"remaining_work_seconds":107.64292240142822}
Running HiGHS 1.15.1 (git hash: 04024d7): Copyright (c) 2026 under MIT licence terms
Includes third-party software components, see THIRD_PARTY_NOTICES.md for full details
GO3_PROGRESS {"epoch_seconds":1.789992986077e9,"event":"reserve_benders_solve_begin","actual_limit_seconds":5.0,"pid":3352,"period":1,"mode":"recourse","stage":"source_reserve_benders","round":1,"remaining_work_seconds":105.98792243003845}
LP has 1 row; 1 col; 1 nonzero
Coefficient ranges:
  Matrix  [1e+00, 1e+00]
  Cost    [3e+00, 3e+00]
  Bound   [0e+00, 0e+00]
  RHS     [1e+00, 1e+00]
Presolving model
0 rows, 0 cols, 0 nonzeros 0s
0 rows, 0 cols, 0 nonzeros 0s
Presolve reductions: rows 0(-1); columns 0(-1); nonzeros 0(-1) - Reduced to empty
Performed postsolve
Solving the original LP from the solution after postsolve

Model status        : Optimal
Objective value     :  3.0000000000e+00
P-D objective error :  0.0000000000e+00
HiGHS run time      :          0.00
GO3_PROGRESS {"epoch_seconds":1.789992986086e9,"event":"reserve_benders_solve_returned","solve_seconds":0.0004999637603759766,"pid":3352,"mode":"recourse","stage":"source_reserve_benders","termination":"OPTIMAL","simplex_iterations":0,"barrier_iterations":0,"has_primal":true,"period":1,"native_status":7,"solve_wall_seconds":0.0009999275207519531,"round":1,"remaining_work_seconds":105.97892236709595}
GO3_PROGRESS {"epoch_seconds":1.789992986559e9,"event":"reserve_benders_hour_complete","pid":3352,"mode":"recourse","hours_completed":1,"stage":"source_reserve_benders","hours_required":1,"kind":"cost","period":1,"round":1,"remaining_work_seconds":105.50592231750488}
GO3_PROGRESS {"epoch_seconds":1.789992986807e9,"event":"reserve_benders_incumbent_audited","pid":3352,"mode":"recourse","objective":-3.0,"stage":"source_reserve_benders","round":1,"maximum_residual":0.0,"remaining_work_seconds":105.25792241096497}
GO3_PROGRESS {"epoch_seconds":1.789992986847e9,"event":"reserve_benders_stage_complete","pid":3352,"result_sha256":"7d65d3afcbec7c13d70118dc923865ab49a5956e28f8878b3767abf1529674f5","mode":"recourse","stage":"source_reserve_benders","round":1,"remaining_work_seconds":105.21792244911194}
