Running HiGHS 1.15.1 (git hash: 04024d701f): Copyright (c) 2026 under MIT licence terms
Includes third-party software components, see THIRD_PARTY_NOTICES.md for full details
Using BLAS: libblastrampoline 
 MIP      : 
Rows      : 171
Cols      : 153
Nonzeros  : 481
Integer   : 18 (15 binary)
Coefficient ranges:
  Matrix  [1e-02, 3e+00]
  Cost    [3e-03, 1e+03]
  Bound   [5e-01, 4e+00]
  RHS     [5e-01, 3e+00]
Presolving model
Permitted suppression of presolve rules via presolve_rule_off option:
   Rule  6 (set bit  6 =    64): Forcing row
   Rule  7 (set bit  7 =   128): Forcing col
   Rule  8 (set bit  8 =   256): Free col substitution
   Rule  9 (set bit  9 =   512): Doubleton equation
   Rule 10 (set bit 10 =  1024): Dependent equations
   Rule 11 (set bit 11 =  2048): Dependent free columns
   Rule 12 (set bit 12 =  4096): Aggregator
   Rule 13 (set bit 13 =  8192): Parallel rows and columns
   Rule 14 (set bit 14 = 16384): Sparsify
   Rule 15 (set bit 15 = 32768): Probing
   Rule 16 (set bit 16 = 65536): Enumeration
   Rule 17 (set bit 17 = 131072): Dual fixing
   Rule 18 (set bit 18 = 262144): Col stuffing
   Rule 19 (set bit 19 = 524288): Initial sweep
68 rows, 54 cols, 177 nonzeros 0s
57 rows, 45 cols, 168 nonzeros 0s
Fixed 3 dominated columns and strengthened 0 bounds
7 probing evaluations: 0 deleted rows, 0 deleted columns, 0 lifted nonzeros
38 rows, 39 cols, 119 nonzeros 0s
Presolve reductions: rows 38(-133); columns 39(-114); nonzeros 119(-362) 
MIP-Timing:      0.0011 - completed presolve
MIP-Timing:      0.0012 - starting  setup

Solving MIP model with:
   38 rows
   39 cols (7 binary, 0 integer, 0 implied int., 32 continuous, 0 domain fixed)
   119 nonzeros
   Thread count 1 (of 24 threads). Using 1 max workers. Parallel search off
MIP-Timing:      0.0012 - completed setup
Feasibility Jump: starting solve. weightUpdateDecay=1, relaxContinuous=0  

Src: B => Branching; C => Central rounding; F => Feasibility pump; H => Heuristic;
     I => Shifting; J => Feasibility jump; L => Sub-MIP; P => Empty MIP; R => Randomized rounding;
     S => Solve LP; T => Evaluate node; U => Unbounded; X => User solution; Y => HiGHS solution;
     Z => ZI Round; l => Trivial lower; p => Trivial point; u => Trivial upper; z => Trivial zero

        Nodes      |    B&B Tree     |            Objective Bounds              |  Dynamic Constraints |       Work      
Src  Proc. InQueue |  Leaves   Expl. | BestBound       BestSol              Gap |   Cuts   InLp Confl. | LpIters     Time

 J       0       0         0   0.00%   inf             -26.425            Large        0      0      0         0     0.0s
MIP-Timing:      0.0062 - starting evaluate root node
MIP-Timing:      0.0062 - starting analytic centre calculation
MIP-Timing:      0.0063 - start first LP solve (without basis)
MIP-Timing:      0.0067 - finish first LP solve
 T       0       0         0   0.00%   1737.275        1732.1479          0.30%        0      0      0        12     0.0s
MIP-Timing:      0.0068 - completed evaluate root node
         1       0         1 100.00%   1732.1479       1732.1479          0.00%        0      0      0        12     0.0s

Solving report
  Status            Optimal
  Primal bound      1732.1479
  Dual bound        1732.1479
  Gap               0% (tolerance: 0.0001%)
  P-D integral      0.0312371518424
  Solution status   feasible
                    1732.1479 (objective)
                    0 (bound viol.)
                    0 (int. viol.)
                    0 (row viol.)
  Timing            0.01
                    0.00 (Presolve)
                    0.01 (Solve)
                    0.00 (Postsolve)
  Max sub-MIP depth 0
  Nodes             1
  Repair LPs        0
  LP iterations     12
                    0 (strong br.)
                    0 (separation)
                    0 (heuristics)
getKktFailures:: cost norm =    1e+03; bound norm =        3
getKktFailures:                      LP  (abs / rel)         Col (abs / rel)         Row (abs / rel)
getKktFailures: primal infeasibility  5.2e-18 /  1.3e-18            0 /        0      5.2e-18 /  1.3e-18

MIP sub-solver profiling: number of threads used = 1

Thread 0
Solver                    Calls    Time       Time/call      MIP%
MIP                           1  6.8569e-03  6.8569e-03
Du simplex (basis)            1  3.0041e-05  3.0041e-05       0.4
Du simplex (no basis)         1  1.7595e-04  1.7595e-04       2.6
TOTAL                            2.0599e-04                   3.0

Percent (sub-)MIP time by thread

MIP sub-solver            0
Du simplex (basis)      0.4
Du simplex (no basis)   2.6
===========================
Total                   3.0
===========================
