C:\Users\thoma\Documents\go3-division2-cpu\.cache\upstream\C3DataUtilities\datautilities\ctgmodel.py:126: SparseEfficiencyWarning: splu converted its input to CSC format
  a_factors = scipy.sparse.linalg.splu(a_mat)
C:\Users\thoma\Documents\go3-division2-cpu\.cache\upstream\C3DataUtilities\datautilities\ctgmodel.py:379: SparseEfficiencyWarning: splu converted its input to CSC format
  a_factors_t = scipy.sparse.linalg.splu(a_mat_t)
{
  "pass": true,
  "complete": true,
  "candidate_sha256": "5305cea3d463151e7026e8da4290686591249c39217c610994ec3c45fc155174",
  "input_sha256": "42219dc12606fda9761fc4c77321c5905ec83c18b32829842cf5d5c867312382",
  "independent_seconds": 0.0071010999963618815,
  "official_seconds": 0.5375132000190206,
  "objective": 1361.04249514378,
  "official_feas": 1,
  "official_phys_feas": 1,
  "independent_hard_pass": true,
  "max_hard_residual": 1.1102230246251565e-16,
  "objective_discrepancy": 1.0231815394945443e-11,
  "objective_agreement": true,
  "contingencies_completed": 9,
  "contingencies_required": 9,
  "max_p_imbalance_pu": 2.2537527399890678e-13,
  "max_q_imbalance_pu": 1.4985599566808006e-11,
  "max_contingency_overload_pu": 0.0,
  "costs_total": {
    "production": 13.780798190023988,
    "demand_benefit": 1374.9999464325945,
    "on": 0.17500000000000002,
    "startup": 0.0,
    "shutdown": 0.0,
    "reserve_awards": 0.001653079808288918,
    "switching": 0.0,
    "real_imbalance": 2.2526425169644426e-10,
    "reactive_imbalance": 1.8746982698852888e-08,
    "base_overload": 0.0,
    "reserve_shortfall": 0.0,
    "contingency_worst": 0.0,
    "contingency_average": 0.0
  },
  "verification_directory": "C:\\Users\\thoma\\Documents\\go3-division2-cpu\\tmp\\pilot002_component_gate_wbxlbv_w\\guarded_recovery_verification",
  "total_verification_seconds": 0.5446217000135221
}
