GO3_PROGRESS {"elapsed_worker_seconds":0.07599997520446777,"stage":"loading","remaining_work_seconds":164.76670575141907}
GO3_PROGRESS {"elapsed_worker_seconds":0.75,"stage":"scheduling","remaining_work_seconds":164.09270572662354}
GO3_SCHEDULING_MODEL {"reserve_policy":"joint_scheduling_then_full_reallocation","constraints_excluding_variable_bounds":171,"source_pq_bound_devices":0,"variables":153,"build_seconds":6.738999843597412,"include_reserves":true,"consumer_online_dominance":{"fixed_online_variables":0,"generator_commitments_changed":0,"policy":"proven_zero_minimum_consumer_online_dominance_v1","eligible_consumers":0,"source_values_changed":false,"rejected_consumers":{"d":["nonzero_online_cost","nonzero_source_pmin","online_ramp_down_can_restrict_dispatch","online_ramp_up_can_restrict_dispatch"]},"eligible_consumer_uids":[]},"source_startup_windows":{"membership":"begin-tol <= interval_start < end-tol","time_equality_tolerance":1.0e-6,"source_values_changed":false,"windows":0}}
GO3_PROGRESS {"elapsed_scheduling_seconds":10.853000164031982,"event":"model_built","elapsed_worker_seconds":11.666000127792358,"build_seconds":7.046000003814697,"stage":"scheduling_event","remaining_work_seconds":153.17670559883118}
GO3_PROGRESS {"elapsed_scheduling_seconds":10.91700005531311,"event":"native_handoff_begin","variables":153,"elapsed_worker_seconds":11.694999933242798,"stage":"scheduling_event","remaining_work_seconds":153.14770579338074}
Running HiGHS 1.15.1 (git hash: 04024d701f): Copyright (c) 2026 under MIT licence terms
Includes third-party software components, see THIRD_PARTY_NOTICES.md for full details
Using BLAS: libblastrampoline 
GO3_PROGRESS {"elapsed_scheduling_seconds":12.950000047683716,"event":"native_handoff_complete","constraint_inventory":{"VariableRef in MathOptInterface.ZeroOne":18,"AffExpr in MathOptInterface.EqualTo{Float64}":36,"AffExpr in MathOptInterface.GreaterThan{Float64}":39,"VariableRef in MathOptInterface.GreaterThan{Float64}":132,"VariableRef in MathOptInterface.LessThan{Float64}":96,"VariableRef in MathOptInterface.EqualTo{Float64}":9,"AffExpr in MathOptInterface.LessThan{Float64}":96},"mapped_extraction_symbols":["p","p_balance_slack_neg","p_balance_slack_pos","p_nsc","p_on_status","p_rgd","p_rgu","p_rrd_off","p_rrd_on","p_rru_off","p_rru_on","p_scr","q","q_balance_slack_neg","q_balance_slack_pos","q_qrd","q_qru"],"policy":"native_handoff_v1","scope":"Storage-only public MOI copy; no presolve or external initialization","native_mode":"DIRECT","stage":"scheduling_event","post_handoff_gc_seconds":0.2839999198913574,"rows_or_columns_eliminated":0,"source_values_changed":false,"whole_model_copy":true,"variables":153,"elapsed_worker_seconds":13.753999948501587,"cached_model_emptied":true,"handoff_seconds_before_gc":1.5239999294281006,"remaining_work_seconds":151.08870577812195}
GO3_PROGRESS {"elapsed_scheduling_seconds":13.029000043869019,"event":"economic_solve_begin","elapsed_worker_seconds":13.78600001335144,"stage":"scheduling_event","remaining_work_seconds":151.0567057132721}
 MIP      : 
Rows      : 171
Cols      : 153
Nonzeros  : 481
Integer   : 18 (15 binary)
Coefficient ranges:
  Matrix  [1e-02, 3e+00]
  Cost    [3e-03, 1e+03]
  Bound   [5e-01, 4e+00]
  RHS     [5e-01, 3e+00]
Presolving model
Permitted suppression of presolve rules via presolve_rule_off option:
   Rule  6 (set bit  6 =    64): Forcing row
   Rule  7 (set bit  7 =   128): Forcing col
   Rule  8 (set bit  8 =   256): Free col substitution
   Rule  9 (set bit  9 =   512): Doubleton equation
   Rule 10 (set bit 10 =  1024): Dependent equations
   Rule 11 (set bit 11 =  2048): Dependent free columns
   Rule 12 (set bit 12 =  4096): Aggregator
   Rule 13 (set bit 13 =  8192): Parallel rows and columns
   Rule 14 (set bit 14 = 16384): Sparsify
   Rule 15 (set bit 15 = 32768): Probing
   Rule 16 (set bit 16 = 65536): Enumeration
   Rule 17 (set bit 17 = 131072): Dual fixing
   Rule 18 (set bit 18 = 262144): Col stuffing
   Rule 19 (set bit 19 = 524288): Initial sweep
68 rows, 54 cols, 177 nonzeros 0s
57 rows, 45 cols, 168 nonzeros 0s
Fixed 3 dominated columns and strengthened 0 bounds
7 probing evaluations: 0 deleted rows, 0 deleted columns, 0 lifted nonzeros
38 rows, 39 cols, 119 nonzeros 0s
Presolve reductions: rows 38(-133); columns 39(-114); nonzeros 119(-362) 

Solving MIP model with:
   38 rows
   39 cols (7 binary, 0 integer, 0 implied int., 32 continuous, 0 domain fixed)
   119 nonzeros
   Thread count 4 (of 24 threads). Using 1 max workers. Parallel search off
Feasibility Jump: starting solve. weightUpdateDecay=1, relaxContinuous=0  

Src: B => Branching; C => Central rounding; F => Feasibility pump; H => Heuristic;
     I => Shifting; J => Feasibility jump; L => Sub-MIP; P => Empty MIP; R => Randomized rounding;
     S => Solve LP; T => Evaluate node; U => Unbounded; X => User solution; Y => HiGHS solution;
     Z => ZI Round; l => Trivial lower; p => Trivial point; u => Trivial upper; z => Trivial zero

        Nodes      |    B&B Tree     |            Objective Bounds              |  Dynamic Constraints |       Work      
Src  Proc. InQueue |  Leaves   Expl. | BestBound       BestSol              Gap |   Cuts   InLp Confl. | LpIters     Time

 J       0       0         0   0.00%   inf             -26.425            Large        0      0      0         0     0.0s
 T       0       0         0   0.00%   1737.275        1732.1479          0.30%        0      0      0        12     0.0s
         1       0         1 100.00%   1732.1479       1732.1479          0.00%        0      0      0        12     0.0s

Solving report
  Status            Optimal
  Primal bound      1732.1479
  Dual bound        1732.1479
  Gap               0% (tolerance: 0.0001%)
  P-D integral      0.0297890671653
  Solution status   feasible
                    1732.1479 (objective)
                    0 (bound viol.)
                    0 (int. viol.)
                    0 (row viol.)
  Timing            0.01
                    0.00 (Presolve)
                    0.01 (Solve)
                    0.00 (Postsolve)
  Max sub-MIP depth 0
  Nodes             1
  Repair LPs        0
  LP iterations     12
                    0 (strong br.)
                    0 (separation)
                    0 (heuristics)
getKktFailures:: cost norm =    1e+03; bound norm =        3
getKktFailures:                      LP  (abs / rel)         Col (abs / rel)         Row (abs / rel)
getKktFailures: primal infeasibility  5.2e-18 /  1.3e-18            0 /        0      5.2e-18 /  1.3e-18

MIP sub-solver profiling: number of threads used = 1

Thread 0
Solver                    Calls    Time       Time/call      MIP%
MIP                           1  6.9261e-03  6.9261e-03
Du simplex (basis)            1  3.1948e-05  3.1948e-05       0.5
Du simplex (no basis)         1  1.7095e-04  1.7095e-04       2.5
TOTAL                            2.0289e-04                   2.9

Percent (sub-)MIP time by thread

MIP sub-solver            0
Du simplex (basis)      0.5
Du simplex (no basis)   2.5
===========================
Total                   2.9
===========================
GO3_PROGRESS {"elapsed_scheduling_seconds":13.068000078201294,"event":"economic_solve_returned","elapsed_worker_seconds":13.819999933242798,"stage":"scheduling_event","wall_seconds":0.03900003433227539,"remaining_work_seconds":151.02270579338074}
Rounded shunt steps:
GO3_PROGRESS {"devices":2,"final_reserve_optimization_required":true,"full_case_checks_required":true,"policy":"use_joint_schedule_unverified","external_solution_read":false,"initial_solution_verified":false,"stage":"initial_reserve_handoff","source_values_changed":false,"periods":3,"optimization_calls":0,"elapsed_worker_seconds":15.273000001907349,"source":"current_attempt_joint_schedule","reserve_fields":10,"remaining_work_seconds":149.5697057247162}
GO3_PROGRESS {"elapsed_worker_seconds":15.344000101089478,"stage":"schedule_candidate_ready","remaining_work_seconds":149.49870562553406}
GO3_PROGRESS {"elapsed_worker_seconds":16.592999935150146,"interval":1,"stage":"ac_optimization","interval_count":3,"remaining_work_seconds":148.2497057914734}
GO3_AC_INTERVAL_START {"variable_count":71,"optimization_calls":0,"cost_blocks_initialized":2,"initialization_seconds":0.7569999694824219,"interval":1,"objective_changed":false,"reserve_values_initialized":20,"model_structure_changed":false,"feasibility_claimed":false,"policy":"current_schedule_preserving_restarts_v1","external_solution_read":false,"bounds_adjusted_start_assignments":2,"scope":"Complete same-attempt primal only; AC and exhaustive verification remain mandatory","complete_current_primal_vector":true,"source_devices":2,"source":"current_attempt_joint_schedule","source_bounds_changed":false}
GO3_AC_SOLVE_BEGIN {"epoch_seconds":1.78998444798e9,"policy":"symbolic_adaptive_v1","interval":1,"phase":"continuous_shunts"}
GO3_AC_NATIVE_INITIALIZATION {"complete_mapping":true,"maximum_relative_change_from_requested_start":1.0e-8,"iteration":0,"variable_count":71,"maximum_absolute_change_from_requested_start":1.0e-8,"audit_seconds":0.0279998779296875,"phase":"continuous_shunt_candidate","scope":"Native first iterate readback, including Ipopt interior pushes; not a feasibility or dual certificate","original_unscaled_residual":1.0,"source_bounds_changed":false}

******************************************************************************
This program contains Ipopt, a library for large-scale nonlinear optimization.
 Ipopt is released as open source code under the Eclipse Public License (EPL).
         For more information visit https://github.com/coin-or/Ipopt
******************************************************************************

This is Ipopt version 3.14.19, running with linear solver MUMPS 5.9.0.

Number of nonzeros in equality constraint Jacobian...:       92
Number of nonzeros in inequality constraint Jacobian.:       79
Number of nonzeros in Lagrangian Hessian.............:      129

Total number of variables............................:       50
                     variables with only lower bounds:       16
                variables with lower and upper bounds:       32
                     variables with only upper bounds:        0
Total number of equality constraints.................:       22
Total number of inequality constraints...............:       44
        inequality constraints with only lower bounds:       13
   inequality constraints with lower and upper bounds:        3
        inequality constraints with only upper bounds:       28

iter    objective    inf_pr   inf_du lg(mu)  ||d||  lg(rg) alpha_du alpha_pr  ls
   0  4.9499939e+02 1.00e+00 4.95e+00   0.0 0.00e+00    -  0.00e+00 0.00e+00   0
   1  4.9499936e+02 9.96e-01 6.03e+00  -5.2 5.22e-01    -  4.65e-03 3.57e-03h  1
   2  4.9499923e+02 9.71e-01 1.77e+01  -5.2 5.20e-01    -  1.20e-02 2.58e-02h  1
   3  4.9499919e+02 9.48e-01 4.80e+01  -5.2 5.04e-01    -  5.88e-02 2.37e-02h  1
   4  4.9499915e+02 9.27e-01 4.80e+01  -5.2 5.01e-01    -  2.27e-02 2.21e-02h  1
   5  4.9499861e+02 6.30e-01 1.56e+02  -5.2 4.88e-01    -  2.10e-01 3.20e-01h  1
   6  4.9499746e+02 4.56e-01 5.11e+02  -5.3 2.90e-01    -  7.49e-02 2.76e-01h  1
   7  4.9499470e+02 2.41e-01 1.29e+02  -5.4 1.71e-01    -  6.30e-01 4.73e-01h  1
   8  4.9499149e+02 8.55e-02 1.26e+02  -5.8 8.60e-02    -  5.48e-01 6.44e-01h  1
   9  4.9498931e+02 1.50e-02 2.96e+02  -6.1 2.42e-02    -  9.64e-01 8.24e-01h  1
iter    objective    inf_pr   inf_du lg(mu)  ||d||  lg(rg) alpha_du alpha_pr  ls
  10  4.9499029e+02 9.55e-04 3.73e+01  -7.6 3.53e-02    -  8.16e-01 9.36e-01h  1
  11  4.9499431e+02 3.02e-03 2.62e+02  -8.3 1.07e-01    -  7.56e-01 9.49e-01h  1
  12  4.9499602e+02 1.65e-03 1.73e+03  -8.9 1.23e-01    -  9.08e-01 6.23e-01h  1
  13  4.9499603e+02 1.64e-03 1.26e+07  -6.1 1.13e-01    -  9.64e-01 3.26e-03h  1
  14  4.9499839e+02 1.46e-03 1.07e+06 -11.0 1.37e-01    -  8.94e-01 9.15e-01h  1
  15  4.9499833e+02 6.29e-04 2.95e+05 -11.0 2.86e-02    -  8.82e-01 7.26e-01h  1
  16  4.9499831e+02 2.47e-04 1.18e+05 -11.0 1.10e-02    -  9.64e-01 6.08e-01h  1
  17  4.9499830e+02 4.27e-05 2.30e+04 -11.0 7.44e-03    -  9.91e-01 8.27e-01h  1
In iteration 17, 2 Slacks too small, adjusting variable bounds
  18  4.9499830e+02 6.40e-07 1.74e+03 -11.0 5.41e-01    -  1.00e+00 9.85e-01h  1
In iteration 18, 2 Slacks too small, adjusting variable bounds
  19  4.9499830e+02 1.37e-07 1.33e+06 -11.0 5.37e-01    -  1.00e+00 7.87e-01h  1
In iteration 19, 4 Slacks too small, adjusting variable bounds
iter    objective    inf_pr   inf_du lg(mu)  ||d||  lg(rg) alpha_du alpha_pr  ls
  20  4.9499830e+02 8.88e-08 8.05e+07 -10.4 1.38e-01    -  1.00e+00 3.50e-01h  1
In iteration 20, 3 Slacks too small, adjusting variable bounds
  21  4.9499830e+02 1.96e-08 4.37e+07 -10.4 1.52e-02    -  1.00e+00 7.80e-01h  1
In iteration 21, 14 Slacks too small, adjusting variable bounds
  22  4.9499830e+02 7.54e-12 1.41e-02 -10.4 3.34e-03    -  1.00e+00 1.00e+00h  1
In iteration 22, 2 Slacks too small, adjusting variable bounds
  23  4.9499830e+02 4.47e-15 2.98e-08 -11.0 3.20e-07    -  1.00e+00 1.00e+00h  1

Number of Iterations....: 23

                                   (scaled)                 (unscaled)
Objective...............:  -9.8999659359829337e+01    4.9499829679914666e+02
Dual infeasibility......:   2.9782322387695313e-08    1.4891161193847655e-07
Constraint violation....:   4.4703823975922319e-15    4.4703823975922319e-15
Variable bound violation:   0.0000000000000000e+00    0.0000000000000000e+00
Complementarity.........:   1.0366449878957449e-11    5.1832249394787240e-11
Overall NLP error.......:   6.3202152213010569e-13    1.4891161193847655e-07


Number of objective function evaluations             = 24
Number of objective gradient evaluations             = 24
Number of equality constraint evaluations            = 24
Number of inequality constraint evaluations          = 24
Number of equality constraint Jacobian evaluations   = 24
Number of inequality constraint Jacobian evaluations = 24
Number of Lagrangian Hessian evaluations             = 23
Total seconds in IPOPT (w/o function evaluations)    =      0.700
Total seconds in NLP function evaluations            =      0.064


Timing Statistics:

OverallAlgorithm....................:      0.764 (sys:      0.000 wall:      0.764)
 PrintProblemStatistics.............:      0.000 (sys:      0.000 wall:      0.000)
 InitializeIterates.................:      0.326 (sys:      0.000 wall:      0.327)
 UpdateHessian......................:      0.023 (sys:      0.000 wall:      0.023)
 OutputIteration....................:      0.000 (sys:      0.000 wall:      0.000)
 UpdateBarrierParameter.............:      0.002 (sys:      0.000 wall:      0.004)
 ComputeSearchDirection.............:      0.002 (sys:      0.000 wall:      0.001)
 ComputeAcceptableTrialPoint........:      0.001 (sys:      0.000 wall:      0.001)
 AcceptTrialPoint...................:      0.000 (sys:      0.000 wall:      0.000)
 CheckConvergence...................:      0.410 (sys:      0.000 wall:      0.408)
PDSystemSolverTotal.................:      0.003 (sys:      0.000 wall:      0.004)
 PDSystemSolverSolveOnce............:      0.003 (sys:      0.000 wall:      0.004)
 ComputeResiduals...................:      0.000 (sys:      0.000 wall:      0.000)
 StdAugSystemSolverMultiSolve.......:      0.004 (sys:      0.000 wall:      0.004)
 LinearSystemScaling................:      0.000 (sys:      0.000 wall:      0.000)
 LinearSystemSymbolicFactorization..:      0.001 (sys:      0.000 wall:      0.000)
 LinearSystemFactorization..........:      0.000 (sys:      0.000 wall:      0.000)
 LinearSystemBackSolve..............:      0.002 (sys:      0.000 wall:      0.002)
 LinearSystemStructureConverter.....:      0.000 (sys:      0.000 wall:      0.000)
  LinearSystemStructureConverterInit:      0.000 (sys:      0.000 wall:      0.000)
QualityFunctionSearch...............:      0.000 (sys:      0.000 wall:      0.000)
TryCorrector........................:      0.000 (sys:      0.000 wall:      0.000)
Task1...............................:      0.000 (sys:      0.000 wall:      0.000)
Task2...............................:      0.000 (sys:      0.000 wall:      0.000)
Task3...............................:      0.000 (sys:      0.000 wall:      0.000)
Task4...............................:      0.000 (sys:      0.000 wall:      0.000)
Task5...............................:      0.000 (sys:      0.000 wall:      0.000)
Task6...............................:      0.000 (sys:      0.000 wall:      0.000)
Function Evaluations................:      0.065 (sys:      0.000 wall:      0.064)
 Objective function.................:      0.014 (sys:      0.000 wall:      0.013)
 Objective function gradient........:      0.000 (sys:      0.000 wall:      0.000)
 Equality constraints...............:      0.000 (sys:      0.000 wall:      0.000)
 Inequality constraints.............:      0.028 (sys:      0.000 wall:      0.028)
 Equality constraint Jacobian.......:      0.000 (sys:      0.000 wall:      0.000)
 Inequality constraint Jacobian.....:      0.000 (sys:      0.000 wall:      0.000)
 Lagrangian Hessian.................:      0.023 (sys:      0.000 wall:      0.023)

EXIT: Optimal Solution Found.
GO3_AC_SOLVE_RETURNED {"timing_scope":"API time includes optimizer setup; native Ipopt timings are logged separately","effective_native_evaluator":"MathOptInterface.Nonlinear.SymbolicAD.Evaluator","native_backend_confirmed":true,"interval":1,"model_structure_changed":false,"policy":"symbolic_adaptive_v1","mu_strategy":"adaptive","optimizer_reported_seconds":1.4040000438690186,"floating_point_bits":64,"phase":"continuous_shunts","effective_native_backend":"MathOptInterface.Nonlinear.SymbolicMode","optimize_api_wall_seconds":2.118000030517578,"source_bounds_changed":false}
GO3_AC_INITIALIZATION_AUDIT {"native_mapping_complete":true,"variable_count":71,"objective_window_iterations":8,"discrete_solution_claimed":false,"native_original_probe_seconds":0.005000114440917969,"native_original_row_count":66,"interval":1,"original_probe_interval":5,"certificate_scope":"continuous-shunt candidate only; not an admissible discrete solution, KKT certificate or global bound","minimum_iterations":20,"audit_only":true,"audit_count":0,"native_original_probe_count":1,"model_structure_changed":false,"native_variable_count":71,"candidate_only":true,"native_initialization_audit_requested":true,"external_solution_read":false,"policy":"verified_continuous_shunt_candidate_v1","callback_count":24,"primal_residual_limit":1.0e-8,"residual_screen":"native_original_unscaled","native_initialization":{"complete_mapping":true,"maximum_relative_change_from_requested_start":1.0e-8,"iteration":0,"variable_count":71,"maximum_absolute_change_from_requested_start":1.0e-8,"audit_seconds":0.0279998779296875,"scope":"Native first iterate readback, including Ipopt interior pushes; not a feasibility or dual certificate","original_unscaled_residual":1.0,"source_bounds_changed":false},"audit_seconds":0.0,"phase":"continuous_shunt_candidate","objective_relative_range_limit":1.0e-7,"enabled":true,"last_native_original_residual":1.0,"stop_requested":false,"source_bounds_changed":false}
GO3_AC_PHASE {"solve_seconds":1.4040000438690186,"bound_and_gap_queried":true,"max_primal_residual":5.190292640122607e-15,"objective":494.99829679914666,"termination":"LOCALLY_SOLVED","simplex_iterations":null,"bound":null,"barrier_iterations":23,"nodes":null,"native_relative_gap":null,"wall_limit_seconds":15.0,"interval":1,"primal_status":"FEASIBLE_POINT","phase":"continuous_shunts","residual_audit_seconds":0.9780001640319824,"wall_through_audit_seconds":3.388000011444092,"wall_seconds":2.3899998664855957,"complete_finite_point":true,"relative_gap":null}
GO3_AC_PRIMAL_START {"requested_policy":"within_interval_primal_dual_v1","policy":"within_interval_complete_v1","variable_count":71,"external_solution_read":false,"dual_start":{"options":{"warm_start_init_point":"yes","warm_start_bound_push":1.0e-8,"warm_start_slack_bound_push":1.0e-8,"warm_start_same_structure":"no","compl_inf_tol":1.0e-8,"warm_start_slack_bound_frac":1.0e-8,"warm_start_mult_bound_push":1.0e-8,"warm_start_bound_frac":1.0e-8,"mu_init":1.0e-6},"new_fixed_shunt_zero_duals":1,"largest_transferred_absolute_dual":4.3795030587788886e8,"reused_dual_count":183,"source":"same_interval_continuous_shunt_solve","accepted_interface_count":184,"constraint_count":184,"complete_current_mapping":true,"removed_shunt_bound_duals":2,"legacy_nonlinear_count":0},"acceptance_scope":"MOI primal attributes set and read back; installed Ipopt wrapper copies them into native x","interval":1,"source":"continuous_shunt_solve_in_same_interval_and_attempt","dual_or_basis_start":true,"bounds_adjusted_start_count":2,"dual_transfer_used":true,"accepted_interface_count":71,"complete":true,"source_bounds_changed":false,"basis_start":false}
GO3_AC_SOLVE_BEGIN {"epoch_seconds":1.789984455478e9,"policy":"symbolic_adaptive_v1","interval":1,"phase":"rounded_shunts"}
GO3_AC_NATIVE_INITIALIZATION {"complete_mapping":true,"maximum_relative_change_from_requested_start":9.999800000000001e-9,"iteration":0,"variable_count":71,"maximum_absolute_change_from_requested_start":9.999800000000001e-9,"audit_seconds":0.0,"phase":"rounded_shunts","scope":"Native first iterate readback, including Ipopt interior pushes; not a feasibility or dual certificate","original_unscaled_residual":0.0006424609526268082,"source_bounds_changed":false}
This is Ipopt version 3.14.19, running with linear solver MUMPS 5.9.0.

Number of nonzeros in equality constraint Jacobian...:       91
Number of nonzeros in inequality constraint Jacobian.:       79
Number of nonzeros in Lagrangian Hessian.............:      128

Total number of variables............................:       49
                     variables with only lower bounds:       16
                variables with lower and upper bounds:       31
                     variables with only upper bounds:        0
Total number of equality constraints.................:       22
Total number of inequality constraints...............:       44
        inequality constraints with only lower bounds:       13
   inequality constraints with lower and upper bounds:        3
        inequality constraints with only upper bounds:       28

iter    objective    inf_pr   inf_du lg(mu)  ||d||  lg(rg) alpha_du alpha_pr  ls
   0  4.9499829e+02 6.42e-04 2.00e+06   0.0 0.00e+00    -  0.00e+00 0.00e+00   0
   1  4.9499829e+02 2.79e-04 5.47e+05  -8.8 6.48e-04    -  9.95e-01 5.66e-01h  1
   2  4.9499830e+02 4.25e-06 8.19e+03  -9.2 2.78e-04    -  1.00e+00 9.85e-01h  1
   3  4.9499830e+02 4.25e-08 8.19e+01 -11.0 5.91e-06    -  1.00e+00 9.90e-01h  1
   4  4.9499830e+02 4.26e-10 4.08e-01 -11.0 4.58e-07    -  1.00e+00 9.90e-01h  1
In iteration 4, 2 Slacks too small, adjusting variable bounds
   5  4.9499830e+02 4.52e-13 4.37e+00 -11.0 4.58e-09    -  1.00e+00 9.99e-01h  1
In iteration 5, 3 Slacks too small, adjusting variable bounds
   6  4.9499830e+02 2.44e-13 2.08e+06 -11.0 7.25e-12    -  1.00e+00 4.59e-01h  1
In iteration 6, 14 Slacks too small, adjusting variable bounds
   7  4.9499830e+02 2.58e-15 3.46e-05 -11.0 3.07e-12    -  1.00e+00 1.00e+00h  1
In iteration 7, 2 Slacks too small, adjusting variable bounds
   8  4.9499830e+02 3.37e-16 9.51e-10 -11.0 2.01e-11    -  1.00e+00 1.00e+00h  1

Number of Iterations....: 8

                                   (scaled)                 (unscaled)
Objective...............:  -9.8999659359829323e+01    4.9499829679914660e+02
Dual infeasibility......:   9.5132257461547845e-10    4.7566128730773918e-09
Constraint violation....:   3.3653635433950058e-16    3.3653635433950058e-16
Variable bound violation:   0.0000000000000000e+00    0.0000000000000000e+00
Complementarity.........:   1.1700813245320239e-11    5.8504066226601191e-11
Overall NLP error.......:   1.9097965462311523e-13    4.7566128730773918e-09


Number of objective function evaluations             = 9
Number of objective gradient evaluations             = 9
Number of equality constraint evaluations            = 9
Number of inequality constraint evaluations          = 10
Number of equality constraint Jacobian evaluations   = 9
Number of inequality constraint Jacobian evaluations = 9
Number of Lagrangian Hessian evaluations             = 8
Total seconds in IPOPT (w/o function evaluations)    =      0.003
Total seconds in NLP function evaluations            =      0.000


Timing Statistics:

OverallAlgorithm....................:      0.003 (sys:      0.000 wall:      0.003)
 PrintProblemStatistics.............:      0.000 (sys:      0.000 wall:      0.000)
 InitializeIterates.................:      0.000 (sys:      0.000 wall:      0.000)
 UpdateHessian......................:      0.000 (sys:      0.000 wall:      0.000)
 OutputIteration....................:      0.000 (sys:      0.000 wall:      0.000)
 UpdateBarrierParameter.............:      0.001 (sys:      0.000 wall:      0.001)
 ComputeSearchDirection.............:      0.001 (sys:      0.000 wall:      0.001)
 ComputeAcceptableTrialPoint........:      0.001 (sys:      0.000 wall:      0.000)
 AcceptTrialPoint...................:      0.000 (sys:      0.000 wall:      0.000)
 CheckConvergence...................:      0.000 (sys:      0.000 wall:      0.000)
PDSystemSolverTotal.................:      0.002 (sys:      0.000 wall:      0.002)
 PDSystemSolverSolveOnce............:      0.002 (sys:      0.000 wall:      0.002)
 ComputeResiduals...................:      0.000 (sys:      0.000 wall:      0.000)
 StdAugSystemSolverMultiSolve.......:      0.001 (sys:      0.000 wall:      0.001)
 LinearSystemScaling................:      0.000 (sys:      0.000 wall:      0.000)
 LinearSystemSymbolicFactorization..:      0.001 (sys:      0.000 wall:      0.000)
 LinearSystemFactorization..........:      0.000 (sys:      0.000 wall:      0.000)
 LinearSystemBackSolve..............:      0.000 (sys:      0.000 wall:      0.001)
 LinearSystemStructureConverter.....:      0.000 (sys:      0.000 wall:      0.000)
  LinearSystemStructureConverterInit:      0.000 (sys:      0.000 wall:      0.000)
QualityFunctionSearch...............:      0.000 (sys:      0.000 wall:      0.000)
TryCorrector........................:      0.000 (sys:      0.000 wall:      0.000)
Task1...............................:      0.000 (sys:      0.000 wall:      0.000)
Task2...............................:      0.000 (sys:      0.000 wall:      0.000)
Task3...............................:      0.000 (sys:      0.000 wall:      0.000)
Task4...............................:      0.000 (sys:      0.000 wall:      0.000)
Task5...............................:      0.000 (sys:      0.000 wall:      0.000)
Task6...............................:      0.000 (sys:      0.000 wall:      0.000)
Function Evaluations................:      0.000 (sys:      0.000 wall:      0.000)
 Objective function.................:      0.000 (sys:      0.000 wall:      0.000)
 Objective function gradient........:      0.000 (sys:      0.000 wall:      0.000)
 Equality constraints...............:      0.000 (sys:      0.000 wall:      0.000)
 Inequality constraints.............:      0.000 (sys:      0.000 wall:      0.000)
 Equality constraint Jacobian.......:      0.000 (sys:      0.000 wall:      0.000)
 Inequality constraint Jacobian.....:      0.000 (sys:      0.000 wall:      0.000)
 Lagrangian Hessian.................:      0.000 (sys:      0.000 wall:      0.000)

EXIT: Optimal Solution Found.
GO3_AC_SOLVE_RETURNED {"timing_scope":"API time includes optimizer setup; native Ipopt timings are logged separately","effective_native_evaluator":"MathOptInterface.Nonlinear.SymbolicAD.Evaluator","native_backend_confirmed":true,"interval":1,"model_structure_changed":false,"policy":"symbolic_adaptive_v1","mu_strategy":"adaptive","optimizer_reported_seconds":0.005000114440917969,"floating_point_bits":64,"phase":"rounded_shunts","effective_native_backend":"MathOptInterface.Nonlinear.SymbolicMode","optimize_api_wall_seconds":0.005000114440917969,"source_bounds_changed":false}
GO3_AC_PRIMAL_GUARD {"native_mapping_complete":true,"variable_count":71,"objective_window_iterations":8,"discrete_solution_claimed":false,"native_original_probe_seconds":0.0,"native_original_row_count":66,"interval":1,"original_probe_interval":5,"certificate_scope":"local model feasibility only; objective stagnation is heuristic; no KKT or global optimality claim","minimum_iterations":20,"audit_only":false,"audit_count":0,"native_original_probe_count":1,"model_structure_changed":false,"native_variable_count":71,"candidate_only":false,"native_initialization_audit_requested":true,"external_solution_read":false,"policy":"verified_stable_rounded_primal_v1","callback_count":9,"primal_residual_limit":1.0e-8,"residual_screen":"native_original_unscaled","native_initialization":{"complete_mapping":true,"maximum_relative_change_from_requested_start":9.999800000000001e-9,"iteration":0,"variable_count":71,"maximum_absolute_change_from_requested_start":9.999800000000001e-9,"audit_seconds":0.0,"scope":"Native first iterate readback, including Ipopt interior pushes; not a feasibility or dual certificate","original_unscaled_residual":0.0006424609526268082,"source_bounds_changed":false},"audit_seconds":0.0,"phase":"rounded_shunts","objective_relative_range_limit":1.0e-7,"enabled":true,"last_native_original_residual":0.0006424609526268082,"stop_requested":false,"source_bounds_changed":false}
GO3_AC_PHASE {"solve_seconds":0.005000114440917969,"bound_and_gap_queried":true,"max_primal_residual":2.112893193739751e-15,"objective":494.9982967991466,"termination":"LOCALLY_SOLVED","simplex_iterations":null,"bound":null,"barrier_iterations":8,"nodes":null,"native_relative_gap":null,"wall_limit_seconds":15.0,"interval":1,"primal_status":"FEASIBLE_POINT","phase":"rounded_shunts","residual_audit_seconds":0.0009999275207519531,"wall_through_audit_seconds":0.006000041961669922,"wall_seconds":0.005000114440917969,"complete_finite_point":true,"relative_gap":null}
Rounded shunt steps:
GO3_AC_EXPORT_PROJECTION {"maximum_unfinished_bus_injection_change_pu":0.0,"within_guard":true,"official_tolerance_changed":false,"certificate_scope":"Export projection drift only; full independent and official verification still required","refined_intervals":1,"policy":"exact_source_intersections_v1","maximum_refined_device_change_pu":0.0,"maximum_refined_bus_injection_change_pu":0.0,"worst_refined_bus":null,"bookkeeping_tolerance":0.0,"enforced":true,"projection_guard_pu":1.0e-9,"projection_events":0,"refined_projection_events":0,"source_bounds_changed":false}
GO3_PROGRESS {"elapsed_worker_seconds":31.549999952316284,"interval":2,"stage":"ac_optimization","interval_count":3,"remaining_work_seconds":133.29270577430725}
GO3_AC_INTERVAL_START {"source_local_residual":2.112893193739751e-15,"source_interval":1,"current_variable_count":71,"policy":"previous_screened_interval_v1","external_solution_read":false,"complete_current_primal_vector":true,"target_interval":2,"start_model_residual":2.112893193739751e-15,"dual_start":false,"bounds_adjusted_starts":1,"options":{"warm_start_init_point":"no","bound_push":1.0e-8,"slack_bound_push":1.0e-8,"bound_frac":1.0e-8,"mu_init":1.0e-6,"slack_bound_frac":1.0e-8},"default_or_new_values":2,"acceptance_scope":"MOI starts on complete current vector; final feasibility still requires re-solve and verification","current_cost_blocks_initialized":2,"reused_named_values":69,"source_bounds_changed":false}
GO3_AC_SOLVE_BEGIN {"epoch_seconds":1.789984456762e9,"policy":"symbolic_adaptive_v1","interval":2,"phase":"continuous_shunts"}
GO3_AC_NATIVE_INITIALIZATION {"complete_mapping":true,"maximum_relative_change_from_requested_start":1.0e-8,"iteration":0,"variable_count":71,"maximum_absolute_change_from_requested_start":1.0e-8,"audit_seconds":0.0,"phase":"continuous_shunt_candidate","scope":"Native first iterate readback, including Ipopt interior pushes; not a feasibility or dual certificate","original_unscaled_residual":1.0e-8,"source_bounds_changed":false}
This is Ipopt version 3.14.19, running with linear solver MUMPS 5.9.0.

Number of nonzeros in equality constraint Jacobian...:       92
Number of nonzeros in inequality constraint Jacobian.:       79
Number of nonzeros in Lagrangian Hessian.............:      129

Total number of variables............................:       50
                     variables with only lower bounds:       16
                variables with lower and upper bounds:       32
                     variables with only upper bounds:        0
Total number of equality constraints.................:       22
Total number of inequality constraints...............:       44
        inequality constraints with only lower bounds:       13
   inequality constraints with lower and upper bounds:        3
        inequality constraints with only upper bounds:       28

iter    objective    inf_pr   inf_du lg(mu)  ||d||  lg(rg) alpha_du alpha_pr  ls
   0  9.8999657e+02 1.00e-08 4.95e+00   0.0 0.00e+00    -  0.00e+00 0.00e+00   0
   1  9.8999652e+02 9.97e-09 9.21e+00  -5.2 3.55e-05    -  9.25e-03 3.32e-03f  1
   2  9.8999612e+02 1.79e-08 2.27e+01   0.7 2.09e+01    -  2.40e-08 4.59e-08f  1
   3  9.8999566e+02 9.97e-09 2.54e+01   0.0 4.18e+00    -  4.17e-07 2.43e-07f  1
   4  9.8999123e+02 1.74e-08 2.44e+02   0.0 4.18e+00    -  1.51e-06 2.47e-06f  1
   5  9.8998882e+02 9.97e-09 3.26e+02   0.0 4.18e+00    -  4.12e-06 2.05e-06f  1
   6  9.8991058e+02 9.97e-09 8.30e+03   0.0 4.18e+00    -  1.52e-05 4.61e-05f  1
   7  9.8986565e+02 9.97e-09 1.14e+04   0.0 5.03e+00    -  8.51e-05 1.47e-05f  1
   8  9.8777722e+02 1.08e-06 2.56e+05   0.0 4.16e+00    -  1.95e-04 1.15e-03f  1
   9  9.8714446e+02 1.21e-06 1.54e+05   0.0 4.00e+00    -  1.85e-03 3.94e-04f  1
iter    objective    inf_pr   inf_du lg(mu)  ||d||  lg(rg) alpha_du alpha_pr  ls
  10  9.7257094e+02 6.24e-05 9.75e+05   0.0 3.75e+00    -  4.89e-03 8.92e-03f  1
  11  9.6143105e+02 1.16e-04 1.27e+06   0.0 2.43e+00    -  1.72e-02 9.21e-03f  1
  12  8.8320956e+02 3.76e-03 6.98e+06   0.0 1.40e+00    -  6.17e-02 9.03e-02f  1
  13  8.7934352e+02 3.83e-03 1.89e+07   0.0 1.58e+00    -  1.70e-01 9.09e-02f  1
  14  8.4257889e+02 3.48e-03 8.94e+07   0.0 1.11e+00    -  4.60e-01 2.43e-01f  2
  15  8.0903662e+02 1.36e-03 5.01e+07   0.0 1.29e+00    -  6.85e-01 6.45e-01H  1
  16  7.9788027e+02 5.02e-04 4.84e+08   0.0 9.37e-01    -  1.00e+00 6.37e-01h  1
  17  7.9509210e+02 2.99e-04 2.37e+09   0.0 3.64e-01    -  1.00e+00 4.07e-01h  1
  18  7.9186193e+02 6.62e-05 1.78e+09   0.0 2.12e-01    -  1.00e+00 7.86e-01h  1
  19  7.9155842e+02 4.33e-05 1.96e+10   0.0 4.55e-02    -  1.00e+00 3.46e-01h  1
iter    objective    inf_pr   inf_du lg(mu)  ||d||  lg(rg) alpha_du alpha_pr  ls
  20  7.9110566e+02 9.14e-06 1.31e+10   0.0 2.97e-02    -  1.00e+00 7.90e-01h  1
  21  7.9106301e+02 5.90e-06 1.37e+11   0.0 6.24e-03    -  1.00e+00 3.55e-01h  1
  22  7.9100219e+02 1.27e-06 9.72e+10   0.0 4.02e-03    -  1.00e+00 7.85e-01h  1
  23  7.9099656e+02 8.43e-07 1.08e+12   0.0 8.67e-04    -  1.00e+00 3.38e-01h  1
  24  7.9098775e+02 1.72e-07 6.72e+11   0.0 5.74e-04    -  1.00e+00 7.96e-01h  1
  25  7.9098754e+02 1.56e-07 9.68e+12   0.0 1.17e-04    -  1.00e+00 9.30e-02f  3
  26  7.9098633e+02 6.33e-08 9.34e+12   0.0 1.06e-04    -  1.00e+00 5.93e-01h  1
  27  7.9098567e+02 1.30e-08 7.95e+12   0.0 4.31e-05    -  1.00e+00 7.95e-01h  1
  28  7.9098565e+02 1.18e-08 1.30e+14   0.0 8.82e-06    -  1.00e+00 9.11e-02f  3
In iteration 28, 1 Slack too small, adjusting variable bound
  29  7.9098556e+02 4.64e-09 1.19e+14   0.0 8.02e-06    -  1.00e+00 6.06e-01h  1
In iteration 29, 14 Slacks too small, adjusting variable bounds
iter    objective    inf_pr   inf_du lg(mu)  ||d||  lg(rg) alpha_du alpha_pr  ls
  30  7.9098550e+02 4.64e-11 2.96e+12   0.0 3.16e-06    -  1.00e+00 9.90e-01h  1
  31  9.5399708e+02 1.21e-08 2.71e+13  -0.7 1.28e+00    -  9.64e-01 8.81e-01f  1
  32  9.5606901e+02 8.85e-08 2.79e-02  -0.7 1.40e-01    -  1.00e+00 1.00e+00f  1
  33  9.8489990e+02 1.91e-07 8.57e+11  -1.4 1.64e-01    -  1.00e+00 9.95e-01f  1
  34  9.8370121e+02 2.91e-06 4.02e-03  -1.4 4.09e-02    -  1.00e+00 1.00e+00f  1
  35  9.8875594e+02 4.26e-06 3.69e-03  -2.1 3.28e-02    -  1.00e+00 1.00e+00f  1
  36  9.8981074e+02 1.23e-04 1.25e+11  -3.1 1.15e-01    -  9.62e-01 9.79e-01f  1
  37  9.8985654e+02 5.71e-04 4.61e-03  -3.1 3.16e-01    -  1.00e+00 1.00e+00h  1
  38  9.8985556e+02 6.06e-05 9.96e-04  -3.1 7.38e-02    -  1.00e+00 1.00e+00h  1
  39  9.8997093e+02 2.61e-04 1.15e+11  -4.7 3.42e-01    -  7.95e-01 9.58e-01h  1
iter    objective    inf_pr   inf_du lg(mu)  ||d||  lg(rg) alpha_du alpha_pr  ls
  40  9.8998672e+02 4.54e-04 2.36e+10  -4.7 4.39e-01    -  8.37e-01 1.00e+00h  1
  41  9.8999061e+02 3.22e-04 2.89e+08  -4.7 7.03e-01    -  9.88e-01 1.00e+00h  1
  42  9.8999067e+02 4.75e-05 2.21e-06  -4.7 1.28e-02    -  1.00e+00 1.00e+00h  1
  43  9.8999568e+02 2.82e-04 2.43e+09  -7.0 3.80e-01    -  7.47e-01 8.71e-01h  1
  44  9.8999633e+02 1.51e-04 1.89e+08  -7.0 2.46e-02    -  8.97e-01 7.24e-01h  1
  45  9.8999657e+02 2.63e-05 1.15e-05  -7.0 1.15e-02    -  1.00e+00 1.00e+00h  1
  46  9.8999657e+02 2.95e-08 1.13e-08  -7.0 1.71e-03    -  1.00e+00 1.00e+00h  1
  47  9.8999659e+02 2.41e-08 1.57e+07 -11.0 9.14e-04    -  9.98e-01 8.21e-01h  1
  48  9.8999659e+02 3.58e-10 3.06e-09  -8.5 2.21e-04    -  1.00e+00 1.00e+00f  1

Number of Iterations....: 48

                                   (scaled)                 (unscaled)
Objective...............:  -9.8999659275116926e+01    9.8999659275116926e+02
Dual infeasibility......:   3.0557015951441406e-09    3.0557015951441406e-08
Constraint violation....:   3.5829242003848627e-10    3.5829242003848627e-10
Variable bound violation:   0.0000000000000000e+00    0.0000000000000000e+00
Complementarity.........:   3.3605064563598941e-09    3.3605064563598937e-08
Overall NLP error.......:   3.5829242003848627e-10    3.3605064563598937e-08


Number of objective function evaluations             = 57
Number of objective gradient evaluations             = 49
Number of equality constraint evaluations            = 57
Number of inequality constraint evaluations          = 57
Number of equality constraint Jacobian evaluations   = 49
Number of inequality constraint Jacobian evaluations = 49
Number of Lagrangian Hessian evaluations             = 48
Total seconds in IPOPT (w/o function evaluations)    =      0.011
Total seconds in NLP function evaluations            =      0.001


Timing Statistics:

OverallAlgorithm....................:      0.011 (sys:      0.000 wall:      0.011)
 PrintProblemStatistics.............:      0.000 (sys:      0.000 wall:      0.000)
 InitializeIterates.................:      0.000 (sys:      0.000 wall:      0.000)
 UpdateHessian......................:      0.000 (sys:      0.000 wall:      0.000)
 OutputIteration....................:      0.001 (sys:      0.000 wall:      0.000)
 UpdateBarrierParameter.............:      0.000 (sys:      0.000 wall:      0.001)
 ComputeSearchDirection.............:      0.002 (sys:      0.000 wall:      0.007)
 ComputeAcceptableTrialPoint........:      0.005 (sys:      0.000 wall:      0.002)
 AcceptTrialPoint...................:      0.000 (sys:      0.000 wall:      0.000)
 CheckConvergence...................:      0.003 (sys:      0.000 wall:      0.001)
PDSystemSolverTotal.................:      0.002 (sys:      0.000 wall:      0.007)
 PDSystemSolverSolveOnce............:      0.002 (sys:      0.000 wall:      0.006)
 ComputeResiduals...................:      0.000 (sys:      0.000 wall:      0.000)
 StdAugSystemSolverMultiSolve.......:      0.002 (sys:      0.000 wall:      0.007)
 LinearSystemScaling................:      0.000 (sys:      0.000 wall:      0.000)
 LinearSystemSymbolicFactorization..:      0.000 (sys:      0.000 wall:      0.000)
 LinearSystemFactorization..........:      0.000 (sys:      0.000 wall:      0.000)
 LinearSystemBackSolve..............:      0.001 (sys:      0.000 wall:      0.003)
 LinearSystemStructureConverter.....:      0.000 (sys:      0.000 wall:      0.000)
  LinearSystemStructureConverterInit:      0.000 (sys:      0.000 wall:      0.000)
QualityFunctionSearch...............:      0.000 (sys:      0.000 wall:      0.000)
TryCorrector........................:      0.000 (sys:      0.000 wall:      0.000)
Task1...............................:      0.000 (sys:      0.000 wall:      0.000)
Task2...............................:      0.000 (sys:      0.000 wall:      0.000)
Task3...............................:      0.000 (sys:      0.000 wall:      0.000)
Task4...............................:      0.000 (sys:      0.000 wall:      0.000)
Task5...............................:      0.000 (sys:      0.000 wall:      0.000)
Task6...............................:      0.000 (sys:      0.000 wall:      0.000)
Function Evaluations................:      0.001 (sys:      0.000 wall:      0.001)
 Objective function.................:      0.000 (sys:      0.000 wall:      0.000)
 Objective function gradient........:      0.000 (sys:      0.000 wall:      0.000)
 Equality constraints...............:      0.000 (sys:      0.000 wall:      0.000)
 Inequality constraints.............:      0.000 (sys:      0.000 wall:      0.000)
 Equality constraint Jacobian.......:      0.000 (sys:      0.000 wall:      0.000)
 Inequality constraint Jacobian.....:      0.001 (sys:      0.000 wall:      0.000)
 Lagrangian Hessian.................:      0.000 (sys:      0.000 wall:      0.000)

EXIT: Optimal Solution Found.
GO3_AC_SOLVE_RETURNED {"timing_scope":"API time includes optimizer setup; native Ipopt timings are logged separately","effective_native_evaluator":"MathOptInterface.Nonlinear.SymbolicAD.Evaluator","native_backend_confirmed":true,"interval":2,"model_structure_changed":false,"policy":"symbolic_adaptive_v1","mu_strategy":"adaptive","optimizer_reported_seconds":0.01399993896484375,"floating_point_bits":64,"phase":"continuous_shunts","effective_native_backend":"MathOptInterface.Nonlinear.SymbolicMode","optimize_api_wall_seconds":0.01399993896484375,"source_bounds_changed":false}
GO3_AC_INITIALIZATION_AUDIT {"native_mapping_complete":true,"variable_count":71,"objective_window_iterations":8,"discrete_solution_claimed":false,"native_original_probe_seconds":0.0,"native_original_row_count":66,"interval":2,"original_probe_interval":5,"certificate_scope":"continuous-shunt candidate only; not an admissible discrete solution, KKT certificate or global bound","minimum_iterations":20,"audit_only":true,"audit_count":0,"native_original_probe_count":1,"model_structure_changed":false,"native_variable_count":71,"candidate_only":true,"native_initialization_audit_requested":true,"external_solution_read":false,"policy":"verified_continuous_shunt_candidate_v1","callback_count":49,"primal_residual_limit":1.0e-8,"residual_screen":"native_original_unscaled","native_initialization":{"complete_mapping":true,"maximum_relative_change_from_requested_start":1.0e-8,"iteration":0,"variable_count":71,"maximum_absolute_change_from_requested_start":1.0e-8,"audit_seconds":0.0,"scope":"Native first iterate readback, including Ipopt interior pushes; not a feasibility or dual certificate","original_unscaled_residual":1.0e-8,"source_bounds_changed":false},"audit_seconds":0.0,"phase":"continuous_shunt_candidate","objective_relative_range_limit":1.0e-7,"enabled":true,"last_native_original_residual":1.0e-8,"stop_requested":false,"source_bounds_changed":false}
GO3_AC_PHASE {"solve_seconds":0.01399993896484375,"bound_and_gap_queried":true,"max_primal_residual":3.5829242003848627e-10,"objective":989.9965927511693,"termination":"LOCALLY_SOLVED","simplex_iterations":null,"bound":null,"barrier_iterations":48,"nodes":null,"native_relative_gap":null,"wall_limit_seconds":10.0,"interval":2,"primal_status":"FEASIBLE_POINT","phase":"continuous_shunts","residual_audit_seconds":0.0009999275207519531,"wall_through_audit_seconds":0.014999866485595703,"wall_seconds":0.01399993896484375,"complete_finite_point":true,"relative_gap":null}
GO3_AC_PRIMAL_START {"requested_policy":"within_interval_primal_dual_v1","policy":"within_interval_complete_v1","variable_count":71,"external_solution_read":false,"dual_start":{"options":{"warm_start_init_point":"yes","warm_start_bound_push":1.0e-8,"warm_start_slack_bound_push":1.0e-8,"warm_start_same_structure":"no","compl_inf_tol":1.0e-8,"warm_start_slack_bound_frac":1.0e-8,"warm_start_mult_bound_push":1.0e-8,"warm_start_bound_frac":1.0e-8,"mu_init":1.0e-6},"new_fixed_shunt_zero_duals":1,"largest_transferred_absolute_dual":2.9563754838290103e7,"reused_dual_count":183,"source":"same_interval_continuous_shunt_solve","accepted_interface_count":184,"constraint_count":184,"complete_current_mapping":true,"removed_shunt_bound_duals":2,"legacy_nonlinear_count":0},"acceptance_scope":"MOI primal attributes set and read back; installed Ipopt wrapper copies them into native x","interval":2,"source":"continuous_shunt_solve_in_same_interval_and_attempt","dual_or_basis_start":true,"bounds_adjusted_start_count":2,"dual_transfer_used":true,"accepted_interface_count":71,"complete":true,"source_bounds_changed":false,"basis_start":false}
GO3_AC_SOLVE_BEGIN {"epoch_seconds":1.789984456778e9,"policy":"symbolic_adaptive_v1","interval":2,"phase":"rounded_shunts"}
GO3_AC_NATIVE_INITIALIZATION {"complete_mapping":true,"maximum_relative_change_from_requested_start":9.939482953630127e-9,"iteration":0,"variable_count":71,"maximum_absolute_change_from_requested_start":9.939482953630127e-9,"audit_seconds":0.0,"phase":"rounded_shunts","scope":"Native first iterate readback, including Ipopt interior pushes; not a feasibility or dual certificate","original_unscaled_residual":0.0006324255493321135,"source_bounds_changed":false}
This is Ipopt version 3.14.19, running with linear solver MUMPS 5.9.0.

Number of nonzeros in equality constraint Jacobian...:       91
Number of nonzeros in inequality constraint Jacobian.:       79
Number of nonzeros in Lagrangian Hessian.............:      128

Total number of variables............................:       49
                     variables with only lower bounds:       16
                variables with lower and upper bounds:       31
                     variables with only upper bounds:        0
Total number of equality constraints.................:       22
Total number of inequality constraints...............:       44
        inequality constraints with only lower bounds:       13
   inequality constraints with lower and upper bounds:        3
        inequality constraints with only upper bounds:       28

iter    objective    inf_pr   inf_du lg(mu)  ||d||  lg(rg) alpha_du alpha_pr  ls
   0  9.8999657e+02 6.32e-04 1.74e+06   0.0 0.00e+00    -  0.00e+00 0.00e+00   0
   1  9.8999658e+02 2.56e-04 4.41e+05  -9.1 6.25e-04    -  9.92e-01 5.95e-01h  1
   2  9.8999659e+02 4.32e-06 7.25e+03  -9.6 2.51e-04    -  1.00e+00 9.83e-01h  1
   3  9.8999659e+02 4.32e-08 7.25e+01 -11.0 3.19e-06    -  1.00e+00 9.90e-01h  1
   4  9.8999659e+02 4.33e-10 3.28e-01 -11.0 6.74e-05    -  1.00e+00 9.90e-01h  1
In iteration 4, 2 Slacks too small, adjusting variable bounds
   5  9.8999659e+02 5.32e-13 4.88e+00 -11.0 6.85e-07    -  1.00e+00 9.99e-01h  1
In iteration 5, 3 Slacks too small, adjusting variable bounds
   6  9.8999659e+02 2.56e-13 1.56e+06 -11.0 8.19e-10    -  1.00e+00 5.18e-01h  1
In iteration 6, 14 Slacks too small, adjusting variable bounds
   7  9.8999659e+02 1.75e-15 3.05e-05 -11.0 3.95e-10    -  1.00e+00 1.00e+00h  1
In iteration 7, 2 Slacks too small, adjusting variable bounds
   8  9.8999659e+02 1.11e-16 9.51e-10 -11.0 1.31e-11    -  1.00e+00 1.00e+00h  1

Number of Iterations....: 8

                                   (scaled)                 (unscaled)
Objective...............:  -9.8999659359829337e+01    9.8999659359829332e+02
Dual infeasibility......:   9.5132257461547845e-10    9.5132257461547836e-09
Constraint violation....:   1.1102230246251565e-16    1.1102230246251565e-16
Variable bound violation:   0.0000000000000000e+00    0.0000000000000000e+00
Complementarity.........:   1.2478573829500300e-11    1.2478573829500300e-10
Overall NLP error.......:   2.5622648641006085e-13    9.5132257461547836e-09


Number of objective function evaluations             = 9
Number of objective gradient evaluations             = 9
Number of equality constraint evaluations            = 9
Number of inequality constraint evaluations          = 10
Number of equality constraint Jacobian evaluations   = 9
Number of inequality constraint Jacobian evaluations = 9
Number of Lagrangian Hessian evaluations             = 8
Total seconds in IPOPT (w/o function evaluations)    =      0.002
Total seconds in NLP function evaluations            =      0.000


Timing Statistics:

OverallAlgorithm....................:      0.002 (sys:      0.000 wall:      0.002)
 PrintProblemStatistics.............:      0.000 (sys:      0.000 wall:      0.000)
 InitializeIterates.................:      0.000 (sys:      0.000 wall:      0.000)
 UpdateHessian......................:      0.000 (sys:      0.000 wall:      0.000)
 OutputIteration....................:      0.000 (sys:      0.000 wall:      0.000)
 UpdateBarrierParameter.............:      0.000 (sys:      0.000 wall:      0.001)
 ComputeSearchDirection.............:      0.001 (sys:      0.000 wall:      0.001)
 ComputeAcceptableTrialPoint........:      0.001 (sys:      0.000 wall:      0.000)
 AcceptTrialPoint...................:      0.000 (sys:      0.000 wall:      0.000)
 CheckConvergence...................:      0.000 (sys:      0.000 wall:      0.000)
PDSystemSolverTotal.................:      0.001 (sys:      0.000 wall:      0.001)
 PDSystemSolverSolveOnce............:      0.000 (sys:      0.000 wall:      0.001)
 ComputeResiduals...................:      0.001 (sys:      0.000 wall:      0.000)
 StdAugSystemSolverMultiSolve.......:      0.000 (sys:      0.000 wall:      0.001)
 LinearSystemScaling................:      0.000 (sys:      0.000 wall:      0.000)
 LinearSystemSymbolicFactorization..:      0.000 (sys:      0.000 wall:      0.000)
 LinearSystemFactorization..........:      0.000 (sys:      0.000 wall:      0.000)
 LinearSystemBackSolve..............:      0.000 (sys:      0.000 wall:      0.000)
 LinearSystemStructureConverter.....:      0.000 (sys:      0.000 wall:      0.000)
  LinearSystemStructureConverterInit:      0.000 (sys:      0.000 wall:      0.000)
QualityFunctionSearch...............:      0.000 (sys:      0.000 wall:      0.000)
TryCorrector........................:      0.000 (sys:      0.000 wall:      0.000)
Task1...............................:      0.000 (sys:      0.000 wall:      0.000)
Task2...............................:      0.000 (sys:      0.000 wall:      0.000)
Task3...............................:      0.000 (sys:      0.000 wall:      0.000)
Task4...............................:      0.000 (sys:      0.000 wall:      0.000)
Task5...............................:      0.000 (sys:      0.000 wall:      0.000)
Task6...............................:      0.000 (sys:      0.000 wall:      0.000)
Function Evaluations................:      0.000 (sys:      0.000 wall:      0.000)
 Objective function.................:      0.000 (sys:      0.000 wall:      0.000)
 Objective function gradient........:      0.000 (sys:      0.000 wall:      0.000)
 Equality constraints...............:      0.000 (sys:      0.000 wall:      0.000)
 Inequality constraints.............:      0.000 (sys:      0.000 wall:      0.000)
 Equality constraint Jacobian.......:      0.000 (sys:      0.000 wall:      0.000)
 Inequality constraint Jacobian.....:      0.000 (sys:      0.000 wall:      0.000)
 Lagrangian Hessian.................:      0.000 (sys:      0.000 wall:      0.000)

EXIT: Optimal Solution Found.
GO3_AC_SOLVE_RETURNED {"timing_scope":"API time includes optimizer setup; native Ipopt timings are logged separately","effective_native_evaluator":"MathOptInterface.Nonlinear.SymbolicAD.Evaluator","native_backend_confirmed":true,"interval":2,"model_structure_changed":false,"policy":"symbolic_adaptive_v1","mu_strategy":"adaptive","optimizer_reported_seconds":0.003999948501586914,"floating_point_bits":64,"phase":"rounded_shunts","effective_native_backend":"MathOptInterface.Nonlinear.SymbolicMode","optimize_api_wall_seconds":0.003999948501586914,"source_bounds_changed":false}
GO3_AC_PRIMAL_GUARD {"native_mapping_complete":true,"variable_count":71,"objective_window_iterations":8,"discrete_solution_claimed":false,"native_original_probe_seconds":0.0,"native_original_row_count":66,"interval":2,"original_probe_interval":5,"certificate_scope":"local model feasibility only; objective stagnation is heuristic; no KKT or global optimality claim","minimum_iterations":20,"audit_only":false,"audit_count":0,"native_original_probe_count":1,"model_structure_changed":false,"native_variable_count":71,"candidate_only":false,"native_initialization_audit_requested":true,"external_solution_read":false,"policy":"verified_stable_rounded_primal_v1","callback_count":9,"primal_residual_limit":1.0e-8,"residual_screen":"native_original_unscaled","native_initialization":{"complete_mapping":true,"maximum_relative_change_from_requested_start":9.939482953630127e-9,"iteration":0,"variable_count":71,"maximum_absolute_change_from_requested_start":9.939482953630127e-9,"audit_seconds":0.0,"scope":"Native first iterate readback, including Ipopt interior pushes; not a feasibility or dual certificate","original_unscaled_residual":0.0006324255493321135,"source_bounds_changed":false},"audit_seconds":0.0,"phase":"rounded_shunts","objective_relative_range_limit":1.0e-7,"enabled":true,"last_native_original_residual":0.0006324255493321135,"stop_requested":false,"source_bounds_changed":false}
GO3_AC_PHASE {"solve_seconds":0.003999948501586914,"bound_and_gap_queried":true,"max_primal_residual":1.7381929229287607e-15,"objective":989.9965935982933,"termination":"LOCALLY_SOLVED","simplex_iterations":null,"bound":null,"barrier_iterations":8,"nodes":null,"native_relative_gap":null,"wall_limit_seconds":15.0,"interval":2,"primal_status":"FEASIBLE_POINT","phase":"rounded_shunts","residual_audit_seconds":0.0009999275207519531,"wall_through_audit_seconds":0.004999876022338867,"wall_seconds":0.003999948501586914,"complete_finite_point":true,"relative_gap":null}
Rounded shunt steps:
GO3_AC_EXPORT_PROJECTION {"maximum_unfinished_bus_injection_change_pu":0.0,"within_guard":true,"official_tolerance_changed":false,"certificate_scope":"Export projection drift only; full independent and official verification still required","refined_intervals":2,"policy":"exact_source_intersections_v1","maximum_refined_device_change_pu":0.0,"maximum_refined_bus_injection_change_pu":0.0,"worst_refined_bus":null,"bookkeeping_tolerance":0.0,"enforced":true,"projection_guard_pu":1.0e-9,"projection_events":0,"refined_projection_events":0,"source_bounds_changed":false}
GO3_PROGRESS {"elapsed_worker_seconds":32.00600004196167,"interval":3,"stage":"ac_optimization","interval_count":3,"remaining_work_seconds":132.83670568466187}
GO3_AC_INTERVAL_START {"source_local_residual":1.7381929229287607e-15,"source_interval":2,"current_variable_count":71,"policy":"previous_screened_interval_v1","external_solution_read":false,"complete_current_primal_vector":true,"target_interval":3,"start_model_residual":1.7381929229287607e-15,"dual_start":false,"bounds_adjusted_starts":1,"options":{"warm_start_init_point":"no","bound_push":1.0e-8,"slack_bound_push":1.0e-8,"bound_frac":1.0e-8,"mu_init":1.0e-6,"slack_bound_frac":1.0e-8},"default_or_new_values":2,"acceptance_scope":"MOI starts on complete current vector; final feasibility still requires re-solve and verification","current_cost_blocks_initialized":2,"reused_named_values":69,"source_bounds_changed":false}
GO3_AC_SOLVE_BEGIN {"epoch_seconds":1.789984456799e9,"policy":"symbolic_adaptive_v1","interval":3,"phase":"continuous_shunts"}
GO3_AC_NATIVE_INITIALIZATION {"complete_mapping":true,"maximum_relative_change_from_requested_start":1.0e-8,"iteration":0,"variable_count":71,"maximum_absolute_change_from_requested_start":1.0e-8,"audit_seconds":0.0,"phase":"continuous_shunt_candidate","scope":"Native first iterate readback, including Ipopt interior pushes; not a feasibility or dual certificate","original_unscaled_residual":1.0e-8,"source_bounds_changed":false}
This is Ipopt version 3.14.19, running with linear solver MUMPS 5.9.0.

Number of nonzeros in equality constraint Jacobian...:       92
Number of nonzeros in inequality constraint Jacobian.:       79
Number of nonzeros in Lagrangian Hessian.............:      129

Total number of variables............................:       50
                     variables with only lower bounds:       16
                variables with lower and upper bounds:       32
                     variables with only upper bounds:        0
Total number of equality constraints.................:       22
Total number of inequality constraints...............:       44
        inequality constraints with only lower bounds:       13
   inequality constraints with lower and upper bounds:        3
        inequality constraints with only upper bounds:       28

iter    objective    inf_pr   inf_du lg(mu)  ||d||  lg(rg) alpha_du alpha_pr  ls
   0  2.4749914e+02 1.00e-08 4.95e+00   0.0 0.00e+00    -  0.00e+00 0.00e+00   0
   1  2.4749913e+02 9.97e-09 9.22e+00  -5.2 3.54e-05    -  9.27e-03 3.32e-03f  1
   2  2.4749903e+02 1.79e-08 2.27e+01   0.7 2.09e+01    -  2.40e-08 4.60e-08f  1
   3  2.4749891e+02 9.97e-09 2.54e+01   0.0 4.17e+00    -  4.18e-07 2.44e-07f  1
   4  2.4749781e+02 1.74e-08 2.44e+02   0.0 4.17e+00    -  1.51e-06 2.48e-06f  1
   5  2.4749720e+02 9.97e-09 3.23e+02   0.0 4.17e+00    -  4.13e-06 2.07e-06f  1
   6  2.4747515e+02 9.97e-09 9.94e+03   0.0 4.17e+00    -  1.53e-05 5.21e-05f  1
   7  2.4746253e+02 9.97e-09 1.19e+04   0.0 4.95e+00    -  9.51e-05 1.67e-05f  1
   8  2.4668802e+02 2.38e-06 4.05e+05   0.0 4.15e+00    -  2.18e-04 1.71e-03f  1
   9  2.4651541e+02 2.53e-06 2.37e+05   0.0 3.91e+00    -  2.73e-03 4.38e-04f  1
iter    objective    inf_pr   inf_du lg(mu)  ||d||  lg(rg) alpha_du alpha_pr  ls
  10  2.4151623e+02 1.22e-04 1.39e+06   0.0 3.58e+00    -  6.83e-03 1.26e-02f  1
  11  2.3818514e+02 2.15e-04 2.08e+06   0.0 1.89e+00    -  2.51e-02 1.28e-02f  1
  12  2.1636278e+02 5.74e-03 1.11e+07   0.0 1.35e+00    -  7.99e-02 1.25e-01f  1
  13  2.1621083e+02 5.15e-03 3.14e+07   0.0 1.52e+00    -  2.37e-01 1.14e-01f  1
  14  2.0135534e+02 2.41e-03 1.89e+07   0.0 1.14e+00    -  5.69e-01 5.56e-01H  1
  15  2.0083279e+02 1.56e-03 5.35e+08   0.0 1.14e+00    -  1.00e+00 3.49e-01h  1
  16  1.9846907e+02 3.39e-04 3.93e+08   0.0 1.04e+00    -  1.00e+00 7.82e-01H  1
  17  1.9827727e+02 2.28e-04 4.56e+09   0.0 1.46e-01    -  1.00e+00 3.26e-01h  1
  18  1.9795347e+02 4.52e-05 2.63e+09   0.0 9.93e-02    -  1.00e+00 8.03e-01h  1
  19  1.9792250e+02 2.75e-05 2.06e+10   0.0 1.95e-02    -  8.03e-01 3.92e-01h  1
iter    objective    inf_pr   inf_du lg(mu)  ||d||  lg(rg) alpha_du alpha_pr  ls
  20  1.9788848e+02 8.06e-06 2.60e+10   0.0 1.19e-02    -  1.00e+00 7.07e-01h  1
  21  1.9788346e+02 5.19e-06 2.00e+11   0.0 3.48e-03    -  1.00e+00 3.57e-01h  1
  22  1.9787774e+02 1.92e-06 2.19e+11   0.0 2.24e-03    -  1.00e+00 6.31e-01h  1
  23  1.9787549e+02 6.33e-07 4.15e+11   0.0 8.26e-04    -  1.00e+00 6.70e-01h  1
  24  1.9787525e+02 4.97e-07 2.82e+12   0.0 2.73e-04    -  1.00e+00 2.15e-01f  2
  25  1.9787466e+02 1.58e-07 2.19e+12   0.0 2.14e-04    -  1.00e+00 6.81e-01h  1
  26  1.9787446e+02 4.39e-08 4.11e+12   0.0 6.83e-05    -  1.00e+00 7.23e-01h  1
  27  1.9787445e+02 3.53e-08 4.00e+13   0.0 1.89e-05    -  1.00e+00 1.97e-01f  2
  28  1.9787441e+02 1.15e-08 3.14e+13   0.0 1.52e-05    -  1.00e+00 6.75e-01h  1
In iteration 28, 1 Slack too small, adjusting variable bound
  29  1.9787439e+02 3.15e-09 5.66e+13   0.0 4.94e-06    -  1.00e+00 7.25e-01h  1
iter    objective    inf_pr   inf_du lg(mu)  ||d||  lg(rg) alpha_du alpha_pr  ls
  30  1.9787439e+02 2.46e-09 2.00e+14   0.0 1.36e-06    -  1.00e+00 2.20e-01f  3
In iteration 30, 14 Slacks too small, adjusting variable bounds
  31  1.9787439e+02 2.46e-11 5.07e+12   0.0 1.06e-06    -  1.00e+00 9.90e-01h  1
  32  2.3850684e+02 1.21e-08 4.79e+13  -0.7 1.27e+00    -  9.64e-01 8.81e-01f  1
  33  2.3903900e+02 8.85e-08 1.32e-02  -0.7 1.39e-01    -  1.00e+00 1.00e+00f  1
  34  2.4622893e+02 1.91e-07 5.12e+11  -1.4 1.63e-01    -  1.00e+00 9.95e-01f  1
  35  2.4592883e+02 2.91e-06 3.61e-03  -1.4 4.07e-02    -  1.00e+00 1.00e+00f  1
  36  2.4718962e+02 4.25e-06 3.18e-03  -2.1 3.27e-02    -  1.00e+00 1.00e+00f  1
  37  2.4745277e+02 1.23e-04 7.74e+10  -3.1 1.15e-01    -  9.62e-01 9.79e-01f  1
  38  2.4746424e+02 5.70e-04 4.61e-03  -3.1 3.16e-01    -  1.00e+00 1.00e+00h  1
  39  2.4746399e+02 6.07e-05 9.99e-04  -3.1 7.38e-02    -  1.00e+00 1.00e+00h  1
iter    objective    inf_pr   inf_du lg(mu)  ||d||  lg(rg) alpha_du alpha_pr  ls
  40  2.4749275e+02 2.60e-04 7.20e+10  -4.7 3.43e-01    -  7.95e-01 9.58e-01h  1
  41  2.4749669e+02 4.54e-04 1.49e+10  -4.7 4.37e-01    -  8.36e-01 1.00e+00h  1
  42  2.4749766e+02 3.22e-04 2.20e+08  -4.7 7.03e-01    -  9.85e-01 1.00e+00h  1
  43  2.4749768e+02 4.78e-05 2.18e-06  -4.7 1.29e-02    -  1.00e+00 1.00e+00h  1
  44  2.4749892e+02 2.80e-04 1.49e+09  -7.0 3.78e-01    -  7.48e-01 8.69e-01h  1
  45  2.4749908e+02 1.51e-04 1.24e+08  -7.0 2.45e-02    -  8.97e-01 7.25e-01h  1
  46  2.4749914e+02 2.59e-05 1.14e-05  -7.0 1.14e-02    -  1.00e+00 1.00e+00h  1
  47  2.4749914e+02 2.74e-08 1.13e-08  -7.0 1.71e-03    -  1.00e+00 1.00e+00h  1
  48  2.4749915e+02 2.38e-08 9.72e+06 -11.0 9.07e-04    -  9.98e-01 8.23e-01h  1
  49  2.4749915e+02 3.48e-10 2.97e-09  -8.5 2.16e-04    -  1.00e+00 1.00e+00f  1

Number of Iterations....: 49

                                   (scaled)                 (unscaled)
Objective...............:  -9.8999659276297905e+01    2.4749914819074476e+02
Dual infeasibility......:   2.9726845562959040e-09    7.4317113907397600e-09
Constraint violation....:   3.4792691470941772e-10    3.4792691470941772e-10
Variable bound violation:   0.0000000000000000e+00    0.0000000000000000e+00
Complementarity.........:   3.3086886831568980e-09    8.2717217078922446e-09
Overall NLP error.......:   3.4792691470941772e-10    8.2717217078922446e-09


Number of objective function evaluations             = 56
Number of objective gradient evaluations             = 50
Number of equality constraint evaluations            = 56
Number of inequality constraint evaluations          = 56
Number of equality constraint Jacobian evaluations   = 50
Number of inequality constraint Jacobian evaluations = 50
Number of Lagrangian Hessian evaluations             = 49
Total seconds in IPOPT (w/o function evaluations)    =      0.011
Total seconds in NLP function evaluations            =      0.001


Timing Statistics:

OverallAlgorithm....................:      0.012 (sys:      0.000 wall:      0.011)
 PrintProblemStatistics.............:      0.000 (sys:      0.000 wall:      0.000)
 InitializeIterates.................:      0.001 (sys:      0.000 wall:      0.000)
 UpdateHessian......................:      0.000 (sys:      0.000 wall:      0.000)
 OutputIteration....................:      0.000 (sys:      0.000 wall:      0.000)
 UpdateBarrierParameter.............:      0.002 (sys:      0.000 wall:      0.001)
 ComputeSearchDirection.............:      0.009 (sys:      0.000 wall:      0.007)
 ComputeAcceptableTrialPoint........:      0.000 (sys:      0.000 wall:      0.002)
 AcceptTrialPoint...................:      0.000 (sys:      0.000 wall:      0.000)
 CheckConvergence...................:      0.000 (sys:      0.000 wall:      0.001)
PDSystemSolverTotal.................:      0.010 (sys:      0.000 wall:      0.007)
 PDSystemSolverSolveOnce............:      0.008 (sys:      0.000 wall:      0.007)
 ComputeResiduals...................:      0.001 (sys:      0.000 wall:      0.000)
 StdAugSystemSolverMultiSolve.......:      0.006 (sys:      0.000 wall:      0.007)
 LinearSystemScaling................:      0.000 (sys:      0.000 wall:      0.000)
 LinearSystemSymbolicFactorization..:      0.000 (sys:      0.000 wall:      0.000)
 LinearSystemFactorization..........:      0.000 (sys:      0.000 wall:      0.000)
 LinearSystemBackSolve..............:      0.002 (sys:      0.000 wall:      0.003)
 LinearSystemStructureConverter.....:      0.000 (sys:      0.000 wall:      0.000)
  LinearSystemStructureConverterInit:      0.000 (sys:      0.000 wall:      0.000)
QualityFunctionSearch...............:      0.000 (sys:      0.000 wall:      0.000)
TryCorrector........................:      0.000 (sys:      0.000 wall:      0.000)
Task1...............................:      0.000 (sys:      0.000 wall:      0.000)
Task2...............................:      0.000 (sys:      0.000 wall:      0.000)
Task3...............................:      0.000 (sys:      0.000 wall:      0.000)
Task4...............................:      0.000 (sys:      0.000 wall:      0.000)
Task5...............................:      0.000 (sys:      0.000 wall:      0.000)
Task6...............................:      0.000 (sys:      0.000 wall:      0.000)
Function Evaluations................:      0.001 (sys:      0.000 wall:      0.001)
 Objective function.................:      0.000 (sys:      0.000 wall:      0.000)
 Objective function gradient........:      0.000 (sys:      0.000 wall:      0.000)
 Equality constraints...............:      0.000 (sys:      0.000 wall:      0.000)
 Inequality constraints.............:      0.001 (sys:      0.000 wall:      0.000)
 Equality constraint Jacobian.......:      0.000 (sys:      0.000 wall:      0.000)
 Inequality constraint Jacobian.....:      0.000 (sys:      0.000 wall:      0.000)
 Lagrangian Hessian.................:      0.000 (sys:      0.000 wall:      0.000)

EXIT: Optimal Solution Found.
GO3_AC_SOLVE_RETURNED {"timing_scope":"API time includes optimizer setup; native Ipopt timings are logged separately","effective_native_evaluator":"MathOptInterface.Nonlinear.SymbolicAD.Evaluator","native_backend_confirmed":true,"interval":3,"model_structure_changed":false,"policy":"symbolic_adaptive_v1","mu_strategy":"adaptive","optimizer_reported_seconds":0.01399993896484375,"floating_point_bits":64,"phase":"continuous_shunts","effective_native_backend":"MathOptInterface.Nonlinear.SymbolicMode","optimize_api_wall_seconds":0.01399993896484375,"source_bounds_changed":false}
GO3_AC_INITIALIZATION_AUDIT {"native_mapping_complete":true,"variable_count":71,"objective_window_iterations":8,"discrete_solution_claimed":false,"native_original_probe_seconds":0.0,"native_original_row_count":66,"interval":3,"original_probe_interval":5,"certificate_scope":"continuous-shunt candidate only; not an admissible discrete solution, KKT certificate or global bound","minimum_iterations":20,"audit_only":true,"audit_count":0,"native_original_probe_count":1,"model_structure_changed":false,"native_variable_count":71,"candidate_only":true,"native_initialization_audit_requested":true,"external_solution_read":false,"policy":"verified_continuous_shunt_candidate_v1","callback_count":50,"primal_residual_limit":1.0e-8,"residual_screen":"native_original_unscaled","native_initialization":{"complete_mapping":true,"maximum_relative_change_from_requested_start":1.0e-8,"iteration":0,"variable_count":71,"maximum_absolute_change_from_requested_start":1.0e-8,"audit_seconds":0.0,"scope":"Native first iterate readback, including Ipopt interior pushes; not a feasibility or dual certificate","original_unscaled_residual":1.0e-8,"source_bounds_changed":false},"audit_seconds":0.0,"phase":"continuous_shunt_candidate","objective_relative_range_limit":1.0e-7,"enabled":true,"last_native_original_residual":1.0e-8,"stop_requested":false,"source_bounds_changed":false}
GO3_AC_PHASE {"solve_seconds":0.01399993896484375,"bound_and_gap_queried":true,"max_primal_residual":3.479269147094177e-10,"objective":247.49914819074476,"termination":"LOCALLY_SOLVED","simplex_iterations":null,"bound":null,"barrier_iterations":49,"nodes":null,"native_relative_gap":null,"wall_limit_seconds":10.0,"interval":3,"primal_status":"FEASIBLE_POINT","phase":"continuous_shunts","residual_audit_seconds":0.0009999275207519531,"wall_through_audit_seconds":0.014999866485595703,"wall_seconds":0.01399993896484375,"complete_finite_point":true,"relative_gap":null}
GO3_AC_PRIMAL_START {"requested_policy":"within_interval_primal_dual_v1","policy":"within_interval_complete_v1","variable_count":71,"external_solution_read":false,"dual_start":{"options":{"warm_start_init_point":"yes","warm_start_bound_push":1.0e-8,"warm_start_slack_bound_push":1.0e-8,"warm_start_same_structure":"no","compl_inf_tol":1.0e-8,"warm_start_slack_bound_frac":1.0e-8,"warm_start_mult_bound_push":1.0e-8,"warm_start_bound_frac":1.0e-8,"mu_init":1.0e-6},"new_fixed_shunt_zero_duals":1,"largest_transferred_absolute_dual":1.0098755080172963e7,"reused_dual_count":183,"source":"same_interval_continuous_shunt_solve","accepted_interface_count":184,"constraint_count":184,"complete_current_mapping":true,"removed_shunt_bound_duals":2,"legacy_nonlinear_count":0},"acceptance_scope":"MOI primal attributes set and read back; installed Ipopt wrapper copies them into native x","interval":3,"source":"continuous_shunt_solve_in_same_interval_and_attempt","dual_or_basis_start":true,"bounds_adjusted_start_count":2,"dual_transfer_used":true,"accepted_interface_count":71,"complete":true,"source_bounds_changed":false,"basis_start":false}
GO3_AC_SOLVE_BEGIN {"epoch_seconds":1.789984456814e9,"policy":"symbolic_adaptive_v1","interval":3,"phase":"rounded_shunts"}
GO3_AC_NATIVE_INITIALIZATION {"complete_mapping":true,"maximum_relative_change_from_requested_start":9.94032066601395e-9,"iteration":0,"variable_count":71,"maximum_absolute_change_from_requested_start":9.94032066601395e-9,"audit_seconds":0.0,"phase":"rounded_shunts","scope":"Native first iterate readback, including Ipopt interior pushes; not a feasibility or dual certificate","original_unscaled_residual":0.0006328645680347827,"source_bounds_changed":false}
This is Ipopt version 3.14.19, running with linear solver MUMPS 5.9.0.

Number of nonzeros in equality constraint Jacobian...:       91
Number of nonzeros in inequality constraint Jacobian.:       79
Number of nonzeros in Lagrangian Hessian.............:      128

Total number of variables............................:       49
                     variables with only lower bounds:       16
                variables with lower and upper bounds:       31
                     variables with only upper bounds:        0
Total number of equality constraints.................:       22
Total number of inequality constraints...............:       44
        inequality constraints with only lower bounds:       13
   inequality constraints with lower and upper bounds:        3
        inequality constraints with only upper bounds:       28

iter    objective    inf_pr   inf_du lg(mu)  ||d||  lg(rg) alpha_du alpha_pr  ls
   0  2.4749914e+02 6.33e-04 8.32e+05   0.0 0.00e+00    -  0.00e+00 0.00e+00   0
   1  2.4749915e+02 1.90e-04 1.27e+05  -8.9 6.28e-04    -  9.94e-01 6.99e-01h  1
   2  2.4749915e+02 2.45e-06 1.59e+03  -9.4 1.85e-04    -  1.00e+00 9.87e-01h  1
   3  2.4749915e+02 2.45e-08 1.59e+01 -11.0 4.09e-06    -  1.00e+00 9.90e-01h  1
   4  2.4749915e+02 2.23e-10 4.94e-01 -11.0 5.83e-05    -  1.00e+00 9.91e-01h  1
In iteration 4, 2 Slacks too small, adjusting variable bounds
   5  2.4749915e+02 4.34e-13 1.49e+01 -11.0 5.50e-07    -  1.00e+00 9.98e-01h  1
In iteration 5, 3 Slacks too small, adjusting variable bounds
   6  2.4749915e+02 2.80e-13 2.61e+06 -11.0 1.09e-09    -  1.00e+00 3.55e-01h  1
In iteration 6, 14 Slacks too small, adjusting variable bounds
   7  2.4749915e+02 2.42e-15 3.30e-05 -11.0 6.96e-10    -  1.00e+00 1.00e+00h  1
In iteration 7, 2 Slacks too small, adjusting variable bounds
   8  2.4749915e+02 2.01e-15 9.11e-10 -11.0 1.37e-11    -  1.00e+00 1.00e+00h  1

Number of Iterations....: 8

                                   (scaled)                 (unscaled)
Objective...............:  -9.8999659359829337e+01    2.4749914839957333e+02
Dual infeasibility......:   9.1132257461547848e-10    2.2783064365386963e-09
Constraint violation....:   2.0053403382291890e-15    2.0053403382291890e-15
Variable bound violation:   0.0000000000000000e+00    0.0000000000000000e+00
Complementarity.........:   1.0514530950287060e-11    2.6286327375717648e-11
Overall NLP error.......:   1.9384354310788851e-13    2.2783064365386963e-09


Number of objective function evaluations             = 9
Number of objective gradient evaluations             = 9
Number of equality constraint evaluations            = 9
Number of inequality constraint evaluations          = 10
Number of equality constraint Jacobian evaluations   = 9
Number of inequality constraint Jacobian evaluations = 9
Number of Lagrangian Hessian evaluations             = 8
Total seconds in IPOPT (w/o function evaluations)    =      0.002
Total seconds in NLP function evaluations            =      0.000


Timing Statistics:

OverallAlgorithm....................:      0.003 (sys:      0.000 wall:      0.002)
 PrintProblemStatistics.............:      0.000 (sys:      0.000 wall:      0.000)
 InitializeIterates.................:      0.000 (sys:      0.000 wall:      0.000)
 UpdateHessian......................:      0.000 (sys:      0.000 wall:      0.000)
 OutputIteration....................:      0.000 (sys:      0.000 wall:      0.000)
 UpdateBarrierParameter.............:      0.003 (sys:      0.000 wall:      0.001)
 ComputeSearchDirection.............:      0.000 (sys:      0.000 wall:      0.001)
 ComputeAcceptableTrialPoint........:      0.000 (sys:      0.000 wall:      0.000)
 AcceptTrialPoint...................:      0.000 (sys:      0.000 wall:      0.000)
 CheckConvergence...................:      0.000 (sys:      0.000 wall:      0.000)
PDSystemSolverTotal.................:      0.003 (sys:      0.000 wall:      0.001)
 PDSystemSolverSolveOnce............:      0.003 (sys:      0.000 wall:      0.001)
 ComputeResiduals...................:      0.000 (sys:      0.000 wall:      0.000)
 StdAugSystemSolverMultiSolve.......:      0.003 (sys:      0.000 wall:      0.001)
 LinearSystemScaling................:      0.000 (sys:      0.000 wall:      0.000)
 LinearSystemSymbolicFactorization..:      0.001 (sys:      0.000 wall:      0.000)
 LinearSystemFactorization..........:      0.000 (sys:      0.000 wall:      0.000)
 LinearSystemBackSolve..............:      0.001 (sys:      0.000 wall:      0.000)
 LinearSystemStructureConverter.....:      0.000 (sys:      0.000 wall:      0.000)
  LinearSystemStructureConverterInit:      0.000 (sys:      0.000 wall:      0.000)
QualityFunctionSearch...............:      0.000 (sys:      0.000 wall:      0.000)
TryCorrector........................:      0.000 (sys:      0.000 wall:      0.000)
Task1...............................:      0.000 (sys:      0.000 wall:      0.000)
Task2...............................:      0.000 (sys:      0.000 wall:      0.000)
Task3...............................:      0.000 (sys:      0.000 wall:      0.000)
Task4...............................:      0.000 (sys:      0.000 wall:      0.000)
Task5...............................:      0.000 (sys:      0.000 wall:      0.000)
Task6...............................:      0.000 (sys:      0.000 wall:      0.000)
Function Evaluations................:      0.000 (sys:      0.000 wall:      0.000)
 Objective function.................:      0.000 (sys:      0.000 wall:      0.000)
 Objective function gradient........:      0.000 (sys:      0.000 wall:      0.000)
 Equality constraints...............:      0.000 (sys:      0.000 wall:      0.000)
 Inequality constraints.............:      0.000 (sys:      0.000 wall:      0.000)
 Equality constraint Jacobian.......:      0.000 (sys:      0.000 wall:      0.000)
 Inequality constraint Jacobian.....:      0.000 (sys:      0.000 wall:      0.000)
 Lagrangian Hessian.................:      0.000 (sys:      0.000 wall:      0.000)

EXIT: Optimal Solution Found.
GO3_AC_SOLVE_RETURNED {"timing_scope":"API time includes optimizer setup; native Ipopt timings are logged separately","effective_native_evaluator":"MathOptInterface.Nonlinear.SymbolicAD.Evaluator","native_backend_confirmed":true,"interval":3,"model_structure_changed":false,"policy":"symbolic_adaptive_v1","mu_strategy":"adaptive","optimizer_reported_seconds":0.005000114440917969,"floating_point_bits":64,"phase":"rounded_shunts","effective_native_backend":"MathOptInterface.Nonlinear.SymbolicMode","optimize_api_wall_seconds":0.005000114440917969,"source_bounds_changed":false}
GO3_AC_PRIMAL_GUARD {"native_mapping_complete":true,"variable_count":71,"objective_window_iterations":8,"discrete_solution_claimed":false,"native_original_probe_seconds":0.0,"native_original_row_count":66,"interval":3,"original_probe_interval":5,"certificate_scope":"local model feasibility only; objective stagnation is heuristic; no KKT or global optimality claim","minimum_iterations":20,"audit_only":false,"audit_count":0,"native_original_probe_count":1,"model_structure_changed":false,"native_variable_count":71,"candidate_only":false,"native_initialization_audit_requested":true,"external_solution_read":false,"policy":"verified_stable_rounded_primal_v1","callback_count":9,"primal_residual_limit":1.0e-8,"residual_screen":"native_original_unscaled","native_initialization":{"complete_mapping":true,"maximum_relative_change_from_requested_start":9.94032066601395e-9,"iteration":0,"variable_count":71,"maximum_absolute_change_from_requested_start":9.94032066601395e-9,"audit_seconds":0.0,"scope":"Native first iterate readback, including Ipopt interior pushes; not a feasibility or dual certificate","original_unscaled_residual":0.0006328645680347827,"source_bounds_changed":false},"audit_seconds":0.0,"phase":"rounded_shunts","objective_relative_range_limit":1.0e-7,"enabled":true,"last_native_original_residual":0.0006328645680347827,"stop_requested":false,"source_bounds_changed":false}
GO3_AC_PHASE {"solve_seconds":0.005000114440917969,"bound_and_gap_queried":true,"max_primal_residual":3.7816971776294395e-15,"objective":247.49914839957333,"termination":"LOCALLY_SOLVED","simplex_iterations":null,"bound":null,"barrier_iterations":8,"nodes":null,"native_relative_gap":null,"wall_limit_seconds":15.0,"interval":3,"primal_status":"FEASIBLE_POINT","phase":"rounded_shunts","residual_audit_seconds":0.0,"wall_through_audit_seconds":0.005000114440917969,"wall_seconds":0.005000114440917969,"complete_finite_point":true,"relative_gap":null}
Rounded shunt steps:
GO3_AC_EXPORT_PROJECTION {"maximum_unfinished_bus_injection_change_pu":0.0,"within_guard":true,"official_tolerance_changed":false,"certificate_scope":"Export projection drift only; full independent and official verification still required","refined_intervals":3,"policy":"exact_source_intersections_v1","maximum_refined_device_change_pu":0.0,"maximum_refined_bus_injection_change_pu":0.0,"worst_refined_bus":null,"bookkeeping_tolerance":0.0,"enforced":true,"projection_guard_pu":1.0e-9,"projection_events":0,"refined_projection_events":0,"source_bounds_changed":false}
Rounded shunt steps:
GO3_AC_EXPORT_PROJECTION {"maximum_unfinished_bus_injection_change_pu":0.0,"within_guard":true,"official_tolerance_changed":false,"certificate_scope":"Export projection drift only; full independent and official verification still required","refined_intervals":3,"policy":"exact_source_intersections_v1","maximum_refined_device_change_pu":0.0,"maximum_refined_bus_injection_change_pu":0.0,"worst_refined_bus":null,"bookkeeping_tolerance":0.0,"enforced":true,"projection_guard_pu":1.0e-9,"projection_events":0,"refined_projection_events":0,"source_bounds_changed":false}
GO3_PROGRESS {"elapsed_worker_seconds":32.06500005722046,"stage":"reserves","remaining_work_seconds":132.77770566940308}
GO3_PROGRESS {"native_exception":null,"objective":-0.000600055157222295,"result_count":1,"has_feasible_primal":true,"raw_status":"kHighsModelStatusOptimal","variables":28,"constraints":85,"interval":1,"maximum_model_residual":0.0,"model_released":true,"solver_seconds":0.0003409385681152344,"failure_reason":null,"audit_scope":"original interval LP before pinned projection; full-case verification still required","projection_completed":true,"primal_residual_tolerance":1.0e-8,"stage":"final_reserve_allocation","termination":"OPTIMAL","collection_seconds":0.2799999713897705,"elapsed_worker_seconds":37.38800001144409,"extraction_attempted":true,"accepted":true,"primal_status":"FEASIBLE_POINT","remaining_work_seconds":127.45470571517944}
GO3_PROGRESS {"native_exception":null,"objective":-0.00120011031444459,"result_count":1,"has_feasible_primal":true,"raw_status":"kHighsModelStatusOptimal","variables":28,"constraints":85,"interval":2,"maximum_model_residual":0.0,"model_released":true,"solver_seconds":0.00026679039001464844,"failure_reason":null,"audit_scope":"original interval LP before pinned projection; full-case verification still required","projection_completed":true,"primal_residual_tolerance":1.0e-8,"stage":"final_reserve_allocation","termination":"OPTIMAL","collection_seconds":0.24000000953674316,"elapsed_worker_seconds":37.63199996948242,"extraction_attempted":true,"accepted":true,"primal_status":"FEASIBLE_POINT","remaining_work_seconds":127.21070575714111}
GO3_PROGRESS {"native_exception":null,"objective":-0.0003000275786111474,"result_count":1,"has_feasible_primal":true,"raw_status":"kHighsModelStatusOptimal","variables":28,"constraints":85,"interval":3,"maximum_model_residual":0.0,"model_released":true,"solver_seconds":0.0002682209014892578,"failure_reason":null,"audit_scope":"original interval LP before pinned projection; full-case verification still required","projection_completed":true,"primal_residual_tolerance":1.0e-8,"stage":"final_reserve_allocation","termination":"OPTIMAL","collection_seconds":0.2369999885559082,"elapsed_worker_seconds":37.87400007247925,"extraction_attempted":true,"accepted":true,"primal_status":"FEASIBLE_POINT","remaining_work_seconds":126.96870565414429}
GO3_PROGRESS {"intervals_required":3,"elapsed_worker_seconds":37.95700001716614,"all_intervals_refined":true,"intervals_finished":3,"stage":"complete","remaining_work_seconds":126.8857057094574}
