GO3_PROGRESS {"elapsed_worker_seconds":0.07899999618530273,"stage":"loading","remaining_work_seconds":104.69137525558472}
GO3_PROGRESS {"elapsed_worker_seconds":0.7899999618530273,"stage":"scheduling","remaining_work_seconds":103.98037528991699}
GO3_SCHEDULING_MODEL {"reserve_policy":"joint_scheduling_then_full_reallocation","constraints_excluding_variable_bounds":181,"source_pq_bound_devices":1,"variables":153,"build_seconds":6.82699990272522,"include_reserves":true,"consumer_online_dominance":{"fixed_online_variables":3,"generator_commitments_changed":0,"policy":"proven_zero_minimum_consumer_online_dominance_v1","eligible_consumers":1,"source_values_changed":false,"rejected_consumers":{},"eligible_consumer_uids":["d"]},"source_startup_windows":{"membership":"begin-tol <= interval_start < end-tol","time_equality_tolerance":1.0e-6,"source_values_changed":false,"windows":4}}
GO3_PROGRESS {"elapsed_scheduling_seconds":10.996999979019165,"event":"model_built","elapsed_worker_seconds":11.8510000705719,"build_seconds":7.085000038146973,"stage":"scheduling_event","remaining_work_seconds":92.91937518119812}
GO3_PROGRESS {"elapsed_scheduling_seconds":11.740999937057495,"event":"economic_solve_begin","elapsed_worker_seconds":12.549000024795532,"stage":"scheduling_event","remaining_work_seconds":92.22137522697449}
Running HiGHS 1.15.1 (git hash: 04024d701f): Copyright (c) 2026 under MIT licence terms
Includes third-party software components, see THIRD_PARTY_NOTICES.md for full details
Using BLAS: libblastrampoline 
 MIP      : 
Rows      : 181
Cols      : 153
Nonzeros  : 517
Integer   : 18 (15 binary)
Coefficient ranges:
  Matrix  [1e-02, 3e+00]
  Cost    [3e-03, 1e+03]
  Bound   [5e-01, 4e+00]
  RHS     [5e-01, 8e+00]
Presolving model
Permitted suppression of presolve rules via presolve_rule_off option:
   Rule  6 (set bit  6 =    64): Forcing row
   Rule  7 (set bit  7 =   128): Forcing col
   Rule  8 (set bit  8 =   256): Free col substitution
   Rule  9 (set bit  9 =   512): Doubleton equation
   Rule 10 (set bit 10 =  1024): Dependent equations
   Rule 11 (set bit 11 =  2048): Dependent free columns
   Rule 12 (set bit 12 =  4096): Aggregator
   Rule 13 (set bit 13 =  8192): Parallel rows and columns
   Rule 14 (set bit 14 = 16384): Sparsify
   Rule 15 (set bit 15 = 32768): Probing
   Rule 16 (set bit 16 = 65536): Enumeration
   Rule 17 (set bit 17 = 131072): Dual fixing
   Rule 18 (set bit 18 = 262144): Col stuffing
   Rule 19 (set bit 19 = 524288): Initial sweep
73 rows, 59 cols, 210 nonzeros 0s
52 rows, 52 cols, 193 nonzeros 0s
7 probing evaluations: 0 deleted rows, 0 deleted columns, 0 lifted nonzeros
51 rows, 51 cols, 203 nonzeros 0s
Presolve reductions: rows 51(-130); columns 51(-102); nonzeros 203(-314) 

Solving MIP model with:
   51 rows
   51 cols (7 binary, 0 integer, 0 implied int., 44 continuous, 0 domain fixed)
   203 nonzeros
   Thread count 4 (of 24 threads). Using 1 max workers. Parallel search off
Feasibility Jump: starting solve. weightUpdateDecay=1, relaxContinuous=0  

Src: B => Branching; C => Central rounding; F => Feasibility pump; H => Heuristic;
     I => Shifting; J => Feasibility jump; L => Sub-MIP; P => Empty MIP; R => Randomized rounding;
     S => Solve LP; T => Evaluate node; U => Unbounded; X => User solution; Y => HiGHS solution;
     Z => ZI Round; l => Trivial lower; p => Trivial point; u => Trivial upper; z => Trivial zero

        Nodes      |    B&B Tree     |            Objective Bounds              |  Dynamic Constraints |       Work      
Src  Proc. InQueue |  Leaves   Expl. | BestBound       BestSol              Gap |   Cuts   InLp Confl. | LpIters     Time

 J       0       0         0   0.00%   inf             -250.5             Large        0      0      0         0     0.0s
 T       0       0         0   0.00%   1737.45         1732.3229          0.30%        0      0      0        17     0.0s
         1       0         1 100.00%   1732.3229       1732.3229          0.00%        0      0      0        17     0.0s

Solving report
  Status            Optimal
  Primal bound      1732.3229
  Dual bound        1732.3229
  Gap               0% (tolerance: 0.0001%)
  P-D integral      0.00331501794281
  Solution status   feasible
                    1732.3229 (objective)
                    0 (bound viol.)
                    2.22044604925e-16 (int. viol.)
                    0 (row viol.)
  Timing            0.01
                    0.00 (Presolve)
                    0.01 (Solve)
                    0.00 (Postsolve)
  Max sub-MIP depth 0
  Nodes             1
  Repair LPs        0
  LP iterations     17
                    0 (strong br.)
                    0 (separation)
                    0 (heuristics)
getKktFailures:: cost norm =    1e+03; bound norm =        3
getKktFailures:                      LP  (abs / rel)         Col (abs / rel)         Row (abs / rel)
getKktFailures: primal infeasibility 8.88e-16 / 2.22e-16     2.22e-16 / 5.55e-17     8.88e-16 / 2.22e-16

MIP sub-solver profiling: number of threads used = 1

Thread 0
Solver                    Calls    Time       Time/call      MIP%
MIP                           1  6.4158e-03  6.4158e-03
Du simplex (no basis)         1  2.3198e-04  2.3198e-04       3.6
TOTAL                            2.3198e-04                   3.6

Percent (sub-)MIP time by thread

MIP sub-solver            0
Du simplex (no basis)   3.6
===========================
Total                   3.6
===========================
GO3_PROGRESS {"elapsed_scheduling_seconds":12.039000034332275,"event":"economic_solve_returned","elapsed_worker_seconds":12.842000007629395,"stage":"scheduling_event","wall_seconds":0.2980000972747803,"remaining_work_seconds":91.92837524414062}
Rounded shunt steps:
GO3_PROGRESS {"devices":2,"final_reserve_optimization_required":true,"full_case_checks_required":true,"policy":"use_joint_schedule_unverified","external_solution_read":false,"initial_solution_verified":false,"stage":"initial_reserve_handoff","source_values_changed":false,"periods":3,"optimization_calls":0,"elapsed_worker_seconds":14.616000175476074,"source":"current_attempt_joint_schedule","reserve_fields":10,"remaining_work_seconds":90.15437507629395}
GO3_PROGRESS {"elapsed_worker_seconds":14.687999963760376,"stage":"schedule_candidate_ready","remaining_work_seconds":90.08237528800964}
GO3_PROGRESS {"elapsed_worker_seconds":16.01900005340576,"interval":1,"stage":"ac_optimization","interval_count":3,"remaining_work_seconds":88.75137519836426}
GO3_CORRECTION_PHASE {"remaining_refinement_seconds":78.65537524223328,"event":"begin","hour_deadline":1.7899858385443752e9,"fair_share_seconds":26.21845841407776,"policy":"remaining_horizon_v1","protected_recovery_deadline":1.7899858385443752e9,"global_deadline_reset":false,"future_hours_reserved_seconds":40.0,"interval":1,"hour_allowance_seconds":38.655375242233276,"slp_seconds":11.596612572669983,"phase":"hour_allocation","remaining_intervals":3}
GO3_CORRECTION_PHASE {"event":"begin","remaining_hour_seconds":31.409375190734863,"phase":"linearized_correction","budget_seconds":11.596612572669983}
GO3_CORRECTION_NATIVE {"native_primal_status":2,"native_allowance_seconds":5.464612913131714,"start_policy":"fresh_presolved_lp_v1","native_presolve_observed":true,"api_seconds":0.0010001659393310547,"import_audit":{"removed_small_coefficients_only":true,"row_error_limit":1.0e-10,"domains_exact":true,"maximum_bounded_row_error":0.0,"scope":"Candidate LP import only; original nonlinear/source checks remain mandatory","unbounded_changed_columns":0,"changed_nonzeros":0,"matrix_import_threshold":1.0e-12,"objective_exact":true,"native_nonzeros":217,"input_nonzeros":225,"pass":true,"maximum_coefficient_change":0.0,"wall_seconds":0.0},"native_ipx_observed":false,"import_status":0,"crossover_requested":"not_applicable","native_optimizations":1,"ipm_iterations":0,"native_model_status":7,"native_warning_error_count":0,"certificate_scope":"linearized candidate subproblem only; no full GO3 bound","bulk_transfer_and_audit_seconds":0.04199981689453125,"native_solver_requested":"simplex","wall_seconds":0.056999921798706055,"native_useful_basis_bypassed_presolve":false,"native_warning_error_excerpt":[],"external_solution_read":false,"native_start_use":"No primal or basis supplied to native LP; current point retained for linearization and nonlinear line search","simplex_iterations":2,"native_log_file":"C:\\Users\\thoma\\Documents\\go3-division2-cpu\\tmp\\pilot002_component_gate_wbxlbv_w\\correction_worker\\native_correction\\hour_0001\\jl_77E3.tmp","complete_start_api_status":null,"native_stored_start":false,"requested_seconds":5.506612730026245,"rows":69,"basis_reused":false,"native_run_status":0,"original_linearization_residual":2.942091015256665e-15,"native_seconds":0.0017211437225341797,"columns":67,"presolve_requested":"on"}
GO3_CORRECTION_NATIVE {"native_primal_status":2,"native_allowance_seconds":5.427612733840943,"start_policy":"fresh_presolved_lp_v1","native_presolve_observed":true,"api_seconds":0.0010001659393310547,"import_audit":{"removed_small_coefficients_only":true,"row_error_limit":1.0e-10,"domains_exact":true,"maximum_bounded_row_error":0.0,"scope":"Candidate LP import only; original nonlinear/source checks remain mandatory","unbounded_changed_columns":0,"changed_nonzeros":0,"matrix_import_threshold":1.0e-12,"objective_exact":true,"native_nonzeros":223,"input_nonzeros":225,"pass":true,"maximum_coefficient_change":0.0,"wall_seconds":0.0},"native_ipx_observed":false,"import_status":0,"crossover_requested":"not_applicable","native_optimizations":1,"ipm_iterations":0,"native_model_status":7,"native_warning_error_count":1,"certificate_scope":"linearized candidate subproblem only; no full GO3 bound","bulk_transfer_and_audit_seconds":0.0009999275207519531,"native_solver_requested":"simplex","wall_seconds":0.002000093460083008,"native_useful_basis_bypassed_presolve":false,"native_warning_error_excerpt":["WARNING: Problem has some excessively small row bounds"],"external_solution_read":false,"native_start_use":"No primal or basis supplied to native LP; current point retained for linearization and nonlinear line search","simplex_iterations":10,"native_log_file":"C:\\Users\\thoma\\Documents\\go3-division2-cpu\\tmp\\pilot002_component_gate_wbxlbv_w\\correction_worker\\native_correction\\hour_0001\\jl_7832.tmp","complete_start_api_status":null,"native_stored_start":false,"requested_seconds":5.4286126613616945,"rows":69,"basis_reused":false,"native_run_status":0,"original_linearization_residual":6.106226635438361e-15,"native_seconds":0.0014810562133789062,"columns":67,"presolve_requested":"on"}
GO3_CORRECTION_NATIVE {"native_primal_status":2,"native_allowance_seconds":5.415612649917603,"start_policy":"fresh_presolved_lp_v1","native_presolve_observed":true,"api_seconds":0.0,"import_audit":{"removed_small_coefficients_only":true,"row_error_limit":1.0e-10,"domains_exact":true,"maximum_bounded_row_error":0.0,"scope":"Candidate LP import only; original nonlinear/source checks remain mandatory","unbounded_changed_columns":0,"changed_nonzeros":0,"matrix_import_threshold":1.0e-12,"objective_exact":true,"native_nonzeros":223,"input_nonzeros":225,"pass":true,"maximum_coefficient_change":0.0,"wall_seconds":0.0},"native_ipx_observed":false,"import_status":0,"crossover_requested":"not_applicable","native_optimizations":1,"ipm_iterations":0,"native_model_status":7,"native_warning_error_count":1,"certificate_scope":"linearized candidate subproblem only; no full GO3 bound","bulk_transfer_and_audit_seconds":0.0,"native_solver_requested":"simplex","wall_seconds":0.0,"native_useful_basis_bypassed_presolve":false,"native_warning_error_excerpt":["WARNING: Problem has some excessively small row bounds"],"external_solution_read":false,"native_start_use":"No primal or basis supplied to native LP; current point retained for linearization and nonlinear line search","simplex_iterations":8,"native_log_file":"C:\\Users\\thoma\\Documents\\go3-division2-cpu\\tmp\\pilot002_component_gate_wbxlbv_w\\correction_worker\\native_correction\\hour_0001\\jl_7843.tmp","complete_start_api_status":null,"native_stored_start":false,"requested_seconds":5.415612649917603,"rows":69,"basis_reused":false,"native_run_status":0,"original_linearization_residual":4.551914400963142e-15,"native_seconds":0.0006959438323974609,"columns":67,"presolve_requested":"on"}
GO3_CORRECTION_NATIVE {"native_primal_status":2,"native_allowance_seconds":5.405612659454346,"start_policy":"fresh_presolved_lp_v1","native_presolve_observed":true,"api_seconds":0.0,"import_audit":{"removed_small_coefficients_only":true,"row_error_limit":1.0e-10,"domains_exact":true,"maximum_bounded_row_error":0.0,"scope":"Candidate LP import only; original nonlinear/source checks remain mandatory","unbounded_changed_columns":0,"changed_nonzeros":0,"matrix_import_threshold":1.0e-12,"objective_exact":true,"native_nonzeros":223,"input_nonzeros":225,"pass":true,"maximum_coefficient_change":0.0,"wall_seconds":0.0},"native_ipx_observed":false,"import_status":0,"crossover_requested":"not_applicable","native_optimizations":1,"ipm_iterations":0,"native_model_status":7,"native_warning_error_count":0,"certificate_scope":"linearized candidate subproblem only; no full GO3 bound","bulk_transfer_and_audit_seconds":0.002000093460083008,"native_solver_requested":"simplex","wall_seconds":0.002000093460083008,"native_useful_basis_bypassed_presolve":false,"native_warning_error_excerpt":[],"external_solution_read":false,"native_start_use":"No primal or basis supplied to native LP; current point retained for linearization and nonlinear line search","simplex_iterations":10,"native_log_file":"C:\\Users\\thoma\\Documents\\go3-division2-cpu\\tmp\\pilot002_component_gate_wbxlbv_w\\correction_worker\\native_correction\\hour_0001\\jl_7844.tmp","complete_start_api_status":null,"native_stored_start":false,"requested_seconds":5.407612752914429,"rows":69,"basis_reused":false,"native_run_status":0,"original_linearization_residual":9.880984919163893e-15,"native_seconds":0.0006656646728515625,"columns":67,"presolve_requested":"on"}
GO3_CORRECTION_NATIVE {"native_primal_status":2,"native_allowance_seconds":5.396612596511841,"start_policy":"fresh_presolved_lp_v1","native_presolve_observed":true,"api_seconds":0.0009999275207519531,"import_audit":{"removed_small_coefficients_only":true,"row_error_limit":1.0e-10,"domains_exact":true,"maximum_bounded_row_error":0.0,"scope":"Candidate LP import only; original nonlinear/source checks remain mandatory","unbounded_changed_columns":0,"changed_nonzeros":0,"matrix_import_threshold":1.0e-12,"objective_exact":true,"native_nonzeros":223,"input_nonzeros":225,"pass":true,"maximum_coefficient_change":0.0,"wall_seconds":0.0},"native_ipx_observed":false,"import_status":0,"crossover_requested":"not_applicable","native_optimizations":1,"ipm_iterations":0,"native_model_status":7,"native_warning_error_count":1,"certificate_scope":"linearized candidate subproblem only; no full GO3 bound","bulk_transfer_and_audit_seconds":0.0,"native_solver_requested":"simplex","wall_seconds":0.0009999275207519531,"native_useful_basis_bypassed_presolve":false,"native_warning_error_excerpt":["WARNING: Problem has some excessively small row bounds"],"external_solution_read":false,"native_start_use":"No primal or basis supplied to native LP; current point retained for linearization and nonlinear line search","simplex_iterations":8,"native_log_file":"C:\\Users\\thoma\\Documents\\go3-division2-cpu\\tmp\\pilot002_component_gate_wbxlbv_w\\correction_worker\\native_correction\\hour_0001\\jl_7855.tmp","complete_start_api_status":null,"native_stored_start":false,"requested_seconds":5.396612596511841,"rows":69,"basis_reused":false,"native_run_status":0,"original_linearization_residual":3.552713678800501e-15,"native_seconds":0.0006139278411865234,"columns":67,"presolve_requested":"on"}
GO3_CORRECTION_NATIVE {"native_primal_status":2,"native_allowance_seconds":5.388612699508667,"start_policy":"fresh_presolved_lp_v1","native_presolve_observed":true,"api_seconds":0.0009999275207519531,"import_audit":{"removed_small_coefficients_only":true,"row_error_limit":1.0e-10,"domains_exact":true,"maximum_bounded_row_error":0.0,"scope":"Candidate LP import only; original nonlinear/source checks remain mandatory","unbounded_changed_columns":0,"changed_nonzeros":0,"matrix_import_threshold":1.0e-12,"objective_exact":true,"native_nonzeros":223,"input_nonzeros":225,"pass":true,"maximum_coefficient_change":0.0,"wall_seconds":0.0},"native_ipx_observed":false,"import_status":0,"crossover_requested":"not_applicable","native_optimizations":1,"ipm_iterations":0,"native_model_status":7,"native_warning_error_count":1,"certificate_scope":"linearized candidate subproblem only; no full GO3 bound","bulk_transfer_and_audit_seconds":0.0009999275207519531,"native_solver_requested":"simplex","wall_seconds":0.0019998550415039062,"native_useful_basis_bypassed_presolve":false,"native_warning_error_excerpt":["WARNING: Problem has some excessively small row bounds"],"external_solution_read":false,"native_start_use":"No primal or basis supplied to native LP; current point retained for linearization and nonlinear line search","simplex_iterations":10,"native_log_file":"C:\\Users\\thoma\\Documents\\go3-division2-cpu\\tmp\\pilot002_component_gate_wbxlbv_w\\correction_worker\\native_correction\\hour_0001\\jl_7856.tmp","complete_start_api_status":null,"native_stored_start":false,"requested_seconds":5.389612627029419,"rows":69,"basis_reused":false,"native_run_status":0,"original_linearization_residual":1.1102230246251565e-14,"native_seconds":0.0007278919219970703,"columns":67,"presolve_requested":"on"}
GO3_CORRECTION_NATIVE {"native_primal_status":2,"native_allowance_seconds":5.385612678527832,"start_policy":"fresh_presolved_lp_v1","native_presolve_observed":true,"api_seconds":0.0,"import_audit":{"removed_small_coefficients_only":true,"row_error_limit":1.0e-10,"domains_exact":true,"maximum_bounded_row_error":0.0,"scope":"Candidate LP import only; original nonlinear/source checks remain mandatory","unbounded_changed_columns":0,"changed_nonzeros":0,"matrix_import_threshold":1.0e-12,"objective_exact":true,"native_nonzeros":223,"input_nonzeros":225,"pass":true,"maximum_coefficient_change":0.0,"wall_seconds":0.0},"native_ipx_observed":false,"import_status":0,"crossover_requested":"not_applicable","native_optimizations":1,"ipm_iterations":0,"native_model_status":7,"native_warning_error_count":1,"certificate_scope":"linearized candidate subproblem only; no full GO3 bound","bulk_transfer_and_audit_seconds":0.0009999275207519531,"native_solver_requested":"simplex","wall_seconds":0.0019998550415039062,"native_useful_basis_bypassed_presolve":false,"native_warning_error_excerpt":["WARNING: Problem has some excessively small row bounds"],"external_solution_read":false,"native_start_use":"No primal or basis supplied to native LP; current point retained for linearization and nonlinear line search","simplex_iterations":8,"native_log_file":"C:\\Users\\thoma\\Documents\\go3-division2-cpu\\tmp\\pilot002_component_gate_wbxlbv_w\\correction_worker\\native_correction\\hour_0001\\jl_7866.tmp","complete_start_api_status":null,"native_stored_start":false,"requested_seconds":5.386612606048584,"rows":69,"basis_reused":false,"native_run_status":0,"original_linearization_residual":2.3037127760972e-15,"native_seconds":0.0007801055908203125,"columns":67,"presolve_requested":"on"}
GO3_CORRECTION_NATIVE {"native_primal_status":2,"native_allowance_seconds":5.37861270904541,"start_policy":"fresh_presolved_lp_v1","native_presolve_observed":true,"api_seconds":0.0,"import_audit":{"removed_small_coefficients_only":true,"row_error_limit":1.0e-10,"domains_exact":true,"maximum_bounded_row_error":0.0,"scope":"Candidate LP import only; original nonlinear/source checks remain mandatory","unbounded_changed_columns":0,"changed_nonzeros":0,"matrix_import_threshold":1.0e-12,"objective_exact":true,"native_nonzeros":223,"input_nonzeros":225,"pass":true,"maximum_coefficient_change":0.0,"wall_seconds":0.0},"native_ipx_observed":false,"import_status":0,"crossover_requested":"not_applicable","native_optimizations":1,"ipm_iterations":0,"native_model_status":7,"native_warning_error_count":1,"certificate_scope":"linearized candidate subproblem only; no full GO3 bound","bulk_transfer_and_audit_seconds":0.0,"native_solver_requested":"simplex","wall_seconds":0.0009999275207519531,"native_useful_basis_bypassed_presolve":false,"native_warning_error_excerpt":["WARNING: Problem has some excessively small row bounds"],"external_solution_read":false,"native_start_use":"No primal or basis supplied to native LP; current point retained for linearization and nonlinear line search","simplex_iterations":8,"native_log_file":"C:\\Users\\thoma\\Documents\\go3-division2-cpu\\tmp\\pilot002_component_gate_wbxlbv_w\\correction_worker\\native_correction\\hour_0001\\jl_7867.tmp","complete_start_api_status":null,"native_stored_start":false,"requested_seconds":5.379612636566162,"rows":69,"basis_reused":false,"native_run_status":0,"original_linearization_residual":1.4432899320127035e-15,"native_seconds":0.0006160736083984375,"columns":67,"presolve_requested":"on"}
GO3_CORRECTION_PHASE {"event":"end","phase":"linearized_correction","termination":"round_limit","accepted_steps":8,"wall_seconds":6.9059998989105225,"residual":0.0009911811931831993}
GO3_CORRECTION_PHASE {"event":"begin","requested_seconds":12.0,"max_iterations":600,"fixed_shunts":true,"remaining_hour_seconds":24.46637511253357,"barrier_strategy":"adaptive","phase":"fixed_shunt_fallback"}

******************************************************************************
This program contains Ipopt, a library for large-scale nonlinear optimization.
 Ipopt is released as open source code under the Eclipse Public License (EPL).
         For more information visit https://github.com/coin-or/Ipopt
******************************************************************************

GO3_CORRECTION_PHASE {"event":"end","selected_residual":5.479795506246887e-10,"phase":"fixed_shunt_fallback","termination":"INTERRUPTED","before_residual":0.0009911811931831993,"wall_seconds":4.138000011444092}
Rounded shunt steps:
GO3_AC_EXPORT_PROJECTION {"maximum_unfinished_bus_injection_change_pu":0.0,"within_guard":true,"official_tolerance_changed":false,"certificate_scope":"Export projection drift only; full independent and official verification still required","refined_intervals":1,"policy":"legacy_tolerance_v1","maximum_refined_device_change_pu":0.0,"maximum_refined_bus_injection_change_pu":0.0,"worst_refined_bus":null,"bookkeeping_tolerance":1.0e-8,"enforced":false,"projection_guard_pu":1.0e-9,"projection_events":0,"refined_projection_events":0,"source_bounds_changed":false}
GO3_PROGRESS {"elapsed_worker_seconds":35.99000000953674,"interval":2,"stage":"ac_optimization","interval_count":3,"remaining_work_seconds":68.78037524223328}
GO3_CORRECTION_PHASE {"remaining_refinement_seconds":58.6863751411438,"event":"begin","hour_deadline":1.7899858585443752e9,"fair_share_seconds":29.3431875705719,"policy":"remaining_horizon_v1","protected_recovery_deadline":1.7899858585443752e9,"global_deadline_reset":false,"future_hours_reserved_seconds":20.0,"interval":2,"hour_allowance_seconds":38.6863751411438,"slp_seconds":11.60591254234314,"phase":"hour_allocation","remaining_intervals":2}
GO3_CORRECTION_PHASE {"event":"begin","remaining_hour_seconds":38.357375144958496,"phase":"linearized_correction","budget_seconds":11.60591254234314}
GO3_CORRECTION_PHASE {"event":"end","phase":"linearized_correction","termination":"original_model_residual_pass","accepted_steps":0,"wall_seconds":0.016000032424926758,"residual":1.6439321015582209e-9}
Rounded shunt steps:
GO3_AC_EXPORT_PROJECTION {"maximum_unfinished_bus_injection_change_pu":0.0,"within_guard":true,"official_tolerance_changed":false,"certificate_scope":"Export projection drift only; full independent and official verification still required","refined_intervals":2,"policy":"legacy_tolerance_v1","maximum_refined_device_change_pu":0.0,"maximum_refined_bus_injection_change_pu":0.0,"worst_refined_bus":null,"bookkeeping_tolerance":1.0e-8,"enforced":false,"projection_guard_pu":1.0e-9,"projection_events":0,"refined_projection_events":0,"source_bounds_changed":false}
GO3_PROGRESS {"elapsed_worker_seconds":36.43400001525879,"interval":3,"stage":"ac_optimization","interval_count":3,"remaining_work_seconds":68.33637523651123}
GO3_CORRECTION_PHASE {"remaining_refinement_seconds":58.3353750705719,"event":"begin","hour_deadline":1.789985865209e9,"fair_share_seconds":58.3353750705719,"policy":"remaining_horizon_v1","protected_recovery_deadline":1.789985865209e9,"global_deadline_reset":false,"future_hours_reserved_seconds":0.0,"interval":3,"hour_allowance_seconds":45.0,"slp_seconds":13.5,"phase":"hour_allocation","remaining_intervals":1}
GO3_CORRECTION_PHASE {"event":"begin","remaining_hour_seconds":44.997000217437744,"phase":"linearized_correction","budget_seconds":13.5}
GO3_CORRECTION_PHASE {"event":"end","phase":"linearized_correction","termination":"original_model_residual_pass","accepted_steps":0,"wall_seconds":0.012000083923339844,"residual":1.6439321015582209e-9}
Rounded shunt steps:
GO3_AC_EXPORT_PROJECTION {"maximum_unfinished_bus_injection_change_pu":0.0,"within_guard":true,"official_tolerance_changed":false,"certificate_scope":"Export projection drift only; full independent and official verification still required","refined_intervals":3,"policy":"legacy_tolerance_v1","maximum_refined_device_change_pu":0.0,"maximum_refined_bus_injection_change_pu":0.0,"worst_refined_bus":null,"bookkeeping_tolerance":1.0e-8,"enforced":false,"projection_guard_pu":1.0e-9,"projection_events":0,"refined_projection_events":0,"source_bounds_changed":false}
Rounded shunt steps:
GO3_AC_EXPORT_PROJECTION {"maximum_unfinished_bus_injection_change_pu":0.0,"within_guard":true,"official_tolerance_changed":false,"certificate_scope":"Export projection drift only; full independent and official verification still required","refined_intervals":3,"policy":"legacy_tolerance_v1","maximum_refined_device_change_pu":0.0,"maximum_refined_bus_injection_change_pu":0.0,"worst_refined_bus":null,"bookkeeping_tolerance":1.0e-8,"enforced":false,"projection_guard_pu":1.0e-9,"projection_events":0,"refined_projection_events":0,"source_bounds_changed":false}
GO3_PROGRESS {"elapsed_worker_seconds":36.4760000705719,"stage":"reserves","remaining_work_seconds":68.29437518119812}
BEGINNING PARALLEL RESERVE CALCULATIONS
DONE WITH PARALLEL RESERVE CALCULATIONS
GO3_PROGRESS {"intervals_required":3,"elapsed_worker_seconds":41.206000089645386,"all_intervals_refined":true,"intervals_finished":3,"stage":"complete","remaining_work_seconds":63.564375162124634}
