C:\Users\thoma\Documents\go3-division2-cpu\.cache\upstream\C3DataUtilities\datautilities\ctgmodel.py:126: SparseEfficiencyWarning: splu converted its input to CSC format
  a_factors = scipy.sparse.linalg.splu(a_mat)
C:\Users\thoma\Documents\go3-division2-cpu\.cache\upstream\C3DataUtilities\datautilities\ctgmodel.py:379: SparseEfficiencyWarning: splu converted its input to CSC format
  a_factors_t = scipy.sparse.linalg.splu(a_mat_t)
{
  "pass": true,
  "complete": true,
  "candidate_sha256": "252f9dc41b84934ce88b67152da75f2ee90320ccc91917c18e54c228a38c285f",
  "input_sha256": "865bbc89659575b63f5fa2d79d824f7f54e3441cb4f70aaf97d66a476b40431c",
  "independent_seconds": 0.007360199990216643,
  "official_seconds": 0.5312990000238642,
  "objective": 1732.1459693041525,
  "official_feas": 1,
  "official_phys_feas": 1,
  "independent_hard_pass": true,
  "max_hard_residual": 2.7755575615628914e-17,
  "objective_discrepancy": 1.5916157281026244e-11,
  "objective_agreement": true,
  "contingencies_completed": 9,
  "contingencies_required": 9,
  "max_p_imbalance_pu": 1.4432899320127035e-15,
  "max_q_imbalance_pu": 1.2628786905111156e-14,
  "max_contingency_overload_pu": 0.0,
  "costs_total": {
    "production": 17.501930502780322,
    "demand_benefit": 1750.0,
    "on": 0.35000000000000003,
    "startup": 0.0,
    "shutdown": 0.0,
    "reserve_awards": 0.0021001930502780324,
    "switching": 0.0,
    "real_imbalance": 2.2551405187698492e-12,
    "reactive_imbalance": 3.048516300507842e-11,
    "base_overload": 0.0,
    "reserve_shortfall": 0.0,
    "contingency_worst": 0.0,
    "contingency_average": 0.0
  },
  "verification_directory": "C:\\Users\\thoma\\Documents\\go3-division2-cpu\\tmp\\pilot002_component_gate_wbxlbv_w\\symbolic_ac_verification",
  "total_verification_seconds": 0.5386671000160277
}
