GO3_PROGRESS {"epoch_seconds":1.789945288396e9,"event":"source_reserve_partition_begin","pid":15624,"solve_calls":0,"elapsed_seconds":0.0}
GO3_PROGRESS {"epoch_seconds":1.789945303719e9,"event":"reserve_partition_columns","pid":15624,"master_columns":8043122,"solve_calls":0,"recourse_columns":7210012,"periods":[1,2,3,4,5,6,7,8,9,10,11,12,13,14,15,16,17,18,19,20,21,22,23,24,25,26,27,28,29,30,31,32,33,34,35,36,37,38,39,40,41,42,43,44,45,46,47,48],"elapsed_seconds":15.323000192642212}
GO3_PROGRESS {"epoch_seconds":1.789945306e9,"event":"reserve_partition_rows","pid":15624,"solve_calls":0,"rows_required":17635208,"rows_processed":1048576,"elapsed_seconds":17.604000091552734}
GO3_PROGRESS {"epoch_seconds":1.789945310852e9,"event":"reserve_partition_rows","pid":15624,"solve_calls":0,"rows_required":17635208,"rows_processed":2097152,"elapsed_seconds":22.456000089645386}
GO3_PROGRESS {"epoch_seconds":1.789945312128e9,"event":"reserve_partition_rows","pid":15624,"solve_calls":0,"rows_required":17635208,"rows_processed":3145728,"elapsed_seconds":23.73200011253357}
GO3_PROGRESS {"epoch_seconds":1.789945314078e9,"event":"reserve_partition_rows","pid":15624,"solve_calls":0,"rows_required":17635208,"rows_processed":4194304,"elapsed_seconds":25.682000160217285}
GO3_PROGRESS {"epoch_seconds":1.789945316285e9,"event":"reserve_partition_rows","pid":15624,"solve_calls":0,"rows_required":17635208,"rows_processed":5242880,"elapsed_seconds":27.889000177383423}
GO3_PROGRESS {"epoch_seconds":1.789945318666e9,"event":"reserve_partition_rows","pid":15624,"solve_calls":0,"rows_required":17635208,"rows_processed":6291456,"elapsed_seconds":30.269999980926514}
GO3_PROGRESS {"epoch_seconds":1.789945321298e9,"event":"reserve_partition_rows","pid":15624,"solve_calls":0,"rows_required":17635208,"rows_processed":7340032,"elapsed_seconds":32.902000188827515}
GO3_PROGRESS {"epoch_seconds":1.789945322921e9,"event":"reserve_partition_rows","pid":15624,"solve_calls":0,"rows_required":17635208,"rows_processed":8388608,"elapsed_seconds":34.52500009536743}
GO3_PROGRESS {"epoch_seconds":1.789945324313e9,"event":"reserve_partition_rows","pid":15624,"solve_calls":0,"rows_required":17635208,"rows_processed":9437184,"elapsed_seconds":35.91700005531311}
GO3_PROGRESS {"epoch_seconds":1.789945325978e9,"event":"reserve_partition_rows","pid":15624,"solve_calls":0,"rows_required":17635208,"rows_processed":10485760,"elapsed_seconds":37.58200001716614}
GO3_PROGRESS {"epoch_seconds":1.789945327227e9,"event":"reserve_partition_rows","pid":15624,"solve_calls":0,"rows_required":17635208,"rows_processed":11534336,"elapsed_seconds":38.831000089645386}
GO3_PROGRESS {"epoch_seconds":1.789945329316e9,"event":"reserve_partition_rows","pid":15624,"solve_calls":0,"rows_required":17635208,"rows_processed":12582912,"elapsed_seconds":40.920000076293945}
GO3_PROGRESS {"epoch_seconds":1.789945330769e9,"event":"reserve_partition_rows","pid":15624,"solve_calls":0,"rows_required":17635208,"rows_processed":13631488,"elapsed_seconds":42.373000144958496}
GO3_PROGRESS {"epoch_seconds":1.789945332272e9,"event":"reserve_partition_rows","pid":15624,"solve_calls":0,"rows_required":17635208,"rows_processed":14680064,"elapsed_seconds":43.87600016593933}
GO3_PROGRESS {"epoch_seconds":1.789945334154e9,"event":"reserve_partition_rows","pid":15624,"solve_calls":0,"rows_required":17635208,"rows_processed":15728640,"elapsed_seconds":45.75800013542175}
GO3_PROGRESS {"epoch_seconds":1.789945336586e9,"event":"reserve_partition_rows","pid":15624,"solve_calls":0,"rows_required":17635208,"rows_processed":16777216,"elapsed_seconds":48.19000005722046}
GO3_PROGRESS {"epoch_seconds":1.78994534487e9,"event":"source_reserve_partition_verify_begin","pid":15624,"solve_calls":0,"master_source_columns":8043122,"elapsed_seconds":56.473999977111816}
GO3_PROGRESS {"epoch_seconds":1.789945346041e9,"event":"reserve_partition_part_verified","pid":15624,"period":32,"rows_checked":210451,"solve_calls":0,"columns_checked":150178,"elapsed_seconds":57.644999980926514}
GO3_PROGRESS {"epoch_seconds":1.789945346976e9,"event":"reserve_partition_part_verified","pid":15624,"period":29,"rows_checked":210399,"solve_calls":0,"columns_checked":150126,"elapsed_seconds":58.580000162124634}
GO3_PROGRESS {"epoch_seconds":1.789945347659e9,"event":"reserve_partition_part_verified","pid":15624,"period":1,"rows_checked":210447,"solve_calls":0,"columns_checked":150174,"elapsed_seconds":59.26300001144409}
GO3_PROGRESS {"epoch_seconds":1.789945348379e9,"event":"reserve_partition_part_verified","pid":15624,"period":2,"rows_checked":210423,"solve_calls":0,"columns_checked":150150,"elapsed_seconds":59.98300004005432}
GO3_PROGRESS {"epoch_seconds":1.789945349111e9,"event":"reserve_partition_part_verified","pid":15624,"period":41,"rows_checked":210547,"solve_calls":0,"columns_checked":150274,"elapsed_seconds":60.71500015258789}
GO3_PROGRESS {"epoch_seconds":1.789945349798e9,"event":"reserve_partition_part_verified","pid":15624,"period":27,"rows_checked":210411,"solve_calls":0,"columns_checked":150138,"elapsed_seconds":61.402000188827515}
GO3_PROGRESS {"epoch_seconds":1.789945350481e9,"event":"reserve_partition_part_verified","pid":15624,"period":42,"rows_checked":210547,"solve_calls":0,"columns_checked":150274,"elapsed_seconds":62.08500003814697}
GO3_PROGRESS {"epoch_seconds":1.789945351186e9,"event":"reserve_partition_part_verified","pid":15624,"period":33,"rows_checked":210463,"solve_calls":0,"columns_checked":150190,"elapsed_seconds":62.790000200271606}
GO3_PROGRESS {"epoch_seconds":1.78994535188e9,"event":"reserve_partition_part_verified","pid":15624,"period":28,"rows_checked":210401,"solve_calls":0,"columns_checked":150128,"elapsed_seconds":63.48400020599365}
GO3_PROGRESS {"epoch_seconds":1.789945352582e9,"event":"reserve_partition_part_verified","pid":15624,"period":26,"rows_checked":210435,"solve_calls":0,"columns_checked":150162,"elapsed_seconds":64.18600010871887}
GO3_PROGRESS {"epoch_seconds":1.789945353283e9,"event":"reserve_partition_part_verified","pid":15624,"period":10,"rows_checked":210471,"solve_calls":0,"columns_checked":150198,"elapsed_seconds":64.88700008392334}
GO3_PROGRESS {"epoch_seconds":1.789945353964e9,"event":"reserve_partition_part_verified","pid":15624,"period":24,"rows_checked":210471,"solve_calls":0,"columns_checked":150198,"elapsed_seconds":65.5680000782013}
GO3_PROGRESS {"epoch_seconds":1.789945354674e9,"event":"reserve_partition_part_verified","pid":15624,"period":25,"rows_checked":210451,"solve_calls":0,"columns_checked":150178,"elapsed_seconds":66.27800011634827}
GO3_PROGRESS {"epoch_seconds":1.789945355375e9,"event":"reserve_partition_part_verified","pid":15624,"period":23,"rows_checked":210503,"solve_calls":0,"columns_checked":150230,"elapsed_seconds":66.97900009155273}
GO3_PROGRESS {"epoch_seconds":1.789945356082e9,"event":"reserve_partition_part_verified","pid":15624,"period":5,"rows_checked":210383,"solve_calls":0,"columns_checked":150110,"elapsed_seconds":67.68600010871887}
GO3_PROGRESS {"epoch_seconds":1.789945356782e9,"event":"reserve_partition_part_verified","pid":15624,"period":31,"rows_checked":210429,"solve_calls":0,"columns_checked":150156,"elapsed_seconds":68.38600015640259}
GO3_PROGRESS {"epoch_seconds":1.789945357493e9,"event":"reserve_partition_part_verified","pid":15624,"period":43,"rows_checked":210543,"solve_calls":0,"columns_checked":150270,"elapsed_seconds":69.09700012207031}
GO3_PROGRESS {"epoch_seconds":1.789945358172e9,"event":"reserve_partition_part_verified","pid":15624,"period":39,"rows_checked":210537,"solve_calls":0,"columns_checked":150264,"elapsed_seconds":69.77600002288818}
GO3_PROGRESS {"epoch_seconds":1.789945358874e9,"event":"reserve_partition_part_verified","pid":15624,"period":44,"rows_checked":210541,"solve_calls":0,"columns_checked":150268,"elapsed_seconds":70.47800016403198}
GO3_PROGRESS {"epoch_seconds":1.789945359573e9,"event":"reserve_partition_part_verified","pid":15624,"period":34,"rows_checked":210481,"solve_calls":0,"columns_checked":150208,"elapsed_seconds":71.17700004577637}
GO3_PROGRESS {"epoch_seconds":1.789945360275e9,"event":"reserve_partition_part_verified","pid":15624,"period":17,"rows_checked":210545,"solve_calls":0,"columns_checked":150272,"elapsed_seconds":71.87900018692017}
GO3_PROGRESS {"epoch_seconds":1.789945360955e9,"event":"reserve_partition_part_verified","pid":15624,"period":37,"rows_checked":210515,"solve_calls":0,"columns_checked":150242,"elapsed_seconds":72.55900001525879}
GO3_PROGRESS {"epoch_seconds":1.789945361654e9,"event":"reserve_partition_part_verified","pid":15624,"period":47,"rows_checked":210493,"solve_calls":0,"columns_checked":150220,"elapsed_seconds":73.25800013542175}
GO3_PROGRESS {"epoch_seconds":1.78994536235e9,"event":"reserve_partition_part_verified","pid":15624,"period":9,"rows_checked":210455,"solve_calls":0,"columns_checked":150182,"elapsed_seconds":73.9539999961853}
GO3_PROGRESS {"epoch_seconds":1.789945363056e9,"event":"reserve_partition_part_verified","pid":15624,"period":12,"rows_checked":210499,"solve_calls":0,"columns_checked":150226,"elapsed_seconds":74.66000008583069}
GO3_PROGRESS {"epoch_seconds":1.789945363772e9,"event":"reserve_partition_part_verified","pid":15624,"period":20,"rows_checked":210531,"solve_calls":0,"columns_checked":150258,"elapsed_seconds":75.37600016593933}
GO3_PROGRESS {"epoch_seconds":1.789945364476e9,"event":"reserve_partition_part_verified","pid":15624,"period":6,"rows_checked":210407,"solve_calls":0,"columns_checked":150134,"elapsed_seconds":76.08000016212463}
GO3_PROGRESS {"epoch_seconds":1.789945365157e9,"event":"reserve_partition_part_verified","pid":15624,"period":14,"rows_checked":210505,"solve_calls":0,"columns_checked":150232,"elapsed_seconds":76.76100015640259}
GO3_PROGRESS {"epoch_seconds":1.789945365858e9,"event":"reserve_partition_part_verified","pid":15624,"period":7,"rows_checked":210437,"solve_calls":0,"columns_checked":150164,"elapsed_seconds":77.46200013160706}
GO3_PROGRESS {"epoch_seconds":1.78994536656e9,"event":"reserve_partition_part_verified","pid":15624,"period":8,"rows_checked":210441,"solve_calls":0,"columns_checked":150168,"elapsed_seconds":78.16400003433228}
GO3_PROGRESS {"epoch_seconds":1.789945367262e9,"event":"reserve_partition_part_verified","pid":15624,"period":19,"rows_checked":210533,"solve_calls":0,"columns_checked":150260,"elapsed_seconds":78.86600017547607}
GO3_PROGRESS {"epoch_seconds":1.789945395717e9,"event":"reserve_partition_part_verified","pid":15624,"period":0,"rows_checked":10931162,"solve_calls":0,"columns_checked":8043122,"elapsed_seconds":107.32100009918213}
GO3_PROGRESS {"epoch_seconds":1.789945396416e9,"event":"reserve_partition_part_verified","pid":15624,"period":4,"rows_checked":210401,"solve_calls":0,"columns_checked":150128,"elapsed_seconds":108.01999998092651}
GO3_PROGRESS {"epoch_seconds":1.789945397131e9,"event":"reserve_partition_part_verified","pid":15624,"period":22,"rows_checked":210509,"solve_calls":0,"columns_checked":150236,"elapsed_seconds":108.7350001335144}
GO3_PROGRESS {"epoch_seconds":1.789945397833e9,"event":"reserve_partition_part_verified","pid":15624,"period":11,"rows_checked":210489,"solve_calls":0,"columns_checked":150216,"elapsed_seconds":109.43700003623962}
GO3_PROGRESS {"epoch_seconds":1.789945398528e9,"event":"reserve_partition_part_verified","pid":15624,"period":35,"rows_checked":210497,"solve_calls":0,"columns_checked":150224,"elapsed_seconds":110.132000207901}
GO3_PROGRESS {"epoch_seconds":1.789945399241e9,"event":"reserve_partition_part_verified","pid":15624,"period":13,"rows_checked":210517,"solve_calls":0,"columns_checked":150244,"elapsed_seconds":110.84500002861023}
GO3_PROGRESS {"epoch_seconds":1.789945399953e9,"event":"reserve_partition_part_verified","pid":15624,"period":15,"rows_checked":210517,"solve_calls":0,"columns_checked":150244,"elapsed_seconds":111.55700016021729}
GO3_PROGRESS {"epoch_seconds":1.789945400652e9,"event":"reserve_partition_part_verified","pid":15624,"period":16,"rows_checked":210529,"solve_calls":0,"columns_checked":150256,"elapsed_seconds":112.25600004196167}
GO3_PROGRESS {"epoch_seconds":1.789945401339e9,"event":"reserve_partition_part_verified","pid":15624,"period":40,"rows_checked":210545,"solve_calls":0,"columns_checked":150272,"elapsed_seconds":112.9430000782013}
GO3_PROGRESS {"epoch_seconds":1.78994540202e9,"event":"reserve_partition_part_verified","pid":15624,"period":46,"rows_checked":210503,"solve_calls":0,"columns_checked":150230,"elapsed_seconds":113.62400007247925}
GO3_PROGRESS {"epoch_seconds":1.789945402735e9,"event":"reserve_partition_part_verified","pid":15624,"period":21,"rows_checked":210513,"solve_calls":0,"columns_checked":150240,"elapsed_seconds":114.33899998664856}
GO3_PROGRESS {"epoch_seconds":1.78994540343e9,"event":"reserve_partition_part_verified","pid":15624,"period":38,"rows_checked":210517,"solve_calls":0,"columns_checked":150244,"elapsed_seconds":115.03400015830994}
GO3_PROGRESS {"epoch_seconds":1.789945404134e9,"event":"reserve_partition_part_verified","pid":15624,"period":45,"rows_checked":210525,"solve_calls":0,"columns_checked":150252,"elapsed_seconds":115.73800015449524}
GO3_PROGRESS {"epoch_seconds":1.789945404836e9,"event":"reserve_partition_part_verified","pid":15624,"period":36,"rows_checked":210509,"solve_calls":0,"columns_checked":150236,"elapsed_seconds":116.44000005722046}
GO3_PROGRESS {"epoch_seconds":1.789945405537e9,"event":"reserve_partition_part_verified","pid":15624,"period":48,"rows_checked":210487,"solve_calls":0,"columns_checked":150214,"elapsed_seconds":117.14100003242493}
GO3_PROGRESS {"epoch_seconds":1.789945406227e9,"event":"reserve_partition_part_verified","pid":15624,"period":18,"rows_checked":210543,"solve_calls":0,"columns_checked":150270,"elapsed_seconds":117.83100008964539}
GO3_PROGRESS {"epoch_seconds":1.789945406907e9,"event":"reserve_partition_part_verified","pid":15624,"period":30,"rows_checked":210407,"solve_calls":0,"columns_checked":150134,"elapsed_seconds":118.51100015640259}
GO3_PROGRESS {"epoch_seconds":1.789945407607e9,"event":"reserve_partition_part_verified","pid":15624,"period":3,"rows_checked":210413,"solve_calls":0,"columns_checked":150140,"elapsed_seconds":119.2110002040863}
GO3_PROGRESS {"epoch_seconds":1.78994540782e9,"event":"source_reserve_partition_verified","pid":15624,"master_projection_rows_proved":3399070,"scope":"Exact source scheduling partition; no solved or verified GO3 candidate","source_columns_checked":15253134,"source_coefficients_and_bounds_unchanged":true,"source_rows_checked":17635208,"periods":[1,2,3,4,5,6,7,8,9,10,11,12,13,14,15,16,17,18,19,20,21,22,23,24,25,26,27,28,29,30,31,32,33,34,35,36,37,38,39,40,41,42,43,44,45,46,47,48],"box_redundant_master_projections_proved":6394830,"partition_manifest_sha256":"f35eb0c7a553f475da50119f44be6fb873d4e30e46435ef36d1b280b18c8e569","solve_calls":0,"complete":true,"pass":true,"source_rows_covered_exactly_once":true,"elapsed_seconds":119.42400002479553}
