Running HiGHS 1.15.1 (git hash: 04024d7): Copyright (c) 2026 under MIT licence terms
Includes third-party software components, see THIRD_PARTY_NOTICES.md for full details
 MIP      : 
Rows      : 70
Cols      : 46
Nonzeros  : 143
Integer   : 18 (15 binary)
Coefficient ranges:
  Matrix  [2e-01, 3e+00]
  Cost    [3e-02, 1e+03]
  Bound   [1e+00, 3e+00]
  RHS     [5e-01, 2e+00]
Presolving model
Presolve rules not allowed:
   Rule 13 (set bit 13 =  8192): Parallel rows and columns
29 rows, 27 cols, 69 nonzeros 0s
21 rows, 20 cols, 64 nonzeros 0s
Fixed 3 dominated columns and strengthened 0 bounds
7 probing evaluations: 0 deleted rows, 0 deleted columns, 0 lifted nonzeros
13 rows, 13 cols, 42 nonzeros 0s
Presolve reductions: rows 13(-57); columns 13(-33); nonzeros 42(-101) 
MIP-Timing:     0.00088 - completed presolve
MIP-Timing:     0.00089 - starting  setup
GO3-HIGHS-Setup stage=initialization solve_elapsed=0.000899
GO3-HIGHS-Setup stage=transpose_and_locks solve_elapsed=0.000910
GO3-HIGHS-Setup stage=row_integrality solve_elapsed=0.000920
GO3-HIGHS-Setup stage=objective_clique_partition solve_elapsed=0.000928
GO3-HIGHS-Setup optional_objective_clique_skipped binary_columns=7 limit=0 source_model_unchanged=1
GO3-HIGHS-Setup stage=objective_propagation solve_elapsed=0.000942
GO3-HIGHS-Setup stage=row_activities solve_elapsed=0.000951
GO3-HIGHS-Setup stage=domain_propagation solve_elapsed=0.000960
GO3-HIGHS-Setup stage=domain_propagation_complete solve_elapsed=0.000969
GO3-HIGHS-Setup stage=objective_integrality solve_elapsed=0.000979
GO3-HIGHS-Setup stage=basis_transfer solve_elapsed=0.000987
GO3-HIGHS-Setup stage=basis_transfer_complete solve_elapsed=0.000996

Solving MIP model with:
   13 rows
   13 cols (7 binary, 0 integer, 0 implied int., 6 continuous, 0 domain fixed)
   42 nonzeros
   Thread count 1 (of 24 threads). Using 1 max workers. Parallel search off
GO3-HIGHS-Setup stage=heuristic_columns solve_elapsed=0.001016
GO3-HIGHS-Setup stage=heuristic_columns_complete solve_elapsed=0.001026
MIP-Timing:       0.001 - completed setup
Feasibility Jump: starting solve. weightUpdateDecay=1, relaxContinuous=0  

Src: B => Branching; C => Central rounding; F => Feasibility pump; H => Heuristic;
     I => Shifting; J => Feasibility jump; L => Sub-MIP; P => Empty MIP; R => Randomized rounding;
     S => Solve LP; T => Evaluate node; U => Unbounded; X => User solution; Y => HiGHS solution;
     Z => ZI Round; l => Trivial lower; p => Trivial point; u => Trivial upper; z => Trivial zero

        Nodes      |    B&B Tree     |            Objective Bounds              |  Dynamic Constraints |       Work      
Src  Proc. InQueue |  Leaves   Expl. | BestBound       BestSol              Gap |   Cuts   InLp Confl. | LpIters     Time

 J       0       0         0   0.00%   inf             492.725            Large        0      0      0         0     0.0s
MIP-Timing:      0.0057 - starting evaluate root node
MIP-Timing:      0.0058 - starting analytic centre calculation
MIP-Timing:      0.0058 - start first LP solve (without basis)
MIP-Timing:      0.0063 - finish first LP solve
 T       0       0         0 100.00%   1732.275        1732.15            0.01%        0      0      0         4     0.0s
MIP-Timing:      0.0064 - completed evaluate root node
         1       0         1 100.00%   1732.15         1732.15            0.00%        0      0      0         4     0.0s

Solving report
  Status            Optimal
  Primal bound      1732.15
  Dual bound        1732.15
  Gap               0% (tolerance: 0.0001%)
  P-D integral      0.00127575592274
  Solution status   feasible
                    1732.15 (objective)
                    0 (bound viol.)
                    0 (int. viol.)
                    0 (row viol.)
  Timing            0.01
                    0.00 (Presolve)
                    0.01 (Solve)
                    0.00 (Postsolve)
  Max sub-MIP depth 0
  Nodes             1
  Repair LPs        0
  LP iterations     4
                    0 (strong br.)
                    0 (separation)
                    0 (heuristics)
getKktFailures:: cost norm =    1e+03; bound norm =        1
getKktFailures:                      LP  (abs / rel)         Col (abs / rel)         Row (abs / rel)
getKktFailures: primal infeasibility        0 /        0            0 /        0            0 /        0

MIP sub-solver profiling: number of threads used = 1

Thread 0
Solver                    Calls    Time       Time/call      MIP%
MIP                           1  6.4793e-03  6.4793e-03
Du simplex (basis)            1  1.6689e-05  1.6689e-05       0.3
Du simplex (no basis)         1  1.9574e-04  1.9574e-04       3.0
TOTAL                            2.1243e-04                   3.3

Percent (sub-)MIP time by thread

MIP sub-solver            0
Du simplex (basis)      0.3
Du simplex (no basis)   3.0
===========================
Total                   3.3
===========================
