GO3_PROGRESS {"epoch_seconds":1.789984885776e9,"event":"reserve_benders_worker_started","raw_case_parsed":false,"pid":27784,"native_backend":{"git_hash":"04024d701f","library_sha256":"404f0a37f0887e0b390274230441539524f0f68d141a58d62053aea041eb9ded","floating_point_bits":64,"policy":"upstream_jll_v1","library_path":"C:\\Users\\thoma\\Documents\\go3-division2-cpu\\environments\\julia-depot\\artifacts\\7b3fde6a10989de897c61b0c6880e7e7d97cccd4\\bin\\libhighs.dll","highs_int_bits":32,"version":"1.15.1"},"mode":"recourse","stage":"source_reserve_benders","round":2,"remaining_work_seconds":97.34439253807068}
Running HiGHS 1.15.1 (git hash: 04024d701f): Copyright (c) 2026 under MIT licence terms
Includes third-party software components, see THIRD_PARTY_NOTICES.md for full details
Using BLAS: libblastrampoline 
GO3_PROGRESS {"epoch_seconds":1.789984887438e9,"event":"reserve_benders_solve_begin","actual_limit_seconds":5.0,"pid":27784,"period":1,"mode":"recourse","stage":"source_reserve_benders","round":2,"remaining_work_seconds":95.68239259719849}
LP has 21 rows; 18 cols; 44 nonzeros
Coefficient ranges:
  Matrix  [5e-02, 1e+00]
  Cost    [5e-03, 5e+01]
  Bound   [5e-01, 4e+00]
  RHS     [1e-02, 2e+00]
Presolving model
6 rows, 7 cols, 14 nonzeros 0s
5 rows, 7 cols, 12 nonzeros 0s
Presolve reductions: rows 5(-16); columns 7(-11); nonzeros 12(-32) 
Solving the presolved LP
Using dual simplex solver
  Iteration        Objective     Infeasibilities num(sum)
          0     0.0000000000e+00 Pr: 4(0.19) 0.0s
          2     6.0000000000e-04 Pr: 0(0) 0.0s

Performed postsolve
Solving the original LP from the solution after postsolve

Model status        : Optimal
Simplex   iterations: 2
Objective value     :  6.0000000000e-04
P-D objective error :  0.0000000000e+00
HiGHS run time      :          0.00
GO3_PROGRESS {"epoch_seconds":1.789984887448e9,"event":"reserve_benders_solve_returned","solve_seconds":0.001447916030883789,"pid":27784,"mode":"recourse","stage":"source_reserve_benders","termination":"OPTIMAL","simplex_iterations":2,"barrier_iterations":0,"has_primal":true,"period":1,"native_status":7,"solve_wall_seconds":0.002000093460083008,"round":2,"remaining_work_seconds":95.67239260673523}
GO3_PROGRESS {"epoch_seconds":1.789984887885e9,"event":"reserve_benders_hour_complete","pid":27784,"mode":"recourse","hours_completed":1,"stage":"source_reserve_benders","hours_required":3,"kind":"cost","period":1,"round":2,"remaining_work_seconds":95.2353925704956}
Running HiGHS 1.15.1 (git hash: 04024d701f): Copyright (c) 2026 under MIT licence terms
Includes third-party software components, see THIRD_PARTY_NOTICES.md for full details
Using BLAS: libblastrampoline 
GO3_PROGRESS {"epoch_seconds":1.78998488799e9,"event":"reserve_benders_solve_begin","actual_limit_seconds":5.0,"pid":27784,"period":2,"mode":"recourse","stage":"source_reserve_benders","round":2,"remaining_work_seconds":95.13039255142212}
LP has 21 rows; 18 cols; 44 nonzeros
Coefficient ranges:
  Matrix  [5e-02, 1e+00]
  Cost    [1e-02, 1e+02]
  Bound   [5e-01, 4e+00]
  RHS     [1e-02, 2e+00]
Presolving model
6 rows, 7 cols, 14 nonzeros 0s
5 rows, 7 cols, 12 nonzeros 0s
Presolve reductions: rows 5(-16); columns 7(-11); nonzeros 12(-32) 
Solving the presolved LP
Using dual simplex solver
  Iteration        Objective     Infeasibilities num(sum)
          0     0.0000000000e+00 Pr: 4(0.19) 0.0s
          2     1.2000000000e-03 Pr: 0(0) 0.0s

Performed postsolve
Solving the original LP from the solution after postsolve

Model status        : Optimal
Simplex   iterations: 2
Objective value     :  1.2000000000e-03
P-D objective error :  0.0000000000e+00
HiGHS run time      :          0.00
GO3_PROGRESS {"epoch_seconds":1.789984887991e9,"event":"reserve_benders_solve_returned","solve_seconds":0.0005049705505371094,"pid":27784,"mode":"recourse","stage":"source_reserve_benders","termination":"OPTIMAL","simplex_iterations":2,"barrier_iterations":0,"has_primal":true,"period":2,"native_status":7,"solve_wall_seconds":0.0009999275207519531,"round":2,"remaining_work_seconds":95.12939262390137}
GO3_PROGRESS {"epoch_seconds":1.789984888006e9,"event":"reserve_benders_hour_complete","pid":27784,"mode":"recourse","hours_completed":2,"stage":"source_reserve_benders","hours_required":3,"kind":"cost","period":2,"round":2,"remaining_work_seconds":95.11439251899719}
Running HiGHS 1.15.1 (git hash: 04024d701f): Copyright (c) 2026 under MIT licence terms
Includes third-party software components, see THIRD_PARTY_NOTICES.md for full details
Using BLAS: libblastrampoline 
GO3_PROGRESS {"epoch_seconds":1.789984888096e9,"event":"reserve_benders_solve_begin","actual_limit_seconds":5.0,"pid":27784,"period":3,"mode":"recourse","stage":"source_reserve_benders","round":2,"remaining_work_seconds":95.02439260482788}
LP has 21 rows; 18 cols; 44 nonzeros
Coefficient ranges:
  Matrix  [5e-02, 1e+00]
  Cost    [3e-03, 2e+01]
  Bound   [5e-01, 4e+00]
  RHS     [1e-02, 2e+00]
Presolving model
6 rows, 7 cols, 14 nonzeros 0s
5 rows, 7 cols, 12 nonzeros 0s
Presolve reductions: rows 5(-16); columns 7(-11); nonzeros 12(-32) 
Solving the presolved LP
Using dual simplex solver
  Iteration        Objective     Infeasibilities num(sum)
          0     0.0000000000e+00 Pr: 4(0.19) 0.0s
          2     3.0000000000e-04 Pr: 0(0) 0.0s

Performed postsolve
Solving the original LP from the solution after postsolve

Model status        : Optimal
Simplex   iterations: 2
Objective value     :  3.0000000000e-04
P-D objective error :  0.0000000000e+00
HiGHS run time      :          0.00
GO3_PROGRESS {"epoch_seconds":1.789984888099e9,"event":"reserve_benders_solve_returned","solve_seconds":0.001332998275756836,"pid":27784,"mode":"recourse","stage":"source_reserve_benders","termination":"OPTIMAL","simplex_iterations":2,"barrier_iterations":0,"has_primal":true,"period":3,"native_status":7,"solve_wall_seconds":0.002000093460083008,"round":2,"remaining_work_seconds":95.02139258384705}
GO3_PROGRESS {"epoch_seconds":1.789984888111e9,"event":"reserve_benders_hour_complete","pid":27784,"mode":"recourse","hours_completed":3,"stage":"source_reserve_benders","hours_required":3,"kind":"cost","period":3,"round":2,"remaining_work_seconds":95.0093924999237}
GO3_PROGRESS {"epoch_seconds":1.789984888336e9,"event":"reserve_benders_incumbent_audited","pid":27784,"mode":"recourse","objective":1732.1479,"stage":"source_reserve_benders","round":2,"maximum_residual":0.0,"remaining_work_seconds":94.78439259529114}
GO3_PROGRESS {"epoch_seconds":1.789984888376e9,"event":"reserve_benders_stage_complete","pid":27784,"result_sha256":"eea389480abee9849e8218b0748698c286c573e2e8020093422b60f215d0f527","mode":"recourse","stage":"source_reserve_benders","round":2,"remaining_work_seconds":94.74439263343811}
