C:\Users\thoma\Documents\go3-division2-cpu\.cache\upstream\C3DataUtilities\datautilities\ctgmodel.py:126: SparseEfficiencyWarning: splu converted its input to CSC format
  a_factors = scipy.sparse.linalg.splu(a_mat)
C:\Users\thoma\Documents\go3-division2-cpu\.cache\upstream\C3DataUtilities\datautilities\ctgmodel.py:379: SparseEfficiencyWarning: splu converted its input to CSC format
  a_factors_t = scipy.sparse.linalg.splu(a_mat_t)
{
  "pass": true,
  "complete": true,
  "candidate_sha256": "1f1c5a600925f14c2bb494aed9a4276ebe29f7a4d1e50009fccb774fe14d1c65",
  "input_sha256": "865bbc89659575b63f5fa2d79d824f7f54e3441cb4f70aaf97d66a476b40431c",
  "independent_seconds": 0.00814739998895675,
  "official_seconds": 0.5552411000244319,
  "objective": 1732.1459647319407,
  "official_feas": 1,
  "official_phys_feas": 1,
  "independent_hard_pass": true,
  "max_hard_residual": 0.0,
  "objective_discrepancy": 5.229594535194337e-12,
  "objective_agreement": true,
  "contingencies_completed": 9,
  "contingencies_required": 9,
  "max_p_imbalance_pu": 1.525059245555127e-10,
  "max_q_imbalance_pu": 2.3062018232600234e-09,
  "max_contingency_overload_pu": 0.0,
  "costs_total": {
    "production": 17.50193050079136,
    "demand_benefit": 1750.0,
    "on": 0.35000000000000003,
    "startup": 0.0,
    "shutdown": 0.0,
    "reserve_awards": 0.0021001930500791363,
    "switching": 0.0,
    "real_imbalance": 4.173931200668335e-07,
    "reactive_imbalance": 4.156819267270295e-06,
    "base_overload": 0.0,
    "reserve_shortfall": 0.0,
    "contingency_worst": 0.0,
    "contingency_average": 0.0
  },
  "verification_directory": "C:\\Users\\thoma\\Documents\\go3-division2-cpu\\tmp\\reserve_handoff_development_ctk_m6r0\\verification",
  "total_verification_seconds": 0.5633961000130512
}
