GO3_PROGRESS {"elapsed_worker_seconds":0.07699990272521973,"stage":"loading","remaining_work_seconds":2849.2210421562195}
GO3_PROGRESS {"elapsed_worker_seconds":3.674999952316284,"stage":"scheduling","remaining_work_seconds":2845.6230421066284}
GO3_PROGRESS {"elapsed_scheduling_seconds":9.717999935150146,"event":"isolated_result_restored","elapsed_worker_seconds":13.498999834060669,"stage":"scheduling_event","optimization_calls":0,"native_exited":true,"remaining_work_seconds":2835.799042224884}
Rounded shunt steps:
GO3_PROGRESS {"devices":18005,"final_reserve_optimization_required":true,"full_case_checks_required":true,"policy":"use_joint_schedule_unverified","external_solution_read":false,"initial_solution_verified":false,"stage":"initial_reserve_handoff","source_values_changed":false,"periods":48,"optimization_calls":0,"elapsed_worker_seconds":18.044999837875366,"source":"current_attempt_joint_schedule","reserve_fields":10,"remaining_work_seconds":2831.2530422210693}
GO3_PROGRESS {"elapsed_worker_seconds":22.572999954223633,"stage":"schedule_candidate_ready","remaining_work_seconds":2826.725042104721}
GO3_PROGRESS {"elapsed_worker_seconds":77.75300002098083,"interval":1,"stage":"ac_optimization","interval_count":48,"remaining_work_seconds":2771.545042037964}
GO3_AC_INTERVAL_START {"variable_count":643822,"optimization_calls":0,"cost_blocks_initialized":78294,"initialization_seconds":6.4659998416900635,"interval":1,"objective_changed":false,"reserve_values_initialized":180050,"model_structure_changed":false,"feasibility_claimed":false,"policy":"current_schedule_preserving_restarts_v1","external_solution_read":false,"bounds_adjusted_start_assignments":28370,"scope":"Complete same-attempt primal only; AC and exhaustive verification remain mandatory","complete_current_primal_vector":true,"source_devices":18005,"source":"current_attempt_joint_schedule","source_bounds_changed":false}
GO3_AC_SOLVE_BEGIN {"epoch_seconds":1.789988316348e9,"policy":"symbolic_adaptive_v1","interval":1,"phase":"continuous_shunts"}
GO3_AC_NATIVE_INITIALIZATION {"complete_mapping":true,"maximum_relative_change_from_requested_start":1.000000010839616e-8,"iteration":0,"variable_count":643822,"maximum_absolute_change_from_requested_start":2.4285300170845403e-7,"audit_seconds":3.421999931335449,"phase":"continuous_shunt_candidate","scope":"Native first iterate readback, including Ipopt interior pushes; not a feasibility or dual certificate","original_unscaled_residual":14.399999894935002,"source_bounds_changed":false}

******************************************************************************
This program contains Ipopt, a library for large-scale nonlinear optimization.
 Ipopt is released as open source code under the Eclipse Public License (EPL).
         For more information visit https://github.com/coin-or/Ipopt
******************************************************************************

This is Ipopt version 3.14.19, running with linear solver MUMPS 5.9.0.

Number of nonzeros in equality constraint Jacobian...:  1001368
Number of nonzeros in inequality constraint Jacobian.:  1015351
Number of nonzeros in Lagrangian Hessian.............:  1423737

Total number of variables............................:   517792
                     variables with only lower bounds:    69933
                variables with lower and upper bounds:   424216
                     variables with only upper bounds:        0
Total number of equality constraints.................:   218254
Total number of inequality constraints...............:   341724
        inequality constraints with only lower bounds:    42452
   inequality constraints with lower and upper bounds:    33739
        inequality constraints with only upper bounds:   265533

iter    objective    inf_pr   inf_du lg(mu)  ||d||  lg(rg) alpha_du alpha_pr  ls
   0 -4.1315872e+08 1.44e+01 9.86e+01   0.0 0.00e+00    -  0.00e+00 0.00e+00   0
   1 -4.1315872e+08 1.44e+01 7.36e+03  -4.0 4.46e+01    -  7.39e-07 1.64e-06f  1
   2 -4.1315880e+08 1.44e+01 7.35e+03  -4.0 4.46e+01    -  1.21e-04 1.99e-04f  1
   3 -4.1315928e+08 1.44e+01 7.36e+03  -4.0 4.44e+01    -  1.75e-04 1.23e-03f  1
   4 -4.1315960e+08 1.44e+01 7.36e+03  -4.0 4.40e+01    -  1.16e-05 1.16e-03f  1
   5 -4.1316040e+08 1.43e+01 7.37e+03  -4.0 4.40e+01    -  1.97e-04 2.49e-03f  1
   6 -4.1316058e+08 1.43e+01 7.35e+03  -4.0 4.39e+01    -  2.01e-03 9.18e-04f  1
   7 -4.1316033e+08 1.42e+01 7.36e+03  -4.0 4.38e+01    -  2.94e-04 5.80e-03f  1
   8 -4.1311085e+08 1.42e+01 7.37e+03  -4.0 4.56e+01    -  2.30e-05 4.74e-03f  1
   9 -4.1249603e+08 1.41e+01 7.37e+03  -4.0 6.41e+02    -  1.47e-04 2.82e-03f  1
iter    objective    inf_pr   inf_du lg(mu)  ||d||  lg(rg) alpha_du alpha_pr  ls
  10 -4.0867908e+08 1.40e+01 7.37e+03  -4.0 1.41e+03    -  4.89e-04 7.89e-03f  1
  11 -4.0608598e+08 1.39e+01 7.36e+03  -4.0 1.37e+03    -  2.35e-03 5.50e-03f  1
  12 -4.0213411e+08 1.38e+01 7.36e+03  -4.0 1.35e+03    -  1.17e-04 8.44e-03f  1
  13 -3.9877884e+08 1.37e+01 7.36e+03  -4.0 1.35e+03    -  2.37e-04 6.43e-03f  1
  14 -3.9408428e+08 1.36e+01 7.36e+03  -4.0 1.35e+03    -  5.38e-04 8.08e-03f  1
  15 -3.9103870e+08 1.36e+01 7.35e+03  -4.0 1.34e+03    -  1.23e-03 4.72e-03f  1
  16 -3.8857746e+08 1.35e+01 7.34e+03  -4.0 1.31e+03    -  7.75e-04 3.73e-03f  1
  17 -3.8335365e+08 1.34e+01 7.34e+03  -4.0 1.34e+03    -  3.86e-04 6.45e-03f  1
  18 -3.8292239e+08 1.34e+01 7.33e+03  -4.0 4.10e+02    -  1.11e-03 7.92e-04f  1
  19 -3.8170975e+08 1.34e+01 7.33e+03  -4.0 4.45e+02    -  1.76e-04 1.77e-03f  1
iter    objective    inf_pr   inf_du lg(mu)  ||d||  lg(rg) alpha_du alpha_pr  ls
  20 -3.8140090e+08 1.34e+01 7.33e+03  -4.0 6.32e+02    -  1.21e-04 4.03e-04f  1
  21 -3.8136657e+08 1.34e+01 7.33e+03  -4.0 1.80e+03    -  4.47e-05 2.93e-05f  1
  22 -3.7607625e+08 1.33e+01 7.33e+03  -4.0 1.85e+03    -  7.08e-05 4.44e-03f  1
  23 -3.7204272e+08 1.33e+01 7.31e+03  -4.0 1.84e+03    -  3.32e-03 3.44e-03f  1
  24 -3.6612671e+08 1.32e+01 7.31e+03  -4.0 1.80e+03    -  9.00e-05 5.20e-03f  1
  25 -3.6364419e+08 1.32e+01 7.30e+03  -4.0 1.75e+03    -  1.11e-03 2.36e-03f  1
  26 -3.5803695e+08 1.31e+01 7.30e+03  -4.0 1.85e+03    -  7.38e-05 4.69e-03f  1
  27 -3.5137780e+08 1.30e+01 7.29e+03  -4.0 2.01e+03    -  1.17e-03 4.67e-03f  1
  28 -3.5131084e+08 1.30e+01 7.28e+03  -4.0 2.02e+03    -  1.12e-03 4.66e-05f  1
  29 -3.3947302e+08 1.29e+01 7.28e+03  -4.0 2.03e+03    -  5.07e-04 8.19e-03f  1
iter    objective    inf_pr   inf_du lg(mu)  ||d||  lg(rg) alpha_du alpha_pr  ls
  30 -3.3936339e+08 1.29e+01 7.27e+03  -4.0 2.16e+03    -  6.81e-04 7.20e-05f  1
  31 -3.3757321e+08 1.29e+01 7.27e+03  -4.0 2.54e+03    -  1.23e-04 1.04e-03f  1
  32 -3.3642948e+08 1.29e+01 7.27e+03  -4.0 2.90e+03    -  4.84e-04 5.79e-04f  1
  33 -3.3320155e+08 1.29e+01 7.27e+03  -4.0 4.10e+03    -  2.38e-04 1.11e-03f  1
  34 -3.3318623e+08 1.29e+01 7.27e+03  -4.0 9.84e+01   0.0 1.43e-04 2.56e-04f  1
  35 -3.3310549e+08 1.29e+01 7.27e+03  -4.0 1.19e+02  -0.5 2.80e-05 7.52e-04f  1
  36 -3.3298877e+08 1.29e+01 7.26e+03  -4.0 4.13e+02  -1.0 2.39e-04 4.56e-04f  1
  37 -3.3287009e+08 1.29e+01 7.26e+03  -4.0 1.32e+02  -0.5 2.93e-04 1.02e-03f  1
  38 -3.3260659e+08 1.29e+01 7.26e+03  -4.0 3.52e+02  -1.0 3.72e-04 9.06e-04f  1
  39 -3.2946896e+08 1.28e+01 7.26e+03  -4.0 5.76e+03    -  2.64e-04 7.61e-04f  1
iter    objective    inf_pr   inf_du lg(mu)  ||d||  lg(rg) alpha_du alpha_pr  ls
  40 -3.2378189e+08 1.28e+01 7.25e+03  -4.0 6.39e+03    -  4.16e-04 1.25e-03f  1
  41 -3.1952147e+08 1.28e+01 7.25e+03  -4.0 6.29e+03    -  4.10e-04 9.78e-04f  1
  42 -3.1322249e+08 1.28e+01 7.25e+03  -4.0 6.12e+03    -  5.99e-04 1.51e-03f  1
  43 -2.9794647e+08 1.28e+01 7.24e+03  -4.0 5.73e+03    -  5.63e-04 4.03e-03f  1
  44 -2.9731952e+08 1.27e+01 7.23e+03  -4.0 4.44e+03    -  1.14e-03 2.28e-04f  1
  45 -2.9480937e+08 1.27e+01 7.23e+03  -4.0 4.42e+03    -  2.64e-05 9.16e-04f  1
  46 -2.9156018e+08 1.27e+01 7.23e+03  -4.0 4.36e+03    -  2.59e-04 1.20e-03f  1
  47 -2.8804114e+08 1.27e+01 7.23e+03  -4.0 4.26e+03    -  4.30e-04 1.33e-03f  1
  48 -2.8538729e+08 1.27e+01 7.22e+03  -4.0 4.18e+03    -  1.09e-03 1.02e-03f  1
  49 -2.8194302e+08 1.27e+01 7.22e+03  -4.0 4.25e+03    -  3.18e-04 1.28e-03f  1
iter    objective    inf_pr   inf_du lg(mu)  ||d||  lg(rg) alpha_du alpha_pr  ls
  50 -2.7996542e+08 1.27e+01 7.22e+03  -4.0 4.29e+03    -  6.59e-05 6.98e-04f  1
  51 -2.6985577e+08 1.26e+01 7.22e+03  -4.0 4.31e+03    -  2.69e-04 3.49e-03f  1
  52 -2.6954899e+08 1.26e+01 4.55e+04  -0.1 6.30e+03    -  1.95e-05 1.71e-04f  1
  53 -2.6128269e+08 1.26e+01 4.55e+04  -4.0 4.08e+03    -  7.58e-04 2.87e-03f  1
  54 -2.5645733e+08 1.26e+01 4.54e+04  -4.0 3.89e+03    -  1.03e-03 1.73e-03f  1
  55 -2.5411235e+08 1.26e+01 4.54e+04  -4.0 3.75e+03    -  6.00e-04 8.67e-04f  1
  56 -2.5395256e+08 1.25e+01 3.01e+04  -0.1 5.28e+03    -  2.07e-04 1.53e-04f  1
  57 -2.4977968e+08 1.25e+01 3.01e+04  -4.0 3.72e+03    -  7.55e-04 1.55e-03f  1
  58 -2.4695985e+08 1.25e+01 3.00e+04  -4.0 3.55e+03    -  1.09e-03 1.10e-03f  1
  59 -2.4212944e+08 1.25e+01 3.00e+04  -4.0 3.43e+03    -  8.32e-04 1.96e-03f  1
iter    objective    inf_pr   inf_du lg(mu)  ||d||  lg(rg) alpha_du alpha_pr  ls
  60 -2.3851914e+08 1.25e+01 3.00e+04  -4.0 3.29e+03    -  9.32e-04 1.53e-03f  1
  61 -2.3618388e+08 1.25e+01 3.00e+04  -4.0 3.24e+03    -  4.13e-04 1.01e-03f  1
  62 -2.3423438e+08 1.24e+01 3.00e+04  -4.0 3.35e+03    -  1.75e-04 8.25e-04f  1
  63 -2.3408523e+08 1.24e+01 2.99e+04  -4.0 3.35e+03    -  1.02e-03 6.35e-05f  1
  64 -2.2851428e+08 1.24e+01 2.99e+04  -4.0 3.59e+03    -  1.97e-04 2.27e-03f  1
  65 -2.2461126e+08 1.24e+01 2.99e+04  -4.0 3.50e+03    -  1.74e-03 1.63e-03f  1
  66 -2.1926981e+08 1.24e+01 2.99e+04  -4.0 3.40e+03    -  5.91e-04 2.26e-03f  1
  67 -2.1302880e+08 1.23e+01 2.99e+04  -4.0 3.32e+03    -  7.20e-04 2.70e-03f  1
  68 -2.0537125e+08 1.23e+01 2.99e+04  -4.0 3.24e+03    -  7.92e-04 3.39e-03f  1
  69 -1.9607330e+08 1.22e+01 2.99e+04  -4.0 3.37e+03    -  8.08e-04 4.04e-03f  1
iter    objective    inf_pr   inf_du lg(mu)  ||d||  lg(rg) alpha_du alpha_pr  ls
  70 -1.9306150e+08 1.22e+01 2.98e+04  -4.0 3.34e+03    -  1.24e-03 1.33e-03f  1
  71 -1.8458593e+08 1.22e+01 2.98e+04  -4.0 3.25e+03    -  1.86e-03 3.83e-03f  1
  72 -1.7691794e+08 1.21e+01 2.98e+04  -4.0 3.11e+03    -  1.45e-04 3.63e-03f  1
  73 -1.7432967e+08 1.21e+01 2.97e+04  -4.0 2.98e+03    -  3.50e-03 1.28e-03f  1
  74 -1.5767407e+08 1.20e+01 2.96e+04  -4.0 2.85e+03    -  2.57e-03 8.57e-03f  1
  75 -1.5342083e+08 1.20e+01 2.96e+04  -4.0 2.49e+03    -  1.70e-03 2.52e-03f  1
  76 -1.5320260e+08 1.20e+01 2.96e+04  -4.0 2.40e+03    -  5.58e-04 1.35e-04f  1
  77 -1.3226034e+08 1.18e+01 2.96e+04  -4.0 2.39e+03    -  6.28e-04 1.30e-02f  1
  78 -1.3066166e+08 1.18e+01 2.96e+04  -4.0 2.01e+03    -  2.19e-03 1.19e-03f  1
  79 -1.2811501e+08 1.18e+01 2.95e+04  -4.0 1.97e+03    -  1.17e-03 1.90e-03f  1
iter    objective    inf_pr   inf_du lg(mu)  ||d||  lg(rg) alpha_du alpha_pr  ls
  80 -1.2747377e+08 1.18e+01 2.95e+04  -4.0 1.92e+03    -  1.44e-03 4.90e-04f  1
  81 -1.1874927e+08 1.17e+01 2.95e+04  -4.0 1.90e+03    -  6.76e-04 6.72e-03f  1
  82 -1.1626274e+08 1.17e+01 2.95e+04  -4.0 1.78e+03    -  9.12e-04 2.02e-03f  1
  83 -1.1219114e+08 1.16e+01 2.95e+04  -4.0 1.74e+03    -  1.04e-03 3.27e-03f  1
  84 -1.0460160e+08 1.16e+01 2.93e+04  -4.0 1.69e+03    -  5.48e-03 6.33e-03f  1
  85 -1.0211538e+08 1.15e+01 2.93e+04  -4.0 1.60e+03    -  3.11e-04 2.23e-03f  1
  86 -1.0074430e+08 1.15e+01 2.93e+04  -4.0 1.59e+03    -  1.48e-03 1.24e-03f  1
  87 -9.4336520e+07 1.15e+01 2.93e+04  -4.0 1.59e+03    -  9.88e-04 5.83e-03f  1
  88 -8.4210499e+07 1.14e+01 2.93e+04  -4.0 1.57e+03    -  1.22e-03 9.44e-03f  1
  89 -8.3780794e+07 1.14e+01 2.93e+04  -4.0 1.51e+03    -  1.11e-03 4.26e-04f  1
iter    objective    inf_pr   inf_du lg(mu)  ||d||  lg(rg) alpha_du alpha_pr  ls
  90 -8.2927803e+07 1.13e+01 2.91e+04  -4.0 1.50e+03    -  3.50e-03 8.51e-04f  1
  91 -8.2924142e+07 1.13e+01 1.87e+04  -0.1 4.74e+03    -  1.64e-04 3.20e-06f  1
  92 -8.2923713e+07 1.13e+01 1.87e+04  -4.0 1.31e+01   3.0 6.65e-05 5.26e-05h  1
  93 -8.2951923e+07 1.13e+01 7.00e+03   0.1 1.20e+01   3.5 5.48e-05 8.30e-05f  1
  94 -8.2950692e+07 1.13e+01 7.00e+03  -4.0 9.86e+00   3.0 1.22e-04 1.72e-04h  1
  95 -8.2989872e+07 1.13e+01 1.81e+04   0.1 1.49e+01   3.4 1.53e-04 1.26e-04f  1
  96 -8.3039742e+07 1.13e+01 7.00e+03  -0.1 1.87e+01   2.9 1.74e-04 2.34e-04f  1
  97 -8.3084686e+07 1.13e+01 6.34e+04   0.1 1.46e+01   3.4 3.14e-04 1.82e-04f  1
  98 -8.3143851e+07 1.13e+01 9.62e+04  -0.1 1.70e+01   2.9 4.56e-04 3.46e-04f  1
  99 -8.3190610e+07 1.13e+01 2.20e+05   0.1 1.36e+01   3.3 4.87e-04 2.30e-04f  1
iter    objective    inf_pr   inf_du lg(mu)  ||d||  lg(rg) alpha_du alpha_pr  ls
 100 -8.3279451e+07 1.13e+01 3.00e+05  -0.1 1.49e+01   2.8 8.91e-04 6.22e-04f  1
 101 -8.3345116e+07 1.13e+01 5.59e+05   0.3 1.77e+01   3.3 5.69e-04 2.36e-04f  1
 102 -8.3491394e+07 1.13e+01 8.53e+05   0.1 1.76e+01   2.8 1.37e-03 7.59e-04f  1
 103 -8.3539067e+07 1.13e+01 1.39e+06   0.1 1.16e+01   3.2 1.45e-03 3.29e-04f  1
 104 -8.3537712e+07 1.13e+01 1.39e+06  -4.0 9.05e+00   2.7 3.76e-04 1.14e-03h  1
 105 -8.3642701e+07 1.13e+01 2.27e+06   0.1 1.16e+01   3.2 2.59e-03 7.59e-04f  1
 106 -8.3891676e+07 1.13e+01 2.21e+06  -0.1 1.12e+01   2.7 2.59e-03 2.76e-03f  1
 107 -8.4008178e+07 1.12e+01 3.75e+06   0.1 1.10e+01   3.1 4.19e-03 9.73e-04f  1
 108 -8.4179113e+07 1.12e+01 3.64e+06  -0.1 1.08e+01   2.6 1.80e-03 2.17e-03f  1
 109 -8.4429576e+07 1.12e+01 6.10e+06   0.1 1.07e+01   3.0 7.48e-03 2.32e-03f  1
iter    objective    inf_pr   inf_du lg(mu)  ||d||  lg(rg) alpha_du alpha_pr  ls
 110 -8.4450250e+07 1.11e+01 6.08e+06  -4.0 9.46e+00   2.6 1.54e-03 3.94e-03h  1
 111 -8.4645427e+07 1.11e+01 1.03e+07   0.1 1.04e+01   3.0 1.09e-02 1.98e-03f  1
 112 -8.4741829e+07 1.11e+01 1.36e+07   0.1 1.09e+01   2.5 8.02e-03 9.93e-04f  1
 113 -8.5467801e+07 1.11e+01 2.97e+07   0.3 1.10e+01   2.9 2.67e-02 5.49e-03f  1
 114 -8.5958122e+07 1.10e+01 3.31e+07   0.1 1.07e+01   2.5 1.53e-02 7.40e-03f  1
 115 -8.6155376e+07 1.09e+01 3.51e+07  -0.1 1.13e+01   2.0 1.25e-02 4.90e-03f  1
 116 -8.6405893e+07 1.09e+01 1.77e+08   0.6 1.09e+01   3.3 9.90e-02 1.80e-03f  1
 117 -8.7784636e+07 1.07e+01 1.93e+08   0.7 1.17e+01   2.8 2.36e-02 1.51e-02f  1
 118 -8.9998542e+07 1.06e+01 2.44e+08   1.0 1.70e+01   2.4 2.92e-02 1.53e-02f  1
 119 -9.4454380e+07 1.04e+01 3.51e+08   1.3 3.57e+01   1.9 3.16e-02 1.75e-02f  1
iter    objective    inf_pr   inf_du lg(mu)  ||d||  lg(rg) alpha_du alpha_pr  ls
 120 -9.8761509e+07 1.02e+01 6.24e+08   1.3 2.56e+01   2.3 5.70e-02 2.19e-02f  1
 121 -1.0525430e+08 9.64e+00 7.45e+08   1.1 3.01e+01   1.8 7.69e-02 5.13e-02f  1
 122 -1.0899525e+08 9.15e+00 8.61e+08   1.0 2.15e+01   2.3 8.89e-02 5.09e-02f  1
 123 -1.1535715e+08 8.99e+00 1.37e+09   1.8 3.23e+01   2.7 3.52e-02 1.71e-02f  1
 124 -1.2107921e+08 8.44e+00 1.64e+09   1.2 2.39e+01   2.2 1.08e-01 6.10e-02f  1
 125 -1.2437129e+08 8.28e+00 2.49e+09   1.6 2.30e+01   2.6 6.51e-02 1.92e-02f  1
 126 -1.2995577e+08 7.56e+00 2.33e+09   1.1 2.18e+01   2.2 9.59e-02 8.66e-02f  1
 127 -1.3385942e+08 7.26e+00 3.00e+09   1.4 1.91e+01   2.6 9.65e-02 3.97e-02f  1
 128 -1.4993755e+08 6.65e+00 2.35e+09   1.6 2.58e+01   2.1 6.62e-02 8.39e-02f  1
 129 -1.5000653e+08 6.44e+00 2.28e+09  -4.3 1.33e+01   2.5 1.13e-01 3.14e-02h  1
iter    objective    inf_pr   inf_du lg(mu)  ||d||  lg(rg) alpha_du alpha_pr  ls
 130 -1.5877297e+08 5.60e+00 1.75e+09   1.1 1.78e+01   2.1 1.04e-01 1.31e-01f  1
 131 -1.7481577e+08 5.26e+00 4.81e+09   1.8 2.44e+01   2.5 1.19e-01 6.03e-02f  1
 132 -1.7941460e+08 4.69e+00 4.70e+09   1.0 1.46e+01   2.0 1.57e-01 1.08e-01h  1
 133 -1.7941906e+08 4.58e+00 4.59e+09  -4.4 9.93e+00   2.4 9.77e-02 2.31e-02h  1
 134 -1.9015690e+08 3.67e+00 3.71e+09   1.0 1.34e+01   2.0 2.03e-01 1.99e-01h  1
 135 -2.1952017e+08 3.11e+00 5.75e+09   1.7 1.73e+01   2.4 1.94e-01 1.52e-01f  1
 136 -2.2231816e+08 2.82e+00 6.97e+09   0.9 9.06e+00   1.9 2.66e-01 9.51e-02h  1
 137 -2.3432340e+08 2.18e+00 3.55e+09   1.2 8.62e+00   2.3 1.52e-01 2.25e-01h  1
 138 -2.4617778e+08 1.52e+00 9.71e+07   0.9 7.13e+00   1.9 1.54e-01 3.04e-01h  1
 139 -2.4553338e+08 1.19e+00 8.24e+07  -0.7 3.16e+00   2.3 2.26e-01 2.14e-01h  1
iter    objective    inf_pr   inf_du lg(mu)  ||d||  lg(rg) alpha_du alpha_pr  ls
 140 -2.5817812e+08 1.01e+00 1.21e+10   1.1 7.48e+00   1.8 4.09e-01 1.51e-01h  1
 141 -2.5634857e+08 6.34e-01 7.57e+09  -4.8 1.93e+00   2.2 2.31e-01 3.73e-01f  1
 142 -2.5495512e+08 3.83e-01 5.44e+09  -0.1 1.97e+00   1.8 5.57e-01 3.97e-01h  1
 143 -2.6206511e+08 2.51e-01 7.78e+09   0.3 3.62e+00   1.3 5.25e-01 3.43e-01h  1
 144 -2.6649827e+08 2.52e-03 1.07e+10   0.1 1.85e+00   1.7 5.29e-01 9.90e-01h  1
 145 -2.6675832e+08 6.27e-04 6.44e+11   0.0 3.09e+00   1.2 4.69e-01 8.05e-01H  1
 146 -2.6725636e+08 6.18e-04 5.13e+12   0.2 8.19e+00   0.7 4.03e-01 1.47e-02h  4
 147 -2.6740394e+08 6.16e-04 1.13e+13   0.2 2.26e+01   0.3 4.22e-01 4.14e-03h  6
 148 -2.8737958e+08 9.18e-02 9.42e+12   0.5 5.37e+01  -0.2 8.12e-02 1.06e-01f  1
 149 -2.8823855e+08 6.03e-02 6.56e+12   0.2 2.66e+01   0.2 3.69e-01 3.43e-01H  1
iter    objective    inf_pr   inf_du lg(mu)  ||d||  lg(rg) alpha_du alpha_pr  ls
 150 -2.8667605e+08 5.77e-02 8.07e+12   0.2 7.57e+01  -0.3 1.26e-01 4.34e-02h  1
 151 -2.8772516e+08 4.62e-02 8.92e+12   0.2 3.02e+01   0.2 3.06e-01 1.98e-01h  2
 152 -2.9319787e+08 1.83e-02 5.17e+12   0.2 1.12e+01   0.6 6.62e-01 6.04e-01h  1
 153 -2.9251180e+08 1.50e-02 1.85e+13   0.2 3.35e+01   0.1 3.77e-01 1.78e-01h  2
 154 -2.9405127e+08 9.04e-03 5.62e+13   0.2 1.26e+01   0.5 1.00e+00 4.65e-01h  1
 155 -2.9395972e+08 9.24e-03 1.16e+14   0.2 3.72e+01   0.1 4.59e-01 6.72e-02h  1
 156 -2.9677350e+08 1.25e-02 9.45e+13   0.2 1.42e+01   0.5 1.00e+00 6.73e-01h  1
 157 -2.9599911e+08 1.29e-02 3.22e+14   0.2 4.12e+01   0.0 5.38e-01 9.32e-02h  3
 158 -2.9557064e+08 1.44e-02 4.06e+14   0.2 1.13e+02  -0.5 1.60e-01 1.05e-02h  5
 159 -2.9444894e+08 1.60e-02 8.94e+14   0.2 4.59e+01  -0.0 1.00e+00 1.04e-01h  3
iter    objective    inf_pr   inf_du lg(mu)  ||d||  lg(rg) alpha_du alpha_pr  ls
 160 -2.9341556e+08 1.72e-02 9.77e+14   0.2 1.23e+02  -0.5 1.79e-01 2.23e-02h  5
 161 -2.9207791e+08 1.86e-02 1.49e+15   0.2 5.06e+01  -0.1 1.00e+00 9.86e-02h  4
 162 -2.9092468e+08 1.88e-02 1.57e+15   0.2 1.34e+02  -0.6 1.68e-01 2.20e-02h  5
 163 -2.9009732e+08 1.87e-02 2.22e+15   0.2 5.57e+01  -0.1 1.00e+00 4.97e-02h  5
 164 -2.8905620e+08 1.86e-02 2.31e+15   0.2 1.46e+02  -0.6 1.77e-01 1.78e-02h  5
 165 -2.8750230e+08 1.90e-02 2.88e+15   0.2 6.13e+01  -0.2 1.00e+00 7.94e-02h  4
 166 -2.8662757e+08 1.88e-02 2.99e+15   0.2 1.56e+02  -0.7 1.86e-01 1.37e-02h  5
 167 -2.7583436e+08 6.46e-02 2.02e+15   0.2 6.63e+01  -0.2 1.00e+00 4.83e-01w  1
 168 -2.7594354e+08 6.30e-02 2.58e+15   0.2 2.55e+01  -0.7 3.78e-01 2.47e-02w  1
 169 -2.8051492e+08 6.69e-02 1.82e+15   0.2 1.51e+01  -0.3 1.00e+00 5.85e-01w  1
iter    objective    inf_pr   inf_du lg(mu)  ||d||  lg(rg) alpha_du alpha_pr  ls
 170 -2.8527842e+08 1.85e-02 3.66e+15   0.2 2.23e+01  -0.8 1.00e+00 6.03e-02h  3
 171 -2.8402221e+08 1.81e-02 4.06e+15   0.2 7.83e+01  -0.3 6.31e-01 4.48e-02h  4
 172 -2.7770589e+08 1.11e-02 1.10e+15   0.2 3.14e+01   0.1 1.00e+00 7.83e-01H  1
 173 -2.7787993e+08 1.08e-02 4.91e+15   0.2 1.55e+01  -0.4 8.64e-01 3.45e-02h  2
In iteration 173, 96623 Slacks too small, adjusting variable bounds
 174 -2.8188254e+08 3.30e-03 7.29e+14   0.2 8.62e+00   0.0 1.00e+00 9.25e-01H  1
In iteration 174, 18005 Slacks too small, adjusting variable bounds
 175 -2.8270698e+08 7.10e-03 2.62e+15   0.2 1.46e+01  -0.4 8.73e-01 1.84e-01f  2
In iteration 175, 18005 Slacks too small, adjusting variable bounds
 176 -2.8384771e+08 6.63e-03 2.02e+15   0.2 7.30e+00  -0.0 1.00e+00 5.00e-01H  1
In iteration 176, 18005 Slacks too small, adjusting variable bounds
 177 -2.8413760e+08 6.90e-03 2.65e+15   0.2 1.46e+01  -0.5 9.77e-01 7.70e-02f  4
In iteration 177, 18005 Slacks too small, adjusting variable bounds
 178 -2.8603561e+08 4.90e-04 6.17e+00   0.2 7.25e+00  -0.1 1.00e+00 1.00e+00F  1
 179 -1.8779034e+08 7.72e-04 2.15e+15  -0.5 3.28e+00  -0.5 8.23e-01 5.33e-01f  1
iter    objective    inf_pr   inf_du lg(mu)  ||d||  lg(rg) alpha_du alpha_pr  ls
 180 -1.2865926e+08 2.63e-02 1.20e+15  -0.5 1.01e+01  -1.0 1.00e+00 6.15e-01f  1
 181 -8.6666891e+07 5.59e-03 2.56e+14  -0.6 3.24e+00  -0.6 1.00e+00 8.52e-01f  1
 182 -9.6860523e+07 1.14e-02 6.06e+14  -0.3 1.43e+01  -1.1 1.00e+00 3.17e-01f  1
 183 -9.9424801e+07 2.49e-02 1.48e+14  -0.4 2.65e+01  -1.6 8.03e-01 4.31e-01f  1
 184 -1.0154272e+08 1.83e-02 1.30e+13  -0.4 9.94e+00  -1.1 1.00e+00 7.25e-01f  1
 185 -1.0340669e+08 2.74e-02 7.09e+12  -0.4 2.97e+01  -1.6 8.77e-01 4.54e-01f  1
 186 -1.0492240e+08 1.12e-02 6.17e+11  -0.4 1.11e+01  -1.2 1.00e+00 9.13e-01f  1
 187 -7.8101022e+07 2.04e-02 3.96e+14  -1.1 3.29e+01  -1.7 2.58e-01 5.03e-01f  1
 188 -7.8511372e+07 1.97e-02 2.77e+14  -0.6 5.33e+01  -2.1 5.26e-01 3.87e-02f  1
 189 -7.4755591e+07 6.84e-02 5.25e-01  -0.7 1.18e+01  -1.7 1.00e+00 1.00e+00f  1
iter    objective    inf_pr   inf_du lg(mu)  ||d||  lg(rg) alpha_du alpha_pr  ls
 190 -7.1423852e+07 4.72e-02 1.05e+13  -0.9 2.61e+01  -2.2 3.47e-01 3.15e-01f  1
 191 -6.8109404e+07 1.64e-02 2.28e+13  -0.8 1.18e+01  -1.8 1.00e+00 8.21e-01f  1
 192 -6.7455302e+07 9.68e-02 4.14e+13  -0.9 1.50e+01  -2.2 8.88e-01 4.83e-01f  1
 193 -6.5190634e+07 7.50e-02 6.77e+13  -1.0 6.06e+00  -1.8 3.85e-01 2.26e-01f  1
 194 -6.2139406e+07 7.78e-02 3.06e+13  -1.0 1.38e+01  -2.3 8.23e-01 6.95e-01f  1
 195 -6.9018901e+07 3.45e-01 6.64e+13  -0.7 3.66e+01  -2.8 1.28e-01 2.12e-01f  1
 196 -6.5196130e+07 1.85e-01 1.85e+13  -1.0 1.43e+01  -2.3 4.13e-01 5.14e-01f  1
 197 -6.4364157e+07 1.03e-01 5.10e+13  -1.0 3.52e+01  -2.8 1.00e+00 4.81e-01f  1
 198 -6.5016430e+07 8.23e-02 4.05e+13  -1.0 6.50e+01  -3.3 6.71e-01 2.06e-01f  1
 199 -6.3580832e+07 1.25e-03 1.84e-01  -1.0 3.17e+00  -2.0 1.00e+00 1.00e+00f  1
iter    objective    inf_pr   inf_du lg(mu)  ||d||  lg(rg) alpha_du alpha_pr  ls
 200 -6.2590731e+07 3.85e-03 7.06e+11  -1.0 7.37e+00  -2.4 9.17e-01 9.34e-01f  1
 201 -6.2675976e+07 3.93e-03 1.69e+13  -1.1 7.78e+03    -  5.11e-01 3.10e-02f  1
 202 -5.9757451e+07 1.08e-02 2.49e+13  -1.1 1.56e+01  -2.9 1.84e-01 5.07e-01f  1
 203 -5.9002520e+07 1.19e-01 1.26e-01  -1.1 2.37e+01  -3.4 1.00e+00 1.00e+00f  1
 204 -5.1660050e+07 1.12e-01 3.01e+13  -1.6 2.22e+03    -  5.31e-02 1.62e-01f  1
 205 -4.8972218e+07 6.95e-02 2.73e+13  -1.2 1.72e+02    -  1.00e+00 4.01e-01f  1
 206 -4.5823547e+07 5.16e-03 1.26e+12  -1.2 2.28e+01    -  7.04e-01 9.87e-01f  1
 207 -3.8776384e+07 3.28e-03 4.01e+13  -1.3 2.26e+01    -  1.00e+00 5.01e-01f  1
 208 -2.7988769e+07 1.25e-02 9.86e-02  -1.4 1.99e+01    -  1.00e+00 1.00e+00f  1
 209 -2.4819976e+07 1.06e-03 6.25e-02  -1.4 7.64e+00    -  1.00e+00 1.00e+00f  1
iter    objective    inf_pr   inf_du lg(mu)  ||d||  lg(rg) alpha_du alpha_pr  ls
 210 -1.6871068e+07 9.42e-03 3.85e+13  -1.5 1.93e+01    -  2.22e-01 1.00e+00f  1
 211 -2.1466839e+07 3.47e-03 2.68e+12  -1.5 1.09e+01    -  1.00e+00 9.09e-01f  1
 212 -1.6829861e+07 3.65e-03 5.90e-02  -1.5 1.20e+01    -  1.00e+00 1.00e+00f  1
 213 -1.4769718e+07 2.84e-03 1.47e+13  -1.6 1.69e+01    -  9.87e-01 4.79e-01f  1
 214 -1.0307091e+07 7.28e-03 4.82e-02  -1.7 3.40e+01    -  1.00e+00 1.00e+00f  1
 215 -8.0701899e+06 1.40e-02 3.27e+12  -1.8 3.69e+01    -  8.60e-01 7.15e-01f  1
 216 -4.6492464e+06 2.45e-01 6.32e+12  -1.9 7.71e+01    -  1.00e+00 8.02e-01f  1
 217 -2.8341956e+06 6.51e-02 1.80e+11  -2.0 5.22e+01    -  1.00e+00 9.88e-01f  1
 218 -1.6198259e+06 7.66e-02 5.94e-02  -2.0 5.16e+01    -  1.00e+00 1.00e+00f  1
 219 -1.3239442e+06 9.54e-01 5.61e+12  -2.4 1.55e+02    -  2.55e-01 7.76e-02f  1
iter    objective    inf_pr   inf_du lg(mu)  ||d||  lg(rg) alpha_du alpha_pr  ls
 220 -4.9670098e+05 2.06e-01 3.73e-02  -2.1 2.09e+01    -  1.00e+00 1.00e+00f  1
 221  4.5427217e+05 1.87e-02 3.19e+12  -2.2 1.55e+01    -  6.03e-01 1.00e+00f  1
 222  3.9937600e+05 1.47e-03 8.24e-03  -2.2 3.71e+00    -  1.00e+00 1.00e+00h  1
 223  1.1544667e+06 4.68e-02 6.78e+11  -2.3 1.73e+01    -  8.90e-01 9.95e-01f  1
 224  1.5103489e+06 1.77e-02 8.58e-03  -2.3 5.93e+00    -  1.00e+00 1.00e+00f  1
 225  1.8112336e+06 2.58e-02 8.14e-03  -2.4 1.09e+01    -  1.00e+00 1.00e+00f  1
 226  2.2154259e+06 7.57e-02 8.68e+11  -3.1 8.03e+01    -  2.29e-01 1.82e-01f  1
 227  2.5152368e+06 1.14e-01 6.05e-03  -2.5 1.92e+01    -  1.00e+00 1.00e+00f  1
 228  2.8839153e+06 8.20e-02 9.61e+11  -2.6 2.34e+01    -  9.97e-01 7.59e-01f  1
 229  3.1016564e+06 4.27e-02 1.27e+11  -2.7 1.06e+01    -  1.00e+00 9.33e-01h  1
iter    objective    inf_pr   inf_du lg(mu)  ||d||  lg(rg) alpha_du alpha_pr  ls
 230  3.3566820e+06 3.18e-02 8.45e+11  -2.8 9.59e+00    -  1.00e+00 7.11e-01f  1
 231  3.6030058e+06 6.53e-02 2.45e+11  -2.8 3.05e+00  -3.9 1.00e+00 8.89e-01f  1
 232  3.6939718e+06 3.56e-02 2.56e+11  -2.9 1.04e+01    -  1.00e+00 7.30e-01h  1
 233  3.6965901e+06 4.75e-01 2.35e+11  -2.9 7.65e+01    -  4.48e-02 8.58e-02h  1
 234  3.8947154e+06 1.33e-01 1.39e+10  -3.0 1.46e+01    -  1.00e+00 9.91e-01f  1
 235  4.0023061e+06 2.35e-02 4.03e-03  -3.0 3.23e+00  -4.3 1.00e+00 1.00e+00h  1
 236  4.0652289e+06 1.78e-02 1.48e+12  -3.2 1.11e+00  -3.0 9.95e-01 2.43e-01f  1
 237  4.2365267e+06 6.25e-03 6.78e+11  -3.3 1.07e+00  -2.6 1.00e+00 6.52e-01f  1
 238  4.3071325e+06 5.21e-03 7.64e+11  -3.4 2.09e+00  -3.1 1.00e+00 3.96e-01f  1
 239  4.4022615e+06 2.61e-03 1.18e+10  -3.4 8.41e-01  -2.6 8.72e-01 1.00e+00f  1
iter    objective    inf_pr   inf_du lg(mu)  ||d||  lg(rg) alpha_du alpha_pr  ls
 240  4.4634115e+06 1.46e-02 3.95e+11  -3.6 3.14e+00  -3.1 1.00e+00 5.16e-01f  1
 241  4.4685817e+06 2.08e-02 5.10e+11  -3.7 2.17e+01  -3.6 4.93e-01 4.87e-02h  1
 242  4.5623258e+06 6.51e-03 2.89e+11  -3.8 2.52e+00  -3.2 1.00e+00 6.83e-01f  1
 243  4.5191676e+06 9.67e-03 3.28e+10  -3.5 3.14e+00  -3.6 6.98e-01 5.88e-01f  1
 244  4.5355811e+06 2.18e-02 1.07e+11  -3.7 7.40e+00  -4.1 6.26e-01 3.25e-01h  1
 245  4.5581492e+06 8.37e-03 7.11e+10  -3.7 2.95e+00  -3.7 1.00e+00 6.67e-01h  1
 246  4.5658144e+06 1.76e-02 2.76e+10  -3.7 8.74e+00  -4.2 1.00e+00 6.11e-01h  1
 247  4.6076969e+06 7.29e-03 4.03e-03  -3.8 3.25e+00  -3.8 1.00e+00 1.00e+00h  1
 248  4.6082699e+06 1.01e-02 2.80e+07  -3.8 9.36e+00  -4.2 1.00e+00 4.41e-01h  1
 249  4.6218603e+06 5.15e-03 7.64e+08  -3.8 1.71e+00  -3.8 1.00e+00 9.91e-01h  1
iter    objective    inf_pr   inf_du lg(mu)  ||d||  lg(rg) alpha_du alpha_pr  ls
 250  4.6431033e+06 3.02e-02 1.98e-03  -3.9 5.08e+00  -4.3 1.00e+00 1.00e+00h  1
 251  4.6556845e+06 2.26e-03 9.89e-04  -4.0 2.16e+00  -3.9 1.00e+00 1.00e+00h  1
 252  4.6666868e+06 2.38e-02 2.78e+09  -4.0 6.96e+00  -4.3 1.00e+00 9.60e-01h  1
 253  4.6670354e+06 4.48e-01 1.75e+09  -4.0 2.54e+01  -4.8 2.55e-01 3.90e-01h  1
 254  4.6815373e+06 1.33e-01 2.78e+10  -4.1 5.83e+00  -4.4 6.79e-01 1.00e+00h  1
 255  4.6833212e+06 1.14e-01 6.25e+10  -4.2 1.01e+01  -4.9 1.00e+00 1.44e-01h  1
 256  4.6632141e+06 8.86e-02 7.05e+10  -3.8 9.83e+00  -5.3 2.19e-01 2.66e-01f  1
 257  4.6796145e+06 4.36e-02 6.31e+10  -4.1 7.35e+00  -4.9 1.00e+00 6.10e-01h  1
 258  4.6902188e+06 1.04e-02 2.39e-02  -4.1 4.80e+00  -4.5 9.11e-01 1.00e+00h  1

Number of Iterations....: 258

                                   (scaled)                 (unscaled)
Objective...............:  -9.3804375750163615e+02    4.6902187875081804e+06
Dual infeasibility......:   2.3920896953717907e-02    1.1960448476858954e+02
Constraint violation....:   1.0353252084784437e-02    1.0353252084784437e-02
Variable bound violation:   0.0000000000000000e+00    0.0000000000000000e+00
Complementarity.........:   8.6665524148520198e-04    4.3332762074260094e+00
Overall NLP error.......:   1.0353252084784437e-02    1.1960448476858954e+02


Number of objective function evaluations             = 356
Number of objective gradient evaluations             = 259
Number of equality constraint evaluations            = 356
Number of inequality constraint evaluations          = 356
Number of equality constraint Jacobian evaluations   = 259
Number of inequality constraint Jacobian evaluations = 259
Number of Lagrangian Hessian evaluations             = 258
Total seconds in IPOPT (w/o function evaluations)    =    550.125
Total seconds in NLP function evaluations            =     50.701


Timing Statistics:

OverallAlgorithm....................:    600.827 (sys:      0.000 wall:    600.826)
 PrintProblemStatistics.............:      0.007 (sys:      0.000 wall:      0.007)
 InitializeIterates.................:     15.382 (sys:      0.000 wall:     15.382)
 UpdateHessian......................:      5.030 (sys:      0.000 wall:      5.023)
 OutputIteration....................:      0.016 (sys:      0.000 wall:      0.013)
 UpdateBarrierParameter.............:    337.556 (sys:      0.000 wall:    337.563)
 ComputeSearchDirection.............:    157.323 (sys:      0.000 wall:    157.326)
 ComputeAcceptableTrialPoint........:     65.862 (sys:      0.000 wall:     65.871)
 AcceptTrialPoint...................:      1.957 (sys:      0.000 wall:      1.953)
 CheckConvergence...................:     17.693 (sys:      0.000 wall:     17.689)
PDSystemSolverTotal.................:    466.104 (sys:      0.000 wall:    466.127)
 PDSystemSolverSolveOnce............:    446.688 (sys:      0.000 wall:    446.711)
 ComputeResiduals...................:     15.070 (sys:      0.000 wall:     15.070)
 StdAugSystemSolverMultiSolve.......:    451.556 (sys:      0.000 wall:    451.573)
 LinearSystemScaling................:      0.000 (sys:      0.000 wall:      0.000)
 LinearSystemSymbolicFactorization..:     13.454 (sys:      0.000 wall:     13.453)
 LinearSystemFactorization..........:      0.000 (sys:      0.000 wall:      0.000)
 LinearSystemBackSolve..............:    127.357 (sys:      0.000 wall:    127.384)
 LinearSystemStructureConverter.....:      0.000 (sys:      0.000 wall:      0.000)
  LinearSystemStructureConverterInit:      0.000 (sys:      0.000 wall:      0.000)
QualityFunctionSearch...............:     29.773 (sys:      0.000 wall:     29.765)
TryCorrector........................:      0.000 (sys:      0.000 wall:      0.000)
Task1...............................:     13.006 (sys:      0.000 wall:     12.996)
Task2...............................:     11.780 (sys:      0.000 wall:     11.766)
Task3...............................:      2.152 (sys:      0.000 wall:      2.120)
Task4...............................:      0.000 (sys:      0.000 wall:      0.000)
Task5...............................:      1.055 (sys:      0.000 wall:      1.110)
Task6...............................:      0.000 (sys:      0.000 wall:      0.000)
Function Evaluations................:     50.743 (sys:      0.000 wall:     50.701)
 Objective function.................:      0.183 (sys:      0.000 wall:      0.168)
 Objective function gradient........:      0.710 (sys:      0.000 wall:      0.697)
 Equality constraints...............:     38.232 (sys:      0.000 wall:     38.231)
 Inequality constraints.............:      0.394 (sys:      0.000 wall:      0.407)
 Equality constraint Jacobian.......:      0.582 (sys:      0.000 wall:      0.584)
 Inequality constraint Jacobian.....:      5.924 (sys:      0.000 wall:      5.906)
 Lagrangian Hessian.................:      4.718 (sys:      0.000 wall:      4.707)

EXIT: Maximum wallclock time exceeded.
GO3_AC_SOLVE_RETURNED {"timing_scope":"API time includes optimizer setup; native Ipopt timings are logged separately","effective_native_evaluator":"MathOptInterface.Nonlinear.SymbolicAD.Evaluator","native_backend_confirmed":true,"interval":1,"model_structure_changed":false,"policy":"symbolic_adaptive_v1","mu_strategy":"adaptive","optimizer_reported_seconds":609.1800000667572,"floating_point_bits":64,"phase":"continuous_shunts","effective_native_backend":"MathOptInterface.Nonlinear.SymbolicMode","optimize_api_wall_seconds":642.6119999885559,"source_bounds_changed":false}
GO3_AC_INITIALIZATION_AUDIT {"native_mapping_complete":true,"variable_count":643822,"objective_window_iterations":8,"discrete_solution_claimed":false,"native_original_probe_seconds":0.046000003814697266,"native_original_row_count":559978,"interval":1,"original_probe_interval":5,"certificate_scope":"continuous-shunt candidate only; not an admissible discrete solution, KKT certificate or global bound","minimum_iterations":20,"audit_only":true,"audit_count":0,"native_original_probe_count":1,"model_structure_changed":false,"native_variable_count":643822,"candidate_only":true,"native_initialization_audit_requested":true,"external_solution_read":false,"policy":"verified_continuous_shunt_candidate_v1","callback_count":259,"primal_residual_limit":1.0e-8,"residual_screen":"native_original_unscaled","native_initialization":{"complete_mapping":true,"maximum_relative_change_from_requested_start":1.000000010839616e-8,"iteration":0,"variable_count":643822,"maximum_absolute_change_from_requested_start":2.4285300170845403e-7,"audit_seconds":3.421999931335449,"scope":"Native first iterate readback, including Ipopt interior pushes; not a feasibility or dual certificate","original_unscaled_residual":14.399999894935002,"source_bounds_changed":false},"audit_seconds":0.0,"phase":"continuous_shunt_candidate","objective_relative_range_limit":1.0e-7,"enabled":true,"last_native_original_residual":14.399999894935002,"stop_requested":false,"source_bounds_changed":false}
GO3_AC_PHASE {"solve_seconds":609.1800000667572,"bound_and_gap_queried":true,"max_primal_residual":0.010353252084770226,"objective":null,"termination":"TIME_LIMIT","simplex_iterations":null,"bound":null,"barrier_iterations":258,"nodes":null,"native_relative_gap":null,"wall_limit_seconds":600.0,"interval":1,"primal_status":"INFEASIBLE_POINT","phase":"continuous_shunts","residual_audit_seconds":18.54699993133545,"wall_through_audit_seconds":661.9249999523163,"wall_seconds":643.3559999465942,"complete_finite_point":true,"relative_gap":null}
GO3_AC_PRIMAL_START {"requested_policy":"within_interval_primal_dual_v1","policy":"within_interval_complete_v1","variable_count":643822,"external_solution_read":false,"dual_skip_reason":"First point was not a converged residual-verified point with duals; retained complete primal only","acceptance_scope":"MOI primal attributes set and read back; installed Ipopt wrapper copies them into native x","interval":1,"source":"continuous_shunt_solve_in_same_interval_and_attempt","dual_or_basis_start":false,"primal_initialization_options":{"warm_start_init_point":"no","bound_push":1.0e-8,"slack_bound_push":1.0e-8,"bound_frac":1.0e-8,"slack_bound_frac":1.0e-8},"dual_transfer_used":false,"bounds_adjusted_start_count":20722,"accepted_interface_count":643822,"complete":true,"source_bounds_changed":false}
GO3_AC_SOLVE_BEGIN {"epoch_seconds":1.789988979201e9,"policy":"symbolic_adaptive_v1","interval":1,"phase":"rounded_shunts"}
GO3_AC_NATIVE_INITIALIZATION {"complete_mapping":true,"maximum_relative_change_from_requested_start":1.0e-8,"iteration":0,"variable_count":643822,"maximum_absolute_change_from_requested_start":1.0e-8,"audit_seconds":3.4240000247955322,"phase":"rounded_shunts","scope":"Native first iterate readback, including Ipopt interior pushes; not a feasibility or dual certificate","original_unscaled_residual":0.5765127944962908,"source_bounds_changed":false}
This is Ipopt version 3.14.19, running with linear solver MUMPS 5.9.0.

Number of nonzeros in equality constraint Jacobian...:   998651
Number of nonzeros in inequality constraint Jacobian.:  1015351
Number of nonzeros in Lagrangian Hessian.............:  1421020

Total number of variables............................:   515075
                     variables with only lower bounds:    69933
                variables with lower and upper bounds:   421499
                     variables with only upper bounds:        0
Total number of equality constraints.................:   218254
Total number of inequality constraints...............:   341724
        inequality constraints with only lower bounds:    42452
   inequality constraints with lower and upper bounds:    33739
        inequality constraints with only upper bounds:   265533

iter    objective    inf_pr   inf_du lg(mu)  ||d||  lg(rg) alpha_du alpha_pr  ls
   0  4.6902188e+06 5.77e-01 9.90e+01   0.0 0.00e+00    -  0.00e+00 0.00e+00   0
   1  4.6902132e+06 5.76e-01 2.80e+02  -4.0 3.09e+00    -  6.77e-03 9.45e-05h  1
   2  4.6898324e+06 5.72e-01 4.20e+02  -4.0 3.17e+00    -  1.21e-02 7.53e-03f  1
   3  4.6894836e+06 5.67e-01 5.53e+02  -4.0 3.34e+00    -  1.40e-02 9.62e-03h  1
   4  4.6888821e+06 5.55e-01 5.93e+02  -4.0 3.33e+00    -  2.30e-02 2.13e-02h  1
   5  4.6882490e+06 5.38e-01 7.38e+02  -4.0 3.06e+00    -  3.60e-02 3.07e-02h  1
   6  4.6874319e+06 5.08e-01 1.51e+02  -4.0 2.26e+00    -  2.71e-02 5.44e-02h  1
   7  4.6868041e+06 4.82e-01 9.72e+02  -4.0 1.91e+00    -  2.57e-02 5.22e-02h  1
   8  4.6863541e+06 4.60e-01 1.48e+03  -4.0 2.20e+00    -  2.84e-02 4.53e-02h  1
   9  4.6858100e+06 4.29e-01 3.52e+02  -4.1 2.45e+00    -  9.88e-02 6.78e-02h  1
iter    objective    inf_pr   inf_du lg(mu)  ||d||  lg(rg) alpha_du alpha_pr  ls
  10  4.6856722e+06 4.04e-01 1.64e+02  -4.1 2.44e+00    -  6.28e-02 5.76e-02h  1
  11  4.6856823e+06 3.75e-01 8.02e+02  -4.1 2.40e+00    -  1.01e-01 7.14e-02h  1
  12  4.6865534e+06 3.02e-01 5.21e+03  -4.2 2.67e+00    -  5.65e-03 1.96e-01h  1
  13  4.6868832e+06 2.70e-01 2.98e+02  -4.2 2.68e+00    -  2.37e-01 1.07e-01h  1
  14  4.6889131e+06 2.26e-01 1.42e+03  -4.3 2.40e+00    -  1.09e-01 1.61e-01h  1
  15  4.6904637e+06 2.02e-01 2.60e+03  -4.3 2.00e+00    -  7.04e-02 1.09e-01h  1
  16  4.6921370e+06 1.79e-01 4.33e+03  -4.4 1.86e+00    -  5.55e-02 1.12e-01h  1
  17  4.6940601e+06 1.57e-01 3.03e+03  -4.4 1.71e+00    -  1.45e-01 1.25e-01h  1
  18  4.6981029e+06 1.21e-01 5.80e+03  -4.5 1.54e+00    -  1.34e-01 2.26e-01h  1
  19  4.7008840e+06 1.02e-01 3.84e+03  -4.5 1.25e+00    -  1.80e-01 1.55e-01h  1
iter    objective    inf_pr   inf_du lg(mu)  ||d||  lg(rg) alpha_du alpha_pr  ls
  20  4.7025885e+06 9.37e-02 1.11e+04  -4.6 1.12e+00    -  4.46e-01 8.51e-02h  1
  21  4.7043913e+06 8.79e-02 1.83e+04  -4.9 1.54e+00    -  3.81e-01 6.17e-02h  1
  22  4.7092689e+06 7.55e-02 1.82e+04  -5.1 1.81e+00    -  2.97e-01 1.41e-01h  1
  23  4.7142556e+06 6.46e-02 1.69e+04  -5.2 1.96e+00    -  2.42e-01 1.45e-01h  1
  24  4.7176485e+06 5.80e-02 1.49e+04  -5.4 2.19e+00    -  8.07e-02 1.02e-01h  1
  25  4.7186730e+06 5.61e-02 1.61e+04  -5.4 2.23e+00    -  1.74e-01 3.30e-02h  1
  26  4.7199447e+06 5.38e-02 1.51e+04  -5.5 1.94e+00    -  2.98e-03 3.97e-02h  1
  27  4.7200829e+06 5.36e-02 1.76e+04  -5.5 1.59e+00    -  2.46e-01 4.49e-03h  1
  28  4.7209686e+06 5.21e-02 1.71e+04  -5.6 1.90e+00    -  2.72e-02 2.76e-02h  1
  29  4.7212601e+06 5.16e-02 1.93e+04  -5.6 1.84e+00    -  2.99e-01 9.42e-03h  1
iter    objective    inf_pr   inf_du lg(mu)  ||d||  lg(rg) alpha_du alpha_pr  ls
  30  4.7253493e+06 4.50e-02 1.61e+04  -5.8 2.44e+00    -  7.01e-03 1.28e-01h  1
  31  4.7267115e+06 4.28e-02 1.68e+04  -5.8 2.36e+00    -  2.71e-01 4.89e-02h  1
  32  4.7279569e+06 4.08e-02 1.73e+04  -5.9 2.43e+00    -  2.89e-01 4.56e-02h  1
  33  4.7314589e+06 3.55e-02 1.55e+04  -6.1 2.34e+00    -  2.70e-01 1.31e-01h  1
  34  4.7366204e+06 2.79e-02 1.21e+04  -6.2 4.10e+00    -  1.95e-01 2.15e-01h  1
  35  4.7379880e+06 2.59e-02 1.13e+04  -6.3 5.30e+00    -  6.68e-02 7.06e-02h  1
  36  4.7381126e+06 2.57e-02 1.23e+04  -6.3 5.80e+00    -  3.50e-01 6.90e-03h  1
  37  4.7397720e+06 2.34e-02 1.14e+04  -6.5 3.10e+00  -4.0 1.77e-01 9.05e-02h  1
  38  4.7402927e+06 2.27e-02 1.18e+04  -6.6 2.11e+00  -3.6 4.30e-01 3.10e-02h  1
  39  4.7417157e+06 2.07e-02 1.10e+04  -6.8 4.94e-01  -2.2 2.98e-01 8.82e-02h  1
iter    objective    inf_pr   inf_du lg(mu)  ||d||  lg(rg) alpha_du alpha_pr  ls
  40  4.7444840e+06 1.68e-02 9.06e+03  -7.0 3.52e-01  -1.8 3.86e-01 1.89e-01h  1
  41  4.7475714e+06 1.26e-02 6.76e+03  -7.2 7.27e-01  -2.3 1.88e-01 2.49e-01h  1
  42  4.7486839e+06 1.11e-02 5.88e+03  -7.3 4.26e-01  -1.9 2.67e-02 1.21e-01h  1
  43  4.7488026e+06 1.09e-02 6.00e+03  -7.3 7.09e-01  -2.3 2.75e-01 1.42e-02h  1
  44  4.7505639e+06 8.53e-03 4.67e+03  -7.4 4.56e-01  -1.9 1.86e-01 2.18e-01h  1
  45  4.7506844e+06 8.37e-03 4.73e+03  -7.5 7.68e-01  -2.4 2.65e-01 1.81e-02h  1
  46  4.7527437e+06 5.64e-03 3.11e+03  -7.7 4.84e-01  -2.0 1.53e-01 3.26e-01h  1
  47  4.7530499e+06 5.27e-03 3.01e+03  -7.7 7.70e-01  -2.4 2.50e-01 6.64e-02h  1
  48  4.7533984e+06 4.82e-03 2.76e+03  -7.9 4.67e-01  -2.0 9.90e-02 8.50e-02h  1
  49  4.7530625e+06 4.80e-03 3.92e+04  -4.0 4.57e+00  -2.5 1.36e-02 3.49e-03f  1
iter    objective    inf_pr   inf_du lg(mu)  ||d||  lg(rg) alpha_du alpha_pr  ls
  50  4.7531741e+06 4.67e-03 3.83e+04  -7.9 4.77e-01  -2.1 2.29e-01 2.72e-02h  1
  51  4.7537975e+06 3.99e-03 3.27e+04  -8.0 8.33e-01  -2.6 1.03e-01 1.46e-01h  1
  52  4.7543353e+06 3.37e-03 2.76e+04  -8.1 4.75e-01  -2.1 3.00e-01 1.55e-01h  1
  53  4.7547198e+06 2.97e-03 2.44e+04  -8.2 7.76e-01  -2.6 2.05e-01 1.18e-01h  1
  54  4.7549011e+06 2.77e-03 2.28e+04  -8.3 4.39e-01  -2.2 3.38e-01 6.83e-02h  1
  55  4.7547786e+06 2.75e-03 1.35e+05  -4.6 3.75e-01  -2.7 7.70e-02 5.40e-03f  1
  56  4.7549202e+06 2.60e-03 1.28e+05  -8.5 4.64e-01  -2.2 3.37e-01 5.43e-02h  1
  57  4.7532350e+06 2.26e-03 9.73e+04  -4.8 4.13e-01  -2.7 1.19e-01 1.32e-01f  1
  58  4.7508112e+06 2.26e-03 2.45e+05  -2.9 3.51e+01  -2.3 3.26e-03 1.83e-03f  1
  59  4.7456609e+06 2.25e-03 4.02e+05  -2.9 3.97e+01  -2.8 5.44e-03 3.92e-03f  1
iter    objective    inf_pr   inf_du lg(mu)  ||d||  lg(rg) alpha_du alpha_pr  ls
  60  4.7327948e+06 2.39e-03 2.92e+05  -2.9 3.24e+01  -3.2 3.30e-03 9.91e-03f  1
  61  4.7187522e+06 2.89e-03 8.37e+05  -2.9 2.07e+01  -2.8 5.97e-03 1.12e-02f  1
  62  4.7045246e+06 3.58e-03 1.33e+06  -2.9 1.78e+01  -3.3 6.89e-03 1.16e-02f  1
  63  4.6911386e+06 3.58e-03 1.38e+06  -2.9 3.09e+01  -3.8 1.04e-02 1.11e-02f  1
  64  4.6648875e+06 3.50e-03 2.85e+06  -2.9 1.44e+01  -3.3 8.68e-03 2.24e-02f  1
  65  4.6411153e+06 2.50e-02 3.37e+06  -2.9 2.86e+01  -3.8 1.58e-02 2.10e-02f  1
  66  4.6184238e+06 2.56e-02 3.60e+06  -2.9 1.27e+01  -3.4 1.84e-02 2.10e-02f  1
  67  4.5687733e+06 2.47e-02 7.40e+06  -2.9 1.00e+01  -3.0 1.35e-02 4.76e-02f  1
  68  4.4830779e+06 2.27e-02 1.32e+07  -2.9 7.01e+00  -2.5 3.53e-02 8.83e-02f  1
  69  4.4385955e+06 2.17e-02 1.15e+07  -2.9 7.63e+00  -3.0 5.99e-02 5.19e-02f  1
iter    objective    inf_pr   inf_du lg(mu)  ||d||  lg(rg) alpha_du alpha_pr  ls
  70  4.3734318e+06 2.00e-02 1.04e+07  -2.9 4.06e+00  -2.6 8.34e-02 8.23e-02f  1
  71  4.1661070e+06 1.59e-02 4.17e+07  -2.9 6.47e+00  -3.1 6.72e-02 2.90e-01f  1
  72  3.9321180e+06 1.34e-02 6.89e+07  -2.9 3.29e+00  -2.6 2.71e-01 4.91e-01h  1
  73  3.7796986e+06 1.33e-02 2.22e+08  -2.9 4.75e+00  -3.1 1.95e-01 6.60e-01H  1
  74  3.7021745e+06 4.52e-03 8.30e+08  -2.9 1.62e+00  -2.7 3.36e-01 9.99e-01h  1
  75  3.7006088e+06 6.69e-03 5.39e+11  -2.9 2.69e+00  -3.2 1.00e+00 4.16e-01H  1
  76  3.6990459e+06 3.73e-03 6.53e+11  -2.9 1.07e+00  -2.7 9.60e-01 6.62e-01h  1
  77  3.6985420e+06 3.30e-03 4.20e+12  -2.9 2.61e+00  -3.2 1.00e+00 2.13e-01h  2
  78  3.6976157e+06 2.17e-03 3.13e+12  -2.9 1.01e+00  -2.8 1.00e+00 6.92e-01h  1
  79  3.6973238e+06 2.03e-03 1.85e+13  -2.9 2.65e+00  -3.3 1.00e+00 1.74e-01h  3
iter    objective    inf_pr   inf_du lg(mu)  ||d||  lg(rg) alpha_du alpha_pr  ls
  80  3.6965417e+06 2.01e-03 5.89e+12  -2.9 1.04e+00  -2.8 1.00e+00 8.60e-01h  1
  81  3.6963376e+06 2.00e-03 1.44e+14  -2.9 2.65e+00  -3.3 1.00e+00 1.62e-01h  2
  82  3.6962486e+06 2.03e-03 3.28e+14  -2.9 7.77e+00  -3.8 1.00e+00 4.32e-02h  5
In iteration 82, 311 Slacks too small, adjusting variable bounds
  83  3.6951791e+06 2.65e-03 1.04e+14  -2.9 2.94e+00  -3.4 1.00e+00 8.05e-01H  1
  84  3.6951202e+06 2.56e-03 1.12e+15  -2.9 8.01e+00  -3.8 1.00e+00 4.20e-02h  5
  85  3.6950990e+06 2.54e-03 2.21e+15  -2.9 1.75e+01  -4.3 1.00e+00 9.80e-03h  7
  86  3.6950534e+06 2.48e-03 3.24e+15  -2.9 7.67e+00  -3.9 1.00e+00 2.82e-02h  6
  87  3.6950258e+06 2.45e-03 4.33e+15  -2.9 1.74e+01  -4.4 9.96e-01 1.27e-02h  7
  88  3.6949767e+06 2.39e-03 5.34e+15  -2.9 8.29e+00  -3.9 1.00e+00 2.94e-02h  6
  89  3.6949484e+06 2.36e-03 6.17e+15  -2.9 1.82e+01  -4.4 7.57e-01 1.29e-02h  7
iter    objective    inf_pr   inf_du lg(mu)  ||d||  lg(rg) alpha_du alpha_pr  ls
  90  3.6948979e+06 2.30e-03 7.17e+15  -2.9 9.00e+00  -4.0 1.00e+00 2.99e-02h  6
  91  3.6948693e+06 2.28e-03 7.97e+15  -2.9 1.90e+01  -4.5 7.18e-01 1.28e-02h  7
  92  3.6948174e+06 2.22e-03 8.96e+15  -2.9 9.70e+00  -4.1 1.00e+00 3.01e-02h  6
  93  3.6947883e+06 2.20e-03 9.74e+15  -2.9 1.96e+01  -4.5 6.94e-01 1.30e-02h  7

Number of Iterations....: 93

                                   (scaled)                 (unscaled)
Objective...............:  -7.3895765373900872e+02    3.6947882686950434e+06
Dual infeasibility......:   9.7433866687722260e+15    4.8716933343861129e+19
Constraint violation....:   2.1977705298614758e-03    2.1977705298614758e-03
Variable bound violation:   0.0000000000000000e+00    0.0000000000000000e+00
Complementarity.........:   1.5848740759402825e-02    7.9243703797014120e+01
Overall NLP error.......:   3.3104465105890968e+03    4.8716933343861129e+19


Number of objective function evaluations             = 202
Number of objective gradient evaluations             = 94
Number of equality constraint evaluations            = 202
Number of inequality constraint evaluations          = 202
Number of equality constraint Jacobian evaluations   = 94
Number of inequality constraint Jacobian evaluations = 94
Number of Lagrangian Hessian evaluations             = 93
Total seconds in IPOPT (w/o function evaluations)    =    211.503
Total seconds in NLP function evaluations            =     28.587


Timing Statistics:

OverallAlgorithm....................:    240.090 (sys:      0.000 wall:    240.090)
 PrintProblemStatistics.............:      0.008 (sys:      0.000 wall:      0.007)
 InitializeIterates.................:     19.192 (sys:      0.000 wall:     19.193)
 UpdateHessian......................:      2.028 (sys:      0.000 wall:      2.031)
 OutputIteration....................:      0.003 (sys:      0.000 wall:      0.004)
 UpdateBarrierParameter.............:     83.869 (sys:      0.000 wall:     83.871)
 ComputeSearchDirection.............:     83.032 (sys:      0.000 wall:     83.026)
 ComputeAcceptableTrialPoint........:     42.720 (sys:      0.000 wall:     42.719)
 AcceptTrialPoint...................:      0.629 (sys:      0.000 wall:      0.635)
 CheckConvergence...................:      8.609 (sys:      0.000 wall:      8.605)
PDSystemSolverTotal.................:    164.753 (sys:      0.000 wall:    164.756)
 PDSystemSolverSolveOnce............:    158.170 (sys:      0.000 wall:    158.178)
 ComputeResiduals...................:      5.070 (sys:      0.000 wall:      5.067)
 StdAugSystemSolverMultiSolve.......:    173.567 (sys:      0.000 wall:    173.574)
 LinearSystemScaling................:      0.000 (sys:      0.000 wall:      0.000)
 LinearSystemSymbolicFactorization..:     18.044 (sys:      0.000 wall:     18.044)
 LinearSystemFactorization..........:      0.000 (sys:      0.000 wall:      0.000)
 LinearSystemBackSolve..............:     44.954 (sys:      0.000 wall:     44.947)
 LinearSystemStructureConverter.....:      0.000 (sys:      0.000 wall:      0.000)
  LinearSystemStructureConverterInit:      0.000 (sys:      0.000 wall:      0.000)
QualityFunctionSearch...............:      8.316 (sys:      0.000 wall:      8.320)
TryCorrector........................:      0.000 (sys:      0.000 wall:      0.000)
Task1...............................:      3.610 (sys:      0.000 wall:      3.616)
Task2...............................:      3.316 (sys:      0.000 wall:      3.315)
Task3...............................:      0.612 (sys:      0.000 wall:      0.599)
Task4...............................:      0.000 (sys:      0.000 wall:      0.000)
Task5...............................:      0.305 (sys:      0.000 wall:      0.312)
Task6...............................:      0.000 (sys:      0.000 wall:      0.000)
Function Evaluations................:     28.605 (sys:      0.000 wall:     28.587)
 Objective function.................:      0.100 (sys:      0.000 wall:      0.089)
 Objective function gradient........:      0.246 (sys:      0.000 wall:      0.254)
 Equality constraints...............:     23.590 (sys:      0.000 wall:     23.581)
 Inequality constraints.............:      0.265 (sys:      0.000 wall:      0.270)
 Equality constraint Jacobian.......:      0.227 (sys:      0.000 wall:      0.226)
 Inequality constraint Jacobian.....:      2.257 (sys:      0.000 wall:      2.254)
 Lagrangian Hessian.................:      1.920 (sys:      0.000 wall:      1.913)

EXIT: Maximum wallclock time exceeded.
GO3_AC_SOLVE_RETURNED {"timing_scope":"API time includes optimizer setup; native Ipopt timings are logged separately","effective_native_evaluator":"MathOptInterface.Nonlinear.SymbolicAD.Evaluator","native_backend_confirmed":true,"interval":1,"model_structure_changed":false,"policy":"symbolic_adaptive_v1","mu_strategy":"adaptive","optimizer_reported_seconds":248.78000020980835,"floating_point_bits":64,"phase":"rounded_shunts","effective_native_backend":"MathOptInterface.Nonlinear.SymbolicMode","optimize_api_wall_seconds":248.7810001373291,"source_bounds_changed":false}
GO3_AC_PRIMAL_GUARD {"native_mapping_complete":true,"variable_count":643822,"objective_window_iterations":8,"discrete_solution_claimed":false,"native_original_probe_seconds":0.03500008583068848,"native_original_row_count":559978,"interval":1,"original_probe_interval":5,"certificate_scope":"local model feasibility only; objective stagnation is heuristic; no KKT or global optimality claim","minimum_iterations":20,"audit_only":false,"audit_count":0,"native_original_probe_count":1,"model_structure_changed":false,"native_variable_count":643822,"candidate_only":false,"native_initialization_audit_requested":true,"external_solution_read":false,"policy":"verified_stable_rounded_primal_v1","callback_count":94,"primal_residual_limit":1.0e-8,"residual_screen":"native_original_unscaled","native_initialization":{"complete_mapping":true,"maximum_relative_change_from_requested_start":1.0e-8,"iteration":0,"variable_count":643822,"maximum_absolute_change_from_requested_start":1.0e-8,"audit_seconds":3.4240000247955322,"scope":"Native first iterate readback, including Ipopt interior pushes; not a feasibility or dual certificate","original_unscaled_residual":0.5765127944962908,"source_bounds_changed":false},"audit_seconds":0.0,"phase":"rounded_shunts","objective_relative_range_limit":1.0e-7,"enabled":true,"last_native_original_residual":0.5765127944962908,"stop_requested":false,"source_bounds_changed":false}
GO3_AC_PHASE {"solve_seconds":248.78000020980835,"bound_and_gap_queried":true,"max_primal_residual":0.0021977705298685812,"objective":null,"termination":"TIME_LIMIT","simplex_iterations":null,"bound":null,"barrier_iterations":93,"nodes":null,"native_relative_gap":null,"wall_limit_seconds":240.0,"interval":1,"primal_status":"INFEASIBLE_POINT","phase":"rounded_shunts","residual_audit_seconds":16.644999980926514,"wall_through_audit_seconds":265.8159999847412,"wall_seconds":249.1710000038147,"complete_finite_point":true,"relative_gap":null}
GO3_AC_NUMERICAL_RECOVERY {"trigger":"rounded_phase_failed_explicit_primal_residual_screen","model_structure_changed":false,"dual_starts_cleared":1697950,"policy":"adaptive_barrier_on_failed_residual_v1","external_solution_read":false,"previous_model_residual":0.0021977705298685812,"constraint_count":1697950,"fresh_optimizer_instantiated":true,"options":{"bound_relax_factor":0.0,"acceptable_tol":1.0e-8,"warm_start_same_structure":"no","adaptive_mu_globalization":"obj-constr-filter","max_iter":1000,"compl_inf_tol":1.0e-8,"max_wall_time":360.0,"constr_viol_tol":1.0e-9,"mu_oracle":"quality-function","tol":1.0e-9,"slack_bound_push":1.0e-8,"mu_strategy":"adaptive","bound_frac":1.0e-8,"mu_init":0.1,"slack_bound_frac":1.0e-8,"honor_original_bounds":"yes","warm_start_init_point":"no","acceptable_constr_viol_tol":1.0e-9,"bound_push":1.0e-8},"attempted":true,"interval":1,"acceptance":"unchanged local residual screen followed by independent exhaustive verification","objective_changed":false,"complete_primal_start":{"policy":"within_interval_complete_v1","source":"failed_rounded_shunt_solve_in_same_interval_and_attempt","variable_count":643822,"accepted_interface_count":643822,"bounds_adjusted_start_count":311,"complete":true,"acceptance_scope":"MOI primal attributes set and read back; installed Ipopt wrapper copies them into native x","dual_or_basis_start":false,"external_solution_read":false,"source_bounds_changed":false},"source_bounds_changed":false,"legacy_nonlinear_count":0}
GO3_AC_SOLVE_BEGIN {"epoch_seconds":1.789989283752e9,"policy":"symbolic_adaptive_v1","interval":1,"phase":"numerical_recovery"}
GO3_AC_NATIVE_INITIALIZATION {"complete_mapping":true,"maximum_relative_change_from_requested_start":1.0e-8,"iteration":0,"variable_count":643822,"maximum_absolute_change_from_requested_start":1.0e-8,"audit_seconds":3.3370001316070557,"phase":"numerical_recovery","scope":"Native first iterate readback, including Ipopt interior pushes; not a feasibility or dual certificate","original_unscaled_residual":0.002197770529861476,"source_bounds_changed":false}
This is Ipopt version 3.14.19, running with linear solver MUMPS 5.9.0.

Number of nonzeros in equality constraint Jacobian...:   998651
Number of nonzeros in inequality constraint Jacobian.:  1015351
Number of nonzeros in Lagrangian Hessian.............:  1421020

Total number of variables............................:   515075
                     variables with only lower bounds:    69933
                variables with lower and upper bounds:   421499
                     variables with only upper bounds:        0
Total number of equality constraints.................:   218254
Total number of inequality constraints...............:   341724
        inequality constraints with only lower bounds:    42452
   inequality constraints with lower and upper bounds:    33739
        inequality constraints with only upper bounds:   265533

iter    objective    inf_pr   inf_du lg(mu)  ||d||  lg(rg) alpha_du alpha_pr  ls
   0  3.6947883e+06 2.20e-03 9.90e+01   0.0 0.00e+00    -  0.00e+00 0.00e+00   0
   1  3.6949993e+06 2.20e-03 4.36e+03  -4.0 1.12e+00    -  1.04e-01 9.45e-05h  1
   2  3.8105022e+06 1.95e-03 1.24e+04  -4.0 1.22e+00    -  4.12e-01 1.11e-01f  1
   3  3.9558581e+06 1.48e-03 5.30e+03  -4.3 2.03e+00    -  2.66e-02 2.44e-01f  1
   4  4.0898066e+06 1.04e-03 4.84e+03  -4.3 1.89e+00    -  3.46e-01 2.99e-01f  1
   5  4.1371600e+06 8.95e-04 3.46e+03  -4.5 1.92e+00    -  1.04e-01 1.36e-01f  1
   6  4.3011194e+06 4.31e-04 2.37e+03  -4.5 1.74e+00    -  3.45e-01 5.19e-01f  1
   7  4.3343837e+06 3.63e-04 3.86e+03  -4.7 1.87e+00    -  3.41e-01 1.56e-01f  1
   8  4.3679670e+06 3.08e-04 5.83e+03  -4.9 2.76e+00    -  2.51e-01 1.48e-01f  1
   9  4.4782897e+06 6.89e-04 3.73e+03  -5.0 3.32e+00    -  1.67e-01 4.80e-01f  1
iter    objective    inf_pr   inf_du lg(mu)  ||d||  lg(rg) alpha_du alpha_pr  ls
  10  4.4903464e+06 6.52e-04 5.26e+03  -5.1 2.79e+00    -  1.89e-02 7.07e-02f  1
  11  4.4973205e+06 6.28e-04 3.98e+03  -5.1 2.89e+00    -  7.15e-02 4.25e-02f  1
  12  4.5123371e+06 5.87e-04 3.60e+03  -5.1 2.84e+00    -  9.23e-02 9.18e-02f  1
  13  4.5663864e+06 6.69e-04 9.80e+03  -5.2 2.67e+00    -  1.32e-01 3.41e-01f  1
  14  4.6066775e+06 7.50e-04 9.68e+03  -5.2 2.78e+00    -  2.57e-01 3.22e-01f  1
  15  4.6259447e+06 7.19e-04 1.66e+04  -5.3 3.26e+00    -  1.48e-02 1.84e-01f  1
  16  4.6389642e+06 6.71e-04 1.29e+02  -5.4 3.25e+00    -  3.71e-01 1.44e-01f  1
  17  4.6533313e+06 6.78e-04 3.48e+03  -5.6 5.04e+00    -  2.37e-01 1.58e-01f  1
  18  4.6651436e+06 8.14e-04 2.81e+03  -5.7 6.45e+00    -  1.34e-01 1.39e-01f  1
  19  4.6662581e+06 8.06e-04 1.71e+04  -5.7 7.30e+00    -  3.60e-01 1.43e-02f  1
iter    objective    inf_pr   inf_du lg(mu)  ||d||  lg(rg) alpha_du alpha_pr  ls
  20  4.6688811e+06 8.20e-04 2.08e+04  -5.9 1.09e+01    -  1.87e-01 3.08e-02f  1
  21  4.6712427e+06 8.42e-04 1.99e+04  -6.0 1.30e+01    -  1.42e-02 2.72e-02f  1
  22  4.6715056e+06 8.39e-04 2.23e+04  -6.0 1.29e+01    -  1.10e-01 3.19e-03h  1
  23  4.6744702e+06 8.12e-04 2.24e+04  -6.1 1.37e+01    -  8.63e-02 3.75e-02f  1
  24  4.6827308e+06 7.69e-04 1.90e+04  -6.1 1.36e+01    -  5.17e-02 1.07e-01f  1
  25  4.6836274e+06 7.60e-04 2.10e+04  -6.1 9.01e+00    -  1.26e-01 1.30e-02h  1
  26  4.6863978e+06 7.29e-04 2.08e+04  -6.2 9.54e+00    -  7.45e-02 4.07e-02f  1
  27  4.6896594e+06 6.93e-04 1.93e+04  -6.2 9.33e+00    -  2.52e-02 4.97e-02f  1
  28  4.6944198e+06 6.43e-04 2.15e+04  -6.2 9.24e+00    -  2.76e-01 7.61e-02f  1
  29  4.6983343e+06 6.25e-04 2.18e+04  -6.4 1.15e+01    -  1.91e-01 6.60e-02f  1
iter    objective    inf_pr   inf_du lg(mu)  ||d||  lg(rg) alpha_du alpha_pr  ls
  30  4.7032087e+06 5.64e-04 2.29e+04  -6.5 7.53e-01  -2.0 3.64e-01 9.77e-02f  1
  31  4.7149592e+06 5.97e-04 1.72e+04  -6.7 1.21e+00  -2.5 2.40e-01 2.47e-01f  1
  32  4.7211329e+06 5.38e-04 1.39e+04  -6.8 7.70e-01  -2.1 1.39e-01 1.74e-01f  1
  33  4.7240496e+06 5.02e-04 1.35e+04  -6.9 1.06e+00  -2.5 1.97e-01 9.45e-02f  1
  34  4.7252077e+06 4.82e-04 1.44e+04  -6.9 7.57e-01  -2.1 2.18e-01 4.28e-02h  1
  35  4.7228186e+06 4.81e-04 4.09e+05  -3.1 1.22e+01  -2.6 1.11e-02 3.61e-03f  1
  36  4.7134089e+06 4.83e-04 1.60e+06  -1.2 1.02e+03  -2.2 3.70e-04 1.41e-04f  1
  37  4.6670135e+06 5.49e-04 7.17e+05  -1.2 8.89e+02  -2.6 2.62e-04 7.07e-04f  1
  38  4.6335022e+06 5.82e-04 1.29e+06  -1.2 6.28e+02  -2.2 4.26e-04 5.35e-04f  1
  39  4.6254722e+06 5.85e-04 3.97e+06  -1.2 5.68e+02  -2.7 1.14e-03 1.31e-04f  1
iter    objective    inf_pr   inf_du lg(mu)  ||d||  lg(rg) alpha_du alpha_pr  ls
  40  4.5039491e+06 1.70e-03 4.07e+06  -1.2 4.82e+02  -2.3 5.02e-04 2.04e-03f  1
  41  4.4936364e+06 1.70e-03 2.72e+06  -1.2 3.57e+02  -2.7 4.37e-04 1.79e-04f  1
  42  4.3992605e+06 1.98e-03 2.72e+06  -1.2 3.19e+02  -2.3 1.67e-03 1.67e-03f  1
  43  4.2206866e+06 3.67e-03 8.63e+04  -1.2 3.49e+02  -2.8 3.76e-03 3.26e-03f  1
  44  3.8480645e+06 8.10e-03 1.56e+07  -1.2 1.82e+02  -2.4 4.29e-03 7.24e-03f  1
  45  3.6441717e+06 9.05e-03 1.68e+07  -1.2 2.56e+02  -2.8 3.99e-03 4.22e-03f  1
  46  3.3481412e+06 1.09e-02 2.58e+07  -1.2 1.38e+02  -2.4 4.65e-03 6.36e-03f  1
  47  3.1807056e+06 1.12e-02 6.11e+07  -1.2 1.02e+02  -2.0 2.00e-02 3.79e-03f  1
  48  2.2266710e+06 1.80e-02 2.72e+07  -1.2 1.04e+02  -2.5 5.85e-03 2.20e-02f  1
  49  1.0473789e+06 2.31e-02 7.87e+07  -1.2 5.46e+01  -2.0 1.99e-02 2.94e-02f  1
iter    objective    inf_pr   inf_du lg(mu)  ||d||  lg(rg) alpha_du alpha_pr  ls
  50 -2.6542356e+04 2.40e-02 1.73e+08  -1.2 3.57e+01  -1.6 1.34e-02 3.05e-02f  1
  51 -4.4428152e+05 2.37e-02 1.32e+08  -1.2 1.51e+01  -1.2 2.06e-02 1.40e-02f  1
  52 -2.1585415e+06 2.49e-02 2.87e+08  -1.2 2.51e+01  -1.7 2.67e-02 5.40e-02f  1
  53 -4.5741951e+06 2.39e-02 6.84e+08  -1.2 1.26e+01  -1.2 2.57e-02 9.34e-02f  1
  54 -6.3912676e+06 2.17e-02 8.75e+08  -1.2 1.00e+01  -0.8 5.60e-02 9.29e-02f  1
  55 -7.4690328e+06 2.05e-02 9.60e+08  -1.2 1.66e+01  -1.3 3.77e-02 5.52e-02f  1
  56 -1.0598882e+07 1.65e-02 1.69e+09  -1.2 9.04e+00  -0.9 8.17e-02 1.96e-01h  1
  57 -1.1379584e+07 1.56e-02 3.54e+08  -1.2 1.48e+01  -1.3 1.78e-01 5.40e-02h  2
  58 -1.4492002e+07 1.14e-02 1.55e+09  -1.2 8.15e+00  -0.9 1.47e-01 2.69e-01h  1
  59 -1.5291534e+07 1.06e-02 7.36e+08  -1.2 1.30e+01  -1.4 2.28e-01 7.83e-02h  3
iter    objective    inf_pr   inf_du lg(mu)  ||d||  lg(rg) alpha_du alpha_pr  ls
  60 -1.9256280e+07 5.29e-03 3.89e+09  -1.2 7.35e+00  -1.0 7.31e-01 5.07e-01H  1
  61 -1.9706659e+07 4.89e-03 1.35e+10  -1.2 9.99e+00  -1.4 3.91e-01 8.06e-02h  3
  62 -2.3130512e+07 1.39e-03 7.60e+09  -1.2 5.90e+00  -1.0 1.00e+00 8.42e-01H  1
  63 -2.3253256e+07 1.42e-03 1.10e+11  -1.2 8.15e+00  -1.5 5.11e-01 4.28e-02h  4
  64 -2.4757750e+07 9.19e-04 3.68e+10  -1.2 4.73e+00  -1.1 1.00e+00 8.92e-01H  1
  65 -2.4776282e+07 9.21e-04 1.47e+12  -1.2 6.98e+00  -1.5 6.84e-01 8.02e-03h  7
  66 -2.5959874e+07 2.10e-04 3.61e+10  -1.2 4.00e+00  -1.1 1.00e+00 9.90e-01H  1
  67 -2.6153386e+07 3.13e-04 1.71e+14  -1.2 5.92e+00  -1.6 8.92e-01 9.21e-02h  4
In iteration 67, 96623 Slacks too small, adjusting variable bounds
  68 -2.7142915e+07 6.07e-05 4.08e+12  -1.2 3.13e+00  -1.2 1.00e+00 9.90e-01H  1
  69 -2.7299935e+07 2.08e-04 1.95e+14  -1.2 5.42e+00  -1.6 9.38e-01 8.02e-02f  3
iter    objective    inf_pr   inf_du lg(mu)  ||d||  lg(rg) alpha_du alpha_pr  ls
  70 -2.7485521e+07 2.68e-04 1.68e+14  -1.2 2.29e+00  -1.2 1.00e+00 2.05e-01f  3
  71 -2.7610156e+07 3.41e-04 1.58e+14  -1.2 5.75e+00  -1.7 1.00e+00 6.06e-02f  5
  72 -2.8548807e+07 1.32e-04 1.33e-01  -1.2 2.47e+00  -1.3 1.00e+00 1.00e+00F  1
  73 -2.3839249e+07 6.74e-03 1.60e+13  -1.9 1.51e+01  -1.7 2.09e-01 3.11e-01f  1
  74 -2.2010622e+07 5.89e-03 2.45e+13  -1.9 7.69e+00  -1.3 7.80e-02 1.68e-01f  1
  75 -2.0746617e+07 5.30e-03 2.25e+13  -1.9 1.70e+01  -1.8 1.15e-01 1.23e-01f  1
  76 -1.7308780e+07 4.18e-03 3.86e+13  -1.9 8.83e+00  -1.4 1.50e-01 3.97e-01f  1
  77 -1.5065636e+07 5.24e-03 2.70e+13  -1.9 1.61e+01  -1.8 3.20e-01 3.35e-01f  1
  78 -1.4334326e+07 5.02e-03 6.37e+11  -1.9 2.58e+01  -2.3 5.09e-01 1.12e-01f  1
  79 -1.3402770e+07 4.85e-03 1.62e+13  -1.9 1.35e+01  -1.9 7.66e-01 1.84e-01f  1
iter    objective    inf_pr   inf_du lg(mu)  ||d||  lg(rg) alpha_du alpha_pr  ls
  80 -1.2606515e+07 4.66e-03 1.83e+13  -1.9 1.93e+01  -2.4 7.21e-01 1.23e-01f  1
  81 -1.0341076e+07 5.70e-03 9.48e+12  -1.9 1.06e+01  -1.9 1.00e+00 5.29e-01f  1
  82 -9.2735823e+06 4.60e-03 7.32e+12  -1.9 1.10e+01  -2.4 1.00e+00 2.28e-01f  1
  83 -8.2163881e+06 2.95e-03 4.06e+12  -1.9 5.25e+00  -2.0 1.00e+00 4.45e-01f  1
  84 -7.1112086e+06 2.34e-03 2.59e+12  -1.9 6.76e+00  -2.5 1.00e+00 3.62e-01f  1
  85 -5.6662761e+06 4.92e-02 1.04e+12  -1.9 1.26e+01  -3.0 9.32e-01 5.98e-01f  1
  86 -4.9504149e+06 8.00e-03 1.07e-01  -1.9 4.14e+00  -2.5 9.33e-01 1.00e+00f  1
  87 -4.8312732e+06 2.42e-01 1.86e+00  -1.9 9.31e+00  -3.0 8.80e-01 1.00e+00h  1
  88 -4.8317912e+06 6.36e-02 7.72e-02  -1.9 3.21e+00  -2.6 9.91e-01 1.00e+00h  1
  89 -4.8393211e+06 5.15e-02 2.59e-02  -1.9 7.41e+00  -3.1 1.00e+00 1.00e+00h  1
iter    objective    inf_pr   inf_du lg(mu)  ||d||  lg(rg) alpha_du alpha_pr  ls
  90 -4.8438942e+06 3.78e-03 1.51e-02  -1.9 2.37e+00  -2.6 1.00e+00 1.00e+00h  1
  91 -4.8510704e+06 2.65e-02 1.53e-02  -1.9 6.28e+00  -3.1 1.00e+00 1.00e+00h  1
  92 -4.8609900e+06 1.09e-01 3.36e-02  -1.9 1.44e+01  -3.6 1.00e+00 1.00e+00h  1
  93 -4.8682602e+06 1.59e-01 1.51e-01  -1.9 2.65e+01  -4.1 6.19e-01 6.58e-01h  1
  94 -4.8734611e+06 1.32e-01 5.60e-02  -1.9 1.21e+01  -3.6 1.00e+00 1.00e+00h  1
  95 -4.8797584e+06 1.31e-01 4.81e-02  -1.9 1.55e+01  -4.1 9.85e-01 1.00e+00h  1
  96 -4.8831056e+06 7.21e-01 5.70e-01  -1.9 7.05e+01    -  2.42e-01 4.25e-01h  1
  97 -4.8882396e+06 3.71e-01 9.92e-01  -1.9 4.64e+01    -  6.39e-01 1.00e+00h  1
  98 -4.8885792e+06 2.15e-01 5.72e-02  -1.9 6.48e+01    -  1.00e+00 8.58e-01h  1
  99 -4.8887131e+06 2.01e-02 1.51e-02  -1.9 2.10e+01    -  1.00e+00 1.00e+00h  1
iter    objective    inf_pr   inf_du lg(mu)  ||d||  lg(rg) alpha_du alpha_pr  ls
 100 -4.8887148e+06 2.37e-04 1.51e-02  -1.9 3.70e+00    -  1.00e+00 1.00e+00h  1
 101 -2.5898364e+06 6.65e-02 4.18e+11  -2.0 1.25e+01    -  9.46e-01 9.92e-01f  1
 102 -1.2236514e+06 7.67e-02 9.62e+11  -2.1 1.45e+01    -  8.45e-01 1.00e+00f  1
 103 -1.2397933e+06 1.38e-03 8.35e-03  -2.1 4.05e+00    -  1.00e+00 1.00e+00h  1
 104  2.6066124e+05 1.00e-01 1.12e+12  -3.1 6.00e+01    -  2.31e-01 2.82e-01f  1
 105  7.9894790e+05 1.86e-01 3.63e+11  -3.1 6.17e+01    -  1.79e-01 1.44e-01f  1
 106  1.2846476e+06 1.73e-01 1.14e+12  -3.1 6.07e+01    -  9.34e-02 1.53e-01f  1
 107  1.5493146e+06 2.21e-01 1.20e+12  -3.1 4.34e+01    -  8.48e-02 9.85e-02f  1
 108  1.8245646e+06 1.57e-01 9.83e+11  -3.1 6.09e+01    -  1.20e-01 1.13e-01f  1
 109  2.2347076e+06 8.67e-02 6.80e+11  -3.1 6.32e+01    -  2.01e-01 1.90e-01f  1
iter    objective    inf_pr   inf_du lg(mu)  ||d||  lg(rg) alpha_du alpha_pr  ls
 110  2.4527679e+06 4.29e-02 1.20e+12  -3.1 4.80e+01    -  3.43e-01 1.24e-01f  1
 111  2.6202625e+06 2.16e-01 1.01e+12  -3.1 3.76e+01    -  9.45e-02 1.07e-01f  1
 112  2.8204077e+06 2.07e-01 8.49e+11  -3.1 3.79e+01    -  1.39e-01 1.42e-01f  1
 113  3.1334597e+06 3.04e-02 6.46e+11  -3.1 3.62e+01    -  2.60e-01 2.56e-01f  1
 114  3.3896785e+06 2.00e-02 1.04e+12  -3.1 2.75e+01    -  4.64e-01 2.77e-01f  1
 115  3.5082918e+06 1.67e-01 8.30e+11  -3.1 3.34e+01    -  1.54e-01 1.74e-01f  1
 116  3.6334986e+06 1.90e-02 1.54e+12  -3.1 3.37e+01    -  8.56e-01 2.20e-01f  1
 117  3.8538166e+06 4.99e-02 7.96e+11  -3.1 2.94e+01    -  4.91e-01 4.85e-01f  1
 118  3.9572019e+06 2.84e-02 4.53e+11  -3.1 1.52e+01    -  5.37e-01 4.42e-01h  1
 119  4.0631248e+06 6.73e-03 9.36e+10  -3.1 8.05e+00    -  1.00e+00 8.13e-01h  1
iter    objective    inf_pr   inf_du lg(mu)  ||d||  lg(rg) alpha_du alpha_pr  ls
 120  4.0872628e+06 2.62e-04 1.93e-03  -3.1 1.37e+00    -  1.00e+00 1.00e+00h  1
 121  4.0873095e+06 1.56e-06 1.04e-03  -3.1 3.14e-02    -  1.00e+00 1.00e+00h  1
 122  4.1746399e+06 1.06e-02 3.84e+11  -3.5 1.99e+01    -  5.35e-01 2.46e-01f  1
 123  4.2747700e+06 8.68e-03 3.01e+11  -3.3 5.59e+00  -4.6 1.00e+00 5.47e-01f  1
 124  4.3595992e+06 1.55e-01 7.52e-03  -3.3 8.96e+00  -5.1 1.00e+00 1.00e+00h  1
 125  4.3596358e+06 3.65e-02 8.16e-04  -3.3 1.71e+01    -  1.00e+00 1.00e+00h  1
 126  4.3596235e+06 8.21e-03 4.68e-04  -3.3 4.83e+00    -  1.00e+00 1.00e+00h  1
 127  4.3596234e+06 1.47e-04 4.71e-04  -3.3 5.02e-01    -  1.00e+00 1.00e+00h  1
 128  4.4439985e+06 3.33e-02 5.77e+10  -3.5 1.06e+01    -  9.82e-01 8.23e-01f  1
 129  4.4810798e+06 2.47e-02 1.16e+11  -3.6 1.18e+01    -  1.00e+00 5.20e-01h  1
iter    objective    inf_pr   inf_du lg(mu)  ||d||  lg(rg) alpha_du alpha_pr  ls
 130  4.5160105e+06 2.00e-02 2.71e-03  -3.6 5.97e+00    -  1.00e+00 1.00e+00h  1
 131  4.5159841e+06 5.56e-03 2.25e-04  -3.6 8.80e-01    -  1.00e+00 1.00e+00h  1
 132  4.5724751e+06 9.45e-03 6.42e+10  -3.7 9.23e+00    -  6.53e-01 9.87e-01f  1
 133  4.5943412e+06 1.91e-02 2.11e-03  -3.7 4.80e+00    -  1.00e+00 1.00e+00h  1
 134  4.5946258e+06 2.75e-03 1.76e-04  -3.7 2.71e+00    -  1.00e+00 1.00e+00h  1
 135  4.6177870e+06 1.14e-02 2.64e+09  -3.8 5.29e+00    -  1.00e+00 9.66e-01h  1
 136  4.6322333e+06 2.42e-02 3.24e+10  -3.9 9.71e+00    -  8.96e-01 5.28e-01h  1
 137  4.6454512e+06 7.61e-02 1.37e-03  -3.9 2.49e+01    -  1.00e+00 1.00e+00h  1
 138  4.6454132e+06 1.07e-03 1.33e-04  -3.9 1.77e+00  -5.5 1.00e+00 1.00e+00h  1
 139  4.6621344e+06 1.41e-02 1.72e+10  -4.0 7.95e+00  -6.0 6.54e-01 9.72e-01h  1
iter    objective    inf_pr   inf_du lg(mu)  ||d||  lg(rg) alpha_du alpha_pr  ls
 140  4.6748929e+06 9.22e-01 2.91e+10  -4.1 7.14e+01  -6.5 4.39e-01 8.65e-01h  1
 141  4.6769791e+06 3.15e-01 2.90e+10  -4.1 4.49e+01    -  1.77e-01 1.00e+00h  1
 142  4.6769906e+06 3.60e-01 1.55e+10  -4.1 6.93e+01    -  4.68e-01 1.07e-01h  2
 143  4.6770098e+06 2.08e-01 5.61e-02  -4.1 2.06e+01  -7.0 1.00e+00 6.52e-01h  1
 144  4.6770120e+06 2.26e-01 3.21e-02  -4.1 5.29e+01  -6.6 3.39e-01 2.91e-01h  2
 145  4.6770143e+06 1.31e-01 3.85e-02  -4.1 6.47e+00  -5.2 6.08e-01 1.00e+00h  1
 146  4.6770156e+06 3.38e-03 1.13e-04  -4.1 4.89e+00  -5.7 1.00e+00 1.00e+00h  1
 147  4.6895379e+06 1.18e-02 1.48e-03  -4.1 3.88e+00  -6.2 1.00e+00 1.00e+00h  1
 148  4.7029292e+06 1.09e-01 2.29e-03  -4.2 2.81e+00  -5.7 1.00e+00 1.00e+00h  1
 149  4.7030065e+06 2.48e-02 4.09e-04  -4.2 1.39e+00  -4.4 1.00e+00 1.00e+00h  1
iter    objective    inf_pr   inf_du lg(mu)  ||d||  lg(rg) alpha_du alpha_pr  ls
 150  4.7030086e+06 1.24e-02 1.45e-02  -4.2 1.37e+00  -4.0 7.58e-01 5.09e-01h  1
 151  4.7136852e+06 2.85e-04 1.88e-03  -4.3 6.81e-01  -2.7 1.00e+00 1.00e+00h  1
 152  4.7260153e+06 1.41e-03 5.39e+09  -4.6 3.79e-01  -3.1 7.98e-01 6.97e-01f  1
 153  4.7356165e+06 7.88e-04 7.52e+08  -4.6 2.29e-01  -2.7 1.00e+00 9.74e-01h  1
 154  4.7367205e+06 2.62e-03 4.46e+09  -4.7 3.28e-01  -3.2 1.00e+00 4.05e-01h  1
 155  4.7376653e+06 1.11e-03 1.41e+09  -4.7 8.38e-01  -3.7 1.00e+00 6.26e-01h  1
 156  4.7380893e+06 2.44e-03 3.74e+08  -4.7 1.62e+00  -4.1 1.00e+00 6.84e-01h  1
 157  4.7382549e+06 3.90e-02 1.46e+08  -4.7 2.13e+00  -4.6 7.51e-01 5.80e-01h  1
 158  4.7383187e+06 5.87e-02 4.33e+07  -4.7 1.28e+00  -4.2 1.00e+00 6.38e-01h  1
 159  4.7383379e+06 4.49e-02 2.40e+07  -4.7 1.90e+00  -4.7 1.00e+00 2.40e-01h  1
iter    objective    inf_pr   inf_du lg(mu)  ||d||  lg(rg) alpha_du alpha_pr  ls
 160  4.7384081e+06 2.55e-02 1.80e+06  -4.7 4.98e+00  -5.2 1.00e+00 7.21e-01h  1
 161  4.7427275e+06 1.03e-02 6.14e-04  -4.8 1.74e+00  -4.7 1.00e+00 1.00e+00h  1
 162  4.7454044e+06 7.25e-04 1.00e+07  -4.9 5.94e-01  -4.3 1.00e+00 9.99e-01h  1
 163  4.7466521e+06 1.42e-02 3.94e+07  -4.9 1.88e+00  -4.8 1.00e+00 9.89e-01h  1

Number of Iterations....: 163

                                   (scaled)                 (unscaled)
Objective...............:  -9.4933041730239768e+02    4.7466520865119882e+06
Dual infeasibility......:   3.9433889021015152e+07    1.9716944510507578e+11
Constraint violation....:   1.4185530894937903e-02    1.4185530894937903e-02
Variable bound violation:   0.0000000000000000e+00    0.0000000000000000e+00
Complementarity.........:   1.3959500963544281e-05    6.9797504817721401e-02
Overall NLP error.......:   3.0377438345151866e+00    1.9716944510507578e+11


Number of objective function evaluations             = 220
Number of objective gradient evaluations             = 164
Number of equality constraint evaluations            = 220
Number of inequality constraint evaluations          = 220
Number of equality constraint Jacobian evaluations   = 164
Number of inequality constraint Jacobian evaluations = 164
Number of Lagrangian Hessian evaluations             = 163
Total seconds in IPOPT (w/o function evaluations)    =    326.959
Total seconds in NLP function evaluations            =     35.106


Timing Statistics:

OverallAlgorithm....................:    362.065 (sys:      0.000 wall:    362.065)
 PrintProblemStatistics.............:      0.007 (sys:      0.000 wall:      0.007)
 InitializeIterates.................:     19.174 (sys:      0.000 wall:     19.174)
 UpdateHessian......................:      3.473 (sys:      0.000 wall:      3.469)
 OutputIteration....................:      0.008 (sys:      0.000 wall:      0.007)
 UpdateBarrierParameter.............:     79.547 (sys:      0.000 wall:     79.550)
 ComputeSearchDirection.............:    202.492 (sys:      0.000 wall:    202.484)
 ComputeAcceptableTrialPoint........:     43.723 (sys:      0.000 wall:     43.731)
 AcceptTrialPoint...................:      1.043 (sys:      0.000 wall:      1.044)
 CheckConvergence...................:     12.596 (sys:      0.000 wall:     12.599)
PDSystemSolverTotal.................:    276.306 (sys:      0.000 wall:    276.292)
 PDSystemSolverSolveOnce............:    263.127 (sys:      0.000 wall:    263.121)
 ComputeResiduals...................:     10.500 (sys:      0.000 wall:     10.497)
 StdAugSystemSolverMultiSolve.......:    276.617 (sys:      0.000 wall:    276.615)
 LinearSystemScaling................:      0.000 (sys:      0.000 wall:      0.000)
 LinearSystemSymbolicFactorization..:     18.011 (sys:      0.000 wall:     18.012)
 LinearSystemFactorization..........:      0.000 (sys:      0.000 wall:      0.000)
 LinearSystemBackSolve..............:     73.532 (sys:      0.000 wall:     73.535)
 LinearSystemStructureConverter.....:      0.000 (sys:      0.000 wall:      0.000)
  LinearSystemStructureConverterInit:      0.000 (sys:      0.000 wall:      0.000)
QualityFunctionSearch...............:      7.705 (sys:      0.000 wall:      7.709)
TryCorrector........................:      0.000 (sys:      0.000 wall:      0.000)
Task1...............................:      3.419 (sys:      0.000 wall:      3.414)
Task2...............................:      2.994 (sys:      0.000 wall:      2.989)
Task3...............................:      0.569 (sys:      0.000 wall:      0.562)
Task4...............................:      0.000 (sys:      0.000 wall:      0.000)
Task5...............................:      0.268 (sys:      0.000 wall:      0.285)
Task6...............................:      0.000 (sys:      0.000 wall:      0.000)
Function Evaluations................:     35.118 (sys:      0.000 wall:     35.106)
 Objective function.................:      0.083 (sys:      0.000 wall:      0.093)
 Objective function gradient........:      0.443 (sys:      0.000 wall:      0.437)
 Equality constraints...............:     26.443 (sys:      0.000 wall:     26.446)
 Inequality constraints.............:      0.295 (sys:      0.000 wall:      0.285)
 Equality constraint Jacobian.......:      0.380 (sys:      0.000 wall:      0.379)
 Inequality constraint Jacobian.....:      4.201 (sys:      0.000 wall:      4.200)
 Lagrangian Hessian.................:      3.273 (sys:      0.000 wall:      3.266)

EXIT: Maximum wallclock time exceeded.
GO3_AC_SOLVE_RETURNED {"timing_scope":"API time includes optimizer setup; native Ipopt timings are logged separately","effective_native_evaluator":"MathOptInterface.Nonlinear.SymbolicAD.Evaluator","native_backend_confirmed":true,"interval":1,"model_structure_changed":false,"policy":"symbolic_adaptive_v1","mu_strategy":"adaptive","optimizer_reported_seconds":370.4409999847412,"floating_point_bits":64,"phase":"numerical_recovery","effective_native_backend":"MathOptInterface.Nonlinear.SymbolicMode","optimize_api_wall_seconds":399.5499999523163,"source_bounds_changed":false}
GO3_AC_PRIMAL_GUARD {"native_mapping_complete":true,"variable_count":643822,"objective_window_iterations":8,"discrete_solution_claimed":false,"native_original_probe_seconds":0.032000064849853516,"native_original_row_count":559978,"interval":1,"original_probe_interval":5,"certificate_scope":"local model feasibility only; objective stagnation is heuristic; no KKT or global optimality claim","minimum_iterations":20,"audit_only":false,"audit_count":0,"native_original_probe_count":1,"model_structure_changed":false,"native_variable_count":643822,"candidate_only":false,"native_initialization_audit_requested":true,"external_solution_read":false,"policy":"verified_stable_rounded_primal_v1","callback_count":164,"primal_residual_limit":1.0e-8,"residual_screen":"native_original_unscaled","native_initialization":{"complete_mapping":true,"maximum_relative_change_from_requested_start":1.0e-8,"iteration":0,"variable_count":643822,"maximum_absolute_change_from_requested_start":1.0e-8,"audit_seconds":3.3370001316070557,"scope":"Native first iterate readback, including Ipopt interior pushes; not a feasibility or dual certificate","original_unscaled_residual":0.002197770529861476,"source_bounds_changed":false},"audit_seconds":0.0,"phase":"numerical_recovery","objective_relative_range_limit":1.0e-7,"enabled":true,"last_native_original_residual":0.002197770529861476,"stop_requested":false,"source_bounds_changed":false}
GO3_AC_PHASE {"solve_seconds":370.4409999847412,"bound_and_gap_queried":true,"max_primal_residual":0.014185530894937903,"objective":null,"termination":"TIME_LIMIT","simplex_iterations":null,"bound":null,"barrier_iterations":163,"nodes":null,"native_relative_gap":null,"wall_limit_seconds":360.0,"interval":1,"primal_status":"INFEASIBLE_POINT","phase":"numerical_recovery","residual_audit_seconds":17.378000020980835,"wall_through_audit_seconds":417.3159999847412,"wall_seconds":399.9379999637604,"complete_finite_point":true,"relative_gap":null}
GO3_PROGRESS {"elapsed_worker_seconds":1522.2779998779297,"interval":1,"stage":"ac_refinement_failed","reason":"final AC point failed explicit primal residual screen","remaining_work_seconds":1327.020042181015}
Rounded shunt steps:
GO3_AC_EXPORT_PROJECTION {"maximum_unfinished_bus_injection_change_pu":8.965201402450808e-6,"within_guard":true,"official_tolerance_changed":false,"certificate_scope":"Export projection drift only; full independent and official verification still required","refined_intervals":1,"policy":"exact_source_intersections_v1","maximum_refined_device_change_pu":0.0,"maximum_refined_bus_injection_change_pu":0.0,"worst_refined_bus":null,"bookkeeping_tolerance":0.0,"enforced":true,"projection_guard_pu":1.0e-9,"projection_events":1,"refined_projection_events":0,"source_bounds_changed":false}
ERROR: LoadError: AC interval 1 failed the explicit 1.0e-8 primal residual screen; checkpoint saved; no later intervals attempted
Stacktrace:
 [1] error(s::String)
   @ Base .\error.jl:35
 [2] checkpoint_ac_interval!(output::String, input::@NamedTuple{dt::Vector{Any}, periods::UnitRange{Int64}, bus_lookup::Dict{String, Dict{String, Any}}, bus_ids::Vector{String}, shunt_lookup::Dict{String, Dict{String, Any}}, shunt_ids::Vector{String}, ac_line_lookup::Dict{String, Dict{String, Any}}, ac_line_ids::Vector{String}, twt_lookup::Dict{String, Dict{String, Any}}, twt_ids::Vector{String}, dc_line_lookup::Dict{String, Dict{String, Any}}, dc_line_ids::Vector{String}, sdd_lookup::Dict{String, Dict{String, Any}}, sdd_ts_lookup::Dict{String, Dict{String, Any}}, sdd_ids::Vector{String}, sdd_ids_producer::Vector{String}, sdd_ids_consumer::Vector{String}, violation_cost::Dict{String, Any}, azr_lookup::Dict{String, Dict{String, Any}}, azr_ts_lookup::Dict{String, Dict{String, Any}}, azr_ids::Vector{String}, rzr_lookup::Dict{String, Dict{String, Any}}, rzr_ts_lookup::Dict{String, Dict{String, Any}}, rzr_ids::Vector{String}}, schedule::@NamedTuple{on_status::Dict{String, Vector{Float64}}, real_power::Dict{String, Vector{Float64}}, reactive_power::Dict{String, Vector{Float64}}, p_rgu::Dict{String, Vector{Float64}}, p_rgd::Dict{String, Vector{Float64}}, p_scr::Dict{String, Vector{Float64}}, p_nsc::Dict{String, Vector{Float64}}, p_rru_on::Dict{String, Vector{Float64}}, p_rru_off::Dict{String, Vector{Float64}}, p_rrd_on::Dict{String, Vector{Float64}}, p_rrd_off::Dict{String, Vector{Float64}}, q_qru::Dict{String, Vector{Float64}}, q_qrd::Dict{String, Vector{Float64}}}, results::Vector{Dict{String, Dict{String}}}, i::Int64; must_stop::Bool, ramp_policy::String)
   @ Main C:\Users\thoma\Documents\go3-division2-cpu\src\pilot_worker.jl:125
 [3] run_worker(case_path::String, output::String, config::Dict{String, Any}, work_deadline::Float64)
   @ Main C:\Users\thoma\Documents\go3-division2-cpu\src\pilot_worker.jl:460
 [4] top-level scope
   @ C:\Users\thoma\Documents\go3-division2-cpu\src\pilot_worker.jl:500
in expression starting at C:\Users\thoma\Documents\go3-division2-cpu\src\pilot_worker.jl:496
Traceback (most recent call last):
  File "C:\Users\thoma\Documents\go3-division2-cpu\scripts\run_disk_worker.py", line 201, in <module>
    main(*sys.argv[1:5],float(sys.argv[5]))
  File "C:\Users\thoma\Documents\go3-division2-cpu\scripts\run_disk_worker.py", line 153, in main
    launch_stage(common+[str(ROOT/"src/pilot_worker.jl")]+arguments,deadline=deadline)
  File "C:\Users\thoma\Documents\go3-division2-cpu\scripts\run_disk_worker.py", line 89, in launch_stage
    raise RuntimeError(f"Scheduling worker stage failed: {label}; exit={code}")
RuntimeError: Scheduling worker stage failed: pilot_worker.jl; exit=1
