GO3_PROGRESS {"epoch_seconds":1.789959497034e9,"event":"reserve_benders_worker_started","raw_case_parsed":false,"pid":23532,"native_backend":{"git_hash":"04024d701f","library_sha256":"404f0a37f0887e0b390274230441539524f0f68d141a58d62053aea041eb9ded","floating_point_bits":64,"policy":"upstream_jll_v1","library_path":"C:\\Users\\thoma\\Documents\\go3-division2-cpu\\environments\\julia-depot\\artifacts\\7b3fde6a10989de897c61b0c6880e7e7d97cccd4\\bin\\libhighs.dll","highs_int_bits":32,"version":"1.15.1"},"mode":"recourse","stage":"source_reserve_benders","round":1,"remaining_work_seconds":107.93940019607544}
Running HiGHS 1.15.1 (git hash: 04024d701f): Copyright (c) 2026 under MIT licence terms
Includes third-party software components, see THIRD_PARTY_NOTICES.md for full details
Using BLAS: libblastrampoline 
GO3_PROGRESS {"epoch_seconds":1.789959498686e9,"event":"reserve_benders_solve_begin","actual_limit_seconds":5.0,"pid":23532,"period":1,"mode":"recourse","stage":"source_reserve_benders","round":1,"remaining_work_seconds":106.28740000724792}
LP has 21 rows; 18 cols; 44 nonzeros
Coefficient ranges:
  Matrix  [5e-02, 1e+00]
  Cost    [5e-03, 5e+01]
  Bound   [5e-01, 4e+00]
  RHS     [1e-02, 2e+00]
Presolving model
6 rows, 7 cols, 14 nonzeros 0s
5 rows, 7 cols, 12 nonzeros 0s
Presolve reductions: rows 5(-16); columns 7(-11); nonzeros 12(-32) 
Solving the presolved LP
Using dual simplex solver
  Iteration        Objective     Infeasibilities num(sum)
          0     0.0000000000e+00 Pr: 4(0.19) 0.0s
          2     6.0000000000e-04 Pr: 0(0) 0.0s

Performed postsolve
Solving the original LP from the solution after postsolve

Model status        : Optimal
Simplex   iterations: 2
Objective value     :  6.0000000000e-04
P-D objective error :  0.0000000000e+00
HiGHS run time      :          0.00
GO3_PROGRESS {"epoch_seconds":1.789959498696e9,"event":"reserve_benders_solve_returned","solve_seconds":0.001528024673461914,"pid":23532,"mode":"recourse","stage":"source_reserve_benders","termination":"OPTIMAL","simplex_iterations":2,"barrier_iterations":0,"has_primal":true,"period":1,"native_status":7,"solve_wall_seconds":0.0019998550415039062,"round":1,"remaining_work_seconds":106.27740001678467}
GO3_PROGRESS {"epoch_seconds":1.789959499153e9,"event":"reserve_benders_hour_complete","pid":23532,"mode":"recourse","hours_completed":1,"stage":"source_reserve_benders","hours_required":3,"kind":"cost","period":1,"round":1,"remaining_work_seconds":105.82039999961853}
Running HiGHS 1.15.1 (git hash: 04024d701f): Copyright (c) 2026 under MIT licence terms
Includes third-party software components, see THIRD_PARTY_NOTICES.md for full details
Using BLAS: libblastrampoline 
GO3_PROGRESS {"epoch_seconds":1.789959499261e9,"event":"reserve_benders_solve_begin","actual_limit_seconds":5.0,"pid":23532,"period":2,"mode":"recourse","stage":"source_reserve_benders","round":1,"remaining_work_seconds":105.71240019798279}
LP has 21 rows; 18 cols; 44 nonzeros
Coefficient ranges:
  Matrix  [5e-02, 1e+00]
  Cost    [1e-02, 1e+02]
  Bound   [5e-01, 4e+00]
  RHS     [1e-02, 2e+00]
Presolving model
6 rows, 7 cols, 14 nonzeros 0s
5 rows, 7 cols, 12 nonzeros 0s
Presolve reductions: rows 5(-16); columns 7(-11); nonzeros 12(-32) 
Solving the presolved LP
Using dual simplex solver
  Iteration        Objective     Infeasibilities num(sum)
          0     0.0000000000e+00 Pr: 4(0.19) 0.0s
          2     1.2000000000e-03 Pr: 0(0) 0.0s

Performed postsolve
Solving the original LP from the solution after postsolve

Model status        : Optimal
Simplex   iterations: 2
Objective value     :  1.2000000000e-03
P-D objective error :  0.0000000000e+00
HiGHS run time      :          0.00
GO3_PROGRESS {"epoch_seconds":1.789959499264e9,"event":"reserve_benders_solve_returned","solve_seconds":0.0013561248779296875,"pid":23532,"mode":"recourse","stage":"source_reserve_benders","termination":"OPTIMAL","simplex_iterations":2,"barrier_iterations":0,"has_primal":true,"period":2,"native_status":7,"solve_wall_seconds":0.0019998550415039062,"round":1,"remaining_work_seconds":105.70940017700195}
GO3_PROGRESS {"epoch_seconds":1.789959499282e9,"event":"reserve_benders_hour_complete","pid":23532,"mode":"recourse","hours_completed":2,"stage":"source_reserve_benders","hours_required":3,"kind":"cost","period":2,"round":1,"remaining_work_seconds":105.69140005111694}
Running HiGHS 1.15.1 (git hash: 04024d701f): Copyright (c) 2026 under MIT licence terms
Includes third-party software components, see THIRD_PARTY_NOTICES.md for full details
Using BLAS: libblastrampoline 
GO3_PROGRESS {"epoch_seconds":1.789959499375e9,"event":"reserve_benders_solve_begin","actual_limit_seconds":5.0,"pid":23532,"period":3,"mode":"recourse","stage":"source_reserve_benders","round":1,"remaining_work_seconds":105.5984001159668}
LP has 21 rows; 18 cols; 44 nonzeros
Coefficient ranges:
  Matrix  [5e-02, 1e+00]
  Cost    [3e-03, 2e+01]
  Bound   [5e-01, 4e+00]
  RHS     [1e-02, 2e+00]
Presolving model
6 rows, 7 cols, 14 nonzeros 0s
5 rows, 7 cols, 12 nonzeros 0s
Presolve reductions: rows 5(-16); columns 7(-11); nonzeros 12(-32) 
Solving the presolved LP
Using dual simplex solver
  Iteration        Objective     Infeasibilities num(sum)
          0     0.0000000000e+00 Pr: 4(0.19) 0.0s
          2     3.0000000000e-04 Pr: 0(0) 0.0s

Performed postsolve
Solving the original LP from the solution after postsolve

Model status        : Optimal
Simplex   iterations: 2
Objective value     :  3.0000000000e-04
P-D objective error :  0.0000000000e+00
HiGHS run time      :          0.00
GO3_PROGRESS {"epoch_seconds":1.789959499378e9,"event":"reserve_benders_solve_returned","solve_seconds":0.0005843639373779297,"pid":23532,"mode":"recourse","stage":"source_reserve_benders","termination":"OPTIMAL","simplex_iterations":2,"barrier_iterations":0,"has_primal":true,"period":3,"native_status":7,"solve_wall_seconds":0.0009999275207519531,"round":1,"remaining_work_seconds":105.59540009498596}
GO3_PROGRESS {"epoch_seconds":1.789959499392e9,"event":"reserve_benders_hour_complete","pid":23532,"mode":"recourse","hours_completed":3,"stage":"source_reserve_benders","hours_required":3,"kind":"cost","period":3,"round":1,"remaining_work_seconds":105.58140015602112}
GO3_PROGRESS {"epoch_seconds":1.789959499634e9,"event":"reserve_benders_incumbent_audited","pid":23532,"mode":"recourse","objective":1732.1479,"stage":"source_reserve_benders","round":1,"maximum_residual":0.0,"remaining_work_seconds":105.33940005302429}
GO3_PROGRESS {"epoch_seconds":1.789959499675e9,"event":"reserve_benders_stage_complete","pid":23532,"result_sha256":"a4c3f260a089431255eb187ba8f443bc7ffdaa6f8e7d2e734c9c1faf3c7a6866","mode":"recourse","stage":"source_reserve_benders","round":1,"remaining_work_seconds":105.29840016365051}
