Running HiGHS 1.15.1 (git hash: 04024d7): Copyright (c) 2026 under MIT licence terms
Includes third-party software components, see THIRD_PARTY_NOTICES.md for full details
 MIP      : 
Rows      : 2
Cols      : 3
Nonzeros  : 4
Integer   : 1 (1 binary)
Coefficient ranges:
  Matrix  [1e+00, 3e+00]
  Cost    [2e-01, 1e+00]
  Bound   [1e+00, 1e+00]
  RHS     [3e+00, 3e+00]
Assessing feasibility of MIP using primal feasibility and integrality tolerance of       1e-09
Solution has               num          max          sum
Col     infeasibilities      0            0            0
Integer infeasibilities      0            0            0
Row     infeasibilities      0            0            0
Row     residuals            0            0            0
Presolving model
Presolve rules not allowed:
   Rule 13 (set bit 13 =  8192): Parallel rows and columns
1 rows, 2 cols, 2 nonzeros 0s
0 rows, 0 cols, 0 nonzeros 0s
Presolve reductions: rows 0(-2); columns 0(-3); nonzeros 0(-4) - Reduced to empty
MIP-Timing:     0.00044 - completed presolve
Presolve: Optimal

Src: B => Branching; C => Central rounding; F => Feasibility pump; H => Heuristic;
     I => Shifting; J => Feasibility jump; L => Sub-MIP; P => Empty MIP; R => Randomized rounding;
     S => Solve LP; T => Evaluate node; U => Unbounded; X => User solution; Y => HiGHS solution;
     Z => ZI Round; l => Trivial lower; p => Trivial point; u => Trivial upper; z => Trivial zero

        Nodes      |    B&B Tree     |            Objective Bounds              |  Dynamic Constraints |       Work      
Src  Proc. InQueue |  Leaves   Expl. | BestBound       BestSol              Gap |   Cuts   InLp Confl. | LpIters     Time

         0       0         0   0.00%   -0.75           -0.75              0.00%        0      0      0         0     0.0s

Solving report
  Status            Optimal
  Primal bound      -0.75
  Dual bound        -0.75
  Gap               0% (tolerance: 0.000133%)
  P-D integral      0
  Solution status   feasible
                    -0.75 (objective)
                    0 (bound viol.)
                    0 (int. viol.)
                    0 (row viol.)
  Timing            0.00
                    0.00 (Presolve)
                    0.00 (Solve)
                    0.00 (Postsolve)
  Max sub-MIP depth 0
  Nodes             0
  Repair LPs        0
  LP iterations     0
getKktFailures:: cost norm =        1; bound norm =        3
getKktFailures:                      LP  (abs / rel)         Col (abs / rel)         Row (abs / rel)
getKktFailures: primal infeasibility 8.88e-16 / 2.22e-16     8.88e-16 / 2.22e-16            0 /        0

MIP sub-solver profiling: number of threads used = 1

Thread 0
Solver                    Calls    Time       Time/call      MIP%
MIP                           1  6.2323e-04  6.2323e-04
