GO3_PROGRESS {"epoch_seconds":1.789943553726e9,"event":"reserve_benders_worker_started","raw_case_parsed":false,"pid":6424,"native_backend":{"git_hash":"04024d7","library_sha256":"09e8b2b6eafd425f03390dc5aa192820aa79f825025ee3be54e71a792b75634d","floating_point_bits":64,"objective_clique_max_size":0,"policy":"setup_clique_guard_v1","library_path":"C:\\Users\\thoma\\Documents\\go3-division2-cpu\\environments\\highs-setup-guard-build\\bin\\libhighs.dll","highs_int_bits":32,"version":"1.15.1","manifest_sha256":"ee5a6438fae2a94379ae0fabe8c17e118d07ba8ad39e02a21f5e776caf4667c7"},"mode":"recourse","stage":"source_reserve_benders","round":3,"remaining_work_seconds":88.38864660263062}
Running HiGHS 1.15.1 (git hash: 04024d7): Copyright (c) 2026 under MIT licence terms
Includes third-party software components, see THIRD_PARTY_NOTICES.md for full details
GO3_PROGRESS {"epoch_seconds":1.789943555381e9,"event":"reserve_benders_solve_begin","actual_limit_seconds":5.0,"pid":6424,"period":1,"mode":"recourse","stage":"source_reserve_benders","round":3,"remaining_work_seconds":86.73364663124084}
LP has 2 rows; 1 col; 2 nonzeros
Coefficient ranges:
  Matrix  [1e+00, 1e+00]
  Cost    [3e+00, 3e+00]
  Bound   [0e+00, 0e+00]
  RHS     [1e+00, 1e+00]
Presolving model
0 rows, 0 cols, 0 nonzeros 0s
0 rows, 0 cols, 0 nonzeros 0s
Presolve reductions: rows 0(-2); columns 0(-1); nonzeros 0(-2) - Reduced to empty
Performed postsolve
Solving the original LP from the solution after postsolve

Model status        : Optimal
Objective value     :  0.0000000000e+00
P-D objective error :  0.0000000000e+00
HiGHS run time      :          0.00
GO3_PROGRESS {"epoch_seconds":1.78994355539e9,"event":"reserve_benders_solve_returned","solve_seconds":0.00042700767517089844,"pid":6424,"mode":"recourse","stage":"source_reserve_benders","termination":"OPTIMAL","simplex_iterations":0,"barrier_iterations":0,"has_primal":true,"period":1,"native_status":7,"solve_wall_seconds":0.0009999275207519531,"round":3,"remaining_work_seconds":86.72464656829834}
GO3_PROGRESS {"epoch_seconds":1.78994355582e9,"event":"reserve_benders_hour_complete","pid":6424,"mode":"recourse","hours_completed":1,"stage":"source_reserve_benders","hours_required":1,"kind":"cost","period":1,"round":3,"remaining_work_seconds":86.29464673995972}
GO3_PROGRESS {"epoch_seconds":1.789943556063e9,"event":"reserve_benders_incumbent_audited","pid":6424,"mode":"recourse","objective":-0.75,"stage":"source_reserve_benders","round":3,"maximum_residual":0.0,"remaining_work_seconds":86.05164670944214}
GO3_PROGRESS {"epoch_seconds":1.789943556115e9,"event":"reserve_benders_stage_complete","pid":6424,"result_sha256":"b19a8c25c2ff0c6b1c61d0e292191d96702158272f4879652a6f27f46ff5c013","mode":"recourse","stage":"source_reserve_benders","round":3,"remaining_work_seconds":85.99964666366577}
