GO3_PROGRESS {"epoch_seconds":1.789933792165e9,"event":"source_reserve_partition_begin","pid":28288,"solve_calls":0,"elapsed_seconds":0.0}
GO3_PROGRESS {"epoch_seconds":1.789933806934e9,"event":"reserve_partition_columns","pid":28288,"master_columns":8043122,"solve_calls":0,"recourse_columns":7210012,"periods":[1,2,3,4,5,6,7,8,9,10,11,12,13,14,15,16,17,18,19,20,21,22,23,24,25,26,27,28,29,30,31,32,33,34,35,36,37,38,39,40,41,42,43,44,45,46,47,48],"elapsed_seconds":14.769000053405762}
GO3_PROGRESS {"epoch_seconds":1.789933809182e9,"event":"reserve_partition_rows","pid":28288,"solve_calls":0,"rows_required":17635208,"rows_processed":1048576,"elapsed_seconds":17.01699995994568}
GO3_PROGRESS {"epoch_seconds":1.789933814028e9,"event":"reserve_partition_rows","pid":28288,"solve_calls":0,"rows_required":17635208,"rows_processed":2097152,"elapsed_seconds":21.86300015449524}
GO3_PROGRESS {"epoch_seconds":1.789933815312e9,"event":"reserve_partition_rows","pid":28288,"solve_calls":0,"rows_required":17635208,"rows_processed":3145728,"elapsed_seconds":23.147000074386597}
GO3_PROGRESS {"epoch_seconds":1.789933817275e9,"event":"reserve_partition_rows","pid":28288,"solve_calls":0,"rows_required":17635208,"rows_processed":4194304,"elapsed_seconds":25.110000133514404}
GO3_PROGRESS {"epoch_seconds":1.789933819551e9,"event":"reserve_partition_rows","pid":28288,"solve_calls":0,"rows_required":17635208,"rows_processed":5242880,"elapsed_seconds":27.386000156402588}
GO3_PROGRESS {"epoch_seconds":1.789933821899e9,"event":"reserve_partition_rows","pid":28288,"solve_calls":0,"rows_required":17635208,"rows_processed":6291456,"elapsed_seconds":29.733999967575073}
GO3_PROGRESS {"epoch_seconds":1.789933824512e9,"event":"reserve_partition_rows","pid":28288,"solve_calls":0,"rows_required":17635208,"rows_processed":7340032,"elapsed_seconds":32.34700012207031}
GO3_PROGRESS {"epoch_seconds":1.789933826192e9,"event":"reserve_partition_rows","pid":28288,"solve_calls":0,"rows_required":17635208,"rows_processed":8388608,"elapsed_seconds":34.026999950408936}
GO3_PROGRESS {"epoch_seconds":1.789933827564e9,"event":"reserve_partition_rows","pid":28288,"solve_calls":0,"rows_required":17635208,"rows_processed":9437184,"elapsed_seconds":35.3989999294281}
GO3_PROGRESS {"epoch_seconds":1.789933829212e9,"event":"reserve_partition_rows","pid":28288,"solve_calls":0,"rows_required":17635208,"rows_processed":10485760,"elapsed_seconds":37.04699993133545}
GO3_PROGRESS {"epoch_seconds":1.789933830427e9,"event":"reserve_partition_rows","pid":28288,"solve_calls":0,"rows_required":17635208,"rows_processed":11534336,"elapsed_seconds":38.26200008392334}
GO3_PROGRESS {"epoch_seconds":1.789933832521e9,"event":"reserve_partition_rows","pid":28288,"solve_calls":0,"rows_required":17635208,"rows_processed":12582912,"elapsed_seconds":40.35599994659424}
GO3_PROGRESS {"epoch_seconds":1.789933833946e9,"event":"reserve_partition_rows","pid":28288,"solve_calls":0,"rows_required":17635208,"rows_processed":13631488,"elapsed_seconds":41.7810001373291}
GO3_PROGRESS {"epoch_seconds":1.789933835428e9,"event":"reserve_partition_rows","pid":28288,"solve_calls":0,"rows_required":17635208,"rows_processed":14680064,"elapsed_seconds":43.26300001144409}
GO3_PROGRESS {"epoch_seconds":1.78993383732e9,"event":"reserve_partition_rows","pid":28288,"solve_calls":0,"rows_required":17635208,"rows_processed":15728640,"elapsed_seconds":45.15499997138977}
GO3_PROGRESS {"epoch_seconds":1.789933839826e9,"event":"reserve_partition_rows","pid":28288,"solve_calls":0,"rows_required":17635208,"rows_processed":16777216,"elapsed_seconds":47.66100001335144}
GO3_PROGRESS {"epoch_seconds":1.789933847365e9,"event":"source_reserve_partition_verify_begin","pid":28288,"solve_calls":0,"master_source_columns":8043122,"elapsed_seconds":55.200000047683716}
GO3_PROGRESS {"epoch_seconds":1.789933848486e9,"event":"reserve_partition_part_verified","pid":28288,"period":32,"rows_checked":210451,"solve_calls":0,"columns_checked":150178,"elapsed_seconds":56.32100009918213}
GO3_PROGRESS {"epoch_seconds":1.789933849401e9,"event":"reserve_partition_part_verified","pid":28288,"period":29,"rows_checked":210399,"solve_calls":0,"columns_checked":150126,"elapsed_seconds":57.236000061035156}
GO3_PROGRESS {"epoch_seconds":1.789933850092e9,"event":"reserve_partition_part_verified","pid":28288,"period":1,"rows_checked":210447,"solve_calls":0,"columns_checked":150174,"elapsed_seconds":57.92700004577637}
GO3_PROGRESS {"epoch_seconds":1.789933850768e9,"event":"reserve_partition_part_verified","pid":28288,"period":2,"rows_checked":210423,"solve_calls":0,"columns_checked":150150,"elapsed_seconds":58.6029999256134}
GO3_PROGRESS {"epoch_seconds":1.789933851451e9,"event":"reserve_partition_part_verified","pid":28288,"period":41,"rows_checked":210547,"solve_calls":0,"columns_checked":150274,"elapsed_seconds":59.28600001335144}
GO3_PROGRESS {"epoch_seconds":1.789933852125e9,"event":"reserve_partition_part_verified","pid":28288,"period":27,"rows_checked":210411,"solve_calls":0,"columns_checked":150138,"elapsed_seconds":59.96000003814697}
GO3_PROGRESS {"epoch_seconds":1.789933852806e9,"event":"reserve_partition_part_verified","pid":28288,"period":42,"rows_checked":210547,"solve_calls":0,"columns_checked":150274,"elapsed_seconds":60.64100003242493}
GO3_PROGRESS {"epoch_seconds":1.789933853482e9,"event":"reserve_partition_part_verified","pid":28288,"period":33,"rows_checked":210463,"solve_calls":0,"columns_checked":150190,"elapsed_seconds":61.31700015068054}
GO3_PROGRESS {"epoch_seconds":1.789933854157e9,"event":"reserve_partition_part_verified","pid":28288,"period":28,"rows_checked":210401,"solve_calls":0,"columns_checked":150128,"elapsed_seconds":61.992000102996826}
GO3_PROGRESS {"epoch_seconds":1.789933854834e9,"event":"reserve_partition_part_verified","pid":28288,"period":26,"rows_checked":210435,"solve_calls":0,"columns_checked":150162,"elapsed_seconds":62.66900014877319}
GO3_PROGRESS {"epoch_seconds":1.789933855516e9,"event":"reserve_partition_part_verified","pid":28288,"period":10,"rows_checked":210471,"solve_calls":0,"columns_checked":150198,"elapsed_seconds":63.3510000705719}
GO3_PROGRESS {"epoch_seconds":1.789933856198e9,"event":"reserve_partition_part_verified","pid":28288,"period":24,"rows_checked":210471,"solve_calls":0,"columns_checked":150198,"elapsed_seconds":64.0329999923706}
GO3_PROGRESS {"epoch_seconds":1.789933856889e9,"event":"reserve_partition_part_verified","pid":28288,"period":25,"rows_checked":210451,"solve_calls":0,"columns_checked":150178,"elapsed_seconds":64.72399997711182}
GO3_PROGRESS {"epoch_seconds":1.78993385757e9,"event":"reserve_partition_part_verified","pid":28288,"period":23,"rows_checked":210503,"solve_calls":0,"columns_checked":150230,"elapsed_seconds":65.40499997138977}
GO3_PROGRESS {"epoch_seconds":1.789933858248e9,"event":"reserve_partition_part_verified","pid":28288,"period":5,"rows_checked":210383,"solve_calls":0,"columns_checked":150110,"elapsed_seconds":66.08299994468689}
GO3_PROGRESS {"epoch_seconds":1.789933858925e9,"event":"reserve_partition_part_verified","pid":28288,"period":31,"rows_checked":210429,"solve_calls":0,"columns_checked":150156,"elapsed_seconds":66.75999999046326}
GO3_PROGRESS {"epoch_seconds":1.789933859601e9,"event":"reserve_partition_part_verified","pid":28288,"period":43,"rows_checked":210543,"solve_calls":0,"columns_checked":150270,"elapsed_seconds":67.43600010871887}
GO3_PROGRESS {"epoch_seconds":1.789933860279e9,"event":"reserve_partition_part_verified","pid":28288,"period":39,"rows_checked":210537,"solve_calls":0,"columns_checked":150264,"elapsed_seconds":68.11400008201599}
GO3_PROGRESS {"epoch_seconds":1.789933860961e9,"event":"reserve_partition_part_verified","pid":28288,"period":44,"rows_checked":210541,"solve_calls":0,"columns_checked":150268,"elapsed_seconds":68.7960000038147}
GO3_PROGRESS {"epoch_seconds":1.789933861639e9,"event":"reserve_partition_part_verified","pid":28288,"period":34,"rows_checked":210481,"solve_calls":0,"columns_checked":150208,"elapsed_seconds":69.47399997711182}
GO3_PROGRESS {"epoch_seconds":1.78993386232e9,"event":"reserve_partition_part_verified","pid":28288,"period":17,"rows_checked":210545,"solve_calls":0,"columns_checked":150272,"elapsed_seconds":70.15499997138977}
GO3_PROGRESS {"epoch_seconds":1.789933863002e9,"event":"reserve_partition_part_verified","pid":28288,"period":37,"rows_checked":210515,"solve_calls":0,"columns_checked":150242,"elapsed_seconds":70.83700013160706}
GO3_PROGRESS {"epoch_seconds":1.78993386368e9,"event":"reserve_partition_part_verified","pid":28288,"period":47,"rows_checked":210493,"solve_calls":0,"columns_checked":150220,"elapsed_seconds":71.51500010490417}
GO3_PROGRESS {"epoch_seconds":1.78993386436e9,"event":"reserve_partition_part_verified","pid":28288,"period":9,"rows_checked":210455,"solve_calls":0,"columns_checked":150182,"elapsed_seconds":72.1949999332428}
GO3_PROGRESS {"epoch_seconds":1.789933865043e9,"event":"reserve_partition_part_verified","pid":28288,"period":12,"rows_checked":210499,"solve_calls":0,"columns_checked":150226,"elapsed_seconds":72.87800002098083}
GO3_PROGRESS {"epoch_seconds":1.789933865732e9,"event":"reserve_partition_part_verified","pid":28288,"period":20,"rows_checked":210531,"solve_calls":0,"columns_checked":150258,"elapsed_seconds":73.56700015068054}
GO3_PROGRESS {"epoch_seconds":1.789933866422e9,"event":"reserve_partition_part_verified","pid":28288,"period":6,"rows_checked":210407,"solve_calls":0,"columns_checked":150134,"elapsed_seconds":74.25699996948242}
GO3_PROGRESS {"epoch_seconds":1.789933867103e9,"event":"reserve_partition_part_verified","pid":28288,"period":14,"rows_checked":210505,"solve_calls":0,"columns_checked":150232,"elapsed_seconds":74.93799996376038}
GO3_PROGRESS {"epoch_seconds":1.789933867785e9,"event":"reserve_partition_part_verified","pid":28288,"period":7,"rows_checked":210437,"solve_calls":0,"columns_checked":150164,"elapsed_seconds":75.62000012397766}
GO3_PROGRESS {"epoch_seconds":1.789933868464e9,"event":"reserve_partition_part_verified","pid":28288,"period":8,"rows_checked":210441,"solve_calls":0,"columns_checked":150168,"elapsed_seconds":76.29900002479553}
GO3_PROGRESS {"epoch_seconds":1.789933869147e9,"event":"reserve_partition_part_verified","pid":28288,"period":19,"rows_checked":210533,"solve_calls":0,"columns_checked":150260,"elapsed_seconds":76.98200011253357}
GO3_PROGRESS {"epoch_seconds":1.789933896887e9,"event":"reserve_partition_part_verified","pid":28288,"period":0,"rows_checked":10931162,"solve_calls":0,"columns_checked":8043122,"elapsed_seconds":104.72200012207031}
GO3_PROGRESS {"epoch_seconds":1.789933897559e9,"event":"reserve_partition_part_verified","pid":28288,"period":4,"rows_checked":210401,"solve_calls":0,"columns_checked":150128,"elapsed_seconds":105.39400005340576}
GO3_PROGRESS {"epoch_seconds":1.789933898233e9,"event":"reserve_partition_part_verified","pid":28288,"period":22,"rows_checked":210509,"solve_calls":0,"columns_checked":150236,"elapsed_seconds":106.0680000782013}
GO3_PROGRESS {"epoch_seconds":1.789933898908e9,"event":"reserve_partition_part_verified","pid":28288,"period":11,"rows_checked":210489,"solve_calls":0,"columns_checked":150216,"elapsed_seconds":106.74300003051758}
GO3_PROGRESS {"epoch_seconds":1.789933899588e9,"event":"reserve_partition_part_verified","pid":28288,"period":35,"rows_checked":210497,"solve_calls":0,"columns_checked":150224,"elapsed_seconds":107.42300009727478}
GO3_PROGRESS {"epoch_seconds":1.789933900273e9,"event":"reserve_partition_part_verified","pid":28288,"period":13,"rows_checked":210517,"solve_calls":0,"columns_checked":150244,"elapsed_seconds":108.10800004005432}
GO3_PROGRESS {"epoch_seconds":1.789933900945e9,"event":"reserve_partition_part_verified","pid":28288,"period":15,"rows_checked":210517,"solve_calls":0,"columns_checked":150244,"elapsed_seconds":108.77999997138977}
GO3_PROGRESS {"epoch_seconds":1.789933901615e9,"event":"reserve_partition_part_verified","pid":28288,"period":16,"rows_checked":210529,"solve_calls":0,"columns_checked":150256,"elapsed_seconds":109.45000004768372}
GO3_PROGRESS {"epoch_seconds":1.789933902286e9,"event":"reserve_partition_part_verified","pid":28288,"period":40,"rows_checked":210545,"solve_calls":0,"columns_checked":150272,"elapsed_seconds":110.12100005149841}
GO3_PROGRESS {"epoch_seconds":1.789933902962e9,"event":"reserve_partition_part_verified","pid":28288,"period":46,"rows_checked":210503,"solve_calls":0,"columns_checked":150230,"elapsed_seconds":110.79699993133545}
GO3_PROGRESS {"epoch_seconds":1.789933903636e9,"event":"reserve_partition_part_verified","pid":28288,"period":21,"rows_checked":210513,"solve_calls":0,"columns_checked":150240,"elapsed_seconds":111.47099995613098}
GO3_PROGRESS {"epoch_seconds":1.78993390431e9,"event":"reserve_partition_part_verified","pid":28288,"period":38,"rows_checked":210517,"solve_calls":0,"columns_checked":150244,"elapsed_seconds":112.14499998092651}
GO3_PROGRESS {"epoch_seconds":1.789933904989e9,"event":"reserve_partition_part_verified","pid":28288,"period":45,"rows_checked":210525,"solve_calls":0,"columns_checked":150252,"elapsed_seconds":112.82400012016296}
GO3_PROGRESS {"epoch_seconds":1.789933905665e9,"event":"reserve_partition_part_verified","pid":28288,"period":36,"rows_checked":210509,"solve_calls":0,"columns_checked":150236,"elapsed_seconds":113.5}
GO3_PROGRESS {"epoch_seconds":1.789933906341e9,"event":"reserve_partition_part_verified","pid":28288,"period":48,"rows_checked":210487,"solve_calls":0,"columns_checked":150214,"elapsed_seconds":114.17600011825562}
GO3_PROGRESS {"epoch_seconds":1.78993390702e9,"event":"reserve_partition_part_verified","pid":28288,"period":18,"rows_checked":210543,"solve_calls":0,"columns_checked":150270,"elapsed_seconds":114.85500001907349}
GO3_PROGRESS {"epoch_seconds":1.789933907699e9,"event":"reserve_partition_part_verified","pid":28288,"period":30,"rows_checked":210407,"solve_calls":0,"columns_checked":150134,"elapsed_seconds":115.53399991989136}
GO3_PROGRESS {"epoch_seconds":1.789933908377e9,"event":"reserve_partition_part_verified","pid":28288,"period":3,"rows_checked":210413,"solve_calls":0,"columns_checked":150140,"elapsed_seconds":116.21200013160706}
GO3_PROGRESS {"epoch_seconds":1.78993390855e9,"event":"source_reserve_partition_verified","pid":28288,"master_projection_rows_proved":3399070,"scope":"Exact source scheduling partition; no solved or verified GO3 candidate","source_columns_checked":15253134,"source_coefficients_and_bounds_unchanged":true,"source_rows_checked":17635208,"periods":[1,2,3,4,5,6,7,8,9,10,11,12,13,14,15,16,17,18,19,20,21,22,23,24,25,26,27,28,29,30,31,32,33,34,35,36,37,38,39,40,41,42,43,44,45,46,47,48],"box_redundant_master_projections_proved":6394830,"partition_manifest_sha256":"ccb10af722c6980c7e11d40c6be75f7c91ca232e15e5fdcc27f98291d14e642f","solve_calls":0,"complete":true,"pass":true,"source_rows_covered_exactly_once":true,"elapsed_seconds":116.38499999046326}
