Running HiGHS 1.15.1 (git hash: 04024d7): Copyright (c) 2026 under MIT licence terms
Includes third-party software components, see THIRD_PARTY_NOTICES.md for full details
LP has 210547 rows; 150274 cols; 553267 nonzeros
Coefficient ranges:
  Matrix  [1e+00, 2e+01]
  Cost    [1e+02, 5e+05]
  Bound   [1e-05, 6e+03]
  RHS     [1e-20, 6e+03]
WARNING: Problem has some excessively small column bounds
WARNING: Problem has some excessively small row bounds
Presolving model
39608 rows, 66969 cols, 206341 nonzeros 0s
36304 rows, 66969 cols, 196429 nonzeros 0s
Presolve reductions: rows 36304(-174243); columns 66969(-83305); nonzeros 196429(-356838) 
Solving the presolved LP
Using dual simplex solver
  Iteration        Objective     Infeasibilities num(sum)
          0     2.1097060066e+03 Pr: 96(7719.27) 0.2s
      20766     4.3906469630e+08 Pr: 0(0) 0.6s

Performed postsolve
Solving the original LP from the solution after postsolve

Model status        : Optimal
Simplex   iterations: 20766
Objective value     :  4.3906469630e+08
P-D objective error :  1.9684282420e-15
HiGHS run time      :          0.75
