Running HiGHS 1.15.1 (git hash: 04024d7): Copyright (c) 2026 under MIT licence terms
Includes third-party software components, see THIRD_PARTY_NOTICES.md for full details
LP has 210471 rows; 150198 cols; 553115 nonzeros
Coefficient ranges:
  Matrix  [1e+00, 2e+01]
  Cost    [1e+02, 5e+05]
  Bound   [1e-05, 6e+03]
  RHS     [1e-20, 6e+03]
WARNING: Problem has some excessively small column bounds
WARNING: Problem has some excessively small row bounds
Presolving model
40127 rows, 68105 cols, 211483 nonzeros 0s
37167 rows, 68105 cols, 202603 nonzeros 0s
Presolve reductions: rows 37167(-173304); columns 68105(-82093); nonzeros 202603(-350512) 
Solving the presolved LP
Using dual simplex solver
  Iteration        Objective     Infeasibilities num(sum)
          0     2.2527829964e+03 Pr: 96(7684.71) 0.2s
      20776     4.2998596403e+08 Pr: 0(0) 0.6s

Performed postsolve
Solving the original LP from the solution after postsolve

Model status        : Optimal
Simplex   iterations: 20776
Objective value     :  4.2998596403e+08
P-D objective error :  2.3565396194e-15
HiGHS run time      :          0.75
