Running HiGHS 1.15.1 (git hash: 04024d7): Copyright (c) 2026 under MIT licence terms
Includes third-party software components, see THIRD_PARTY_NOTICES.md for full details
LP has 210499 rows; 150226 cols; 553171 nonzeros
Coefficient ranges:
  Matrix  [1e+00, 2e+01]
  Cost    [1e+02, 5e+05]
  Bound   [1e-05, 6e+03]
  RHS     [1e-20, 6e+03]
WARNING: Problem has some excessively small column bounds
WARNING: Problem has some excessively small row bounds
Presolving model
40109 rows, 67632 cols, 209914 nonzeros 0s
36957 rows, 67632 cols, 200458 nonzeros 0s
Presolve reductions: rows 36957(-173542); columns 67632(-82594); nonzeros 200458(-352713) 
Solving the presolved LP
Using dual simplex solver
  Iteration        Objective     Infeasibilities num(sum)
          0     2.6167840009e+03 Pr: 96(7767.03) 0.2s
      21168     4.4186952787e+08 Pr: 0(0) 0.6s

Performed postsolve
Solving the original LP from the solution after postsolve

Model status        : Optimal
Simplex   iterations: 21168
Objective value     :  4.4186952787e+08
P-D objective error :  4.0467586662e-15
HiGHS run time      :          0.74
