Running HiGHS 1.15.1 (git hash: 04024d7): Copyright (c) 2026 under MIT licence terms
Includes third-party software components, see THIRD_PARTY_NOTICES.md for full details
LP has 210435 rows; 150162 cols; 553043 nonzeros
Coefficient ranges:
  Matrix  [1e+00, 2e+01]
  Cost    [1e+02, 5e+05]
  Bound   [1e-05, 6e+03]
  RHS     [1e-20, 6e+03]
WARNING: Problem has some excessively small column bounds
WARNING: Problem has some excessively small row bounds
Presolving model
40418 rows, 68888 cols, 214762 nonzeros 0s
37572 rows, 68888 cols, 206224 nonzeros 0s
Presolve reductions: rows 37572(-172863); columns 68888(-81274); nonzeros 206224(-346819) 
Solving the presolved LP
Using dual simplex solver
  Iteration        Objective     Infeasibilities num(sum)
          0     2.2682350079e+03 Pr: 96(7735.08) 0.2s
      21188     4.3555232072e+08 Pr: 0(0) 0.6s

Performed postsolve
Solving the original LP from the solution after postsolve

Model status        : Optimal
Simplex   iterations: 21188
Objective value     :  4.3555232072e+08
P-D objective error :  2.7369682985e-15
HiGHS run time      :          0.78
