Running HiGHS 1.15.1 (git hash: 04024d7): Copyright (c) 2026 under MIT licence terms
Includes third-party software components, see THIRD_PARTY_NOTICES.md for full details
LP has 210529 rows; 150256 cols; 553231 nonzeros
Coefficient ranges:
  Matrix  [1e+00, 2e+01]
  Cost    [1e+02, 5e+05]
  Bound   [1e-05, 6e+03]
  RHS     [1e-20, 6e+03]
WARNING: Problem has some excessively small column bounds
WARNING: Problem has some excessively small row bounds
Presolving model
40128 rows, 67507 cols, 208996 nonzeros 0s
36795 rows, 67507 cols, 198997 nonzeros 0s
Presolve reductions: rows 36795(-173734); columns 67507(-82749); nonzeros 198997(-354234) 
Solving the presolved LP
Using dual simplex solver
  Iteration        Objective     Infeasibilities num(sum)
          0     2.5607870013e+03 Pr: 96(7746.27) 0.2s
      20536     4.4281063548e+08 Pr: 0(0) 0.6s

Performed postsolve
Solving the original LP from the solution after postsolve

Model status        : Optimal
Simplex   iterations: 20536
Objective value     :  4.4281063548e+08
P-D objective error :  2.8267106492e-15
HiGHS run time      :          0.76
