C:\Users\thoma\Documents\go3-division2-cpu\.cache\upstream\C3DataUtilities\datautilities\ctgmodel.py:126: SparseEfficiencyWarning: splu converted its input to CSC format
  a_factors = scipy.sparse.linalg.splu(a_mat)
C:\Users\thoma\Documents\go3-division2-cpu\.cache\upstream\C3DataUtilities\datautilities\ctgmodel.py:379: SparseEfficiencyWarning: splu converted its input to CSC format
  a_factors_t = scipy.sparse.linalg.splu(a_mat_t)
{
  "pass": true,
  "complete": true,
  "candidate_sha256": "ea274bb0da0d92e199e58fd3c276ad86b097a90463f14077ff021292eb6a2287",
  "input_sha256": "456f541c7dbaed7bb09347279d5b9865e2927bd6a85c423717704673a59b75a8",
  "independent_seconds": 0.006932900054380298,
  "official_seconds": 0.5240684000309557,
  "objective": 1732.2744109052487,
  "official_feas": 1,
  "official_phys_feas": 1,
  "independent_hard_pass": true,
  "max_hard_residual": 0.0,
  "objective_discrepancy": 4.547473508864641e-12,
  "objective_agreement": true,
  "contingencies_completed": 9,
  "contingencies_required": 9,
  "max_p_imbalance_pu": 1.6439324346251283e-09,
  "max_q_imbalance_pu": 8.088895430205523e-10,
  "max_contingency_overload_pu": 0.0,
  "costs_total": {
    "production": 17.548476828668772,
    "demand_benefit": 1749.9999999555553,
    "on": 0.17500000000000002,
    "startup": 0.0,
    "shutdown": 0.0,
    "reserve_awards": 0.002104847682857988,
    "switching": 0.0,
    "real_imbalance": 5.5659831743604116e-06,
    "reactive_imbalance": 1.8079762415922768e-06,
    "base_overload": 0.0,
    "reserve_shortfall": 0.0,
    "contingency_worst": 0.0,
    "contingency_average": 0.0
  },
  "verification_directory": "C:\\Users\\thoma\\Documents\\go3-division2-cpu\\tmp\\pilot002_component_gate_esh6mvpd\\correction_verification",
  "total_verification_seconds": 0.5310081000206992
}
