Running HiGHS 1.15.1 (git hash: 04024d7): Copyright (c) 2026 under MIT licence terms
Includes third-party software components, see THIRD_PARTY_NOTICES.md for full details
LP has 210505 rows; 150232 cols; 553183 nonzeros
Coefficient ranges:
  Matrix  [1e+00, 2e+01]
  Cost    [1e+02, 5e+05]
  Bound   [1e-05, 6e+03]
  RHS     [1e-20, 6e+03]
WARNING: Problem has some excessively small column bounds
WARNING: Problem has some excessively small row bounds
Presolving model
40113 rows, 67567 cols, 209481 nonzeros 0s
36877 rows, 67567 cols, 199773 nonzeros 0s
Presolve reductions: rows 36877(-173628); columns 67567(-82665); nonzeros 199773(-353410) 
Solving the presolved LP
Using dual simplex solver
  Iteration        Objective     Infeasibilities num(sum)
          0     2.4596300058e+03 Pr: 96(7721.56) 0.2s
      20707     4.3552329140e+08 Pr: 0(0) 0.6s

Performed postsolve
Solving the original LP from the solution after postsolve

Model status        : Optimal
Simplex   iterations: 20707
Objective value     :  4.3552329140e+08
P-D objective error :  3.6951534829e-15
HiGHS run time      :          0.77
