GO3_PROGRESS {"epoch_seconds":1.78994090571e9,"event":"reserve_benders_worker_started","raw_case_parsed":false,"pid":15364,"mode":"recourse","stage":"source_reserve_benders","round":2,"remaining_work_seconds":99.23108434677124}
Running HiGHS 1.15.1 (git hash: 04024d701f): Copyright (c) 2026 under MIT licence terms
Includes third-party software components, see THIRD_PARTY_NOTICES.md for full details
Using BLAS: libblastrampoline 
GO3_PROGRESS {"epoch_seconds":1.789940907412e9,"event":"reserve_benders_solve_begin","actual_limit_seconds":5.0,"pid":15364,"period":1,"mode":"recourse","stage":"source_reserve_benders","round":2,"remaining_work_seconds":97.52908444404602}
LP has 2 rows; 1 col; 2 nonzeros
Coefficient ranges:
  Matrix  [1e+00, 1e+00]
  Cost    [3e+00, 3e+00]
  Bound   [0e+00, 0e+00]
  RHS     [5e-01, 5e-01]
Presolving model
0 rows, 0 cols, 0 nonzeros 0s
0 rows, 0 cols, 0 nonzeros 0s
Presolve reductions: rows 0(-2); columns 0(-1); nonzeros 0(-2) - Reduced to empty
Performed postsolve
Solving the original LP from the solution after postsolve

Model status        : Optimal
Objective value     :  1.5000000000e+00
P-D objective error :  0.0000000000e+00
HiGHS run time      :          0.00
GO3_PROGRESS {"epoch_seconds":1.789940907424e9,"event":"reserve_benders_solve_returned","solve_seconds":0.0005781650543212891,"pid":15364,"mode":"recourse","stage":"source_reserve_benders","termination":"OPTIMAL","simplex_iterations":0,"barrier_iterations":0,"has_primal":true,"period":1,"native_status":7,"solve_wall_seconds":0.0010001659393310547,"round":2,"remaining_work_seconds":97.51708436012268}
GO3_PROGRESS {"epoch_seconds":1.789940907899e9,"event":"reserve_benders_hour_complete","pid":15364,"mode":"recourse","hours_completed":1,"stage":"source_reserve_benders","hours_required":1,"kind":"cost","period":1,"round":2,"remaining_work_seconds":97.04208445549011}
GO3_PROGRESS {"epoch_seconds":1.789940908137e9,"event":"reserve_benders_incumbent_audited","pid":15364,"mode":"recourse","objective":-2.0000000000000004,"stage":"source_reserve_benders","round":2,"maximum_residual":3.885780586188048e-16,"remaining_work_seconds":96.80408430099487}
GO3_PROGRESS {"epoch_seconds":1.789940908179e9,"event":"reserve_benders_stage_complete","pid":15364,"result_sha256":"78dd26ccc6f03b88239b80403679501ffaa7530da46ba6e69e099291aef21063","mode":"recourse","stage":"source_reserve_benders","round":2,"remaining_work_seconds":96.76208448410034}
