GO3_PROGRESS {"epoch_seconds":1.789993223386e9,"event":"reserve_benders_worker_started","raw_case_parsed":false,"pid":15796,"native_backend":{"analytic_center_requested":false,"git_hash":"04024d7","library_sha256":"06fa04b2f66ae80f3446e8e2a95ad1bea09faa0414b3151c1764bbb6bf7395c8","root_presolve_only_requested":true,"version":"1.15.1","policy":"root_memory_guard_v1","library_path":"C:\\Users\\thoma\\Documents\\go3-division2-cpu\\environments\\highs-root-memory-build\\bin\\libhighs.dll","highs_int_bits":32,"manifest_sha256":"73ceb849300d5ec00761156f21326c61e5343e1acb856a3206410eee69eba794","floating_point_bits":64,"objective_clique_max_size":0},"mode":"recourse","stage":"source_reserve_benders","round":1,"remaining_work_seconds":107.92060923576355}
Running HiGHS 1.15.1 (git hash: 04024d7): Copyright (c) 2026 under MIT licence terms
Includes third-party software components, see THIRD_PARTY_NOTICES.md for full details
GO3_PROGRESS {"epoch_seconds":1.789993225013e9,"event":"reserve_benders_solve_begin","actual_limit_seconds":5.0,"pid":15796,"period":1,"mode":"recourse","stage":"source_reserve_benders","round":1,"remaining_work_seconds":106.29360914230347}
LP has 21 rows; 18 cols; 44 nonzeros
Coefficient ranges:
  Matrix  [5e-02, 1e+00]
  Cost    [5e-03, 5e+01]
  Bound   [5e-01, 4e+00]
  RHS     [1e-02, 2e+00]
Presolving model
6 rows, 7 cols, 14 nonzeros 0s
5 rows, 7 cols, 12 nonzeros 0s
Presolve reductions: rows 5(-16); columns 7(-11); nonzeros 12(-32) 
Solving the presolved LP
Using dual simplex solver
  Iteration        Objective     Infeasibilities num(sum)
          0     0.0000000000e+00 Pr: 4(0.19) 0.0s
          2     6.0000000000e-04 Pr: 0(0) 0.0s

Performed postsolve
Solving the original LP from the solution after postsolve

Model status        : Optimal
Simplex   iterations: 2
Objective value     :  6.0000000000e-04
P-D objective error :  0.0000000000e+00
HiGHS run time      :          0.01
GO3_PROGRESS {"epoch_seconds":1.789993225032e9,"event":"reserve_benders_solve_returned","solve_seconds":0.011099100112915039,"pid":15796,"mode":"recourse","stage":"source_reserve_benders","termination":"OPTIMAL","simplex_iterations":2,"barrier_iterations":0,"has_primal":true,"period":1,"native_status":7,"solve_wall_seconds":0.01100015640258789,"round":1,"remaining_work_seconds":106.2746090888977}
GO3_PROGRESS {"epoch_seconds":1.789993225473e9,"event":"reserve_benders_hour_complete","pid":15796,"mode":"recourse","hours_completed":1,"stage":"source_reserve_benders","hours_required":3,"kind":"cost","period":1,"round":1,"remaining_work_seconds":105.8336091041565}
Running HiGHS 1.15.1 (git hash: 04024d7): Copyright (c) 2026 under MIT licence terms
Includes third-party software components, see THIRD_PARTY_NOTICES.md for full details
GO3_PROGRESS {"epoch_seconds":1.789993225589e9,"event":"reserve_benders_solve_begin","actual_limit_seconds":5.0,"pid":15796,"period":2,"mode":"recourse","stage":"source_reserve_benders","round":1,"remaining_work_seconds":105.717609167099}
LP has 21 rows; 18 cols; 44 nonzeros
Coefficient ranges:
  Matrix  [5e-02, 1e+00]
  Cost    [1e-02, 1e+02]
  Bound   [5e-01, 4e+00]
  RHS     [1e-02, 2e+00]
Presolving model
6 rows, 7 cols, 14 nonzeros 0s
5 rows, 7 cols, 12 nonzeros 0s
Presolve reductions: rows 5(-16); columns 7(-11); nonzeros 12(-32) 
Solving the presolved LP
Using dual simplex solver
  Iteration        Objective     Infeasibilities num(sum)
          0     0.0000000000e+00 Pr: 4(0.19) 0.0s
          2     1.2000000000e-03 Pr: 0(0) 0.0s

Performed postsolve
Solving the original LP from the solution after postsolve

Model status        : Optimal
Simplex   iterations: 2
Objective value     :  1.2000000000e-03
P-D objective error :  0.0000000000e+00
HiGHS run time      :          0.00
GO3_PROGRESS {"epoch_seconds":1.789993225591e9,"event":"reserve_benders_solve_returned","solve_seconds":0.0013799667358398438,"pid":15796,"mode":"recourse","stage":"source_reserve_benders","termination":"OPTIMAL","simplex_iterations":2,"barrier_iterations":0,"has_primal":true,"period":2,"native_status":7,"solve_wall_seconds":0.0010001659393310547,"round":1,"remaining_work_seconds":105.71560907363892}
GO3_PROGRESS {"epoch_seconds":1.7899932256e9,"event":"reserve_benders_hour_complete","pid":15796,"mode":"recourse","hours_completed":2,"stage":"source_reserve_benders","hours_required":3,"kind":"cost","period":2,"round":1,"remaining_work_seconds":105.70660924911499}
Running HiGHS 1.15.1 (git hash: 04024d7): Copyright (c) 2026 under MIT licence terms
Includes third-party software components, see THIRD_PARTY_NOTICES.md for full details
GO3_PROGRESS {"epoch_seconds":1.789993225678e9,"event":"reserve_benders_solve_begin","actual_limit_seconds":5.0,"pid":15796,"period":3,"mode":"recourse","stage":"source_reserve_benders","round":1,"remaining_work_seconds":105.62860918045044}
LP has 21 rows; 18 cols; 44 nonzeros
Coefficient ranges:
  Matrix  [5e-02, 1e+00]
  Cost    [3e-03, 2e+01]
  Bound   [5e-01, 4e+00]
  RHS     [1e-02, 2e+00]
Presolving model
6 rows, 7 cols, 14 nonzeros 0s
5 rows, 7 cols, 12 nonzeros 0s
Presolve reductions: rows 5(-16); columns 7(-11); nonzeros 12(-32) 
Solving the presolved LP
Using dual simplex solver
  Iteration        Objective     Infeasibilities num(sum)
          0     0.0000000000e+00 Pr: 4(0.19) 0.0s
          2     3.0000000000e-04 Pr: 0(0) 0.0s

Performed postsolve
Solving the original LP from the solution after postsolve

Model status        : Optimal
Simplex   iterations: 2
Objective value     :  3.0000000000e-04
P-D objective error :  0.0000000000e+00
HiGHS run time      :          0.00
GO3_PROGRESS {"epoch_seconds":1.78999322568e9,"event":"reserve_benders_solve_returned","solve_seconds":0.0012631416320800781,"pid":15796,"mode":"recourse","stage":"source_reserve_benders","termination":"OPTIMAL","simplex_iterations":2,"barrier_iterations":0,"has_primal":true,"period":3,"native_status":7,"solve_wall_seconds":0.0010001659393310547,"round":1,"remaining_work_seconds":105.62660908699036}
GO3_PROGRESS {"epoch_seconds":1.789993225693e9,"event":"reserve_benders_hour_complete","pid":15796,"mode":"recourse","hours_completed":3,"stage":"source_reserve_benders","hours_required":3,"kind":"cost","period":3,"round":1,"remaining_work_seconds":105.61360907554626}
GO3_PROGRESS {"epoch_seconds":1.789993225917e9,"event":"reserve_benders_incumbent_audited","pid":15796,"mode":"recourse","objective":1732.1479,"stage":"source_reserve_benders","round":1,"maximum_residual":0.0,"remaining_work_seconds":105.38960909843445}
GO3_PROGRESS {"epoch_seconds":1.789993225955e9,"event":"reserve_benders_stage_complete","pid":15796,"result_sha256":"7993625225a920adba3c5d9e4675a35f42af99243927c8dc1d31e5b7990a606f","mode":"recourse","stage":"source_reserve_benders","round":1,"remaining_work_seconds":105.3516092300415}
