GO3_PROGRESS {"epoch_seconds":1.789959414282e9,"event":"reserve_benders_worker_started","raw_case_parsed":false,"pid":23952,"native_backend":{"git_hash":"04024d701f","library_sha256":"404f0a37f0887e0b390274230441539524f0f68d141a58d62053aea041eb9ded","floating_point_bits":64,"policy":"upstream_jll_v1","library_path":"C:\\Users\\thoma\\Documents\\go3-division2-cpu\\environments\\julia-depot\\artifacts\\7b3fde6a10989de897c61b0c6880e7e7d97cccd4\\bin\\libhighs.dll","highs_int_bits":32,"version":"1.15.1"},"mode":"recourse","stage":"source_reserve_benders","round":1,"remaining_work_seconds":107.9594361782074}
Running HiGHS 1.15.1 (git hash: 04024d701f): Copyright (c) 2026 under MIT licence terms
Includes third-party software components, see THIRD_PARTY_NOTICES.md for full details
Using BLAS: libblastrampoline 
GO3_PROGRESS {"epoch_seconds":1.789959415921e9,"event":"reserve_benders_solve_begin","actual_limit_seconds":5.0,"pid":23952,"period":1,"mode":"recourse","stage":"source_reserve_benders","round":1,"remaining_work_seconds":106.32043623924255}
LP has 2 rows; 1 col; 2 nonzeros
Coefficient ranges:
  Matrix  [1e+00, 1e+00]
  Cost    [3e+00, 3e+00]
  Bound   [0e+00, 0e+00]
  RHS     [1e+00, 1e+00]
Presolving model
Problem status detected on presolve: Infeasible
Model status        : Infeasible
Objective value     :  0.0000000000e+00
HiGHS run time      :          0.00
GO3_PROGRESS {"epoch_seconds":1.789959415929e9,"event":"reserve_benders_solve_returned","solve_seconds":0.00015401840209960938,"pid":23952,"mode":"recourse","stage":"source_reserve_benders","termination":"INFEASIBLE","simplex_iterations":0,"barrier_iterations":0,"has_primal":false,"period":1,"native_status":8,"solve_wall_seconds":0.0,"round":1,"remaining_work_seconds":106.31243634223938}
Running HiGHS 1.15.1 (git hash: 04024d701f): Copyright (c) 2026 under MIT licence terms
Includes third-party software components, see THIRD_PARTY_NOTICES.md for full details
Using BLAS: libblastrampoline 
GO3_PROGRESS {"epoch_seconds":1.789959415964e9,"event":"reserve_benders_solve_begin","actual_limit_seconds":5.0,"pid":23952,"period":1,"mode":"phase_one","stage":"source_reserve_benders","round":1,"remaining_work_seconds":106.27743625640869}
LP has 2 rows; 3 cols; 4 nonzeros
Coefficient ranges:
  Matrix  [1e+00, 1e+00]
  Cost    [1e+00, 1e+00]
  Bound   [0e+00, 0e+00]
  RHS     [1e+00, 1e+00]
Presolving model
1 rows, 2 cols, 2 nonzeros 0s
0 rows, 0 cols, 0 nonzeros 0s
Presolve reductions: rows 0(-2); columns 0(-3); nonzeros 0(-4) - Reduced to empty
Performed postsolve
Solving the original LP from the solution after postsolve

Model status        : Optimal
Objective value     :  1.0000000000e+00
P-D objective error :  0.0000000000e+00
HiGHS run time      :          0.00
GO3_PROGRESS {"epoch_seconds":1.789959415965e9,"event":"reserve_benders_solve_returned","solve_seconds":0.00044798851013183594,"pid":23952,"mode":"phase_one","stage":"source_reserve_benders","termination":"OPTIMAL","simplex_iterations":0,"barrier_iterations":0,"has_primal":true,"period":1,"native_status":7,"solve_wall_seconds":0.0,"round":1,"remaining_work_seconds":106.27643632888794}
GO3_PROGRESS {"epoch_seconds":1.789959416428e9,"event":"reserve_benders_hour_complete","pid":23952,"mode":"recourse","hours_completed":1,"stage":"source_reserve_benders","hours_required":1,"kind":"feasibility","period":1,"round":1,"remaining_work_seconds":105.81343626976013}
GO3_PROGRESS {"epoch_seconds":1.789959416574e9,"event":"reserve_benders_stage_complete","pid":23952,"result_sha256":"ede0eff5fa3969a13d82495f617537e4c44acf70ca0e15b87e5b2145c74f8f36","mode":"recourse","stage":"source_reserve_benders","round":1,"remaining_work_seconds":105.66743636131287}
