Running HiGHS 1.15.1 (git hash: 04024d7): Copyright (c) 2026 under MIT licence terms
Includes third-party software components, see THIRD_PARTY_NOTICES.md for full details
LP has 210441 rows; 150168 cols; 553055 nonzeros
Coefficient ranges:
  Matrix  [1e+00, 2e+01]
  Cost    [1e+02, 5e+05]
  Bound   [1e-05, 6e+03]
  RHS     [1e-20, 6e+03]
WARNING: Problem has some excessively small column bounds
WARNING: Problem has some excessively small row bounds
Presolving model
40351 rows, 68839 cols, 214182 nonzeros 0s
37498 rows, 68839 cols, 205623 nonzeros 0s
Presolve reductions: rows 37498(-172943); columns 68839(-81329); nonzeros 205623(-347432) 
Solving the presolved LP
Using dual simplex solver
  Iteration        Objective     Infeasibilities num(sum)
          0     2.5670319969e+03 Pr: 96(7798.6) 0.2s
      20915     4.4550272587e+08 Pr: 0(0) 0.6s

Performed postsolve
Solving the original LP from the solution after postsolve

Model status        : Optimal
Simplex   iterations: 20915
Objective value     :  4.4550272587e+08
P-D objective error :  2.6089415492e-15
HiGHS run time      :          0.76
