Running HiGHS 1.15.1 (git hash: 04024d7): Copyright (c) 2026 under MIT licence terms
Includes third-party software components, see THIRD_PARTY_NOTICES.md for full details
LP has 210463 rows; 150190 cols; 553099 nonzeros
Coefficient ranges:
  Matrix  [1e+00, 2e+01]
  Cost    [1e+02, 5e+05]
  Bound   [1e-05, 6e+03]
  RHS     [1e-20, 6e+03]
WARNING: Problem has some excessively small column bounds
WARNING: Problem has some excessively small row bounds
Presolving model
40116 rows, 68133 cols, 211544 nonzeros 0s
37181 rows, 68133 cols, 202739 nonzeros 0s
Presolve reductions: rows 37181(-173282); columns 68133(-82057); nonzeros 202739(-350360) 
Solving the presolved LP
Using dual simplex solver
  Iteration        Objective     Infeasibilities num(sum)
          0     2.0486970010e+03 Pr: 96(7800.74) 0.2s
      20943     4.4709667530e+08 Pr: 0(0) 0.6s

Performed postsolve
Solving the original LP from the solution after postsolve

Model status        : Optimal
Simplex   iterations: 20943
Objective value     :  4.4709667530e+08
P-D objective error :  3.3328722847e-15
HiGHS run time      :          0.75
