GO3_PROGRESS {"epoch_seconds":1.789940896396e9,"event":"reserve_benders_worker_started","raw_case_parsed":false,"pid":10068,"mode":"recourse","stage":"source_reserve_benders","round":1,"remaining_work_seconds":108.54508447647095}
Running HiGHS 1.15.1 (git hash: 04024d701f): Copyright (c) 2026 under MIT licence terms
Includes third-party software components, see THIRD_PARTY_NOTICES.md for full details
Using BLAS: libblastrampoline 
GO3_PROGRESS {"epoch_seconds":1.789940898072e9,"event":"reserve_benders_solve_begin","actual_limit_seconds":5.0,"pid":10068,"period":1,"mode":"recourse","stage":"source_reserve_benders","round":1,"remaining_work_seconds":106.86908435821533}
LP has 2 rows; 1 col; 2 nonzeros
Coefficient ranges:
  Matrix  [1e+00, 1e+00]
  Cost    [3e+00, 3e+00]
  Bound   [0e+00, 0e+00]
  RHS     [1e+00, 1e+00]
Presolving model
Problem status detected on presolve: Infeasible
Model status        : Infeasible
Objective value     :  0.0000000000e+00
HiGHS run time      :          0.00
GO3_PROGRESS {"epoch_seconds":1.789940898094e9,"event":"reserve_benders_solve_returned","solve_seconds":0.00013303756713867188,"pid":10068,"mode":"recourse","stage":"source_reserve_benders","termination":"INFEASIBLE","simplex_iterations":0,"barrier_iterations":0,"has_primal":false,"period":1,"native_status":8,"solve_wall_seconds":0.010999917984008789,"round":1,"remaining_work_seconds":106.84708428382874}
Running HiGHS 1.15.1 (git hash: 04024d701f): Copyright (c) 2026 under MIT licence terms
Includes third-party software components, see THIRD_PARTY_NOTICES.md for full details
Using BLAS: libblastrampoline 
GO3_PROGRESS {"epoch_seconds":1.789940898127e9,"event":"reserve_benders_solve_begin","actual_limit_seconds":5.0,"pid":10068,"period":1,"mode":"phase_one","stage":"source_reserve_benders","round":1,"remaining_work_seconds":106.81408429145813}
LP has 2 rows; 3 cols; 4 nonzeros
Coefficient ranges:
  Matrix  [1e+00, 1e+00]
  Cost    [1e+00, 1e+00]
  Bound   [0e+00, 0e+00]
  RHS     [1e+00, 1e+00]
Presolving model
1 rows, 2 cols, 2 nonzeros 0s
0 rows, 0 cols, 0 nonzeros 0s
Presolve reductions: rows 0(-2); columns 0(-3); nonzeros 0(-4) - Reduced to empty
Performed postsolve
Solving the original LP from the solution after postsolve

Model status        : Optimal
Objective value     :  1.0000000000e+00
P-D objective error :  0.0000000000e+00
HiGHS run time      :          0.00
GO3_PROGRESS {"epoch_seconds":1.789940898128e9,"event":"reserve_benders_solve_returned","solve_seconds":0.0011839866638183594,"pid":10068,"mode":"phase_one","stage":"source_reserve_benders","termination":"OPTIMAL","simplex_iterations":0,"barrier_iterations":0,"has_primal":true,"period":1,"native_status":7,"solve_wall_seconds":0.0009999275207519531,"round":1,"remaining_work_seconds":106.81308436393738}
GO3_PROGRESS {"epoch_seconds":1.789940898595e9,"event":"reserve_benders_hour_complete","pid":10068,"mode":"recourse","hours_completed":1,"stage":"source_reserve_benders","hours_required":1,"kind":"feasibility","period":1,"round":1,"remaining_work_seconds":106.34608435630798}
GO3_PROGRESS {"epoch_seconds":1.789940898737e9,"event":"reserve_benders_stage_complete","pid":10068,"result_sha256":"2d9000855f1940c2181722c159a74c90c1a78e0224e9c21f3df6e526514c945a","mode":"recourse","stage":"source_reserve_benders","round":1,"remaining_work_seconds":106.2040843963623}
