GO3_PROGRESS {"elapsed_worker_seconds":0.07500004768371582,"stage":"loading","remaining_work_seconds":2833.2780933380127}
GO3_PROGRESS {"elapsed_worker_seconds":3.6610000133514404,"stage":"scheduling","remaining_work_seconds":2829.692093372345}
GO3_PROGRESS {"elapsed_scheduling_seconds":9.736000061035156,"event":"isolated_result_restored","elapsed_worker_seconds":13.505000114440918,"stage":"scheduling_event","optimization_calls":0,"native_exited":true,"remaining_work_seconds":2819.8480932712555}
Rounded shunt steps:
GO3_PROGRESS {"devices":18005,"final_reserve_optimization_required":true,"full_case_checks_required":true,"policy":"use_joint_schedule_unverified","external_solution_read":false,"initial_solution_verified":false,"stage":"initial_reserve_handoff","source_values_changed":false,"periods":48,"optimization_calls":0,"elapsed_worker_seconds":18.07800006866455,"source":"current_attempt_joint_schedule","reserve_fields":10,"remaining_work_seconds":2815.275093317032}
GO3_PROGRESS {"elapsed_worker_seconds":22.769999980926514,"stage":"schedule_candidate_ready","remaining_work_seconds":2810.58309340477}
GO3_PROGRESS {"elapsed_worker_seconds":79.79299998283386,"interval":1,"stage":"ac_optimization","interval_count":48,"remaining_work_seconds":2753.5600934028625}

******************************************************************************
This program contains Ipopt, a library for large-scale nonlinear optimization.
 Ipopt is released as open source code under the Eclipse Public License (EPL).
         For more information visit https://github.com/coin-or/Ipopt
******************************************************************************

This is Ipopt version 3.14.19, running with linear solver MUMPS 5.9.0.

Number of nonzeros in equality constraint Jacobian...:  1001368
Number of nonzeros in inequality constraint Jacobian.:  1015351
Number of nonzeros in Lagrangian Hessian.............:  1561410

Total number of variables............................:   517792
                     variables with only lower bounds:    69933
                variables with lower and upper bounds:   424216
                     variables with only upper bounds:        0
Total number of equality constraints.................:   218254
Total number of inequality constraints...............:   341724
        inequality constraints with only lower bounds:    42452
   inequality constraints with lower and upper bounds:    33739
        inequality constraints with only upper bounds:   265533

iter    objective    inf_pr   inf_du lg(mu)  ||d||  lg(rg) alpha_du alpha_pr  ls
   0 -4.1231967e+06 5.34e+01 9.86e+01  -1.0 0.00e+00    -  0.00e+00 0.00e+00   0
   1 -4.1133346e+06 5.34e+01 9.86e+01  -1.0 1.20e+02    -  4.34e-04 1.00e-04f  1
   2 -4.0230324e+06 5.33e+01 9.85e+01  -1.0 1.11e+02    -  5.23e-04 9.69e-04f  1
   3 -3.8579088e+06 5.32e+01 9.84e+01  -1.0 9.43e+01    -  1.57e-03 2.02e-03f  1
   4 -3.5227637e+06 5.30e+01 9.82e+01  -1.0 9.18e+01    -  3.00e-03 5.15e-03f  1
   5 -3.3233143e+06 5.27e+01 9.73e+01  -1.0 8.76e+01    -  8.11e-03 4.29e-03f  1
   6 -3.3181093e+06 5.27e+01 1.66e+02  -1.0 8.39e+01    -  5.23e-03 1.36e-04f  1
   7 -3.2857484e+06 5.27e+01 2.44e+02  -1.0 8.29e+01    -  2.03e-03 8.10e-04f  1
   8 -3.2466073e+06 5.26e+01 2.56e+02  -1.0 8.23e+01    -  1.64e-03 9.22e-04f  1
   9 -3.2209635e+06 5.26e+01 2.65e+02  -1.0 9.75e+01    -  1.71e-03 5.69e-04f  1
iter    objective    inf_pr   inf_du lg(mu)  ||d||  lg(rg) alpha_du alpha_pr  ls
  10 -3.1418063e+06 5.25e+01 2.63e+02  -1.0 8.62e+01    -  1.57e-03 1.73e-03f  1
  11 -3.0462646e+06 5.24e+01 2.63e+02  -1.0 8.09e+01    -  2.27e-03 2.09e-03f  1
  12 -2.9069619e+06 5.22e+01 2.63e+02  -1.0 8.02e+01    -  4.13e-03 3.22e-03f  1
  13 -2.7487181e+06 5.20e+01 2.62e+02  -1.0 8.17e+01    -  2.78e-03 4.17e-03f  1
  14 -2.6019174e+06 5.18e+01 2.61e+02  -1.0 8.75e+01    -  6.12e-03 4.50e-03f  1
  15 -2.4557645e+06 5.15e+01 2.60e+02  -1.0 8.87e+01    -  3.11e-03 5.93e-03f  1
  16 -2.3704375e+06 5.12e+01 2.58e+02  -1.0 9.00e+01    -  8.30e-03 4.64e-03f  1
  17 -2.1477272e+06 5.02e+01 2.57e+02  -1.0 1.19e+02    -  2.63e-03 1.99e-02f  1
  18 -2.1895827e+06 4.93e+01 2.55e+02  -1.0 9.65e+01    -  7.82e-03 1.74e-02f  1
  19 -2.4904316e+06 4.79e+01 2.55e+02  -1.0 2.20e+02    -  2.24e-03 2.89e-02f  1
iter    objective    inf_pr   inf_du lg(mu)  ||d||  lg(rg) alpha_du alpha_pr  ls
  20 -3.3199718e+06 4.58e+01 2.59e+02  -1.0 2.54e+02    -  1.65e-02 4.46e-02f  1
  21 -4.6299078e+06 4.37e+01 2.61e+02  -1.0 2.43e+02    -  2.68e-02 4.60e-02f  1
  22 -6.3480244e+06 4.13e+01 2.74e+02  -1.0 2.24e+02    -  1.74e-02 5.44e-02f  1
  23 -8.2572116e+06 3.87e+01 2.42e+02  -1.0 2.05e+02    -  8.23e-02 6.14e-02f  1
  24 -9.6070713e+06 3.69e+01 1.61e+02  -1.0 2.29e+01   0.0 5.19e-03 4.87e-02h  1
  25 -1.2806206e+07 3.24e+01 2.07e+02  -1.0 1.95e+02    -  3.18e-02 1.20e-01f  1
  26 -1.6489630e+07 2.71e+01 2.19e+02  -1.0 1.71e+02    -  1.00e-01 1.63e-01h  1
  27 -1.7939412e+07 2.49e+01 1.54e+02  -1.0 1.43e+02    -  1.52e-01 8.32e-02h  1
  28 -2.2314106e+07 1.75e+01 1.81e+02  -1.0 1.34e+02    -  1.69e-01 2.94e-01h  1
  29 -2.4867493e+07 1.27e+01 1.70e+02  -1.0 9.02e+01    -  1.94e-01 2.68e-01h  1
iter    objective    inf_pr   inf_du lg(mu)  ||d||  lg(rg) alpha_du alpha_pr  ls
  30 -2.6590324e+07 9.57e+00 1.26e+02  -1.0 6.01e+01    -  2.49e-01 2.45e-01h  1
  31 -3.0238626e+07 3.53e+00 1.71e+02  -1.0 3.95e+01    -  2.56e-01 6.13e-01h  1
  32 -3.2441937e+07 1.38e+00 2.27e+02  -1.0 2.88e+01    -  1.31e-01 5.58e-01h  1
  33 -3.4013382e+07 6.02e-01 3.29e+02  -1.0 2.53e+01    -  2.97e-01 5.16e-01h  1
  34 -3.4895171e+07 4.26e-01 3.90e+02  -1.0 2.63e+01    -  1.90e-01 2.63e-01h  1
  35 -3.6548001e+07 2.04e-01 4.93e+02  -1.0 2.73e+01    -  3.49e-01 4.52e-01H  1
  36 -3.7408871e+07 1.54e-01 4.23e+02  -1.0 2.97e+01    -  1.80e-01 1.85e-01h  2
  37 -3.7849537e+07 1.35e-01 1.94e+02  -1.0 3.08e+01    -  1.39e-01 8.51e-02h  3
  38 -3.8557380e+07 1.10e-01 1.54e+02  -1.0 3.23e+01    -  1.34e-01 1.25e-01h  3
  39 -3.9054434e+07 9.52e-02 1.71e+02  -1.0 3.29e+01    -  9.40e-02 8.20e-02h  3
iter    objective    inf_pr   inf_du lg(mu)  ||d||  lg(rg) alpha_du alpha_pr  ls
  40 -3.9533501e+07 8.30e-02 1.32e+02  -1.0 3.33e+01    -  7.25e-02 7.55e-02h  3

Number of Iterations....: 40

                                   (scaled)                 (unscaled)
Objective...............:   7.9067001284050748e+03   -3.9533500642025374e+07
Dual infeasibility......:   1.3214074156565675e+02    6.6070370782828378e+05
Constraint violation....:   8.2962274443417527e-02    8.2962274443417527e-02
Variable bound violation:   0.0000000000000000e+00    0.0000000000000000e+00
Complementarity.........:   2.2022188919841687e+02    1.1011094459920842e+06
Overall NLP error.......:   9.7614925632558709e+01    1.1011094459920842e+06


Number of objective function evaluations             = 61
Number of objective gradient evaluations             = 41
Number of equality constraint evaluations            = 61
Number of inequality constraint evaluations          = 61
Number of equality constraint Jacobian evaluations   = 41
Number of inequality constraint Jacobian evaluations = 41
Number of Lagrangian Hessian evaluations             = 40
Total seconds in IPOPT                               = 92.302

EXIT: Maximum wallclock time exceeded.
GO3_AC_PHASE {"solve_seconds":152.00799989700317,"bound_and_gap_queried":true,"max_primal_residual":0.08296227444341753,"objective":null,"termination":"TIME_LIMIT","simplex_iterations":null,"bound":null,"barrier_iterations":40,"nodes":null,"native_relative_gap":null,"wall_limit_seconds":90.0,"interval":1,"primal_status":"INFEASIBLE_POINT","phase":"continuous_shunts","wall_seconds":182.91200017929077,"complete_finite_point":true,"relative_gap":null}
GO3_AC_PRIMAL_START {"requested_policy":"within_interval_primal_dual_v1","policy":"within_interval_complete_v1","variable_count":643822,"external_solution_read":false,"dual_skip_reason":"First point was not a converged residual-verified point with duals; retained complete primal only","acceptance_scope":"MOI primal attributes set and read back; installed Ipopt wrapper copies them into native x","interval":1,"source":"continuous_shunt_solve_in_same_interval_and_attempt","dual_or_basis_start":false,"bounds_adjusted_start_count":2717,"dual_transfer_used":false,"accepted_interface_count":643822,"complete":true,"source_bounds_changed":false}
This is Ipopt version 3.14.19, running with linear solver MUMPS 5.9.0.

Number of nonzeros in equality constraint Jacobian...:   998651
Number of nonzeros in inequality constraint Jacobian.:  1015351
Number of nonzeros in Lagrangian Hessian.............:  1555976

Total number of variables............................:   515075
                     variables with only lower bounds:    69933
                variables with lower and upper bounds:   421499
                     variables with only upper bounds:        0
Total number of equality constraints.................:   218254
Total number of inequality constraints...............:   341724
        inequality constraints with only lower bounds:    42452
   inequality constraints with lower and upper bounds:    33739
        inequality constraints with only upper bounds:   265533

iter    objective    inf_pr   inf_du lg(mu)  ||d||  lg(rg) alpha_du alpha_pr  ls
   0 -3.9620381e+07 5.30e-01 9.86e+01  -1.0 0.00e+00    -  0.00e+00 0.00e+00   0
   1 -3.9618054e+07 5.29e-01 9.27e+01  -1.0 8.57e+01    -  5.83e-02 3.97e-04f  1
   2 -3.9601469e+07 4.90e-01 6.64e+01  -1.0 4.12e+01    -  3.30e-01 7.51e-02f  1
   3 -3.9786174e+07 3.20e-01 7.36e+01  -1.0 2.15e+01    -  5.70e-01 3.47e-01h  1
   4 -4.0572859e+07 8.22e-02 1.87e+01  -1.0 1.13e+01    -  3.71e-01 7.43e-01h  1
   5 -4.1213189e+07 5.06e-02 2.60e+01  -1.0 1.15e+01    -  3.19e-01 3.84e-01h  1
   6 -4.2418137e+07 2.30e-02 2.49e+01  -1.0 1.37e+01    -  5.09e-01 5.48e-01H  1
   7 -4.3128809e+07 1.92e-02 1.32e+01  -1.0 1.82e+01    -  1.87e-01 1.77e-01f  2
   8 -4.3400693e+07 1.81e-02 2.81e+02  -1.0 1.90e+01    -  3.84e-01 5.93e-02h  4
   9 -4.3614298e+07 1.75e-02 4.07e+02  -1.0 2.37e+01    -  1.78e-01 3.23e-02h  5
iter    objective    inf_pr   inf_du lg(mu)  ||d||  lg(rg) alpha_du alpha_pr  ls
  10 -4.3845042e+07 1.70e-02 7.24e+02  -1.0 2.54e+01    -  3.79e-01 3.05e-02h  5
  11 -4.4001590e+07 1.67e-02 9.10e+02  -1.0 2.98e+01    -  2.20e-01 1.52e-02h  6
  12 -4.4098722e+07 1.66e-02 1.18e+03  -1.0 3.19e+01    -  2.88e-01 8.20e-03h  7
  13 -4.4164392e+07 1.65e-02 1.39e+03  -1.0 3.86e+01    -  2.31e-01 4.64e-03h  8
  14 -4.4246097e+07 1.64e-02 1.52e+03  -1.0 4.85e+01    -  1.38e-01 5.12e-03h  8
  15 -4.4332619e+07 1.63e-02 1.86e+03  -1.0 5.50e+01    -  3.60e-01 5.10e-03h  8
  16 -4.4411961e+07 1.63e-02 1.91e+03  -1.0 7.92e+01    -  6.43e-02 3.98e-03h  8
  17 -5.3300849e+07 1.14e-02 1.63e+03  -1.0 8.33e+01    -  9.95e-01 4.38e-01w  1
  18 -6.0348974e+07 9.15e-03 1.36e+03  -1.0 4.19e+02    -  4.35e-01 3.08e-01w  1
  19 -7.6533962e+07 5.65e-03 6.47e+02  -1.0 2.13e+02    -  1.00e+00 8.35e-01w  1
iter    objective    inf_pr   inf_du lg(mu)  ||d||  lg(rg) alpha_du alpha_pr  ls
  20 -4.4481406e+07 1.62e-02 2.90e+03  -1.0 4.33e+01    -  9.95e-01 3.42e-03h  7
  21 -4.4520313e+07 1.62e-02 2.93e+03  -1.0 4.75e+02    -  3.51e-02 1.29e-03h  9
  22 -4.4572377e+07 1.62e-02 3.17e+03  -1.0 4.70e+02    -  2.45e-01 1.72e-03h  8
  23 -4.7280047e+07 2.51e-03 4.88e+02  -1.0 5.32e+00  -2.0 1.00e+00 8.83e-01H  1
  24 -4.7332078e+07 2.50e-03 4.66e+03  -1.0 2.93e+03    -  4.58e-01 4.82e-03h  6
  25 -4.7377612e+07 2.49e-03 1.08e+04  -1.0 3.39e+02    -  6.91e-01 2.99e-03h  9
  26 -4.7406003e+07 2.49e-03 1.18e+04  -1.0 3.30e+02    -  1.16e-01 1.24e-03h  9
  27 -4.7433307e+07 2.49e-03 2.05e+04  -1.0 3.29e+02    -  1.00e+00 1.16e-03h  9
  28 -4.7450130e+07 2.49e-03 2.10e+04  -1.0 3.24e+02    -  6.68e-02 5.22e-04h 10
  29 -4.7533337e+07 2.45e-03 2.94e+04  -1.0 8.23e+00  -2.5 1.00e+00 1.40e-02h  7
iter    objective    inf_pr   inf_du lg(mu)  ||d||  lg(rg) alpha_du alpha_pr  ls
  30 -4.7569800e+07 2.45e-03 3.32e+04  -1.0 2.47e+03    -  4.50e-01 2.73e-03h  7
  31 -4.7595596e+07 2.44e-03 4.20e+04  -1.0 3.45e+02    -  1.00e+00 1.45e-03h 10
  32 -4.7610509e+07 2.44e-03 4.24e+04  -1.0 3.17e+02    -  4.01e-02 4.87e-04h  9
  33 -4.7627460e+07 2.44e-03 4.52e+04  -1.0 3.16e+02    -  3.25e-01 5.51e-04h  9
  34 -6.4818173e+07 7.12e-03 1.77e+04  -1.0 3.15e+02    -  3.75e-02 5.15e-01w  1
  35 -6.8899037e+07 5.45e-03 2.05e+04  -1.0 3.97e+02    -  6.84e-01 2.71e-01w  1
  36 -8.2365939e+07 2.43e-03 2.10e+03  -1.0 2.39e+02    -  7.46e-01 9.05e-01w  1
  37 -4.7644248e+07 2.44e-03 4.55e+04  -1.0 3.13e+02    -  3.75e-02 5.03e-04h 10
  38 -4.7691139e+07 2.43e-03 5.42e+04  -1.0 1.63e+01  -3.0 1.00e+00 3.67e-03h  9
  39 -4.7715330e+07 2.43e-03 5.99e+04  -1.0 2.16e+03    -  6.55e-01 1.52e-03h  8
iter    objective    inf_pr   inf_du lg(mu)  ||d||  lg(rg) alpha_du alpha_pr  ls
  40 -4.7741655e+07 2.42e-03 6.87e+04  -1.0 2.55e+02    -  1.00e+00 1.14e-03h 10
  41 -4.7769548e+07 2.42e-03 6.96e+04  -1.0 3.22e+02    -  1.09e-01 8.63e-04h 10
  42 -4.7831459e+07 2.42e-03 7.05e+04  -1.0 3.20e+02    -  1.07e-01 1.84e-03h  9
  43 -4.7926335e+07 2.38e-03 7.82e+04  -1.0 8.07e+00  -2.5 1.00e+00 1.49e-02h  7
  44 -4.7967096e+07 2.37e-03 8.24e+04  -1.0 2.15e+03    -  4.88e-01 3.02e-03h  7
  45 -4.7992148e+07 2.37e-03 9.13e+04  -1.0 3.26e+02    -  1.00e+00 1.36e-03h 10
  46 -4.8015140e+07 2.37e-03 9.18e+04  -1.0 3.03e+02    -  6.25e-02 7.52e-04h  9
  47 -5.5085946e+07 1.84e-03 7.39e+04  -1.0 3.02e+02    -  5.75e-01 2.30e-01w  1
  48 -6.2171624e+07 7.58e-03 3.65e+03  -1.0 1.22e+01  -3.0 1.00e+00 9.57e-01w  1
  49 -6.6129138e+07 4.88e-03 1.84e+05  -1.0 8.51e+02    -  1.00e+00 3.64e-01w  1
iter    objective    inf_pr   inf_du lg(mu)  ||d||  lg(rg) alpha_du alpha_pr  ls
  50 -4.8028950e+07 2.37e-03 9.70e+04  -1.0 1.02e+02    -  5.75e-01 4.48e-04h  9
  51 -4.8050607e+07 2.37e-03 9.83e+04  -1.0 1.44e+02  -3.5 1.52e-01 9.42e-04h 11
  52 -4.8103258e+07 2.36e-03 1.07e+05  -1.0 1.85e+01  -3.1 1.00e+00 3.77e-03h  9
  53 -4.8131583e+07 2.35e-03 1.13e+05  -1.0 1.88e+03    -  6.70e-01 1.69e-03h  8
  54 -4.8158895e+07 2.35e-03 1.22e+05  -1.0 2.53e+02    -  1.00e+00 1.14e-03h 10
  55 -4.8177764e+07 2.35e-03 1.24e+05  -1.0 3.05e+02    -  2.16e-01 5.77e-04h 11
  56 -4.8222624e+07 2.34e-03 1.27e+05  -1.0 7.45e+01  -3.5 3.48e-01 1.89e-03h 10
  57 -4.8276257e+07 2.34e-03 1.36e+05  -1.0 1.89e+01  -3.1 1.00e+00 3.79e-03h  9
  58 -4.8306481e+07 2.33e-03 1.40e+05  -1.0 1.81e+03    -  5.30e-01 1.73e-03h  8
  59 -4.8336708e+07 2.33e-03 1.49e+05  -1.0 3.12e+02    -  1.00e+00 1.34e-03h 10
iter    objective    inf_pr   inf_du lg(mu)  ||d||  lg(rg) alpha_du alpha_pr  ls
  60 -6.4699131e+07 6.27e-03 6.98e+04  -1.0 2.93e+02    -  1.40e-01 5.10e-01w  1
  61 -7.9354263e+07 4.30e-03 3.82e+03  -1.0 1.18e+02    -  1.00e+00 9.57e-01w  1
  62 -8.1803896e+07 2.51e-03 2.63e+05  -1.0 1.16e+01    -  1.00e+00 4.17e-01w  1
  63 -4.8352687e+07 2.33e-03 1.50e+05  -1.0 4.63e+00    -  1.40e-01 4.98e-04h 10
  64 -4.8373010e+07 2.33e-03 1.60e+05  -1.0 3.82e+01  -3.6 1.00e+00 8.71e-04h 11
  65 -4.8395762e+07 2.32e-03 1.61e+05  -1.0 1.56e+03    -  1.32e-01 9.88e-04h  9
  66 -4.8446946e+07 2.31e-03 1.68e+05  -1.0 2.54e+01  -3.2 8.71e-01 3.80e-03h  9
  67 -4.8466122e+07 2.31e-03 1.76e+05  -1.0 1.52e+03    -  8.99e-01 1.01e-03h  9
  68 -4.8490575e+07 2.31e-03 1.77e+05  -1.0 2.04e+02    -  1.35e-01 8.39e-04h 10
  69 -4.8519153e+07 2.31e-03 1.84e+05  -1.0 2.14e+02    -  7.21e-01 9.59e-04h 10
iter    objective    inf_pr   inf_du lg(mu)  ||d||  lg(rg) alpha_du alpha_pr  ls
  70 -4.8584958e+07 2.29e-03 1.92e+05  -1.0 1.10e+01  -2.7 1.00e+00 7.62e-03h  8

Number of Iterations....: 70

                                   (scaled)                 (unscaled)
Objective...............:   9.7169916061235854e+03   -4.8584958030617923e+07
Dual infeasibility......:   1.9186314285486317e+05    9.5931571427431583e+08
Constraint violation....:   2.2907631560501185e-03    2.2907631560501185e-03
Variable bound violation:   0.0000000000000000e+00    0.0000000000000000e+00
Complementarity.........:   3.1341475417040643e+00    1.5670737708520321e+04
Overall NLP error.......:   3.8134852972904359e+03    9.5931571427431583e+08


Number of objective function evaluations             = 560
Number of objective gradient evaluations             = 71
Number of equality constraint evaluations            = 560
Number of inequality constraint evaluations          = 560
Number of equality constraint Jacobian evaluations   = 71
Number of inequality constraint Jacobian evaluations = 71
Number of Lagrangian Hessian evaluations             = 70
Total seconds in IPOPT                               = 240.644

EXIT: Maximum wallclock time exceeded.
GO3_AC_PRIMAL_GUARD {"variable_count":643822,"objective_window_iterations":8,"discrete_solution_claimed":false,"native_original_probe_seconds":0.0,"interval":1,"original_probe_interval":5,"certificate_scope":"local model feasibility only; objective stagnation is heuristic; no KKT or global optimality claim","minimum_iterations":20,"audit_count":0,"native_original_probe_count":0,"model_structure_changed":false,"candidate_only":false,"external_solution_read":false,"policy":"verified_stable_rounded_primal_v1","callback_count":71,"primal_residual_limit":1.0e-8,"residual_screen":"callback_internal","audit_seconds":0.0,"phase":"rounded_shunts","objective_relative_range_limit":1.0e-7,"enabled":true,"stop_requested":false,"source_bounds_changed":false}
GO3_AC_PHASE {"solve_seconds":297.42199993133545,"bound_and_gap_queried":true,"max_primal_residual":0.0022907631560501185,"objective":null,"termination":"TIME_LIMIT","simplex_iterations":null,"bound":null,"barrier_iterations":70,"nodes":null,"native_relative_gap":null,"wall_limit_seconds":240.0,"interval":1,"primal_status":"INFEASIBLE_POINT","phase":"rounded_shunts","wall_seconds":305.22900009155273,"complete_finite_point":true,"relative_gap":null}
GO3_AC_NUMERICAL_RECOVERY {"trigger":"rounded_phase_failed_explicit_primal_residual_screen","model_structure_changed":false,"dual_starts_cleared":1697950,"policy":"adaptive_barrier_on_failed_residual_v1","external_solution_read":false,"previous_model_residual":0.0022907631560501185,"constraint_count":1697950,"fresh_optimizer_instantiated":true,"options":{"mu_oracle":"quality-function","bound_relax_factor":0.0,"tol":1.0e-9,"acceptable_tol":1.0e-8,"warm_start_same_structure":"no","adaptive_mu_globalization":"obj-constr-filter","mu_strategy":"adaptive","slack_bound_push":0.01,"bound_frac":0.01,"mu_init":0.1,"slack_bound_frac":0.01,"honor_original_bounds":"yes","warm_start_init_point":"no","acceptable_constr_viol_tol":1.0e-9,"max_iter":1000,"bound_push":0.01,"compl_inf_tol":1.0e-8,"max_wall_time":360.0,"constr_viol_tol":1.0e-9},"attempted":true,"interval":1,"acceptance":"unchanged local residual screen followed by independent exhaustive verification","objective_changed":false,"complete_primal_start":{"policy":"within_interval_complete_v1","source":"failed_rounded_shunt_solve_in_same_interval_and_attempt","variable_count":643822,"accepted_interface_count":643822,"bounds_adjusted_start_count":0,"complete":true,"acceptance_scope":"MOI primal attributes set and read back; installed Ipopt wrapper copies them into native x","dual_or_basis_start":false,"external_solution_read":false,"source_bounds_changed":false},"source_bounds_changed":false,"legacy_nonlinear_count":0}
This is Ipopt version 3.14.19, running with linear solver MUMPS 5.9.0.

Number of nonzeros in equality constraint Jacobian...:   998651
Number of nonzeros in inequality constraint Jacobian.:  1015351
Number of nonzeros in Lagrangian Hessian.............:  1555976

Total number of variables............................:   515075
                     variables with only lower bounds:    69933
                variables with lower and upper bounds:   421499
                     variables with only upper bounds:        0
Total number of equality constraints.................:   218254
Total number of inequality constraints...............:   341724
        inequality constraints with only lower bounds:    42452
   inequality constraints with lower and upper bounds:    33739
        inequality constraints with only upper bounds:   265533

iter    objective    inf_pr   inf_du lg(mu)  ||d||  lg(rg) alpha_du alpha_pr  ls
   0 -4.8671825e+07 2.97e-02 9.90e+01   0.0 0.00e+00    -  0.00e+00 0.00e+00   0
   1 -4.7656863e+07 2.95e-02 9.56e+01  -4.0 1.93e+01    -  3.49e-02 9.78e-03f  1
   2 -4.5479012e+07 2.87e-02 8.83e+01  -4.0 1.93e+01    -  7.55e-02 3.49e-02f  1
   3 -4.1223800e+07 2.61e-02 6.73e+01  -4.0 1.86e+01    -  2.38e-01 1.07e-01f  1
   4 -3.3610532e+07 1.91e-02 5.51e+01  -4.1 1.71e+01    -  1.81e-01 2.97e-01f  1
   5 -3.0969228e+07 1.62e-02 4.77e+01  -4.2 4.01e+01    -  1.34e-01 1.69e-01f  1
   6 -2.7181051e+07 1.93e-02 3.33e+01  -4.3 3.18e+01    -  3.02e-01 2.94e-01f  1
   7 -2.5354187e+07 2.13e-02 2.10e+01  -4.5 2.50e+01    -  3.70e-01 1.91e-01f  1
   8 -2.2016418e+07 3.78e-02 1.70e+01  -4.7 3.47e+01    -  1.89e-01 3.90e-01f  1
   9 -2.0178048e+07 3.23e-02 1.49e+01  -4.7 2.21e+01    -  1.23e-01 3.14e-01f  1
iter    objective    inf_pr   inf_du lg(mu)  ||d||  lg(rg) alpha_du alpha_pr  ls
  10 -1.9001038e+07 2.55e-02 1.05e+01  -4.8 1.15e+01    -  2.95e-01 2.63e-01f  1
  11 -1.7913058e+07 1.98e-02 8.35e+00  -5.0 1.27e+01    -  2.06e-01 2.63e-01f  1
  12 -1.6976230e+07 1.58e-02 7.22e+00  -5.1 1.51e+01    -  1.36e-01 2.37e-01f  1
  13 -1.6495257e+07 1.41e-02 6.81e+00  -5.1 1.62e+01    -  5.72e-02 1.25e-01f  1
  14 -1.6485427e+07 1.40e-02 5.11e+00  -5.1 1.66e+01    -  2.49e-01 2.58e-03f  1
  15 -1.4706605e+07 2.31e-02 4.35e+00  -5.3 2.03e+01    -  1.48e-01 3.86e-01f  1
  16 -1.4332259e+07 2.15e-02 4.29e+00  -5.3 1.93e+01    -  1.43e-02 7.99e-02f  1
  17 -1.3599978e+07 1.92e-02 3.99e+00  -5.3 1.99e+01    -  7.09e-02 1.57e-01f  1
  18 -1.2959467e+07 1.71e-02 3.70e+00  -5.4 1.94e+01    -  7.90e-02 1.34e-01f  1
  19 -1.2696101e+07 1.63e-02 3.41e+00  -5.4 2.08e+01    -  7.43e-02 5.26e-02f  1
iter    objective    inf_pr   inf_du lg(mu)  ||d||  lg(rg) alpha_du alpha_pr  ls
  20 -1.1836272e+07 1.42e-02 3.00e+00  -5.4 2.24e+01    -  1.27e-01 1.63e-01f  1
  21 -1.1471474e+07 1.33e-02 2.21e+00  -5.5 2.53e+01    -  2.54e-01 6.41e-02f  1
  22 -1.1211072e+07 1.28e-02 1.70e+00  -5.6 3.36e+01    -  2.31e-01 3.72e-02f  1
  23 -1.0079990e+07 1.13e-02 1.50e+00  -5.7 4.32e+01    -  1.21e-01 1.36e-01f  1
  24 -8.7429879e+06 1.01e-02 1.25e+00  -5.8 4.86e+01    -  1.64e-01 1.51e-01f  1
  25 -8.0165287e+06 9.60e-03 1.37e+00  -5.9 5.75e+01    -  1.69e-01 7.61e-02f  1
  26 -5.6055965e+06 1.02e-02 8.89e-01  -6.0 6.84e+01    -  1.44e-01 2.35e-01f  1
  27 -5.1189030e+06 9.82e-03 9.17e-01  -6.0 7.82e+01    -  1.52e-01 4.80e-02f  1
  28 -4.1027259e+06 9.39e-03 7.91e-01  -6.1 9.10e+01    -  7.47e-02 9.77e-02f  1
  29 -3.7234570e+06 9.11e-03 1.50e+00  -6.1 9.71e+01    -  1.70e-01 3.76e-02f  1
iter    objective    inf_pr   inf_du lg(mu)  ||d||  lg(rg) alpha_du alpha_pr  ls
  30 -2.0817849e+06 1.25e-02 7.19e-01  -6.2 1.15e+02    -  9.41e-02 1.62e-01f  1
  31 -1.2624025e+06 1.23e-02 1.48e+00  -6.3 1.23e+02    -  2.07e-01 8.97e-02f  1
  32 -6.5460478e+05 1.16e-02 1.61e+00  -6.4 1.49e+02    -  1.19e-01 7.24e-02f  1
  33 -2.1302933e+05 1.09e-02 1.56e+00  -6.4 1.63e+02    -  6.91e-02 5.70e-02f  1
  34  4.1482286e+05 9.97e-03 1.42e+00  -6.4 1.71e+02    -  8.24e-02 8.65e-02f  1
  35  8.2870794e+05 9.31e-03 1.46e+00  -6.5 1.78e+02    -  1.20e-01 6.33e-02f  1
  36  1.3759236e+06 8.36e-03 1.25e+00  -6.5 1.89e+02    -  4.53e-02 9.28e-02f  1
  37  1.6879291e+06 8.04e-03 1.23e+00  -6.6 1.84e+02    -  9.87e-02 5.97e-02f  1
  38  2.0433378e+06 8.56e-03 1.13e+00  -6.6 1.83e+02    -  7.42e-02 7.58e-02f  1
  39  2.1620146e+06 8.46e-03 1.44e+00  -6.6 1.69e+02    -  5.32e-02 2.87e-02f  1
iter    objective    inf_pr   inf_du lg(mu)  ||d||  lg(rg) alpha_du alpha_pr  ls
  40  2.3037646e+06 8.36e-03 2.07e+00  -6.7 1.61e+02    -  7.94e-02 3.63e-02f  1
  41  2.5079076e+06 1.01e-02 1.59e+00  -6.7 1.69e+02    -  3.38e-02 5.66e-02f  1
  42  2.6317984e+06 9.78e-03 2.71e+00  -6.7 1.69e+02    -  1.13e-01 3.74e-02f  1
  43  2.7042645e+06 9.55e-03 3.06e+00  -6.8 1.83e+02    -  5.20e-02 2.41e-02f  1
  44  3.0082518e+06 8.64e-03 1.49e+00  -6.8 1.89e+02    -  4.19e-03 1.06e-01f  1
  45  3.1166690e+06 8.27e-03 1.63e+00  -6.8 1.83e+02    -  6.27e-02 4.35e-02f  1
  46  3.2836375e+06 7.65e-03 1.61e+00  -6.8 1.49e+01  -4.0 9.05e-02 7.55e-02f  1
  47  3.5035737e+06 6.40e-03 1.27e+00  -6.9 1.34e+00  -1.8 1.30e-01 1.64e-01f  1
  48  3.6319479e+06 5.81e-03 1.32e+00  -6.9 1.42e+00  -2.2 1.33e-01 9.15e-02f  1
  49  3.6363468e+06 5.79e-03 1.48e+00  -7.0 9.56e+00  -2.7 3.58e-02 3.36e-03h  1
iter    objective    inf_pr   inf_du lg(mu)  ||d||  lg(rg) alpha_du alpha_pr  ls
  50  3.6906247e+06 5.96e-03 1.48e+00  -7.0 2.96e+02    -  4.37e-02 3.59e-02f  1
  51  3.7051967e+06 5.94e-03 1.86e+00  -7.0 2.98e+02    -  6.18e-02 1.03e-02f  1
  52  3.8445047e+06 6.24e-03 1.17e+00  -7.0 4.67e+00  -3.2 3.47e-02 1.16e-01f  1
  53  3.8525213e+06 6.20e-03 1.14e+00  -7.1 3.17e+02    -  3.20e-03 6.85e-03f  1
  54  3.8651574e+06 6.14e-03 1.65e+00  -7.1 3.16e+02    -  8.01e-02 1.09e-02f  1
  55  3.9371095e+06 5.95e-03 1.26e+00  -7.1 3.25e+02    -  2.11e-02 6.55e-02f  1
  56  3.9756312e+06 5.76e-03 1.41e+00  -7.1 3.16e+02    -  7.28e-02 3.83e-02f  1
  57  3.9906713e+06 5.67e-03 1.43e+00  -7.1 3.18e+02    -  2.20e-02 1.62e-02f  1
  58  4.0435646e+06 5.33e-03 1.41e+00  -7.1 2.54e+00  -2.8 8.72e-02 6.88e-02f  1
  59  4.1132833e+06 4.82e-03 1.16e+00  -7.2 1.08e+00  -2.3 8.07e-02 1.06e-01f  1
iter    objective    inf_pr   inf_du lg(mu)  ||d||  lg(rg) alpha_du alpha_pr  ls
  60  4.1313325e+06 4.68e-03 1.12e+00  -7.2 4.55e+00  -2.8 2.88e-02 3.02e-02f  1
  61  4.1584386e+06 4.47e-03 1.10e+00  -7.2 6.14e+00  -3.3 5.16e-02 4.56e-02f  1
  62  4.1681403e+06 4.39e-03 1.41e+00  -7.3 3.41e+00  -2.9 7.58e-02 1.81e-02h  1
  63  4.1908039e+06 4.19e-03 1.75e+00  -7.3 1.51e+00  -2.4 1.11e-01 4.60e-02f  1
  64  4.2344190e+06 3.82e-03 1.35e+00  -7.3 3.84e+00  -2.9 5.35e-02 9.14e-02f  1
  65  4.2538969e+06 3.63e-03 1.57e+00  -7.4 1.79e+00  -2.5 9.10e-02 4.78e-02f  1
  66  4.2887886e+06 3.29e-03 1.21e+00  -7.4 6.65e-01  -2.1 5.90e-02 9.68e-02f  1
  67  4.3080567e+06 3.10e-03 1.20e+00  -7.4 2.09e+00  -2.6 7.02e-02 5.66e-02f  1
  68  4.3244382e+06 2.93e-03 1.48e+00  -7.5 7.72e-01  -2.1 1.29e-01 5.46e-02h  1
  69  4.3406097e+06 2.77e-03 1.44e+00  -7.5 2.42e+00  -2.6 6.57e-02 5.51e-02h  1
iter    objective    inf_pr   inf_du lg(mu)  ||d||  lg(rg) alpha_du alpha_pr  ls
  70  4.3658283e+06 2.51e-03 1.22e+00  -7.6 9.21e-01  -2.2 7.86e-02 9.72e-02f  1
  71  4.3894637e+06 2.24e-03 9.33e-01  -7.6 3.74e-01  -1.8 7.37e-02 1.09e-01f  1
  72  4.4011692e+06 2.11e-03 1.09e+00  -7.6 1.08e+00  -2.2 1.05e-01 5.67e-02h  1
  73  4.4147232e+06 1.95e-03 1.03e+00  -7.7 4.14e-01  -1.8 8.01e-02 7.53e-02h  1
  74  4.4297601e+06 1.81e-03 8.78e-01  -7.7 1.19e+00  -2.3 7.09e-02 8.48e-02h  1
  75  4.4416514e+06 1.68e-03 5.26e-01  -7.7 4.62e-01  -1.9 1.25e-02 7.88e-02h  1
  76  4.4452845e+06 1.64e-03 7.33e-01  -7.7 1.33e+00  -2.3 7.98e-02 2.42e-02h  1
  77  4.4556591e+06 1.52e-03 4.97e-01  -7.8 5.19e-01  -1.9 2.84e-02 7.67e-02h  1
  78  4.4652710e+06 1.54e-03 3.90e-01  -7.8 1.54e+00  -2.4 3.47e-02 7.11e-02h  1
  79  4.4753657e+06 1.45e-03 3.93e-01  -7.8 5.65e-01  -2.0 4.44e-02 8.66e-02h  1
iter    objective    inf_pr   inf_du lg(mu)  ||d||  lg(rg) alpha_du alpha_pr  ls
  80  4.4881111e+06 1.28e-03 2.90e-01  -7.8 2.38e-01  -1.5 1.51e-01 1.28e-01h  1
  81  4.4960628e+06 1.23e-03 3.06e-01  -7.9 6.64e-01  -2.0 1.36e-01 8.54e-02h  1
  82  4.5064081e+06 1.08e-03 2.67e-01  -8.0 2.64e-01  -1.6 1.05e-01 1.32e-01h  1
  83  4.5097049e+06 1.05e-03 2.86e-01  -8.0 7.70e-01  -2.1 9.28e-02 4.44e-02h  1
  84  4.5199266e+06 9.10e-04 2.46e-01  -8.1 2.92e-01  -1.6 1.50e-01 1.57e-01h  1
  85  4.5250274e+06 8.84e-04 2.82e-01  -8.1 8.87e-01  -2.1 1.35e-01 8.37e-02h  1
  86  4.5292099e+06 8.17e-04 3.54e-01  -8.2 3.24e-01  -1.7 1.46e-01 8.27e-02h  1
  87  4.5336117e+06 7.35e-04 3.16e-01  -8.3 1.37e-01  -1.3 1.01e-01 1.03e-01h  1
  88  4.5348744e+06 7.15e-04 3.54e-01  -8.3 3.66e-01  -1.7 5.74e-02 2.97e-02h  1
  89  4.5354145e+06 7.04e-04 7.20e-01  -8.3 1.52e-01  -1.3 2.13e-01 1.42e-02h  1
iter    objective    inf_pr   inf_du lg(mu)  ||d||  lg(rg) alpha_du alpha_pr  ls
  90  4.5392205e+06 6.53e-04 5.06e-01  -8.4 4.17e-01  -1.8 3.78e-02 9.24e-02h  1
  91  4.5417144e+06 6.07e-04 3.54e-01  -8.4 1.70e-01  -1.4 2.86e-02 7.25e-02h  1
  92  4.5427740e+06 5.91e-04 3.44e-01  -8.5 4.63e-01  -1.8 2.98e-02 2.96e-02h  1
  93  4.5514541e+06 4.54e-04 3.73e-01  -8.5 1.90e-01  -1.4 2.87e-02 2.75e-01h  1
  94  4.5520029e+06 4.45e-04 2.66e-01  -8.5 5.21e-01  -1.9 1.58e-01 2.03e-02h  1
  95  4.5558501e+06 3.81e-04 3.11e-01  -8.6 2.11e-01  -1.5 1.63e-02 1.66e-01h  1
  96  4.5561829e+06 3.76e-04 3.20e-01  -8.6 5.93e-01  -1.9 2.89e-03 1.44e-02h  1
  97  4.5569896e+06 3.61e-04 2.51e-01  -8.6 2.34e-01  -1.5 1.40e-01 4.10e-02h  1
  98  4.5580733e+06 3.44e-04 2.38e-01  -8.6 6.73e-01  -2.0 2.30e-02 4.81e-02h  1
  99  4.5603224e+06 3.02e-04 2.30e-01  -8.6 2.60e-01  -1.6 6.74e-02 1.23e-01h  1
iter    objective    inf_pr   inf_du lg(mu)  ||d||  lg(rg) alpha_du alpha_pr  ls
 100  4.5607420e+06 2.95e-04 2.31e-01  -8.7 7.94e-01  -2.0 2.01e-03 2.09e-02h  1
 101  4.5611726e+06 2.87e-04 2.25e-01  -8.7 2.89e-01  -1.6 7.33e-02 2.65e-02h  1
 102  4.5617839e+06 2.79e-04 2.18e-01  -8.7 9.11e-01  -2.1 1.86e-02 3.06e-02h  1
 103  4.5623444e+06 2.69e-04 2.10e-01  -8.7 3.22e-01  -1.7 1.07e-01 3.58e-02h  1
 104  4.5623487e+06 2.69e-04 2.10e-01  -8.8 1.80e+00  -2.1 6.69e-03 2.18e-04h  1
 105  4.5637131e+06 2.45e-04 1.92e-01  -8.8 3.60e-01  -1.7 5.02e-02 8.87e-02h  1
 106  4.5641223e+06 2.37e-04 1.85e-01  -8.8 1.43e-01  -1.3 1.18e-01 3.31e-02h  1
 107  4.5646180e+06 2.28e-04 1.79e-01  -8.8 4.05e-01  -1.8 6.69e-02 3.50e-02h  1
 108  4.5663418e+06 1.95e-04 1.52e-01  -8.9 1.60e-01  -1.3 6.06e-02 1.47e-01h  1
 109  4.5671419e+06 1.82e-04 1.44e-01  -8.9 4.55e-01  -1.8 8.69e-02 6.41e-02h  1
iter    objective    inf_pr   inf_du lg(mu)  ||d||  lg(rg) alpha_du alpha_pr  ls
 110  4.5681578e+06 1.63e-04 1.28e-01  -8.9 1.78e-01  -1.4 6.92e-02 1.04e-01h  1
 111  4.5687217e+06 1.55e-04 1.21e-01  -9.0 5.11e-01  -1.9 4.04e-02 5.01e-02h  1
 112  4.5691407e+06 1.47e-04 1.38e-01  -9.0 1.99e-01  -1.4 1.29e-01 4.87e-02h  1
 113  4.5692991e+06 1.45e-04 1.30e-01  -9.1 5.82e-01  -1.9 1.05e-02 1.47e-02h  1
 114  4.5706406e+06 1.22e-04 9.54e-02  -9.1 2.22e-01  -1.5 1.03e-01 1.62e-01h  1
 115  4.5710199e+06 1.17e-04 9.17e-02  -9.1 6.73e-01  -2.0 3.89e-02 3.82e-02h  1
 116  4.5710960e+06 1.16e-04 1.15e-01  -9.1 2.48e-01  -1.5 6.65e-02 1.07e-02h  1
 117  4.5711788e+06 1.15e-04 1.25e-01  -9.1 7.75e-01  -2.0 1.54e-02 8.25e-03h  1
 118  4.5714757e+06 1.10e-04 1.73e-01  -9.2 2.79e-01  -1.6 8.49e-02 4.15e-02h  1
 119  4.5714995e+06 1.10e-04 1.79e-01  -9.2 2.46e+00  -2.1 8.23e-03 2.30e-03h  1
iter    objective    inf_pr   inf_du lg(mu)  ||d||  lg(rg) alpha_du alpha_pr  ls
 120  4.5716943e+06 1.07e-04 2.08e-01  -9.2 3.13e-01  -1.6 5.96e-02 2.74e-02h  1
 121  4.5716929e+06 1.07e-04 4.81e-01  -4.8 7.69e+01  -2.1 9.22e-04 2.46e-04f  1
 122  4.5722013e+06 9.93e-05 4.47e-01  -9.2 3.52e-01  -1.7 6.91e-02 7.07e-02h  1
 123  4.5729968e+06 8.48e-05 3.85e-01  -9.3 1.34e-01  -1.3 2.72e-01 1.46e-01h  1
 124  4.5734343e+06 7.90e-05 3.57e-01  -9.4 3.97e-01  -1.8 5.41e-03 6.87e-02h  1
 125  4.5735488e+06 7.70e-05 3.48e-01  -9.4 1.51e-01  -1.3 6.41e-03 2.49e-02h  1
 126  4.5736270e+06 7.60e-05 3.45e-01  -9.4 4.57e-01  -1.8 6.24e-02 1.25e-02h  1
 127  4.5739570e+06 7.05e-05 3.21e-01  -9.4 1.69e-01  -1.4 1.21e-01 7.23e-02h  1
 128  4.5741059e+06 6.89e-05 3.13e-01  -9.5 5.15e-01  -1.9 1.30e-02 2.39e-02h  1
 129  4.5742174e+06 6.71e-05 3.07e-01  -9.5 1.90e-01  -1.4 1.14e-01 2.57e-02h  1
iter    objective    inf_pr   inf_du lg(mu)  ||d||  lg(rg) alpha_du alpha_pr  ls
 130  4.5744117e+06 6.50e-05 2.97e-01  -9.5 5.83e-01  -1.9 4.25e-02 3.05e-02h  1
 131  4.5747392e+06 6.01e-05 2.75e-01  -9.6 2.14e-01  -1.5 8.84e-02 7.65e-02h  1
 132  4.5750331e+06 5.73e-05 2.62e-01  -9.6 6.65e-01  -2.0 2.87e-02 4.60e-02h  1
 133  4.5752238e+06 5.46e-05 2.92e-01  -9.6 2.40e-01  -1.5 1.35e-01 4.70e-02h  1
 134  4.5754728e+06 5.37e-05 2.82e-01  -9.7 7.51e-01  -2.0 3.96e-02 3.83e-02h  1
 135  4.5756415e+06 5.20e-05 2.82e-01  -9.7 2.70e-01  -1.6 5.78e-02 4.26e-02h  1

Number of Iterations....: 135

                                   (scaled)                 (unscaled)
Objective...............:  -9.1512829842926919e+02    4.5756414921463458e+06
Dual infeasibility......:   2.8249546444711982e-01    1.4124773222355991e+03
Constraint violation....:   5.1975934431958137e-05    5.1975934431958137e-05
Variable bound violation:   0.0000000000000000e+00    0.0000000000000000e+00
Complementarity.........:   1.0830993772730384e-02    5.4154968863651916e+01
Overall NLP error.......:   2.8249546444711982e-01    1.4124773222355991e+03


Number of objective function evaluations             = 136
Number of objective gradient evaluations             = 136
Number of equality constraint evaluations            = 136
Number of inequality constraint evaluations          = 136
Number of equality constraint Jacobian evaluations   = 136
Number of inequality constraint Jacobian evaluations = 136
Number of Lagrangian Hessian evaluations             = 135
Total seconds in IPOPT                               = 360.389

EXIT: Maximum wallclock time exceeded.
GO3_AC_PRIMAL_GUARD {"variable_count":643822,"objective_window_iterations":8,"discrete_solution_claimed":false,"native_original_probe_seconds":0.0,"interval":1,"original_probe_interval":5,"certificate_scope":"local model feasibility only; objective stagnation is heuristic; no KKT or global optimality claim","minimum_iterations":20,"audit_count":0,"native_original_probe_count":0,"model_structure_changed":false,"candidate_only":false,"external_solution_read":false,"policy":"verified_stable_rounded_primal_v1","callback_count":136,"primal_residual_limit":1.0e-8,"residual_screen":"callback_internal","audit_seconds":0.0,"phase":"numerical_recovery","objective_relative_range_limit":1.0e-7,"enabled":true,"stop_requested":false,"source_bounds_changed":false}
GO3_AC_PHASE {"solve_seconds":413.90300011634827,"bound_and_gap_queried":true,"max_primal_residual":5.197593443195814e-5,"objective":null,"termination":"TIME_LIMIT","simplex_iterations":null,"bound":null,"barrier_iterations":135,"nodes":null,"native_relative_gap":null,"wall_limit_seconds":360.0,"interval":1,"primal_status":"INFEASIBLE_POINT","phase":"numerical_recovery","wall_seconds":450.6390001773834,"complete_finite_point":true,"relative_gap":null}
GO3_PROGRESS {"elapsed_worker_seconds":1163.7130000591278,"interval":1,"stage":"ac_refinement_failed","reason":"final AC point failed explicit primal residual screen","remaining_work_seconds":1669.6400933265686}
Rounded shunt steps:
GO3_AC_EXPORT_PROJECTION {"maximum_unfinished_bus_injection_change_pu":1.3106426202148802e-8,"within_guard":true,"official_tolerance_changed":false,"certificate_scope":"Export projection drift only; full independent and official verification still required","refined_intervals":1,"policy":"exact_source_intersections_v1","maximum_refined_device_change_pu":0.0,"maximum_refined_bus_injection_change_pu":0.0,"worst_refined_bus":null,"bookkeeping_tolerance":0.0,"enforced":true,"projection_guard_pu":1.0e-9,"projection_events":1,"refined_projection_events":0,"source_bounds_changed":false}
ERROR: LoadError: AC interval 1 failed the explicit 1.0e-8 primal residual screen; checkpoint saved; no later intervals attempted
Stacktrace:
 [1] error(s::String)
   @ Base .\error.jl:35
 [2] checkpoint_ac_interval!(output::String, input::@NamedTuple{dt::Vector{Any}, periods::UnitRange{Int64}, bus_lookup::Dict{String, Dict{String, Any}}, bus_ids::Vector{String}, shunt_lookup::Dict{String, Dict{String, Any}}, shunt_ids::Vector{String}, ac_line_lookup::Dict{String, Dict{String, Any}}, ac_line_ids::Vector{String}, twt_lookup::Dict{String, Dict{String, Any}}, twt_ids::Vector{String}, dc_line_lookup::Dict{String, Dict{String, Any}}, dc_line_ids::Vector{String}, sdd_lookup::Dict{String, Dict{String, Any}}, sdd_ts_lookup::Dict{String, Dict{String, Any}}, sdd_ids::Vector{String}, sdd_ids_producer::Vector{String}, sdd_ids_consumer::Vector{String}, violation_cost::Dict{String, Any}, azr_lookup::Dict{String, Dict{String, Any}}, azr_ts_lookup::Dict{String, Dict{String, Any}}, azr_ids::Vector{String}, rzr_lookup::Dict{String, Dict{String, Any}}, rzr_ts_lookup::Dict{String, Dict{String, Any}}, rzr_ids::Vector{String}}, schedule::@NamedTuple{on_status::Dict{String, Vector{Float64}}, real_power::Dict{String, Vector{Float64}}, reactive_power::Dict{String, Vector{Float64}}, p_rgu::Dict{String, Vector{Float64}}, p_rgd::Dict{String, Vector{Float64}}, p_scr::Dict{String, Vector{Float64}}, p_nsc::Dict{String, Vector{Float64}}, p_rru_on::Dict{String, Vector{Float64}}, p_rru_off::Dict{String, Vector{Float64}}, p_rrd_on::Dict{String, Vector{Float64}}, p_rrd_off::Dict{String, Vector{Float64}}, q_qru::Dict{String, Vector{Float64}}, q_qrd::Dict{String, Vector{Float64}}}, results::Vector{Dict{String, Dict{String}}}, i::Int64; must_stop::Bool, ramp_policy::String)
   @ Main C:\Users\thoma\Documents\go3-division2-cpu\src\pilot_worker.jl:123
 [3] run_worker(case_path::String, output::String, config::Dict{String, Any}, work_deadline::Float64)
   @ Main C:\Users\thoma\Documents\go3-division2-cpu\src\pilot_worker.jl:444
 [4] top-level scope
   @ C:\Users\thoma\Documents\go3-division2-cpu\src\pilot_worker.jl:484
in expression starting at C:\Users\thoma\Documents\go3-division2-cpu\src\pilot_worker.jl:480
Traceback (most recent call last):
  File "C:\Users\thoma\Documents\go3-division2-cpu\scripts\run_disk_worker.py", line 201, in <module>
    main(*sys.argv[1:5],float(sys.argv[5]))
  File "C:\Users\thoma\Documents\go3-division2-cpu\scripts\run_disk_worker.py", line 153, in main
    launch_stage(common+[str(ROOT/"src/pilot_worker.jl")]+arguments,deadline=deadline)
  File "C:\Users\thoma\Documents\go3-division2-cpu\scripts\run_disk_worker.py", line 89, in launch_stage
    raise RuntimeError(f"Scheduling worker stage failed: {label}; exit={code}")
RuntimeError: Scheduling worker stage failed: pilot_worker.jl; exit=1
