test_complete_initialization_requires_supported_audited_path (test_ac_numerics.AcNumericsTests.test_complete_initialization_requires_supported_audited_path) ... ok
test_exact_reserve_reduction_requires_audited_initialization (test_ac_numerics.AcNumericsTests.test_exact_reserve_reduction_requires_audited_initialization) ... ok
test_incomplete_horizon_rejected_but_complete_horizon_always_checked (test_ac_numerics.AcNumericsTests.test_incomplete_horizon_rejected_but_complete_horizon_always_checked) ... ok
test_legacy_and_explicit_backend_scope (test_ac_numerics.AcNumericsTests.test_legacy_and_explicit_backend_scope) ... ok
test_r13_does_not_change_source_model_or_safety_gates (test_ac_numerics.AcNumericsTests.test_r13_does_not_change_source_model_or_safety_gates) ... ok
test_r14_changes_only_initialization_and_registered_attempt (test_ac_numerics.AcNumericsTests.test_r14_changes_only_initialization_and_registered_attempt) ... ok
test_8316_r02_changes_storage_and_safety_not_numerical_model (test_campaign.CampaignTests.test_8316_r02_changes_storage_and_safety_not_numerical_model) ... ok
test_8316_r03_changes_only_ramp_bookkeeping_and_preliminary_verification (test_campaign.CampaignTests.test_8316_r03_changes_only_ramp_bookkeeping_and_preliminary_verification) ... ok
test_8316_registration_preserves_original_6049_numerical_policy (test_campaign.CampaignTests.test_8316_registration_preserves_original_6049_numerical_policy) ... ok
test_archive_filter_cannot_extract_pop_or_other_network (test_campaign.CampaignTests.test_archive_filter_cannot_extract_pop_or_other_network) ... ok
test_campaign_identity_cold_policy_and_unique_attempt_latch (test_campaign.CampaignTests.test_campaign_identity_cold_policy_and_unique_attempt_latch) ... ok
test_campaign_process_success_requires_quality_not_only_feasibility (test_campaign.CampaignTests.test_campaign_process_success_requires_quality_not_only_feasibility) ... ok
test_duplicates_and_insufficient_reference_fail (test_campaign.CampaignTests.test_duplicates_and_insufficient_reference_fail) ... ok
test_excludes_benchmark_infeasible_inactive_and_wrong_switching (test_campaign.CampaignTests.test_excludes_benchmark_infeasible_inactive_and_wrong_switching) ... ok
test_explicit_larger_continuation_defers_only_6717_not_verification (test_campaign.CampaignTests.test_explicit_larger_continuation_defers_only_6717_not_verification) ... ok
test_full_official_and_physical_verification_required (test_campaign.CampaignTests.test_full_official_and_physical_verification_required) ... ok
test_missing_score_and_nonfinite_rejected (test_campaign.CampaignTests.test_missing_score_and_nonfinite_rejected) ... ok
test_pipeline_requires_exact_hour_coverage_not_only_finalization (test_campaign.CampaignTests.test_pipeline_requires_exact_hour_coverage_not_only_finalization) ... ok
test_reference_is_sixth_eligible_not_best_or_average (test_campaign.CampaignTests.test_reference_is_sixth_eligible_not_best_or_average) ... ok
test_two_hour_campaign_cap_preserves_old_pilot_limit (test_campaign.CampaignTests.test_two_hour_campaign_cap_preserves_old_pilot_limit) ... ok
test_changed_result_cannot_be_archived (test_campaign_archive.CampaignArchiveTests.test_changed_result_cannot_be_archived) ... ok
test_failed_ac_and_cancelled_verification_evidence_is_retained (test_campaign_archive.CampaignArchiveTests.test_failed_ac_and_cancelled_verification_evidence_is_retained) ... ok
test_failed_attempt_is_preserved_without_fabricated_score (test_campaign_archive.CampaignArchiveTests.test_failed_attempt_is_preserved_without_fabricated_score) ... ok
test_incomplete_attempt_cannot_be_archived_as_finished (test_campaign_archive.CampaignArchiveTests.test_incomplete_attempt_cannot_be_archived_as_finished) ... ok
test_interrupted_benders_stage_evidence_is_copied_without_binary_spools (test_campaign_archive.CampaignArchiveTests.test_interrupted_benders_stage_evidence_is_copied_without_binary_spools) ... ok
test_budgets_and_primal_status_cannot_masquerade_as_mip_gap (test_cold_benders_primal.ColdBendersPrimalTests.test_budgets_and_primal_status_cannot_masquerade_as_mip_gap) ... ok
test_cost_timeout_returns_only_saved_audited_master_and_records_non_normal_exit (test_cold_benders_primal.ColdBendersPrimalTests.test_cost_timeout_returns_only_saved_audited_master_and_records_non_normal_exit) ... ok
test_interrupted_primal_is_hash_bound_and_not_a_final_certificate (test_cold_benders_primal.ColdBendersPrimalTests.test_interrupted_primal_is_hash_bound_and_not_a_final_certificate) ... ok
test_r11_changes_only_constructor_budget_and_enclosing_allowances (test_cold_benders_primal.ColdBendersPrimalTests.test_r11_changes_only_constructor_budget_and_enclosing_allowances) ... ok
test_registered_change_preserves_every_existing_contract (test_cold_benders_primal.ColdBendersPrimalTests.test_registered_change_preserves_every_existing_contract) ... ok
test_consumer_ordering_regression_against_official (test_contract_physics.OfficialCrossChecks.test_consumer_ordering_regression_against_official) ... cannot load matplotlib
C:\Users\thoma\Documents\go3-division2-cpu\.cache\upstream\C3DataUtilities\datautilities\ctgmodel.py:126: SparseEfficiencyWarning: splu converted its input to CSC format
  a_factors = scipy.sparse.linalg.splu(a_mat)
C:\Users\thoma\Documents\go3-division2-cpu\.cache\upstream\C3DataUtilities\datautilities\ctgmodel.py:379: SparseEfficiencyWarning: splu converted its input to CSC format
  a_factors_t = scipy.sparse.linalg.splu(a_mat_t)
ok
test_missing_output_field_rejected (test_contract_physics.OfficialCrossChecks.test_missing_output_field_rejected) ... ok
test_multiblock_producer_and_consumer_agree_with_official (test_contract_physics.OfficialCrossChecks.test_multiblock_producer_and_consumer_agree_with_official) ... ok
test_objective_and_contingencies_match_official (test_contract_physics.OfficialCrossChecks.test_objective_and_contingencies_match_official) ... ok
test_official_rejects_bound_ramp_reserve (test_contract_physics.OfficialCrossChecks.test_official_rejects_bound_ramp_reserve) ... ok
test_ac_losses_and_phase_shift (test_contract_physics.PhysicsTests.test_ac_losses_and_phase_shift) ... ok
test_cost_ordering_does_not_mutate_source (test_contract_physics.PhysicsTests.test_cost_ordering_does_not_mutate_source) ... ok
test_deadline_does_not_claim_partial_pass (test_contract_physics.PhysicsTests.test_deadline_does_not_claim_partial_pass) ... ok
test_discrete_shunt_and_tap (test_contract_physics.PhysicsTests.test_discrete_shunt_and_tap) ... ok
test_exact_pmin_on_off (test_contract_physics.PhysicsTests.test_exact_pmin_on_off) ... ok
test_initial_downtime (test_contract_physics.PhysicsTests.test_initial_downtime) ... ok
test_initial_uptime (test_contract_physics.PhysicsTests.test_initial_uptime) ... ok
test_input_hash_failure (test_contract_physics.PhysicsTests.test_input_hash_failure) ... ok
test_permuted_pwl_blocks_and_negative_slopes (test_contract_physics.PhysicsTests.test_permuted_pwl_blocks_and_negative_slopes) ... ok
test_pwl_and_interval_cost (test_contract_physics.PhysicsTests.test_pwl_and_interval_cost) ... ok
test_reserve_headroom_and_eligibility (test_contract_physics.PhysicsTests.test_reserve_headroom_and_eligibility) ... ok
test_serialization_and_identity (test_contract_physics.PhysicsTests.test_serialization_and_identity) ... ok
test_startup_shutdown_trajectories (test_contract_physics.PhysicsTests.test_startup_shutdown_trajectories) ... ok
test_tiny_complete_independent_check (test_contract_physics.PhysicsTests.test_tiny_complete_independent_check) ... ok
test_unequal_duration_ramp (test_contract_physics.PhysicsTests.test_unequal_duration_ramp) ... ok
test_unknown_required_features_rejected (test_contract_physics.PhysicsTests.test_unknown_required_features_rejected) ... ok
test_actual_owned_process_cancellation (test_controller.ControllerTests.test_actual_owned_process_cancellation) ... ok
test_campaign_preserves_physical_point_over_higher_scoring_hard_only (test_controller.ControllerTests.test_campaign_preserves_physical_point_over_higher_scoring_hard_only) ... ok
test_concurrent_snapshot_reader (test_controller.ControllerTests.test_concurrent_snapshot_reader) ... ok
test_exclusive_publication_never_rewrites (test_controller.ControllerTests.test_exclusive_publication_never_rewrites) ... ok
test_global_budget_not_reset_per_stage (test_controller.ControllerTests.test_global_budget_not_reset_per_stage) ... ok
test_historical_objective_only_order_is_unchanged (test_controller.ControllerTests.test_historical_objective_only_order_is_unchanged) ... ok
test_latest_complete_checkpoint_selected_after_worker_failure (test_controller.ControllerTests.test_latest_complete_checkpoint_selected_after_worker_failure) ... ok
test_nonfinite_incumbent_rejected (test_controller.ControllerTests.test_nonfinite_incumbent_rejected) ... ok
test_only_one_pilot (test_controller.ControllerTests.test_only_one_pilot) ... ok
test_open_first_incumbent_survives_better_incumbent (test_controller.ControllerTests.test_open_first_incumbent_survives_better_incumbent) ... ok
test_partial_scheduling_statistics_preserve_phases_and_ordered_events (test_controller.ControllerTests.test_partial_scheduling_statistics_preserve_phases_and_ordered_events) ... ok
test_partial_timings_survive_no_schedule_and_prefer_later_stage (test_controller.ControllerTests.test_partial_timings_survive_no_schedule_and_prefer_later_stage) ... ok
test_reader_held_status_cannot_block_next_snapshot (test_controller.ControllerTests.test_reader_held_status_cannot_block_next_snapshot) ... ok
test_replacement_latch_preserves_first_authorization (test_controller.ControllerTests.test_replacement_latch_preserves_first_authorization) ... ok
test_retention_rejects_partial_and_inferior_candidates (test_controller.ControllerTests.test_retention_rejects_partial_and_inferior_candidates) ... ok
test_all_six_terminal_limits_match_official (test_dc_devices.DcDeviceTests.test_all_six_terminal_limits_match_official) ... ok
test_contingency_rhs_and_objective_match_official_in_both_directions (test_dc_devices.DcDeviceTests.test_contingency_rhs_and_objective_match_official_in_both_directions) ... ok
test_dc_outage_remains_explicitly_unsupported (test_dc_devices.DcDeviceTests.test_dc_outage_remains_explicitly_unsupported) ... ok
test_invalid_initial_terminal_values_rejected (test_dc_devices.DcDeviceTests.test_invalid_initial_terminal_values_rejected) ... ok
test_invalid_source_data_rejected (test_dc_devices.DcDeviceTests.test_invalid_source_data_rejected) ... ok
test_output_identities_fields_and_interval_coverage (test_dc_devices.DcDeviceTests.test_output_identities_fields_and_interval_coverage) ... ok
test_signed_terminal_balance_and_reported_units (test_dc_devices.DcDeviceTests.test_signed_terminal_balance_and_reported_units) ... ok
test_source_contract_does_not_mutate_or_zero_initial_values (test_dc_devices.DcDeviceTests.test_source_contract_does_not_mutate_or_zero_initial_values) ... ok
test_zero_capacity_and_zero_reactive_bounds_match_no_dc (test_dc_devices.DcDeviceTests.test_zero_capacity_and_zero_reactive_bounds_match_no_dc) ... ok
test_fresh_orchestrator_resolves_monitor_dependency_before_launch (test_isolated_scheduling.IsolatedSchedulingTests.test_fresh_orchestrator_resolves_monitor_dependency_before_launch) ... ok
test_isolated_case_loader_rejects_wrong_identity (test_isolated_scheduling.IsolatedSchedulingTests.test_isolated_case_loader_rejects_wrong_identity) ... ok
test_isolated_case_loader_returns_only_hash_bound_manifest (test_isolated_scheduling.IsolatedSchedulingTests.test_isolated_case_loader_returns_only_hash_bound_manifest) ... ok
test_memory_timeline_records_real_process_without_solver (test_isolated_scheduling.IsolatedSchedulingTests.test_memory_timeline_records_real_process_without_solver) ... ok
test_registered_changes_preserve_source_budget_and_tolerances (test_isolated_scheduling.IsolatedSchedulingTests.test_registered_changes_preserve_source_budget_and_tolerances) ... ok
test_second_attempt_changes_only_optional_native_presolve_policy (test_isolated_scheduling.IsolatedSchedulingTests.test_second_attempt_changes_only_optional_native_presolve_policy) ... ok
test_three_process_order_and_exit_proofs (test_isolated_scheduling.IsolatedSchedulingTests.test_three_process_order_and_exit_proofs) ... ok
test_exact_floor_and_low_memory_evidence (test_memory_safety.MemorySafetyTests.test_exact_floor_and_low_memory_evidence) ... ok
test_invalid_measurements_fail_closed (test_memory_safety.MemorySafetyTests.test_invalid_measurements_fail_closed) ... ok
test_monitor_preserves_resource_reason_and_does_not_kill_other_apps (test_memory_safety.MemorySafetyTests.test_monitor_preserves_resource_reason_and_does_not_kill_other_apps) ... ok
test_opt_in_does_not_change_historical_configs (test_memory_safety.MemorySafetyTests.test_opt_in_does_not_change_historical_configs) ... ok
test_exact_owned_call_not_loading_or_postsolve (test_native_deadlines.NativeDeadlineTests.test_exact_owned_call_not_loading_or_postsolve) ... ok
test_ignored_native_limit_stops_owned_process_and_child (test_native_deadlines.NativeDeadlineTests.test_ignored_native_limit_stops_owned_process_and_child) ... ok
test_interrupted_stage_has_immutable_evidence_and_no_retry (test_native_deadlines.NativeDeadlineTests.test_interrupted_stage_has_immutable_evidence_and_no_retry) ... ok
test_invalid_guard_does_not_launch (test_native_deadlines.NativeDeadlineTests.test_invalid_guard_does_not_launch) ... ok
test_malformed_or_expanded_native_limit_is_rejected (test_native_deadlines.NativeDeadlineTests.test_malformed_or_expanded_native_limit_is_rejected) ... ok
test_returned_marker_allows_postsolve_audit_time (test_native_deadlines.NativeDeadlineTests.test_returned_marker_allows_postsolve_audit_time) ... ok
test_build_manifest_is_in_source_inventory (test_native_highs.NativeHighsPolicyTests.test_build_manifest_is_in_source_inventory) ... ok
test_checked_child_only_override (test_native_highs.NativeHighsPolicyTests.test_checked_child_only_override) ... ok
test_invalid_policy_cap_or_scope_rejected (test_native_highs.NativeHighsPolicyTests.test_invalid_policy_cap_or_scope_rejected) ... ok
test_mutated_artifact_rejected (test_native_highs.NativeHighsPolicyTests.test_mutated_artifact_rejected) ... ok
test_r07_keeps_the_full_case_contract_and_has_new_latch (test_native_highs.NativeHighsPolicyTests.test_r07_keeps_the_full_case_contract_and_has_new_latch) ... ok
test_r08_changes_only_the_native_root_memory_policy (test_native_highs.NativeHighsPolicyTests.test_r08_changes_only_the_native_root_memory_policy) ... ok
test_r09_only_extends_master_allowance_and_logging (test_native_highs.NativeHighsPolicyTests.test_r09_only_extends_master_allowance_and_logging) ... ok
test_root_memory_environment_preserves_the_previous_build (test_native_highs.NativeHighsPolicyTests.test_root_memory_environment_preserves_the_previous_build) ... ok
test_root_memory_policy_is_separate_and_requires_bool_false (test_native_highs.NativeHighsPolicyTests.test_root_memory_policy_is_separate_and_requires_bool_false) ... ok
test_root_presolve_requires_boolean_and_registered_scope (test_native_highs.NativeHighsPolicyTests.test_root_presolve_requires_boolean_and_registered_scope) ... ok
test_root_progress_preserves_the_r08_library (test_native_highs.NativeHighsPolicyTests.test_root_progress_preserves_the_r08_library) ... ok
test_root_progress_requires_explicit_boolean_and_scope (test_native_highs.NativeHighsPolicyTests.test_root_progress_requires_explicit_boolean_and_scope) ... ok
test_stock_environment_unchanged (test_native_highs.NativeHighsPolicyTests.test_stock_environment_unchanged) ... ok
test_all_penalties_match_original_full_evaluation (test_official_batching.OfficialBatchTests.test_all_penalties_match_original_full_evaluation) ... ok
test_deadline_is_not_a_completion_and_restores_hook (test_official_batching.OfficialBatchTests.test_deadline_is_not_a_completion_and_restores_hook) ... ok
test_duplicate_components_and_source_order_retained (test_official_batching.OfficialBatchTests.test_duplicate_components_and_source_order_retained) ... ok
test_invalid_batch_sizes_and_nested_context_fail_closed (test_official_batching.OfficialBatchTests.test_invalid_batch_sizes_and_nested_context_fail_closed) ... ok
test_skipped_disconnected_hook_cannot_claim_complete (test_official_batching.OfficialBatchTests.test_skipped_disconnected_hook_cannot_claim_complete) ... ok
test_source_pin_mismatch_refused (test_official_batching.OfficialBatchTests.test_source_pin_mismatch_refused) ... ok
test_unwritten_or_nonfinite_penalties_cannot_pass (test_official_batching.OfficialBatchTests.test_unwritten_or_nonfinite_penalties_cannot_pass) ... ok
test_violation_tie_break_uses_time_then_source_indices (test_official_batching.OfficialBatchTests.test_violation_tie_break_uses_time_then_source_indices) ... ok
test_changed_module_requires_new_tests (test_provenance.TestedSourceInventory.test_changed_module_requires_new_tests) ... ok
test_identical_inventory_passes (test_provenance.TestedSourceInventory.test_identical_inventory_passes) ... ok
test_new_configuration_requires_new_tests (test_provenance.TestedSourceInventory.test_new_configuration_requires_new_tests) ... ok
test_new_module_requires_new_tests (test_provenance.TestedSourceInventory.test_new_module_requires_new_tests) ... ok
test_outputs_and_documentation_do_not_change_numerical_snapshot (test_provenance.TestedSourceInventory.test_outputs_and_documentation_do_not_change_numerical_snapshot) ... ok
test_removed_module_requires_new_tests (test_provenance.TestedSourceInventory.test_removed_module_requires_new_tests) ... ok
test_renamed_module_requires_new_tests (test_provenance.TestedSourceInventory.test_renamed_module_requires_new_tests) ... ok
test_upstream_pin_change_requires_new_tests (test_provenance.TestedSourceInventory.test_upstream_pin_change_requires_new_tests) ... ok
test_23k_r02_changes_only_scheduling_storage_and_attempt_identity (test_reference_override.ReferenceOverrideTests.test_23k_r02_changes_only_scheduling_storage_and_attempt_identity) ... ok
test_approved_scope_reference_is_explicit_not_relabelled_sixth (test_reference_override.ReferenceOverrideTests.test_approved_scope_reference_is_explicit_not_relabelled_sixth) ... ok
test_latch_requires_explicit_scoped_approval_before_predecessors (test_reference_override.ReferenceOverrideTests.test_latch_requires_explicit_scoped_approval_before_predecessors) ... ok
test_original_policy_still_rejects_zero_sixth (test_reference_override.ReferenceOverrideTests.test_original_policy_still_rejects_zero_sixth) ... ok
test_override_requires_zero_sixth (test_reference_override.ReferenceOverrideTests.test_override_requires_zero_sixth) ... ok
test_quality_boundary_and_all_original_acceptance_gates (test_reference_override.ReferenceOverrideTests.test_quality_boundary_and_all_original_acceptance_gates) ... ok
test_registered_23k_preserves_8316_numerical_route (test_reference_override.ReferenceOverrideTests.test_registered_23k_preserves_8316_numerical_route) ... ok
test_exact_source_cold_and_finite_budget_contract (test_reserve_benders.ReserveBendersContracts.test_exact_source_cold_and_finite_budget_contract) ... ok
test_gap_uses_joint_incumbent_not_underpriced_master_objective (test_reserve_benders.ReserveBendersContracts.test_gap_uses_joint_incumbent_not_underpriced_master_objective) ... ok
test_no_false_optimal_or_timeout_status_at_round_limit (test_reserve_benders.ReserveBendersContracts.test_no_false_optimal_or_timeout_status_at_round_limit) ... ok
test_registered_r06_changes_only_decomposition_and_internal_allocation (test_reserve_benders.ReserveBendersContracts.test_registered_r06_changes_only_decomposition_and_internal_allocation) ... ok
test_synchronous_python_launcher_does_not_relax_julia_pid_identity (test_reserve_benders.ReserveBendersContracts.test_synchronous_python_launcher_does_not_relax_julia_pid_identity) ... ok
test_bounded_fixture_changes_only_reserve_model_lifetime (test_reserve_storage_config.ReserveStorageConfigTests.test_bounded_fixture_changes_only_reserve_model_lifetime) ... ok
test_handoff_fixture_changes_only_initial_unverified_awards (test_reserve_storage_config.ReserveStorageConfigTests.test_handoff_fixture_changes_only_initial_unverified_awards) ... ok
test_r12_preserves_source_solver_precision_deadline_and_safety_contracts (test_reserve_storage_config.ReserveStorageConfigTests.test_r12_preserves_source_solver_precision_deadline_and_safety_contracts) ... ok
test_estimated_writes_reserved (test_safety.SafetyTests.test_estimated_writes_reserved) ... ok
test_floor_cannot_be_lowered (test_safety.SafetyTests.test_floor_cannot_be_lowered) ... ok
test_local_path (test_safety.SafetyTests.test_local_path) ... ok
test_onedrive_raw_rejected (test_safety.SafetyTests.test_onedrive_raw_rejected) ... ok
test_builder_failure_never_launches_solver (test_scheduling_spool.DiskSchedulingTests.test_builder_failure_never_launches_solver) ... ok
test_expired_deadline_does_not_launch (test_scheduling_spool.DiskSchedulingTests.test_expired_deadline_does_not_launch) ... ok
test_no_old_spool_reuse (test_scheduling_spool.DiskSchedulingTests.test_no_old_spool_reuse) ... ok
test_registration_changes_storage_only (test_scheduling_spool.DiskSchedulingTests.test_registration_changes_storage_only) ... ok
test_best_objective_within_each_class_and_first_on_tie (test_selection.VerifiedSelectionTests.test_best_objective_within_each_class_and_first_on_tie) ... ok
test_campaign_rejects_incomplete_or_inconsistent_verification (test_selection.VerifiedSelectionTests.test_campaign_rejects_incomplete_or_inconsistent_verification) ... ok
test_historical_hard_only_objective_ordering_unchanged (test_selection.VerifiedSelectionTests.test_historical_hard_only_objective_ordering_unchanged) ... ok
test_missing_physical_flag_is_not_physical_success (test_selection.VerifiedSelectionTests.test_missing_physical_flag_is_not_physical_success) ... ok
test_nonfinite_and_missing_objectives_rejected_in_both_modes (test_selection.VerifiedSelectionTests.test_nonfinite_and_missing_objectives_rejected_in_both_modes) ... ok
test_physical_point_displaces_higher_objective_hard_only_point (test_selection.VerifiedSelectionTests.test_physical_point_displaces_higher_objective_hard_only_point) ... ok
test_23643_audited_member_uses_existing_bounded_transfer (test_source_downloads.SourceDownloadTests.test_23643_audited_member_uses_existing_bounded_transfer) ... ok
test_only_audited_networks_have_larger_raw_cap (test_source_downloads.SourceDownloadTests.test_only_audited_networks_have_larger_raw_cap) ... ok
test_oversized_member_rejected_before_read_or_output (test_source_downloads.SourceDownloadTests.test_oversized_member_rejected_before_read_or_output) ... ok
test_pop_other_network_and_existing_output_rejected_without_network (test_source_downloads.SourceDownloadTests.test_pop_other_network_and_existing_output_rejected_without_network) ... ok
test_feature_gate_keeps_unknowns_and_invalid_coefficients_rejected (test_source_features.SourceFeatureTests.test_feature_gate_keeps_unknowns_and_invalid_coefficients_rejected) ... ok
test_reactive_capability_includes_reserves_and_consumer_sign (test_source_features.SourceFeatureTests.test_reactive_capability_includes_reserves_and_consumer_sign) ... ok
test_reactive_capability_uses_startup_power_and_offline_status (test_source_features.SourceFeatureTests.test_reactive_capability_uses_startup_power_and_offline_status) ... ok
test_startup_counts_agree_with_official_at_time_boundaries (test_source_features.SourceFeatureTests.test_startup_counts_agree_with_official_at_time_boundaries) ... ok
test_startup_window_membership_unequal_periods_and_empty_windows (test_source_features.SourceFeatureTests.test_startup_window_membership_unequal_periods_and_empty_windows) ... ok
test_frozen_reference_target_is_unchanged (test_speedup.SpeedupTests.test_frozen_reference_target_is_unchanged) ... ok
test_hot_repair_registration_preserves_cold_scope (test_speedup.SpeedupTests.test_hot_repair_registration_preserves_cold_scope) ... ok
test_ipx_continuous_shunt_variant_requires_matching_registration (test_speedup.SpeedupTests.test_ipx_continuous_shunt_variant_requires_matching_registration) ... ok
test_one_cold_attempt_budget_and_frozen_reference (test_speedup.SpeedupTests.test_one_cold_attempt_budget_and_frozen_reference) ... ok
test_ongoing_iterations_remain_cold_and_one_execution_per_registration (test_speedup.SpeedupTests.test_ongoing_iterations_remain_cold_and_one_execution_per_registration) ... ok
test_only_complete_horizon_gets_expensive_final_evaluation (test_speedup.SpeedupTests.test_only_complete_horizon_gets_expensive_final_evaluation) ... ok
test_original_residual_guard_registration_preserves_model_and_budget (test_speedup.SpeedupTests.test_original_residual_guard_registration_preserves_model_and_budget) ... ok
test_primal_continuation_registration_preserves_full_cold_contract (test_speedup.SpeedupTests.test_primal_continuation_registration_preserves_full_cold_contract) ... ok
test_quality_guarded_recovery_preserves_registered_cold_contract (test_speedup.SpeedupTests.test_quality_guarded_recovery_preserves_registered_cold_contract) ... ok
test_replacement_has_separate_latch_and_soft_target (test_speedup.SpeedupTests.test_replacement_has_separate_latch_and_soft_target) ... ok

----------------------------------------------------------------------
Ran 169 tests in 6.405s

OK
