C:\Users\thoma\Documents\go3-division2-cpu\.cache\upstream\C3DataUtilities\datautilities\ctgmodel.py:126: SparseEfficiencyWarning: splu converted its input to CSC format
  a_factors = scipy.sparse.linalg.splu(a_mat)
C:\Users\thoma\Documents\go3-division2-cpu\.cache\upstream\C3DataUtilities\datautilities\ctgmodel.py:379: SparseEfficiencyWarning: splu converted its input to CSC format
  a_factors_t = scipy.sparse.linalg.splu(a_mat_t)
{
  "pass": true,
  "complete": true,
  "candidate_sha256": "2762b292c78cb7e9c934d7b066ead73344f672e30998413aec1082d28cac082f",
  "input_sha256": "865bbc89659575b63f5fa2d79d824f7f54e3441cb4f70aaf97d66a476b40431c",
  "independent_seconds": 0.006792999978642911,
  "official_seconds": 0.5374813000089489,
  "objective": 1732.1459693041531,
  "official_feas": 1,
  "official_phys_feas": 1,
  "independent_hard_pass": true,
  "max_hard_residual": 2.7755575615628914e-17,
  "objective_discrepancy": 1.2732925824820995e-11,
  "objective_agreement": true,
  "contingencies_completed": 9,
  "contingencies_required": 9,
  "max_p_imbalance_pu": 1.4432899320127035e-15,
  "max_q_imbalance_pu": 1.2035511476327088e-14,
  "max_contingency_overload_pu": 0.0,
  "costs_total": {
    "production": 17.501930502780322,
    "demand_benefit": 1750.0,
    "on": 0.35000000000000003,
    "startup": 0.0,
    "shutdown": 0.0,
    "reserve_awards": 0.0021001930502780324,
    "switching": 0.0,
    "real_imbalance": 2.2620794126737565e-12,
    "reactive_imbalance": 2.679540617167575e-11,
    "base_overload": 0.0,
    "reserve_shortfall": 0.0,
    "contingency_worst": 0.0,
    "contingency_average": 0.0
  },
  "verification_directory": "C:\\Users\\thoma\\Documents\\go3-division2-cpu\\tmp\\focused_ac_zero_reserves_ap77mpq_\\zero_reserve_verification",
  "total_verification_seconds": 0.5442812999826856
}
