GO3_PROGRESS {"epoch_seconds":1.789977123269e9,"event":"reserve_benders_worker_started","raw_case_parsed":false,"pid":29788,"native_backend":{"git_hash":"04024d701f","library_sha256":"404f0a37f0887e0b390274230441539524f0f68d141a58d62053aea041eb9ded","floating_point_bits":64,"policy":"upstream_jll_v1","library_path":"C:\\Users\\thoma\\Documents\\go3-division2-cpu\\environments\\julia-depot\\artifacts\\7b3fde6a10989de897c61b0c6880e7e7d97cccd4\\bin\\libhighs.dll","highs_int_bits":32,"version":"1.15.1"},"mode":"recourse","stage":"source_reserve_benders","round":2,"remaining_work_seconds":97.90718173980713}
Running HiGHS 1.15.1 (git hash: 04024d701f): Copyright (c) 2026 under MIT licence terms
Includes third-party software components, see THIRD_PARTY_NOTICES.md for full details
Using BLAS: libblastrampoline 
GO3_PROGRESS {"epoch_seconds":1.789977124898e9,"event":"reserve_benders_solve_begin","actual_limit_seconds":5.0,"pid":29788,"period":1,"mode":"recourse","stage":"source_reserve_benders","round":2,"remaining_work_seconds":96.27818179130554}
LP has 2 rows; 1 col; 2 nonzeros
Coefficient ranges:
  Matrix  [1e+00, 1e+00]
  Cost    [3e+00, 3e+00]
  Bound   [0e+00, 0e+00]
  RHS     [5e-01, 5e-01]
Presolving model
0 rows, 0 cols, 0 nonzeros 0s
0 rows, 0 cols, 0 nonzeros 0s
Presolve reductions: rows 0(-2); columns 0(-1); nonzeros 0(-2) - Reduced to empty
Performed postsolve
Solving the original LP from the solution after postsolve

Model status        : Optimal
Objective value     :  1.5000000000e+00
P-D objective error :  0.0000000000e+00
HiGHS run time      :          0.00
GO3_PROGRESS {"epoch_seconds":1.789977124908e9,"event":"reserve_benders_solve_returned","solve_seconds":0.001188039779663086,"pid":29788,"mode":"recourse","stage":"source_reserve_benders","termination":"OPTIMAL","simplex_iterations":0,"barrier_iterations":0,"has_primal":true,"period":1,"native_status":7,"solve_wall_seconds":0.0009999275207519531,"round":2,"remaining_work_seconds":96.26818180084229}
GO3_PROGRESS {"epoch_seconds":1.789977125379e9,"event":"reserve_benders_hour_complete","pid":29788,"mode":"recourse","hours_completed":1,"stage":"source_reserve_benders","hours_required":1,"kind":"cost","period":1,"round":2,"remaining_work_seconds":95.7971818447113}
GO3_PROGRESS {"epoch_seconds":1.789977125638e9,"event":"reserve_benders_incumbent_audited","pid":29788,"mode":"recourse","objective":-2.0000000000000004,"stage":"source_reserve_benders","round":2,"maximum_residual":3.885780586188048e-16,"remaining_work_seconds":95.5381817817688}
GO3_PROGRESS {"epoch_seconds":1.789977125678e9,"event":"reserve_benders_stage_complete","pid":29788,"result_sha256":"24f6445436d3bc2e71ab40d4bdd279ae26de6fff6ba2e8fe8d957f1792f830e9","mode":"recourse","stage":"source_reserve_benders","round":2,"remaining_work_seconds":95.49818181991577}
