Running HiGHS 1.15.1 (git hash: 04024d7): Copyright (c) 2026 under MIT licence terms
Includes third-party software components, see THIRD_PARTY_NOTICES.md for full details
 MIP      : 
Rows      : 73
Cols      : 46
Nonzeros  : 152
Integer   : 18 (15 binary)
Coefficient ranges:
  Matrix  [5e-05, 3e+00]
  Cost    [3e-02, 1e+03]
  Bound   [1e+00, 3e+00]
  RHS     [1e-18, 2e+00]
WARNING: Problem has some excessively small row bounds
Assessing feasibility of MIP using primal feasibility and integrality tolerance of       1e-09
Solution has               num          max          sum
Col     infeasibilities      0            0            0
Integer infeasibilities      0            0            0
Row     infeasibilities      0            0            0
Row     residuals            0            0            0
Presolving model
Presolve rules not allowed:
   Rule 13 (set bit 13 =  8192): Parallel rows and columns
29 rows, 27 cols, 69 nonzeros 0s
21 rows, 20 cols, 64 nonzeros 0s
Fixed 3 dominated columns and strengthened 0 bounds
7 probing evaluations: 0 deleted rows, 0 deleted columns, 0 lifted nonzeros
13 rows, 13 cols, 42 nonzeros 0s
Presolve reductions: rows 13(-60); columns 13(-33); nonzeros 42(-110) 
MIP-Timing:     0.00062 - completed presolve
MIP-Timing:     0.00063 - starting  setup
GO3-HIGHS-Setup stage=initialization solve_elapsed=0.000639

MIP start solution is feasible, objective value is 1732.1479
GO3-HIGHS-Setup stage=transpose_and_locks solve_elapsed=0.000662
GO3-HIGHS-Setup stage=row_integrality solve_elapsed=0.000669
GO3-HIGHS-Setup stage=objective_clique_partition solve_elapsed=0.000676
GO3-HIGHS-Setup optional_objective_clique_skipped binary_columns=7 limit=0 source_model_unchanged=1
GO3-HIGHS-Setup stage=objective_propagation solve_elapsed=0.000689
GO3-HIGHS-Setup stage=row_activities solve_elapsed=0.000698
GO3-HIGHS-Setup stage=domain_propagation solve_elapsed=0.000705
GO3-HIGHS-Setup stage=domain_propagation_complete solve_elapsed=0.000718
MIP-Timing:     0.00073 - completed setup

Src: B => Branching; C => Central rounding; F => Feasibility pump; H => Heuristic;
     I => Shifting; J => Feasibility jump; L => Sub-MIP; P => Empty MIP; R => Randomized rounding;
     S => Solve LP; T => Evaluate node; U => Unbounded; X => User solution; Y => HiGHS solution;
     Z => ZI Round; l => Trivial lower; p => Trivial point; u => Trivial upper; z => Trivial zero

        Nodes      |    B&B Tree     |            Objective Bounds              |  Dynamic Constraints |       Work      
Src  Proc. InQueue |  Leaves   Expl. | BestBound       BestSol              Gap |   Cuts   InLp Confl. | LpIters     Time

         0       0         0 100.00%   1732.1479       1732.1479          0.00%        0      0      0         0     0.0s

Solving report
  Status            Optimal
  Primal bound      1732.1479
  Dual bound        1732.1479
  Gap               0% (tolerance: 0.0001%)
  P-D integral      0
  Solution status   feasible
                    1732.1479 (objective)
                    0 (bound viol.)
                    0 (int. viol.)
                    0 (row viol.)
  Timing            0.00
                    0.00 (Presolve)
                    0.00 (Solve)
                    0.00 (Postsolve)
  Max sub-MIP depth 0
  Nodes             0
  Repair LPs        0
  LP iterations     0
getKktFailures:: cost norm =    1e+03; bound norm =        1
getKktFailures:                      LP  (abs / rel)         Col (abs / rel)         Row (abs / rel)
getKktFailures: primal infeasibility        0 /        0            0 /        0            0 /        0

MIP sub-solver profiling: number of threads used = 1

Thread 0
Solver                    Calls    Time       Time/call      MIP%
MIP                           1  8.9073e-04  8.9073e-04
