Running HiGHS 1.15.1 (git hash: 04024d7): Copyright (c) 2026 under MIT licence terms
Includes third-party software components, see THIRD_PARTY_NOTICES.md for full details
LP has 210471 rows; 150198 cols; 553115 nonzeros
Coefficient ranges:
  Matrix  [1e+00, 2e+01]
  Cost    [1e+02, 5e+05]
  Bound   [1e-05, 6e+03]
  RHS     [1e-20, 6e+03]
WARNING: Problem has some excessively small column bounds
WARNING: Problem has some excessively small row bounds
Presolving model
40055 rows, 67939 cols, 210903 nonzeros 0s
37085 rows, 67939 cols, 201993 nonzeros 0s
Presolve reductions: rows 37085(-173386); columns 67939(-82259); nonzeros 201993(-351122) 
Solving the presolved LP
Using dual simplex solver
  Iteration        Objective     Infeasibilities num(sum)
          0     2.3730620071e+03 Pr: 96(7779.93) 0.2s
      21079     4.4397079604e+08 Pr: 0(0) 0.6s

Performed postsolve
Solving the original LP from the solution after postsolve

Model status        : Optimal
Simplex   iterations: 21079
Objective value     :  4.4397079604e+08
P-D objective error :  3.3563381443e-15
HiGHS run time      :          0.76
