Running HiGHS 1.15.1 (git hash: 04024d7): Copyright (c) 2026 under MIT licence terms
Includes third-party software components, see THIRD_PARTY_NOTICES.md for full details
LP has 210493 rows; 150220 cols; 553159 nonzeros
Coefficient ranges:
  Matrix  [1e+00, 2e+01]
  Cost    [1e+02, 5e+05]
  Bound   [1e-05, 6e+03]
  RHS     [1e-20, 6e+03]
WARNING: Problem has some excessively small column bounds
WARNING: Problem has some excessively small row bounds
Presolving model
40151 rows, 67751 cols, 210279 nonzeros 0s
37001 rows, 67751 cols, 200829 nonzeros 0s
Presolve reductions: rows 37001(-173492); columns 67751(-82469); nonzeros 200829(-352330) 
Solving the presolved LP
Using dual simplex solver
  Iteration        Objective     Infeasibilities num(sum)
          0     2.2251310117e+03 Pr: 96(7694.61) 0.2s
      21260     4.3114586776e+08 Pr: 0(0) 0.6s

Performed postsolve
Solving the original LP from the solution after postsolve

Model status        : Optimal
Simplex   iterations: 21260
Objective value     :  4.3114586776e+08
P-D objective error :  3.3870527460e-15
HiGHS run time      :          0.76
