Running HiGHS 1.15.1 (git hash: 04024d7): Copyright (c) 2026 under MIT licence terms
Includes third-party software components, see THIRD_PARTY_NOTICES.md for full details
LP has 210451 rows; 150178 cols; 553075 nonzeros
Coefficient ranges:
  Matrix  [1e+00, 2e+01]
  Cost    [1e+02, 5e+05]
  Bound   [1e-05, 6e+03]
  RHS     [1e-20, 6e+03]
WARNING: Problem has some excessively small column bounds
WARNING: Problem has some excessively small row bounds
Presolving model
40277 rows, 68590 cols, 213301 nonzeros 0s
37416 rows, 68590 cols, 204718 nonzeros 0s
Presolve reductions: rows 37416(-173035); columns 68590(-81588); nonzeros 204718(-348357) 
Solving the presolved LP
Using dual simplex solver
  Iteration        Objective     Infeasibilities num(sum)
          0     2.0389330150e+03 Pr: 96(7702.1) 0.2s
      21279     4.3092213770e+08 Pr: 0(0) 0.6s

Performed postsolve
Solving the original LP from the solution after postsolve

Model status        : Optimal
Simplex   iterations: 21279
Objective value     :  4.3092213770e+08
P-D objective error :  2.2822606490e-15
HiGHS run time      :          0.78
