Running HiGHS 1.15.1 (git hash: 04024d7): Copyright (c) 2026 under MIT licence terms
Includes third-party software components, see THIRD_PARTY_NOTICES.md for full details
LP has 210515 rows; 150242 cols; 553203 nonzeros
Coefficient ranges:
  Matrix  [1e+00, 2e+01]
  Cost    [1e+02, 5e+05]
  Bound   [1e-05, 6e+03]
  RHS     [1e-20, 6e+03]
WARNING: Problem has some excessively small column bounds
WARNING: Problem has some excessively small row bounds
Presolving model
40112 rows, 67541 cols, 209315 nonzeros 0s
36830 rows, 67541 cols, 199469 nonzeros 0s
Presolve reductions: rows 36830(-173685); columns 67541(-82701); nonzeros 199469(-353734) 
Solving the presolved LP
Using dual simplex solver
  Iteration        Objective     Infeasibilities num(sum)
          0     2.0532700096e+03 Pr: 96(7768.29) 0.2s
      21001     4.4326856477e+08 Pr: 0(0) 0.6s

Performed postsolve
Solving the original LP from the solution after postsolve

Model status        : Optimal
Simplex   iterations: 21001
Objective value     :  4.4326856477e+08
P-D objective error :  3.4961215064e-15
HiGHS run time      :          0.74
