GO3_PROGRESS {"epoch_seconds":1.789959492831e9,"event":"reserve_benders_worker_started","raw_case_parsed":false,"pid":22788,"native_backend":{"git_hash":"04024d701f","library_sha256":"404f0a37f0887e0b390274230441539524f0f68d141a58d62053aea041eb9ded","floating_point_bits":64,"policy":"upstream_jll_v1","library_path":"C:\\Users\\thoma\\Documents\\go3-division2-cpu\\environments\\julia-depot\\artifacts\\7b3fde6a10989de897c61b0c6880e7e7d97cccd4\\bin\\libhighs.dll","highs_int_bits":32,"version":"1.15.1"},"mode":"master","stage":"source_reserve_benders","round":1,"remaining_work_seconds":87.14240002632141}
Running HiGHS 1.15.1 (git hash: 04024d701f): Copyright (c) 2026 under MIT licence terms
Includes third-party software components, see THIRD_PARTY_NOTICES.md for full details
Using BLAS: libblastrampoline 
GO3_PROGRESS {"epoch_seconds":1.789959493598e9,"event":"reserve_benders_master_loaded","cut_count":0,"pid":22788,"start":{"supplied":false},"mode":"master","stage":"source_reserve_benders","variables":46,"nonzeros":143,"rows":70,"round":1,"remaining_work_seconds":86.37540006637573}
GO3_PROGRESS {"epoch_seconds":1.789959493709e9,"event":"reserve_benders_solve_begin","actual_limit_seconds":10.0,"pid":22788,"mode":"master","stage":"source_reserve_benders","round":1,"remaining_work_seconds":86.26440000534058}
 MIP      : 
Rows      : 70
Cols      : 46
Nonzeros  : 143
Integer   : 18 (15 binary)
Coefficient ranges:
  Matrix  [2e-01, 3e+00]
  Cost    [3e-02, 1e+03]
  Bound   [1e+00, 3e+00]
  RHS     [5e-01, 2e+00]
Presolving model
Presolve rules not allowed:
   Rule 13 (set bit 13 =  8192): Parallel rows and columns
29 rows, 27 cols, 69 nonzeros 0s
21 rows, 20 cols, 64 nonzeros 0s
Fixed 3 dominated columns and strengthened 0 bounds
7 probing evaluations: 0 deleted rows, 0 deleted columns, 0 lifted nonzeros
13 rows, 13 cols, 42 nonzeros 0s
Presolve reductions: rows 13(-57); columns 13(-33); nonzeros 42(-101) 
MIP-Timing:      0.0015 - completed presolve
MIP-Timing:      0.0015 - starting  setup

Solving MIP model with:
   13 rows
   13 cols (7 binary, 0 integer, 0 implied int., 6 continuous, 0 domain fixed)
   42 nonzeros
   Thread count 1 (of 24 threads). Using 1 max workers. Parallel search off
MIP-Timing:      0.0016 - completed setup
Feasibility Jump: starting solve. weightUpdateDecay=1, relaxContinuous=0  

Src: B => Branching; C => Central rounding; F => Feasibility pump; H => Heuristic;
     I => Shifting; J => Feasibility jump; L => Sub-MIP; P => Empty MIP; R => Randomized rounding;
     S => Solve LP; T => Evaluate node; U => Unbounded; X => User solution; Y => HiGHS solution;
     Z => ZI Round; l => Trivial lower; p => Trivial point; u => Trivial upper; z => Trivial zero

        Nodes      |    B&B Tree     |            Objective Bounds              |  Dynamic Constraints |       Work      
Src  Proc. InQueue |  Leaves   Expl. | BestBound       BestSol              Gap |   Cuts   InLp Confl. | LpIters     Time

 J       0       0         0   0.00%   inf             492.725            Large        0      0      0         0     0.0s
MIP-Timing:      0.0064 - starting evaluate root node
MIP-Timing:      0.0065 - starting analytic centre calculation
MIP-Timing:      0.0065 - start first LP solve (without basis)
MIP-Timing:      0.0069 - finish first LP solve
 T       0       0         0 100.00%   1732.275        1732.15            0.01%        0      0      0         4     0.0s
MIP-Timing:      0.0069 - completed evaluate root node
         1       0         1 100.00%   1732.15         1732.15            0.00%        0      0      0         4     0.0s

Solving report
  Status            Optimal
  Primal bound      1732.15
  Dual bound        1732.15
  Gap               0% (tolerance: 0.0001%)
  P-D integral      0.000959066358406
  Solution status   feasible
                    1732.15 (objective)
                    0 (bound viol.)
                    0 (int. viol.)
                    0 (row viol.)
  Timing            0.01
                    0.00 (Presolve)
                    0.01 (Solve)
                    0.00 (Postsolve)
  Max sub-MIP depth 0
  Nodes             1
  Repair LPs        0
  LP iterations     4
                    0 (strong br.)
                    0 (separation)
                    0 (heuristics)
getKktFailures:: cost norm =    1e+03; bound norm =        1
getKktFailures:                      LP  (abs / rel)         Col (abs / rel)         Row (abs / rel)
getKktFailures: primal infeasibility        0 /        0            0 /        0            0 /        0

MIP sub-solver profiling: number of threads used = 1

Thread 0
Solver                    Calls    Time       Time/call      MIP%
MIP                           1  7.0741e-03  7.0741e-03
Du simplex (basis)            1  1.5974e-05  1.5974e-05       0.2
Du simplex (no basis)         1  1.3614e-04  1.3614e-04       1.9
TOTAL                            1.5211e-04                   2.2

Percent (sub-)MIP time by thread

MIP sub-solver            0
Du simplex (basis)      0.2
Du simplex (no basis)   1.9
===========================
Total                   2.2
===========================
GO3_PROGRESS {"epoch_seconds":1.789959493727e9,"event":"reserve_benders_solve_returned","solve_seconds":0.007185935974121094,"pid":22788,"mode":"master","stage":"source_reserve_benders","termination":"OPTIMAL","simplex_iterations":4,"barrier_iterations":-1,"has_primal":true,"native_status":7,"solve_wall_seconds":0.006999969482421875,"round":1,"remaining_work_seconds":86.24640011787415}
GO3_PROGRESS {"epoch_seconds":1.789959494002e9,"event":"reserve_benders_stage_complete","pid":22788,"result_sha256":"54d2b2423b61be92f3006eb839596ea5d9f6d9e58346531e750b4c30eda86517","mode":"master","stage":"source_reserve_benders","round":1,"remaining_work_seconds":85.97140002250671}
