GO3_PROGRESS {"epoch_seconds":1.789988058319e9,"event":"reserve_benders_worker_started","raw_case_parsed":false,"pid":17712,"native_backend":{"analytic_center_requested":false,"git_hash":"04024d7","library_sha256":"892447b910bab933e5fad23035f8f5c06cf25ac24f93be5b44633edb6e1bb349","root_presolve_only_requested":true,"version":"1.15.1","policy":"root_progress_guard_v1","library_path":"C:\\Users\\thoma\\Documents\\go3-division2-cpu\\environments\\highs-root-progress-build\\bin\\libhighs.dll","highs_int_bits":32,"manifest_sha256":"abb3c9ff808b89d844804cf4c987701f7055d8cdb849fd0fe48cf52ea7bed4a6","floating_point_bits":64,"objective_clique_max_size":4096,"root_lp_logging_requested":true},"mode":"recourse","stage":"source_reserve_benders","round":1,"remaining_work_seconds":1366.6280753612518}
Running HiGHS 1.15.1 (git hash: 04024d7): Copyright (c) 2026 under MIT licence terms
Includes third-party software components, see THIRD_PARTY_NOTICES.md for full details
GO3_PROGRESS {"epoch_seconds":1.789988060365e9,"event":"reserve_benders_solve_begin","actual_limit_seconds":30.0,"pid":17712,"period":1,"mode":"recourse","stage":"source_reserve_benders","round":1,"remaining_work_seconds":1364.5820753574371}
LP has 210447 rows; 150174 cols; 553067 nonzeros
Coefficient ranges:
  Matrix  [1e+00, 2e+01]
  Cost    [1e+02, 5e+05]
  Bound   [1e-05, 6e+03]
  RHS     [1e-20, 6e+03]
WARNING: Problem has some excessively small column bounds
WARNING: Problem has some excessively small row bounds
Presolving model
40179 rows, 68324 cols, 212365 nonzeros 0s
37312 rows, 68324 cols, 203764 nonzeros 0s
Presolve reductions: rows 37312(-173135); columns 68324(-81850); nonzeros 203764(-349303) 
Solving the presolved LP
Using dual simplex solver
  Iteration        Objective     Infeasibilities num(sum)
          0     2.5967249924e+03 Pr: 96(7643.77) 0.2s
      21064     4.2257175987e+08 Pr: 0(0) 0.6s

Performed postsolve
Solving the original LP from the solution after postsolve

Model status        : Optimal
Simplex   iterations: 21064
Objective value     :  4.2257175987e+08
P-D objective error :  2.6094643130e-15
HiGHS run time      :          0.73
GO3_PROGRESS {"epoch_seconds":1.789988061105e9,"event":"reserve_benders_solve_returned","solve_seconds":0.7290160655975342,"pid":17712,"mode":"recourse","stage":"source_reserve_benders","termination":"OPTIMAL","simplex_iterations":21064,"barrier_iterations":0,"has_primal":true,"period":1,"native_status":7,"solve_wall_seconds":0.7309999465942383,"round":1,"remaining_work_seconds":1363.8420753479004}
GO3_PROGRESS {"epoch_seconds":1.789988061806e9,"event":"reserve_benders_hour_complete","pid":17712,"mode":"recourse","hours_completed":1,"stage":"source_reserve_benders","hours_required":48,"kind":"cost","period":1,"round":1,"remaining_work_seconds":1363.141075372696}
Running HiGHS 1.15.1 (git hash: 04024d7): Copyright (c) 2026 under MIT licence terms
Includes third-party software components, see THIRD_PARTY_NOTICES.md for full details
GO3_PROGRESS {"epoch_seconds":1.789988062001e9,"event":"reserve_benders_solve_begin","actual_limit_seconds":30.0,"pid":17712,"period":2,"mode":"recourse","stage":"source_reserve_benders","round":1,"remaining_work_seconds":1362.9460754394531}
LP has 210423 rows; 150150 cols; 553019 nonzeros
Coefficient ranges:
  Matrix  [1e+00, 2e+01]
  Cost    [1e+02, 5e+05]
  Bound   [1e-05, 6e+03]
  RHS     [1e-20, 6e+03]
WARNING: Problem has some excessively small column bounds
WARNING: Problem has some excessively small row bounds
Presolving model
40313 rows, 68772 cols, 214130 nonzeros 0s
37517 rows, 68772 cols, 205742 nonzeros 0s
Presolve reductions: rows 37517(-172906); columns 68772(-81378); nonzeros 205742(-347277) 
Solving the presolved LP
Using dual simplex solver
  Iteration        Objective     Infeasibilities num(sum)
          0     2.4423210113e+03 Pr: 96(7704.55) 0.2s
      21026     4.3109297216e+08 Pr: 0(0) 0.6s

Performed postsolve
Solving the original LP from the solution after postsolve

Model status        : Optimal
Simplex   iterations: 21026
Objective value     :  4.3109297216e+08
P-D objective error :  1.9356961950e-15
HiGHS run time      :          0.77
GO3_PROGRESS {"epoch_seconds":1.789988062775e9,"event":"reserve_benders_solve_returned","solve_seconds":0.7715981006622314,"pid":17712,"mode":"recourse","stage":"source_reserve_benders","termination":"OPTIMAL","simplex_iterations":21026,"barrier_iterations":0,"has_primal":true,"period":2,"native_status":7,"solve_wall_seconds":0.7730000019073486,"round":1,"remaining_work_seconds":1362.1720752716064}
GO3_PROGRESS {"epoch_seconds":1.789988062869e9,"event":"reserve_benders_hour_complete","pid":17712,"mode":"recourse","hours_completed":2,"stage":"source_reserve_benders","hours_required":48,"kind":"cost","period":2,"round":1,"remaining_work_seconds":1362.0780754089355}
Running HiGHS 1.15.1 (git hash: 04024d7): Copyright (c) 2026 under MIT licence terms
Includes third-party software components, see THIRD_PARTY_NOTICES.md for full details
GO3_PROGRESS {"epoch_seconds":1.789988063054e9,"event":"reserve_benders_solve_begin","actual_limit_seconds":30.0,"pid":17712,"period":3,"mode":"recourse","stage":"source_reserve_benders","round":1,"remaining_work_seconds":1361.893075466156}
LP has 210413 rows; 150140 cols; 552999 nonzeros
Coefficient ranges:
  Matrix  [1e+00, 2e+01]
  Cost    [1e+02, 5e+05]
  Bound   [1e-05, 6e+03]
  RHS     [1e-20, 6e+03]
WARNING: Problem has some excessively small column bounds
WARNING: Problem has some excessively small row bounds
Presolving model
40370 rows, 68935 cols, 214940 nonzeros 0s
37637 rows, 68935 cols, 206741 nonzeros 0s
Presolve reductions: rows 37637(-172776); columns 68935(-81205); nonzeros 206741(-346258) 
Solving the presolved LP
Using dual simplex solver
  Iteration        Objective     Infeasibilities num(sum)
          0     2.4816930057e+03 Pr: 96(7729.52) 0.2s
      21265     4.3385820926e+08 Pr: 0(0) 0.6s

Performed postsolve
Solving the original LP from the solution after postsolve

Model status        : Optimal
Simplex   iterations: 21265
Objective value     :  4.3385820925e+08
P-D objective error :  2.4728899485e-15
HiGHS run time      :          0.78
GO3_PROGRESS {"epoch_seconds":1.789988063834e9,"event":"reserve_benders_solve_returned","solve_seconds":0.7777988910675049,"pid":17712,"mode":"recourse","stage":"source_reserve_benders","termination":"OPTIMAL","simplex_iterations":21265,"barrier_iterations":0,"has_primal":true,"period":3,"native_status":7,"solve_wall_seconds":0.7780001163482666,"round":1,"remaining_work_seconds":1361.1130752563477}
GO3_PROGRESS {"epoch_seconds":1.789988063925e9,"event":"reserve_benders_hour_complete","pid":17712,"mode":"recourse","hours_completed":3,"stage":"source_reserve_benders","hours_required":48,"kind":"cost","period":3,"round":1,"remaining_work_seconds":1361.0220754146576}
Running HiGHS 1.15.1 (git hash: 04024d7): Copyright (c) 2026 under MIT licence terms
Includes third-party software components, see THIRD_PARTY_NOTICES.md for full details
GO3_PROGRESS {"epoch_seconds":1.78998806411e9,"event":"reserve_benders_solve_begin","actual_limit_seconds":30.0,"pid":17712,"period":4,"mode":"recourse","stage":"source_reserve_benders","round":1,"remaining_work_seconds":1360.837075471878}
LP has 210401 rows; 150128 cols; 552975 nonzeros
Coefficient ranges:
  Matrix  [1e+00, 2e+01]
  Cost    [1e+02, 5e+05]
  Bound   [1e-05, 6e+03]
  RHS     [3e-20, 6e+03]
WARNING: Problem has some excessively small column bounds
WARNING: Problem has some excessively small row bounds
Presolving model
40401 rows, 68960 cols, 215288 nonzeros 0s
37699 rows, 68960 cols, 207182 nonzeros 0s
Presolve reductions: rows 37699(-172702); columns 68960(-81168); nonzeros 207182(-345793) 
Solving the presolved LP
Using dual simplex solver
  Iteration        Objective     Infeasibilities num(sum)
          0     2.0771390993e+03 Pr: 96(7732.94) 0.2s
      21159     4.3413435781e+08 Pr: 0(0) 0.6s

Performed postsolve
Solving the original LP from the solution after postsolve

Model status        : Optimal
Simplex   iterations: 21159
Objective value     :  4.3413435781e+08
P-D objective error :  2.7459077419e-15
HiGHS run time      :          0.77
GO3_PROGRESS {"epoch_seconds":1.789988064885e9,"event":"reserve_benders_solve_returned","solve_seconds":0.7720651626586914,"pid":17712,"mode":"recourse","stage":"source_reserve_benders","termination":"OPTIMAL","simplex_iterations":21159,"barrier_iterations":0,"has_primal":true,"period":4,"native_status":7,"solve_wall_seconds":0.7739999294281006,"round":1,"remaining_work_seconds":1360.0620753765106}
GO3_PROGRESS {"epoch_seconds":1.789988064975e9,"event":"reserve_benders_hour_complete","pid":17712,"mode":"recourse","hours_completed":4,"stage":"source_reserve_benders","hours_required":48,"kind":"cost","period":4,"round":1,"remaining_work_seconds":1359.9720754623413}
Running HiGHS 1.15.1 (git hash: 04024d7): Copyright (c) 2026 under MIT licence terms
Includes third-party software components, see THIRD_PARTY_NOTICES.md for full details
GO3_PROGRESS {"epoch_seconds":1.789988065157e9,"event":"reserve_benders_solve_begin","actual_limit_seconds":30.0,"pid":17712,"period":5,"mode":"recourse","stage":"source_reserve_benders","round":1,"remaining_work_seconds":1359.790075302124}
LP has 210383 rows; 150110 cols; 552939 nonzeros
Coefficient ranges:
  Matrix  [1e+00, 2e+01]
  Cost    [1e+02, 5e+05]
  Bound   [1e-05, 6e+03]
  RHS     [1e-20, 6e+03]
WARNING: Problem has some excessively small column bounds
WARNING: Problem has some excessively small row bounds
Presolving model
40452 rows, 68997 cols, 215582 nonzeros 0s
37719 rows, 68997 cols, 207383 nonzeros 0s
Presolve reductions: rows 37719(-172664); columns 68997(-81113); nonzeros 207383(-345556) 
Solving the presolved LP
Using dual simplex solver
  Iteration        Objective     Infeasibilities num(sum)
          0     2.1178370067e+03 Pr: 96(7736.28) 0.2s
      20706     4.3481482530e+08 Pr: 0(0) 0.6s

Performed postsolve
Solving the original LP from the solution after postsolve

Model status        : Optimal
Simplex   iterations: 20706
Objective value     :  4.3481482530e+08
P-D objective error :  2.2618286692e-15
HiGHS run time      :          0.78
GO3_PROGRESS {"epoch_seconds":1.789988065939e9,"event":"reserve_benders_solve_returned","solve_seconds":0.7787690162658691,"pid":17712,"mode":"recourse","stage":"source_reserve_benders","termination":"OPTIMAL","simplex_iterations":20706,"barrier_iterations":0,"has_primal":true,"period":5,"native_status":7,"solve_wall_seconds":0.7809998989105225,"round":1,"remaining_work_seconds":1359.0080754756927}
GO3_PROGRESS {"epoch_seconds":1.789988066021e9,"event":"reserve_benders_hour_complete","pid":17712,"mode":"recourse","hours_completed":5,"stage":"source_reserve_benders","hours_required":48,"kind":"cost","period":5,"round":1,"remaining_work_seconds":1358.9260754585266}
Running HiGHS 1.15.1 (git hash: 04024d7): Copyright (c) 2026 under MIT licence terms
Includes third-party software components, see THIRD_PARTY_NOTICES.md for full details
GO3_PROGRESS {"epoch_seconds":1.789988066203e9,"event":"reserve_benders_solve_begin","actual_limit_seconds":30.0,"pid":17712,"period":6,"mode":"recourse","stage":"source_reserve_benders","round":1,"remaining_work_seconds":1358.7440752983093}
LP has 210407 rows; 150134 cols; 552987 nonzeros
Coefficient ranges:
  Matrix  [1e+00, 2e+01]
  Cost    [1e+02, 5e+05]
  Bound   [1e-05, 6e+03]
  RHS     [3e-20, 6e+03]
WARNING: Problem has some excessively small column bounds
WARNING: Problem has some excessively small row bounds
Presolving model
40394 rows, 69007 cols, 215302 nonzeros 0s
37683 rows, 69007 cols, 207169 nonzeros 0s
Presolve reductions: rows 37683(-172724); columns 69007(-81127); nonzeros 207169(-345818) 
Solving the presolved LP
Using dual simplex solver
  Iteration        Objective     Infeasibilities num(sum)
          0     1.3385580024e+03 Pr: 96(7755.93) 0.2s
      21157     4.3783509198e+08 Pr: 0(0) 0.6s

Performed postsolve
Solving the original LP from the solution after postsolve

Model status        : Optimal
Simplex   iterations: 21157
Objective value     :  4.3783509198e+08
P-D objective error :  3.0630356736e-15
HiGHS run time      :          0.77
GO3_PROGRESS {"epoch_seconds":1.789988066972e9,"event":"reserve_benders_solve_returned","solve_seconds":0.7661771774291992,"pid":17712,"mode":"recourse","stage":"source_reserve_benders","termination":"OPTIMAL","simplex_iterations":21157,"barrier_iterations":0,"has_primal":true,"period":6,"native_status":7,"solve_wall_seconds":0.7669999599456787,"round":1,"remaining_work_seconds":1357.9750754833221}
GO3_PROGRESS {"epoch_seconds":1.789988067061e9,"event":"reserve_benders_hour_complete","pid":17712,"mode":"recourse","hours_completed":6,"stage":"source_reserve_benders","hours_required":48,"kind":"cost","period":6,"round":1,"remaining_work_seconds":1357.886075258255}
Running HiGHS 1.15.1 (git hash: 04024d7): Copyright (c) 2026 under MIT licence terms
Includes third-party software components, see THIRD_PARTY_NOTICES.md for full details
GO3_PROGRESS {"epoch_seconds":1.789988067243e9,"event":"reserve_benders_solve_begin","actual_limit_seconds":30.0,"pid":17712,"period":7,"mode":"recourse","stage":"source_reserve_benders","round":1,"remaining_work_seconds":1357.7040753364563}
LP has 210437 rows; 150164 cols; 553047 nonzeros
Coefficient ranges:
  Matrix  [1e+00, 2e+01]
  Cost    [1e+02, 5e+05]
  Bound   [1e-05, 6e+03]
  RHS     [1e-20, 6e+03]
WARNING: Problem has some excessively small column bounds
WARNING: Problem has some excessively small row bounds
Presolving model
40396 rows, 69030 cols, 215087 nonzeros 0s
37611 rows, 69030 cols, 206732 nonzeros 0s
Presolve reductions: rows 37611(-172826); columns 69030(-81134); nonzeros 206732(-346315) 
Solving the presolved LP
Using dual simplex solver
  Iteration        Objective     Infeasibilities num(sum)
          0     3.0080379978e+03 Pr: 96(7785.87) 0.2s
      20918     4.4269902621e+08 Pr: 0(0) 0.6s

Performed postsolve
Solving the original LP from the solution after postsolve

Model status        : Optimal
Simplex   iterations: 20918
Objective value     :  4.4269902621e+08
P-D objective error :  2.9620624983e-15
HiGHS run time      :          0.79
GO3_PROGRESS {"epoch_seconds":1.789988068033e9,"event":"reserve_benders_solve_returned","solve_seconds":0.7857332229614258,"pid":17712,"mode":"recourse","stage":"source_reserve_benders","termination":"OPTIMAL","simplex_iterations":20918,"barrier_iterations":0,"has_primal":true,"period":7,"native_status":7,"solve_wall_seconds":0.7880001068115234,"round":1,"remaining_work_seconds":1356.9140753746033}
GO3_PROGRESS {"epoch_seconds":1.789988068127e9,"event":"reserve_benders_hour_complete","pid":17712,"mode":"recourse","hours_completed":7,"stage":"source_reserve_benders","hours_required":48,"kind":"cost","period":7,"round":1,"remaining_work_seconds":1356.8200752735138}
Running HiGHS 1.15.1 (git hash: 04024d7): Copyright (c) 2026 under MIT licence terms
Includes third-party software components, see THIRD_PARTY_NOTICES.md for full details
GO3_PROGRESS {"epoch_seconds":1.789988068311e9,"event":"reserve_benders_solve_begin","actual_limit_seconds":30.0,"pid":17712,"period":8,"mode":"recourse","stage":"source_reserve_benders","round":1,"remaining_work_seconds":1356.636075258255}
LP has 210441 rows; 150168 cols; 553055 nonzeros
Coefficient ranges:
  Matrix  [1e+00, 2e+01]
  Cost    [1e+02, 5e+05]
  Bound   [1e-05, 6e+03]
  RHS     [1e-20, 6e+03]
WARNING: Problem has some excessively small column bounds
WARNING: Problem has some excessively small row bounds
Presolving model
40351 rows, 68839 cols, 214182 nonzeros 0s
37498 rows, 68839 cols, 205623 nonzeros 0s
Presolve reductions: rows 37498(-172943); columns 68839(-81329); nonzeros 205623(-347432) 
Solving the presolved LP
Using dual simplex solver
  Iteration        Objective     Infeasibilities num(sum)
          0     2.5670319969e+03 Pr: 96(7798.6) 0.2s
      20915     4.4550272587e+08 Pr: 0(0) 0.6s

Performed postsolve
Solving the original LP from the solution after postsolve

Model status        : Optimal
Simplex   iterations: 20915
Objective value     :  4.4550272587e+08
P-D objective error :  2.6089415492e-15
HiGHS run time      :          0.78
GO3_PROGRESS {"epoch_seconds":1.789988069091e9,"event":"reserve_benders_solve_returned","solve_seconds":0.7776319980621338,"pid":17712,"mode":"recourse","stage":"source_reserve_benders","termination":"OPTIMAL","simplex_iterations":20915,"barrier_iterations":0,"has_primal":true,"period":8,"native_status":7,"solve_wall_seconds":0.7790000438690186,"round":1,"remaining_work_seconds":1355.8560752868652}
GO3_PROGRESS {"epoch_seconds":1.789988069177e9,"event":"reserve_benders_hour_complete","pid":17712,"mode":"recourse","hours_completed":8,"stage":"source_reserve_benders","hours_required":48,"kind":"cost","period":8,"round":1,"remaining_work_seconds":1355.7700753211975}
Running HiGHS 1.15.1 (git hash: 04024d7): Copyright (c) 2026 under MIT licence terms
Includes third-party software components, see THIRD_PARTY_NOTICES.md for full details
GO3_PROGRESS {"epoch_seconds":1.789988069359e9,"event":"reserve_benders_solve_begin","actual_limit_seconds":30.0,"pid":17712,"period":9,"mode":"recourse","stage":"source_reserve_benders","round":1,"remaining_work_seconds":1355.5880753993988}
LP has 210455 rows; 150182 cols; 553083 nonzeros
Coefficient ranges:
  Matrix  [1e+00, 2e+01]
  Cost    [1e+02, 5e+05]
  Bound   [1e-05, 6e+03]
  RHS     [1e-20, 6e+03]
WARNING: Problem has some excessively small column bounds
WARNING: Problem has some excessively small row bounds
Presolving model
40240 rows, 68444 cols, 212685 nonzeros 0s
37343 rows, 68444 cols, 203994 nonzeros 0s
Presolve reductions: rows 37343(-173112); columns 68444(-81738); nonzeros 203994(-349089) 
Solving the presolved LP
Using dual simplex solver
  Iteration        Objective     Infeasibilities num(sum)
          0     3.2444320025e+03 Pr: 96(7770.28) 0.2s
      21158     4.4135735801e+08 Pr: 0(0) 0.6s

Performed postsolve
Solving the original LP from the solution after postsolve

Model status        : Optimal
Simplex   iterations: 21158
Objective value     :  4.4135735801e+08
P-D objective error :  2.8360182880e-15
HiGHS run time      :          0.78
GO3_PROGRESS {"epoch_seconds":1.789988070139e9,"event":"reserve_benders_solve_returned","solve_seconds":0.7775778770446777,"pid":17712,"mode":"recourse","stage":"source_reserve_benders","termination":"OPTIMAL","simplex_iterations":21158,"barrier_iterations":0,"has_primal":true,"period":9,"native_status":7,"solve_wall_seconds":0.7790000438690186,"round":1,"remaining_work_seconds":1354.808075428009}
GO3_PROGRESS {"epoch_seconds":1.78998807023e9,"event":"reserve_benders_hour_complete","pid":17712,"mode":"recourse","hours_completed":9,"stage":"source_reserve_benders","hours_required":48,"kind":"cost","period":9,"round":1,"remaining_work_seconds":1354.7170753479004}
Running HiGHS 1.15.1 (git hash: 04024d7): Copyright (c) 2026 under MIT licence terms
Includes third-party software components, see THIRD_PARTY_NOTICES.md for full details
GO3_PROGRESS {"epoch_seconds":1.789988070413e9,"event":"reserve_benders_solve_begin","actual_limit_seconds":30.0,"pid":17712,"period":10,"mode":"recourse","stage":"source_reserve_benders","round":1,"remaining_work_seconds":1354.5340752601624}
LP has 210471 rows; 150198 cols; 553115 nonzeros
Coefficient ranges:
  Matrix  [1e+00, 2e+01]
  Cost    [1e+02, 5e+05]
  Bound   [1e-05, 6e+03]
  RHS     [1e-20, 6e+03]
WARNING: Problem has some excessively small column bounds
WARNING: Problem has some excessively small row bounds
Presolving model
40055 rows, 67939 cols, 210903 nonzeros 0s
37085 rows, 67939 cols, 201993 nonzeros 0s
Presolve reductions: rows 37085(-173386); columns 67939(-82259); nonzeros 201993(-351122) 
Solving the presolved LP
Using dual simplex solver
  Iteration        Objective     Infeasibilities num(sum)
          0     2.3730620071e+03 Pr: 96(7779.93) 0.2s
      21079     4.4397079604e+08 Pr: 0(0) 0.6s

Performed postsolve
Solving the original LP from the solution after postsolve

Model status        : Optimal
Simplex   iterations: 21079
Objective value     :  4.4397079604e+08
P-D objective error :  3.3563381443e-15
HiGHS run time      :          0.78
GO3_PROGRESS {"epoch_seconds":1.789988071198e9,"event":"reserve_benders_solve_returned","solve_seconds":0.7818601131439209,"pid":17712,"mode":"recourse","stage":"source_reserve_benders","termination":"OPTIMAL","simplex_iterations":21079,"barrier_iterations":0,"has_primal":true,"period":10,"native_status":7,"solve_wall_seconds":0.7839999198913574,"round":1,"remaining_work_seconds":1353.7490754127502}
GO3_PROGRESS {"epoch_seconds":1.789988071289e9,"event":"reserve_benders_hour_complete","pid":17712,"mode":"recourse","hours_completed":10,"stage":"source_reserve_benders","hours_required":48,"kind":"cost","period":10,"round":1,"remaining_work_seconds":1353.6580753326416}
Running HiGHS 1.15.1 (git hash: 04024d7): Copyright (c) 2026 under MIT licence terms
Includes third-party software components, see THIRD_PARTY_NOTICES.md for full details
GO3_PROGRESS {"epoch_seconds":1.789988071472e9,"event":"reserve_benders_solve_begin","actual_limit_seconds":30.0,"pid":17712,"period":11,"mode":"recourse","stage":"source_reserve_benders","round":1,"remaining_work_seconds":1353.4750754833221}
LP has 210489 rows; 150216 cols; 553151 nonzeros
Coefficient ranges:
  Matrix  [1e+00, 2e+01]
  Cost    [1e+02, 5e+05]
  Bound   [1e-05, 6e+03]
  RHS     [1e-20, 6e+03]
WARNING: Problem has some excessively small column bounds
WARNING: Problem has some excessively small row bounds
Presolving model
40049 rows, 67671 cols, 210074 nonzeros 0s
36988 rows, 67671 cols, 200891 nonzeros 0s
Presolve reductions: rows 36988(-173501); columns 67671(-82545); nonzeros 200891(-352260) 
Solving the presolved LP
Using dual simplex solver
  Iteration        Objective     Infeasibilities num(sum)
          0     2.8034970073e+03 Pr: 96(7758.42) 0.2s
      21068     4.4058649002e+08 Pr: 0(0) 0.6s

Performed postsolve
Solving the original LP from the solution after postsolve

Model status        : Optimal
Simplex   iterations: 21068
Objective value     :  4.4058649002e+08
P-D objective error :  3.5850465698e-15
HiGHS run time      :          0.77
GO3_PROGRESS {"epoch_seconds":1.789988072248e9,"event":"reserve_benders_solve_returned","solve_seconds":0.7731590270996094,"pid":17712,"mode":"recourse","stage":"source_reserve_benders","termination":"OPTIMAL","simplex_iterations":21068,"barrier_iterations":0,"has_primal":true,"period":11,"native_status":7,"solve_wall_seconds":0.7739999294281006,"round":1,"remaining_work_seconds":1352.699075460434}
GO3_PROGRESS {"epoch_seconds":1.789988072329e9,"event":"reserve_benders_hour_complete","pid":17712,"mode":"recourse","hours_completed":11,"stage":"source_reserve_benders","hours_required":48,"kind":"cost","period":11,"round":1,"remaining_work_seconds":1352.6180753707886}
Running HiGHS 1.15.1 (git hash: 04024d7): Copyright (c) 2026 under MIT licence terms
Includes third-party software components, see THIRD_PARTY_NOTICES.md for full details
GO3_PROGRESS {"epoch_seconds":1.789988072513e9,"event":"reserve_benders_solve_begin","actual_limit_seconds":30.0,"pid":17712,"period":12,"mode":"recourse","stage":"source_reserve_benders","round":1,"remaining_work_seconds":1352.4340753555298}
LP has 210499 rows; 150226 cols; 553171 nonzeros
Coefficient ranges:
  Matrix  [1e+00, 2e+01]
  Cost    [1e+02, 5e+05]
  Bound   [1e-05, 6e+03]
  RHS     [1e-20, 6e+03]
WARNING: Problem has some excessively small column bounds
WARNING: Problem has some excessively small row bounds
Presolving model
40109 rows, 67632 cols, 209914 nonzeros 0s
36957 rows, 67632 cols, 200458 nonzeros 0s
Presolve reductions: rows 36957(-173542); columns 67632(-82594); nonzeros 200458(-352713) 
Solving the presolved LP
Using dual simplex solver
  Iteration        Objective     Infeasibilities num(sum)
          0     2.6167840009e+03 Pr: 96(7767.03) 0.2s
      21168     4.4186952787e+08 Pr: 0(0) 0.6s

Performed postsolve
Solving the original LP from the solution after postsolve

Model status        : Optimal
Simplex   iterations: 21168
Objective value     :  4.4186952787e+08
P-D objective error :  4.0467586662e-15
HiGHS run time      :          0.77
GO3_PROGRESS {"epoch_seconds":1.789988073283e9,"event":"reserve_benders_solve_returned","solve_seconds":0.767437219619751,"pid":17712,"mode":"recourse","stage":"source_reserve_benders","termination":"OPTIMAL","simplex_iterations":21168,"barrier_iterations":0,"has_primal":true,"period":12,"native_status":7,"solve_wall_seconds":0.7690000534057617,"round":1,"remaining_work_seconds":1351.6640753746033}
GO3_PROGRESS {"epoch_seconds":1.789988073368e9,"event":"reserve_benders_hour_complete","pid":17712,"mode":"recourse","hours_completed":12,"stage":"source_reserve_benders","hours_required":48,"kind":"cost","period":12,"round":1,"remaining_work_seconds":1351.5790753364563}
Running HiGHS 1.15.1 (git hash: 04024d7): Copyright (c) 2026 under MIT licence terms
Includes third-party software components, see THIRD_PARTY_NOTICES.md for full details
GO3_PROGRESS {"epoch_seconds":1.789988073552e9,"event":"reserve_benders_solve_begin","actual_limit_seconds":30.0,"pid":17712,"period":13,"mode":"recourse","stage":"source_reserve_benders","round":1,"remaining_work_seconds":1351.3950753211975}
LP has 210517 rows; 150244 cols; 553207 nonzeros
Coefficient ranges:
  Matrix  [1e+00, 2e+01]
  Cost    [1e+02, 5e+05]
  Bound   [1e-05, 6e+03]
  RHS     [1e-20, 6e+03]
WARNING: Problem has some excessively small column bounds
WARNING: Problem has some excessively small row bounds
Presolving model
40117 rows, 67590 cols, 209706 nonzeros 0s
36915 rows, 67590 cols, 200100 nonzeros 0s
Presolve reductions: rows 36915(-173602); columns 67590(-82654); nonzeros 200100(-353107) 
Solving the presolved LP
Using dual simplex solver
  Iteration        Objective     Infeasibilities num(sum)
          0     1.7685330027e+03 Pr: 96(7725.51) 0.2s
      20835     4.3597049710e+08 Pr: 0(0) 0.6s

Performed postsolve
Solving the original LP from the solution after postsolve

Model status        : Optimal
Simplex   iterations: 20835
Objective value     :  4.3597049710e+08
P-D objective error :  2.8710601914e-15
HiGHS run time      :          0.77
GO3_PROGRESS {"epoch_seconds":1.789988074329e9,"event":"reserve_benders_solve_returned","solve_seconds":0.7739710807800293,"pid":17712,"mode":"recourse","stage":"source_reserve_benders","termination":"OPTIMAL","simplex_iterations":20835,"barrier_iterations":0,"has_primal":true,"period":13,"native_status":7,"solve_wall_seconds":0.7760000228881836,"round":1,"remaining_work_seconds":1350.6180753707886}
GO3_PROGRESS {"epoch_seconds":1.789988074416e9,"event":"reserve_benders_hour_complete","pid":17712,"mode":"recourse","hours_completed":13,"stage":"source_reserve_benders","hours_required":48,"kind":"cost","period":13,"round":1,"remaining_work_seconds":1350.5310754776}
Running HiGHS 1.15.1 (git hash: 04024d7): Copyright (c) 2026 under MIT licence terms
Includes third-party software components, see THIRD_PARTY_NOTICES.md for full details
GO3_PROGRESS {"epoch_seconds":1.789988074598e9,"event":"reserve_benders_solve_begin","actual_limit_seconds":30.0,"pid":17712,"period":14,"mode":"recourse","stage":"source_reserve_benders","round":1,"remaining_work_seconds":1350.3490753173828}
LP has 210505 rows; 150232 cols; 553183 nonzeros
Coefficient ranges:
  Matrix  [1e+00, 2e+01]
  Cost    [1e+02, 5e+05]
  Bound   [1e-05, 6e+03]
  RHS     [1e-20, 6e+03]
WARNING: Problem has some excessively small column bounds
WARNING: Problem has some excessively small row bounds
Presolving model
40113 rows, 67567 cols, 209481 nonzeros 0s
36877 rows, 67567 cols, 199773 nonzeros 0s
Presolve reductions: rows 36877(-173628); columns 67567(-82665); nonzeros 199773(-353410) 
Solving the presolved LP
Using dual simplex solver
  Iteration        Objective     Infeasibilities num(sum)
          0     2.4596300058e+03 Pr: 96(7721.56) 0.2s
      20707     4.3552329140e+08 Pr: 0(0) 0.6s

Performed postsolve
Solving the original LP from the solution after postsolve

Model status        : Optimal
Simplex   iterations: 20707
Objective value     :  4.3552329140e+08
P-D objective error :  3.6951534829e-15
HiGHS run time      :          0.75
GO3_PROGRESS {"epoch_seconds":1.789988075349e9,"event":"reserve_benders_solve_returned","solve_seconds":0.7482306957244873,"pid":17712,"mode":"recourse","stage":"source_reserve_benders","termination":"OPTIMAL","simplex_iterations":20707,"barrier_iterations":0,"has_primal":true,"period":14,"native_status":7,"solve_wall_seconds":0.75,"round":1,"remaining_work_seconds":1349.598075389862}
GO3_PROGRESS {"epoch_seconds":1.78998807544e9,"event":"reserve_benders_hour_complete","pid":17712,"mode":"recourse","hours_completed":14,"stage":"source_reserve_benders","hours_required":48,"kind":"cost","period":14,"round":1,"remaining_work_seconds":1349.5070753097534}
Running HiGHS 1.15.1 (git hash: 04024d7): Copyright (c) 2026 under MIT licence terms
Includes third-party software components, see THIRD_PARTY_NOTICES.md for full details
GO3_PROGRESS {"epoch_seconds":1.789988075622e9,"event":"reserve_benders_solve_begin","actual_limit_seconds":30.0,"pid":17712,"period":15,"mode":"recourse","stage":"source_reserve_benders","round":1,"remaining_work_seconds":1349.3250753879547}
LP has 210517 rows; 150244 cols; 553207 nonzeros
Coefficient ranges:
  Matrix  [1e+00, 2e+01]
  Cost    [1e+02, 5e+05]
  Bound   [1e-05, 6e+03]
  RHS     [1e-20, 6e+03]
WARNING: Problem has some excessively small column bounds
WARNING: Problem has some excessively small row bounds
Presolving model
40128 rows, 67539 cols, 209300 nonzeros 0s
36835 rows, 67539 cols, 199421 nonzeros 0s
Presolve reductions: rows 36835(-173682); columns 67539(-82705); nonzeros 199421(-353786) 
Solving the presolved LP
Using dual simplex solver
  Iteration        Objective     Infeasibilities num(sum)
          0     2.3790930026e+03 Pr: 96(7726.21) 0.2s
      21134     4.3712185890e+08 Pr: 0(0) 0.6s

Performed postsolve
Solving the original LP from the solution after postsolve

Model status        : Optimal
Simplex   iterations: 21134
Objective value     :  4.3712185890e+08
P-D objective error :  2.7271408873e-15
HiGHS run time      :          0.74
GO3_PROGRESS {"epoch_seconds":1.789988076371e9,"event":"reserve_benders_solve_returned","solve_seconds":0.74497389793396,"pid":17712,"mode":"recourse","stage":"source_reserve_benders","termination":"OPTIMAL","simplex_iterations":21134,"barrier_iterations":0,"has_primal":true,"period":15,"native_status":7,"solve_wall_seconds":0.746999979019165,"round":1,"remaining_work_seconds":1348.5760753154755}
GO3_PROGRESS {"epoch_seconds":1.789988076463e9,"event":"reserve_benders_hour_complete","pid":17712,"mode":"recourse","hours_completed":15,"stage":"source_reserve_benders","hours_required":48,"kind":"cost","period":15,"round":1,"remaining_work_seconds":1348.484075307846}
Running HiGHS 1.15.1 (git hash: 04024d7): Copyright (c) 2026 under MIT licence terms
Includes third-party software components, see THIRD_PARTY_NOTICES.md for full details
GO3_PROGRESS {"epoch_seconds":1.789988076646e9,"event":"reserve_benders_solve_begin","actual_limit_seconds":30.0,"pid":17712,"period":16,"mode":"recourse","stage":"source_reserve_benders","round":1,"remaining_work_seconds":1348.3010754585266}
LP has 210529 rows; 150256 cols; 553231 nonzeros
Coefficient ranges:
  Matrix  [1e+00, 2e+01]
  Cost    [1e+02, 5e+05]
  Bound   [1e-05, 6e+03]
  RHS     [1e-20, 6e+03]
WARNING: Problem has some excessively small column bounds
WARNING: Problem has some excessively small row bounds
Presolving model
40128 rows, 67507 cols, 208996 nonzeros 0s
36795 rows, 67507 cols, 198997 nonzeros 0s
Presolve reductions: rows 36795(-173734); columns 67507(-82749); nonzeros 198997(-354234) 
Solving the presolved LP
Using dual simplex solver
  Iteration        Objective     Infeasibilities num(sum)
          0     2.5607870013e+03 Pr: 96(7746.27) 0.2s
      20536     4.4281063548e+08 Pr: 0(0) 0.6s

Performed postsolve
Solving the original LP from the solution after postsolve

Model status        : Optimal
Simplex   iterations: 20536
Objective value     :  4.4281063548e+08
P-D objective error :  2.8267106492e-15
HiGHS run time      :          0.76
GO3_PROGRESS {"epoch_seconds":1.789988077408e9,"event":"reserve_benders_solve_returned","solve_seconds":0.7591228485107422,"pid":17712,"mode":"recourse","stage":"source_reserve_benders","termination":"OPTIMAL","simplex_iterations":20536,"barrier_iterations":0,"has_primal":true,"period":16,"native_status":7,"solve_wall_seconds":0.7609999179840088,"round":1,"remaining_work_seconds":1347.5390753746033}
GO3_PROGRESS {"epoch_seconds":1.789988077495e9,"event":"reserve_benders_hour_complete","pid":17712,"mode":"recourse","hours_completed":16,"stage":"source_reserve_benders","hours_required":48,"kind":"cost","period":16,"round":1,"remaining_work_seconds":1347.4520754814148}
Running HiGHS 1.15.1 (git hash: 04024d7): Copyright (c) 2026 under MIT licence terms
Includes third-party software components, see THIRD_PARTY_NOTICES.md for full details
GO3_PROGRESS {"epoch_seconds":1.789988077678e9,"event":"reserve_benders_solve_begin","actual_limit_seconds":30.0,"pid":17712,"period":17,"mode":"recourse","stage":"source_reserve_benders","round":1,"remaining_work_seconds":1347.2690753936768}
LP has 210545 rows; 150272 cols; 553263 nonzeros
Coefficient ranges:
  Matrix  [1e+00, 2e+01]
  Cost    [1e+02, 5e+05]
  Bound   [1e-05, 6e+03]
  RHS     [1e-20, 6e+03]
WARNING: Problem has some excessively small column bounds
WARNING: Problem has some excessively small row bounds
Presolving model
39756 rows, 67078 cols, 207093 nonzeros 0s
36501 rows, 67078 cols, 197328 nonzeros 0s
Presolve reductions: rows 36501(-174044); columns 67078(-83194); nonzeros 197328(-355935) 
Solving the presolved LP
Using dual simplex solver
  Iteration        Objective     Infeasibilities num(sum)
          0     2.6838480049e+03 Pr: 96(7740.13) 0.2s
      20088     4.4201169047e+08 Pr: 0(0) 0.6s

Performed postsolve
Solving the original LP from the solution after postsolve

Model status        : Optimal
Simplex   iterations: 20088
Objective value     :  4.4201169047e+08
P-D objective error :  2.7643957001e-15
HiGHS run time      :          0.74
GO3_PROGRESS {"epoch_seconds":1.789988078424e9,"event":"reserve_benders_solve_returned","solve_seconds":0.7432858943939209,"pid":17712,"mode":"recourse","stage":"source_reserve_benders","termination":"OPTIMAL","simplex_iterations":20088,"barrier_iterations":0,"has_primal":true,"period":17,"native_status":7,"solve_wall_seconds":0.7450001239776611,"round":1,"remaining_work_seconds":1346.5230753421783}
GO3_PROGRESS {"epoch_seconds":1.789988078512e9,"event":"reserve_benders_hour_complete","pid":17712,"mode":"recourse","hours_completed":17,"stage":"source_reserve_benders","hours_required":48,"kind":"cost","period":17,"round":1,"remaining_work_seconds":1346.4350752830505}
Running HiGHS 1.15.1 (git hash: 04024d7): Copyright (c) 2026 under MIT licence terms
Includes third-party software components, see THIRD_PARTY_NOTICES.md for full details
GO3_PROGRESS {"epoch_seconds":1.789988078693e9,"event":"reserve_benders_solve_begin","actual_limit_seconds":30.0,"pid":17712,"period":18,"mode":"recourse","stage":"source_reserve_benders","round":1,"remaining_work_seconds":1346.2540752887726}
LP has 210543 rows; 150270 cols; 553259 nonzeros
Coefficient ranges:
  Matrix  [1e+00, 2e+01]
  Cost    [1e+02, 5e+05]
  Bound   [1e-05, 6e+03]
  RHS     [1e-20, 6e+03]
WARNING: Problem has some excessively small column bounds
WARNING: Problem has some excessively small row bounds
Presolving model
39752 rows, 67071 cols, 207017 nonzeros 0s
36490 rows, 67071 cols, 197231 nonzeros 0s
Presolve reductions: rows 36490(-174053); columns 67071(-83199); nonzeros 197231(-356028) 
Solving the presolved LP
Using dual simplex solver
  Iteration        Objective     Infeasibilities num(sum)
          0     1.9092750070e+03 Pr: 96(7729.25) 0.2s
      20739     4.4038158652e+08 Pr: 0(0) 0.6s

Performed postsolve
Solving the original LP from the solution after postsolve

Model status        : Optimal
Simplex   iterations: 20739
Objective value     :  4.4038158652e+08
P-D objective error :  2.3009112802e-15
HiGHS run time      :          0.73
GO3_PROGRESS {"epoch_seconds":1.78998807943e9,"event":"reserve_benders_solve_returned","solve_seconds":0.7338578701019287,"pid":17712,"mode":"recourse","stage":"source_reserve_benders","termination":"OPTIMAL","simplex_iterations":20739,"barrier_iterations":0,"has_primal":true,"period":18,"native_status":7,"solve_wall_seconds":0.7360000610351562,"round":1,"remaining_work_seconds":1345.5170753002167}
GO3_PROGRESS {"epoch_seconds":1.789988079525e9,"event":"reserve_benders_hour_complete","pid":17712,"mode":"recourse","hours_completed":18,"stage":"source_reserve_benders","hours_required":48,"kind":"cost","period":18,"round":1,"remaining_work_seconds":1345.4220752716064}
Running HiGHS 1.15.1 (git hash: 04024d7): Copyright (c) 2026 under MIT licence terms
Includes third-party software components, see THIRD_PARTY_NOTICES.md for full details
GO3_PROGRESS {"epoch_seconds":1.789988079703e9,"event":"reserve_benders_solve_begin","actual_limit_seconds":30.0,"pid":17712,"period":19,"mode":"recourse","stage":"source_reserve_benders","round":1,"remaining_work_seconds":1345.2440752983093}
LP has 210533 rows; 150260 cols; 553239 nonzeros
Coefficient ranges:
  Matrix  [1e+00, 2e+01]
  Cost    [1e+02, 5e+05]
  Bound   [1e-05, 6e+03]
  RHS     [1e-20, 6e+03]
WARNING: Problem has some excessively small column bounds
WARNING: Problem has some excessively small row bounds
Presolving model
39765 rows, 67074 cols, 207073 nonzeros 0s
36504 rows, 67074 cols, 197290 nonzeros 0s
Presolve reductions: rows 36504(-174029); columns 67074(-83186); nonzeros 197290(-355949) 
Solving the presolved LP
Using dual simplex solver
  Iteration        Objective     Infeasibilities num(sum)
          0     2.0862459991e+03 Pr: 96(7713.48) 0.2s
      20676     4.3778560343e+08 Pr: 0(0) 0.6s

Performed postsolve
Solving the original LP from the solution after postsolve

Model status        : Optimal
Simplex   iterations: 20676
Objective value     :  4.3778560343e+08
P-D objective error :  3.3356825439e-15
HiGHS run time      :          0.75
GO3_PROGRESS {"epoch_seconds":1.789988080452e9,"event":"reserve_benders_solve_returned","solve_seconds":0.7464687824249268,"pid":17712,"mode":"recourse","stage":"source_reserve_benders","termination":"OPTIMAL","simplex_iterations":20676,"barrier_iterations":0,"has_primal":true,"period":19,"native_status":7,"solve_wall_seconds":0.746999979019165,"round":1,"remaining_work_seconds":1344.4950754642487}
GO3_PROGRESS {"epoch_seconds":1.789988080547e9,"event":"reserve_benders_hour_complete","pid":17712,"mode":"recourse","hours_completed":19,"stage":"source_reserve_benders","hours_required":48,"kind":"cost","period":19,"round":1,"remaining_work_seconds":1344.4000754356384}
Running HiGHS 1.15.1 (git hash: 04024d7): Copyright (c) 2026 under MIT licence terms
Includes third-party software components, see THIRD_PARTY_NOTICES.md for full details
GO3_PROGRESS {"epoch_seconds":1.78998808073e9,"event":"reserve_benders_solve_begin","actual_limit_seconds":30.0,"pid":17712,"period":20,"mode":"recourse","stage":"source_reserve_benders","round":1,"remaining_work_seconds":1344.2170753479004}
LP has 210531 rows; 150258 cols; 553235 nonzeros
Coefficient ranges:
  Matrix  [1e+00, 2e+01]
  Cost    [1e+02, 5e+05]
  Bound   [1e-05, 6e+03]
  RHS     [1e-20, 6e+03]
WARNING: Problem has some excessively small column bounds
WARNING: Problem has some excessively small row bounds
Presolving model
39841 rows, 67130 cols, 207433 nonzeros 0s
36580 rows, 67130 cols, 197650 nonzeros 0s
Presolve reductions: rows 36580(-173951); columns 67130(-83128); nonzeros 197650(-355585) 
Solving the presolved LP
Using dual simplex solver
  Iteration        Objective     Infeasibilities num(sum)
          0     2.6087010041e+03 Pr: 96(7708.48) 0.2s
      20579     4.3834429618e+08 Pr: 0(0) 0.6s

Performed postsolve
Solving the original LP from the solution after postsolve

Model status        : Optimal
Simplex   iterations: 20579
Objective value     :  4.3834429618e+08
P-D objective error :  3.6033845963e-15
HiGHS run time      :          0.75
GO3_PROGRESS {"epoch_seconds":1.789988081486e9,"event":"reserve_benders_solve_returned","solve_seconds":0.752816915512085,"pid":17712,"mode":"recourse","stage":"source_reserve_benders","termination":"OPTIMAL","simplex_iterations":20579,"barrier_iterations":0,"has_primal":true,"period":20,"native_status":7,"solve_wall_seconds":0.755000114440918,"round":1,"remaining_work_seconds":1343.4610753059387}
GO3_PROGRESS {"epoch_seconds":1.789988081569e9,"event":"reserve_benders_hour_complete","pid":17712,"mode":"recourse","hours_completed":20,"stage":"source_reserve_benders","hours_required":48,"kind":"cost","period":20,"round":1,"remaining_work_seconds":1343.3780753612518}
Running HiGHS 1.15.1 (git hash: 04024d7): Copyright (c) 2026 under MIT licence terms
Includes third-party software components, see THIRD_PARTY_NOTICES.md for full details
GO3_PROGRESS {"epoch_seconds":1.789988081752e9,"event":"reserve_benders_solve_begin","actual_limit_seconds":30.0,"pid":17712,"period":21,"mode":"recourse","stage":"source_reserve_benders","round":1,"remaining_work_seconds":1343.1950752735138}
LP has 210513 rows; 150240 cols; 553199 nonzeros
Coefficient ranges:
  Matrix  [1e+00, 2e+01]
  Cost    [1e+02, 5e+05]
  Bound   [1e-05, 6e+03]
  RHS     [1e-20, 6e+03]
WARNING: Problem has some excessively small column bounds
WARNING: Problem has some excessively small row bounds
Presolving model
40165 rows, 67554 cols, 209409 nonzeros 0s
36872 rows, 67554 cols, 199530 nonzeros 0s
Presolve reductions: rows 36872(-173641); columns 67554(-82686); nonzeros 199530(-353669) 
Solving the presolved LP
Using dual simplex solver
  Iteration        Objective     Infeasibilities num(sum)
          0     2.1950949997e+03 Pr: 96(7655.52) 0.2s
      21244     4.2619480701e+08 Pr: 0(0) 0.6s

Performed postsolve
Solving the original LP from the solution after postsolve

Model status        : Optimal
Simplex   iterations: 21244
Objective value     :  4.2619480701e+08
P-D objective error :  2.8669875755e-15
HiGHS run time      :          0.75
GO3_PROGRESS {"epoch_seconds":1.789988082502e9,"event":"reserve_benders_solve_returned","solve_seconds":0.7479238510131836,"pid":17712,"mode":"recourse","stage":"source_reserve_benders","termination":"OPTIMAL","simplex_iterations":21244,"barrier_iterations":0,"has_primal":true,"period":21,"native_status":7,"solve_wall_seconds":0.749000072479248,"round":1,"remaining_work_seconds":1342.4450752735138}
GO3_PROGRESS {"epoch_seconds":1.789988082592e9,"event":"reserve_benders_hour_complete","pid":17712,"mode":"recourse","hours_completed":21,"stage":"source_reserve_benders","hours_required":48,"kind":"cost","period":21,"round":1,"remaining_work_seconds":1342.3550753593445}
Running HiGHS 1.15.1 (git hash: 04024d7): Copyright (c) 2026 under MIT licence terms
Includes third-party software components, see THIRD_PARTY_NOTICES.md for full details
GO3_PROGRESS {"epoch_seconds":1.789988082775e9,"event":"reserve_benders_solve_begin","actual_limit_seconds":30.0,"pid":17712,"period":22,"mode":"recourse","stage":"source_reserve_benders","round":1,"remaining_work_seconds":1342.1720752716064}
LP has 210509 rows; 150236 cols; 553191 nonzeros
Coefficient ranges:
  Matrix  [1e+00, 2e+01]
  Cost    [1e+02, 5e+05]
  Bound   [1e-05, 6e+03]
  RHS     [1e-20, 6e+03]
WARNING: Problem has some excessively small column bounds
WARNING: Problem has some excessively small row bounds
Presolving model
40143 rows, 67578 cols, 209696 nonzeros 0s
36927 rows, 67578 cols, 200048 nonzeros 0s
Presolve reductions: rows 36927(-173582); columns 67578(-82658); nonzeros 200048(-353143) 
Solving the presolved LP
Using dual simplex solver
  Iteration        Objective     Infeasibilities num(sum)
          0     2.7719989976e+03 Pr: 96(7632.82) 0.2s
      20851     4.2195037264e+08 Pr: 0(0) 0.6s

Performed postsolve
Solving the original LP from the solution after postsolve

Model status        : Optimal
Simplex   iterations: 20851
Objective value     :  4.2195037264e+08
P-D objective error :  3.1783465375e-15
HiGHS run time      :          0.77
GO3_PROGRESS {"epoch_seconds":1.789988083546e9,"event":"reserve_benders_solve_returned","solve_seconds":0.7681169509887695,"pid":17712,"mode":"recourse","stage":"source_reserve_benders","termination":"OPTIMAL","simplex_iterations":20851,"barrier_iterations":0,"has_primal":true,"period":22,"native_status":7,"solve_wall_seconds":0.7690000534057617,"round":1,"remaining_work_seconds":1341.4010753631592}
GO3_PROGRESS {"epoch_seconds":1.789988083643e9,"event":"reserve_benders_hour_complete","pid":17712,"mode":"recourse","hours_completed":22,"stage":"source_reserve_benders","hours_required":48,"kind":"cost","period":22,"round":1,"remaining_work_seconds":1341.3040754795074}
Running HiGHS 1.15.1 (git hash: 04024d7): Copyright (c) 2026 under MIT licence terms
Includes third-party software components, see THIRD_PARTY_NOTICES.md for full details
GO3_PROGRESS {"epoch_seconds":1.789988083826e9,"event":"reserve_benders_solve_begin","actual_limit_seconds":30.0,"pid":17712,"period":23,"mode":"recourse","stage":"source_reserve_benders","round":1,"remaining_work_seconds":1341.1210753917694}
LP has 210503 rows; 150230 cols; 553179 nonzeros
Coefficient ranges:
  Matrix  [1e+00, 2e+01]
  Cost    [1e+02, 5e+05]
  Bound   [1e-05, 6e+03]
  RHS     [1e-20, 6e+03]
WARNING: Problem has some excessively small column bounds
WARNING: Problem has some excessively small row bounds
Presolving model
40047 rows, 67642 cols, 209927 nonzeros 0s
36960 rows, 67642 cols, 200666 nonzeros 0s
Presolve reductions: rows 36960(-173543); columns 67642(-82588); nonzeros 200666(-352513) 
Solving the presolved LP
Using dual simplex solver
  Iteration        Objective     Infeasibilities num(sum)
          0     2.3931110074e+03 Pr: 96(7661.21) 0.2s
      20908     4.2600884450e+08 Pr: 0(0) 0.6s

Performed postsolve
Solving the original LP from the solution after postsolve

Model status        : Optimal
Simplex   iterations: 20908
Objective value     :  4.2600884450e+08
P-D objective error :  3.9175948418e-15
HiGHS run time      :          0.74
GO3_PROGRESS {"epoch_seconds":1.789988084565e9,"event":"reserve_benders_solve_returned","solve_seconds":0.7361478805541992,"pid":17712,"mode":"recourse","stage":"source_reserve_benders","termination":"OPTIMAL","simplex_iterations":20908,"barrier_iterations":0,"has_primal":true,"period":23,"native_status":7,"solve_wall_seconds":0.7369999885559082,"round":1,"remaining_work_seconds":1340.3820753097534}
GO3_PROGRESS {"epoch_seconds":1.78998808466e9,"event":"reserve_benders_hour_complete","pid":17712,"mode":"recourse","hours_completed":23,"stage":"source_reserve_benders","hours_required":48,"kind":"cost","period":23,"round":1,"remaining_work_seconds":1340.2870752811432}
Running HiGHS 1.15.1 (git hash: 04024d7): Copyright (c) 2026 under MIT licence terms
Includes third-party software components, see THIRD_PARTY_NOTICES.md for full details
GO3_PROGRESS {"epoch_seconds":1.789988084843e9,"event":"reserve_benders_solve_begin","actual_limit_seconds":30.0,"pid":17712,"period":24,"mode":"recourse","stage":"source_reserve_benders","round":1,"remaining_work_seconds":1340.1040754318237}
LP has 210471 rows; 150198 cols; 553115 nonzeros
Coefficient ranges:
  Matrix  [1e+00, 2e+01]
  Cost    [1e+02, 5e+05]
  Bound   [1e-05, 6e+03]
  RHS     [1e-20, 6e+03]
WARNING: Problem has some excessively small column bounds
WARNING: Problem has some excessively small row bounds
Presolving model
40127 rows, 68105 cols, 211483 nonzeros 0s
37167 rows, 68105 cols, 202603 nonzeros 0s
Presolve reductions: rows 37167(-173304); columns 68105(-82093); nonzeros 202603(-350512) 
Solving the presolved LP
Using dual simplex solver
  Iteration        Objective     Infeasibilities num(sum)
          0     2.2527829964e+03 Pr: 96(7684.71) 0.2s
      20776     4.2998596403e+08 Pr: 0(0) 0.6s

Performed postsolve
Solving the original LP from the solution after postsolve

Model status        : Optimal
Simplex   iterations: 20776
Objective value     :  4.2998596403e+08
P-D objective error :  2.3565396194e-15
HiGHS run time      :          0.76
GO3_PROGRESS {"epoch_seconds":1.789988085608e9,"event":"reserve_benders_solve_returned","solve_seconds":0.7604749202728271,"pid":17712,"mode":"recourse","stage":"source_reserve_benders","termination":"OPTIMAL","simplex_iterations":20776,"barrier_iterations":0,"has_primal":true,"period":24,"native_status":7,"solve_wall_seconds":0.7630000114440918,"round":1,"remaining_work_seconds":1339.3390753269196}
GO3_PROGRESS {"epoch_seconds":1.789988085696e9,"event":"reserve_benders_hour_complete","pid":17712,"mode":"recourse","hours_completed":24,"stage":"source_reserve_benders","hours_required":48,"kind":"cost","period":24,"round":1,"remaining_work_seconds":1339.2510752677917}
Running HiGHS 1.15.1 (git hash: 04024d7): Copyright (c) 2026 under MIT licence terms
Includes third-party software components, see THIRD_PARTY_NOTICES.md for full details
GO3_PROGRESS {"epoch_seconds":1.789988085878e9,"event":"reserve_benders_solve_begin","actual_limit_seconds":30.0,"pid":17712,"period":25,"mode":"recourse","stage":"source_reserve_benders","round":1,"remaining_work_seconds":1339.069075345993}
LP has 210451 rows; 150178 cols; 553075 nonzeros
Coefficient ranges:
  Matrix  [1e+00, 2e+01]
  Cost    [1e+02, 5e+05]
  Bound   [1e-05, 6e+03]
  RHS     [1e-20, 6e+03]
WARNING: Problem has some excessively small column bounds
WARNING: Problem has some excessively small row bounds
Presolving model
40277 rows, 68590 cols, 213301 nonzeros 0s
37416 rows, 68590 cols, 204718 nonzeros 0s
Presolve reductions: rows 37416(-173035); columns 68590(-81588); nonzeros 204718(-348357) 
Solving the presolved LP
Using dual simplex solver
  Iteration        Objective     Infeasibilities num(sum)
          0     2.0389330150e+03 Pr: 96(7702.1) 0.2s
      21279     4.3092213770e+08 Pr: 0(0) 0.6s

Performed postsolve
Solving the original LP from the solution after postsolve

Model status        : Optimal
Simplex   iterations: 21279
Objective value     :  4.3092213770e+08
P-D objective error :  2.2822606490e-15
HiGHS run time      :          0.76
GO3_PROGRESS {"epoch_seconds":1.789988086642e9,"event":"reserve_benders_solve_returned","solve_seconds":0.7605741024017334,"pid":17712,"mode":"recourse","stage":"source_reserve_benders","termination":"OPTIMAL","simplex_iterations":21279,"barrier_iterations":0,"has_primal":true,"period":25,"native_status":7,"solve_wall_seconds":0.7620000839233398,"round":1,"remaining_work_seconds":1338.3050754070282}
GO3_PROGRESS {"epoch_seconds":1.789988086725e9,"event":"reserve_benders_hour_complete","pid":17712,"mode":"recourse","hours_completed":25,"stage":"source_reserve_benders","hours_required":48,"kind":"cost","period":25,"round":1,"remaining_work_seconds":1338.2220754623413}
Running HiGHS 1.15.1 (git hash: 04024d7): Copyright (c) 2026 under MIT licence terms
Includes third-party software components, see THIRD_PARTY_NOTICES.md for full details
GO3_PROGRESS {"epoch_seconds":1.789988086907e9,"event":"reserve_benders_solve_begin","actual_limit_seconds":30.0,"pid":17712,"period":26,"mode":"recourse","stage":"source_reserve_benders","round":1,"remaining_work_seconds":1338.040075302124}
LP has 210435 rows; 150162 cols; 553043 nonzeros
Coefficient ranges:
  Matrix  [1e+00, 2e+01]
  Cost    [1e+02, 5e+05]
  Bound   [1e-05, 6e+03]
  RHS     [1e-20, 6e+03]
WARNING: Problem has some excessively small column bounds
WARNING: Problem has some excessively small row bounds
Presolving model
40418 rows, 68888 cols, 214762 nonzeros 0s
37572 rows, 68888 cols, 206224 nonzeros 0s
Presolve reductions: rows 37572(-172863); columns 68888(-81274); nonzeros 206224(-346819) 
Solving the presolved LP
Using dual simplex solver
  Iteration        Objective     Infeasibilities num(sum)
          0     2.2682350079e+03 Pr: 96(7735.08) 0.2s
      21188     4.3555232072e+08 Pr: 0(0) 0.6s

Performed postsolve
Solving the original LP from the solution after postsolve

Model status        : Optimal
Simplex   iterations: 21188
Objective value     :  4.3555232072e+08
P-D objective error :  2.7369682985e-15
HiGHS run time      :          0.76
GO3_PROGRESS {"epoch_seconds":1.789988087667e9,"event":"reserve_benders_solve_returned","solve_seconds":0.7577590942382812,"pid":17712,"mode":"recourse","stage":"source_reserve_benders","termination":"OPTIMAL","simplex_iterations":21188,"barrier_iterations":0,"has_primal":true,"period":26,"native_status":7,"solve_wall_seconds":0.7590000629425049,"round":1,"remaining_work_seconds":1337.2800753116608}
GO3_PROGRESS {"epoch_seconds":1.789988087763e9,"event":"reserve_benders_hour_complete","pid":17712,"mode":"recourse","hours_completed":26,"stage":"source_reserve_benders","hours_required":48,"kind":"cost","period":26,"round":1,"remaining_work_seconds":1337.1840753555298}
Running HiGHS 1.15.1 (git hash: 04024d7): Copyright (c) 2026 under MIT licence terms
Includes third-party software components, see THIRD_PARTY_NOTICES.md for full details
GO3_PROGRESS {"epoch_seconds":1.789988087954e9,"event":"reserve_benders_solve_begin","actual_limit_seconds":30.0,"pid":17712,"period":27,"mode":"recourse","stage":"source_reserve_benders","round":1,"remaining_work_seconds":1336.9930753707886}
LP has 210411 rows; 150138 cols; 552995 nonzeros
Coefficient ranges:
  Matrix  [1e+00, 2e+01]
  Cost    [1e+02, 5e+05]
  Bound   [1e-05, 6e+03]
  RHS     [1e-20, 6e+03]
WARNING: Problem has some excessively small column bounds
WARNING: Problem has some excessively small row bounds
Presolving model
40433 rows, 69001 cols, 215309 nonzeros 0s
37675 rows, 69001 cols, 207035 nonzeros 0s
Presolve reductions: rows 37675(-172736); columns 69001(-81137); nonzeros 207035(-345960) 
Solving the presolved LP
Using dual simplex solver
  Iteration        Objective     Infeasibilities num(sum)
          0     1.9311920032e+03 Pr: 96(7760.85) 0.2s
      21003     4.3875314114e+08 Pr: 0(0) 0.6s

Performed postsolve
Solving the original LP from the solution after postsolve

Model status        : Optimal
Simplex   iterations: 21003
Objective value     :  4.3875314114e+08
P-D objective error :  2.9887015285e-15
HiGHS run time      :          0.75
GO3_PROGRESS {"epoch_seconds":1.78998808871e9,"event":"reserve_benders_solve_returned","solve_seconds":0.7513360977172852,"pid":17712,"mode":"recourse","stage":"source_reserve_benders","termination":"OPTIMAL","simplex_iterations":21003,"barrier_iterations":0,"has_primal":true,"period":27,"native_status":7,"solve_wall_seconds":0.7539999485015869,"round":1,"remaining_work_seconds":1336.237075328827}
GO3_PROGRESS {"epoch_seconds":1.789988088804e9,"event":"reserve_benders_hour_complete","pid":17712,"mode":"recourse","hours_completed":27,"stage":"source_reserve_benders","hours_required":48,"kind":"cost","period":27,"round":1,"remaining_work_seconds":1336.143075466156}
Running HiGHS 1.15.1 (git hash: 04024d7): Copyright (c) 2026 under MIT licence terms
Includes third-party software components, see THIRD_PARTY_NOTICES.md for full details
GO3_PROGRESS {"epoch_seconds":1.789988088994e9,"event":"reserve_benders_solve_begin","actual_limit_seconds":30.0,"pid":17712,"period":28,"mode":"recourse","stage":"source_reserve_benders","round":1,"remaining_work_seconds":1335.9530754089355}
LP has 210401 rows; 150128 cols; 552975 nonzeros
Coefficient ranges:
  Matrix  [1e+00, 2e+01]
  Cost    [1e+02, 5e+05]
  Bound   [1e-05, 6e+03]
  RHS     [3e-20, 6e+03]
WARNING: Problem has some excessively small column bounds
WARNING: Problem has some excessively small row bounds
Presolving model
40453 rows, 68992 cols, 215512 nonzeros 0s
37719 rows, 68992 cols, 207310 nonzeros 0s
Presolve reductions: rows 37719(-172682); columns 68992(-81136); nonzeros 207310(-345665) 
Solving the presolved LP
Using dual simplex solver
  Iteration        Objective     Infeasibilities num(sum)
          0     1.9156130009e+03 Pr: 96(7764.72) 0.2s
      20848     4.3891119509e+08 Pr: 0(0) 0.6s

Performed postsolve
Solving the original LP from the solution after postsolve

Model status        : Optimal
Simplex   iterations: 20848
Objective value     :  4.3891119509e+08
P-D objective error :  2.3086195371e-15
HiGHS run time      :          0.76
GO3_PROGRESS {"epoch_seconds":1.789988089754e9,"event":"reserve_benders_solve_returned","solve_seconds":0.758864164352417,"pid":17712,"mode":"recourse","stage":"source_reserve_benders","termination":"OPTIMAL","simplex_iterations":20848,"barrier_iterations":0,"has_primal":true,"period":28,"native_status":7,"solve_wall_seconds":0.7590000629425049,"round":1,"remaining_work_seconds":1335.1930754184723}
GO3_PROGRESS {"epoch_seconds":1.789988089847e9,"event":"reserve_benders_hour_complete","pid":17712,"mode":"recourse","hours_completed":28,"stage":"source_reserve_benders","hours_required":48,"kind":"cost","period":28,"round":1,"remaining_work_seconds":1335.1000754833221}
Running HiGHS 1.15.1 (git hash: 04024d7): Copyright (c) 2026 under MIT licence terms
Includes third-party software components, see THIRD_PARTY_NOTICES.md for full details
GO3_PROGRESS {"epoch_seconds":1.789988090035e9,"event":"reserve_benders_solve_begin","actual_limit_seconds":30.0,"pid":17712,"period":29,"mode":"recourse","stage":"source_reserve_benders","round":1,"remaining_work_seconds":1334.9120752811432}
LP has 210399 rows; 150126 cols; 552971 nonzeros
Coefficient ranges:
  Matrix  [1e+00, 2e+01]
  Cost    [1e+02, 5e+05]
  Bound   [1e-05, 6e+03]
  RHS     [3e-20, 6e+03]
WARNING: Problem has some excessively small column bounds
WARNING: Problem has some excessively small row bounds
Presolving model
40432 rows, 68949 cols, 215370 nonzeros 0s
37687 rows, 68949 cols, 207135 nonzeros 0s
Presolve reductions: rows 37687(-172712); columns 68949(-81177); nonzeros 207135(-345836) 
Solving the presolved LP
Using dual simplex solver
  Iteration        Objective     Infeasibilities num(sum)
          0     2.1304190042e+03 Pr: 96(7773.12) 0.2s
      20889     4.4013182254e+08 Pr: 0(0) 0.6s

Performed postsolve
Solving the original LP from the solution after postsolve

Model status        : Optimal
Simplex   iterations: 20889
Objective value     :  4.4013182254e+08
P-D objective error :  2.9793396351e-15
HiGHS run time      :          0.78
GO3_PROGRESS {"epoch_seconds":1.789988090817e9,"event":"reserve_benders_solve_returned","solve_seconds":0.779184103012085,"pid":17712,"mode":"recourse","stage":"source_reserve_benders","termination":"OPTIMAL","simplex_iterations":20889,"barrier_iterations":0,"has_primal":true,"period":29,"native_status":7,"solve_wall_seconds":0.7809998989105225,"round":1,"remaining_work_seconds":1334.130075454712}
GO3_PROGRESS {"epoch_seconds":1.789988090902e9,"event":"reserve_benders_hour_complete","pid":17712,"mode":"recourse","hours_completed":29,"stage":"source_reserve_benders","hours_required":48,"kind":"cost","period":29,"round":1,"remaining_work_seconds":1334.045075416565}
Running HiGHS 1.15.1 (git hash: 04024d7): Copyright (c) 2026 under MIT licence terms
Includes third-party software components, see THIRD_PARTY_NOTICES.md for full details
GO3_PROGRESS {"epoch_seconds":1.789988091085e9,"event":"reserve_benders_solve_begin","actual_limit_seconds":30.0,"pid":17712,"period":30,"mode":"recourse","stage":"source_reserve_benders","round":1,"remaining_work_seconds":1333.862075328827}
LP has 210407 rows; 150134 cols; 552987 nonzeros
Coefficient ranges:
  Matrix  [1e+00, 2e+01]
  Cost    [1e+02, 5e+05]
  Bound   [1e-05, 6e+03]
  RHS     [1e-20, 6e+03]
WARNING: Problem has some excessively small column bounds
WARNING: Problem has some excessively small row bounds
Presolving model
40403 rows, 68991 cols, 215222 nonzeros 0s
37646 rows, 68991 cols, 206951 nonzeros 0s
Presolve reductions: rows 37646(-172761); columns 68991(-81143); nonzeros 206951(-346036) 
Solving the presolved LP
Using dual simplex solver
  Iteration        Objective     Infeasibilities num(sum)
          0     2.1898680050e+03 Pr: 96(7780.83) 0.2s
      20779     4.4159142091e+08 Pr: 0(0) 0.6s

Performed postsolve
Solving the original LP from the solution after postsolve

Model status        : Optimal
Simplex   iterations: 20779
Objective value     :  4.4159142091e+08
P-D objective error :  3.0369804358e-15
HiGHS run time      :          0.74
GO3_PROGRESS {"epoch_seconds":1.789988091826e9,"event":"reserve_benders_solve_returned","solve_seconds":0.7377941608428955,"pid":17712,"mode":"recourse","stage":"source_reserve_benders","termination":"OPTIMAL","simplex_iterations":20779,"barrier_iterations":0,"has_primal":true,"period":30,"native_status":7,"solve_wall_seconds":0.7400000095367432,"round":1,"remaining_work_seconds":1333.1210753917694}
GO3_PROGRESS {"epoch_seconds":1.789988091925e9,"event":"reserve_benders_hour_complete","pid":17712,"mode":"recourse","hours_completed":30,"stage":"source_reserve_benders","hours_required":48,"kind":"cost","period":30,"round":1,"remaining_work_seconds":1333.0220754146576}
Running HiGHS 1.15.1 (git hash: 04024d7): Copyright (c) 2026 under MIT licence terms
Includes third-party software components, see THIRD_PARTY_NOTICES.md for full details
GO3_PROGRESS {"epoch_seconds":1.789988092108e9,"event":"reserve_benders_solve_begin","actual_limit_seconds":30.0,"pid":17712,"period":31,"mode":"recourse","stage":"source_reserve_benders","round":1,"remaining_work_seconds":1332.8390753269196}
LP has 210429 rows; 150156 cols; 553031 nonzeros
Coefficient ranges:
  Matrix  [1e+00, 2e+01]
  Cost    [1e+02, 5e+05]
  Bound   [1e-05, 6e+03]
  RHS     [1e-20, 6e+03]
WARNING: Problem has some excessively small column bounds
WARNING: Problem has some excessively small row bounds
Presolving model
40388 rows, 69001 cols, 214906 nonzeros 0s
37567 rows, 69001 cols, 206443 nonzeros 0s
Presolve reductions: rows 37567(-172862); columns 69001(-81155); nonzeros 206443(-346588) 
Solving the presolved LP
Using dual simplex solver
  Iteration        Objective     Infeasibilities num(sum)
          0     2.3794909936e+03 Pr: 96(7785.39) 0.2s
      21198     4.4298618026e+08 Pr: 0(0) 0.6s

Performed postsolve
Solving the original LP from the solution after postsolve

Model status        : Optimal
Simplex   iterations: 21198
Objective value     :  4.4298618025e+08
P-D objective error :  2.4892106712e-15
HiGHS run time      :          0.71
GO3_PROGRESS {"epoch_seconds":1.789988092823e9,"event":"reserve_benders_solve_returned","solve_seconds":0.7128100395202637,"pid":17712,"mode":"recourse","stage":"source_reserve_benders","termination":"OPTIMAL","simplex_iterations":21198,"barrier_iterations":0,"has_primal":true,"period":31,"native_status":7,"solve_wall_seconds":0.7139999866485596,"round":1,"remaining_work_seconds":1332.1240754127502}
GO3_PROGRESS {"epoch_seconds":1.789988092917e9,"event":"reserve_benders_hour_complete","pid":17712,"mode":"recourse","hours_completed":31,"stage":"source_reserve_benders","hours_required":48,"kind":"cost","period":31,"round":1,"remaining_work_seconds":1332.0300753116608}
Running HiGHS 1.15.1 (git hash: 04024d7): Copyright (c) 2026 under MIT licence terms
Includes third-party software components, see THIRD_PARTY_NOTICES.md for full details
GO3_PROGRESS {"epoch_seconds":1.789988093097e9,"event":"reserve_benders_solve_begin","actual_limit_seconds":30.0,"pid":17712,"period":32,"mode":"recourse","stage":"source_reserve_benders","round":1,"remaining_work_seconds":1331.8500754833221}
LP has 210451 rows; 150178 cols; 553075 nonzeros
Coefficient ranges:
  Matrix  [1e+00, 2e+01]
  Cost    [1e+02, 5e+05]
  Bound   [1e-05, 6e+03]
  RHS     [1e-20, 6e+03]
WARNING: Problem has some excessively small column bounds
WARNING: Problem has some excessively small row bounds
Presolving model
40270 rows, 68685 cols, 213474 nonzeros 0s
37425 rows, 68685 cols, 204939 nonzeros 0s
Presolve reductions: rows 37425(-173026); columns 68685(-81493); nonzeros 204939(-348136) 
Solving the presolved LP
Using dual simplex solver
  Iteration        Objective     Infeasibilities num(sum)
          0     2.2572110208e+03 Pr: 96(7782.14) 0.2s
      21200     4.4249209131e+08 Pr: 0(0) 0.6s

Performed postsolve
Solving the original LP from the solution after postsolve

Model status        : Optimal
Simplex   iterations: 21200
Objective value     :  4.4249209130e+08
P-D objective error :  2.7613944758e-15
HiGHS run time      :          0.76
GO3_PROGRESS {"epoch_seconds":1.789988093858e9,"event":"reserve_benders_solve_returned","solve_seconds":0.7567620277404785,"pid":17712,"mode":"recourse","stage":"source_reserve_benders","termination":"OPTIMAL","simplex_iterations":21200,"barrier_iterations":0,"has_primal":true,"period":32,"native_status":7,"solve_wall_seconds":0.7590000629425049,"round":1,"remaining_work_seconds":1331.0890753269196}
GO3_PROGRESS {"epoch_seconds":1.789988093949e9,"event":"reserve_benders_hour_complete","pid":17712,"mode":"recourse","hours_completed":32,"stage":"source_reserve_benders","hours_required":48,"kind":"cost","period":32,"round":1,"remaining_work_seconds":1330.9980754852295}
Running HiGHS 1.15.1 (git hash: 04024d7): Copyright (c) 2026 under MIT licence terms
Includes third-party software components, see THIRD_PARTY_NOTICES.md for full details
GO3_PROGRESS {"epoch_seconds":1.789988094141e9,"event":"reserve_benders_solve_begin","actual_limit_seconds":30.0,"pid":17712,"period":33,"mode":"recourse","stage":"source_reserve_benders","round":1,"remaining_work_seconds":1330.806075334549}
LP has 210463 rows; 150190 cols; 553099 nonzeros
Coefficient ranges:
  Matrix  [1e+00, 2e+01]
  Cost    [1e+02, 5e+05]
  Bound   [1e-05, 6e+03]
  RHS     [1e-20, 6e+03]
WARNING: Problem has some excessively small column bounds
WARNING: Problem has some excessively small row bounds
Presolving model
40116 rows, 68133 cols, 211544 nonzeros 0s
37181 rows, 68133 cols, 202739 nonzeros 0s
Presolve reductions: rows 37181(-173282); columns 68133(-82057); nonzeros 202739(-350360) 
Solving the presolved LP
Using dual simplex solver
  Iteration        Objective     Infeasibilities num(sum)
          0     2.0486970010e+03 Pr: 96(7800.74) 0.2s
      20943     4.4709667530e+08 Pr: 0(0) 0.6s

Performed postsolve
Solving the original LP from the solution after postsolve

Model status        : Optimal
Simplex   iterations: 20943
Objective value     :  4.4709667530e+08
P-D objective error :  3.3328722847e-15
HiGHS run time      :          0.76
GO3_PROGRESS {"epoch_seconds":1.789988094904e9,"event":"reserve_benders_solve_returned","solve_seconds":0.7602269649505615,"pid":17712,"mode":"recourse","stage":"source_reserve_benders","termination":"OPTIMAL","simplex_iterations":20943,"barrier_iterations":0,"has_primal":true,"period":33,"native_status":7,"solve_wall_seconds":0.7620000839233398,"round":1,"remaining_work_seconds":1330.0430753231049}
GO3_PROGRESS {"epoch_seconds":1.789988094997e9,"event":"reserve_benders_hour_complete","pid":17712,"mode":"recourse","hours_completed":33,"stage":"source_reserve_benders","hours_required":48,"kind":"cost","period":33,"round":1,"remaining_work_seconds":1329.9500753879547}
Running HiGHS 1.15.1 (git hash: 04024d7): Copyright (c) 2026 under MIT licence terms
Includes third-party software components, see THIRD_PARTY_NOTICES.md for full details
GO3_PROGRESS {"epoch_seconds":1.789988095179e9,"event":"reserve_benders_solve_begin","actual_limit_seconds":30.0,"pid":17712,"period":34,"mode":"recourse","stage":"source_reserve_benders","round":1,"remaining_work_seconds":1329.768075466156}
LP has 210481 rows; 150208 cols; 553135 nonzeros
Coefficient ranges:
  Matrix  [1e+00, 2e+01]
  Cost    [1e+02, 5e+05]
  Bound   [1e-05, 6e+03]
  RHS     [1e-20, 6e+03]
WARNING: Problem has some excessively small column bounds
WARNING: Problem has some excessively small row bounds
Presolving model
40078 rows, 67735 cols, 210307 nonzeros 0s
37018 rows, 67735 cols, 201127 nonzeros 0s
Presolve reductions: rows 37018(-173463); columns 67735(-82473); nonzeros 201127(-352008) 
Solving the presolved LP
Using dual simplex solver
  Iteration        Objective     Infeasibilities num(sum)
          0     2.5155569977e+03 Pr: 96(7787.45) 0.2s
      20904     4.4466415731e+08 Pr: 0(0) 0.6s

Performed postsolve
Solving the original LP from the solution after postsolve

Model status        : Optimal
Simplex   iterations: 20904
Objective value     :  4.4466415731e+08
P-D objective error :  3.0159941698e-15
HiGHS run time      :          0.74
GO3_PROGRESS {"epoch_seconds":1.789988095921e9,"event":"reserve_benders_solve_returned","solve_seconds":0.739084005355835,"pid":17712,"mode":"recourse","stage":"source_reserve_benders","termination":"OPTIMAL","simplex_iterations":20904,"barrier_iterations":0,"has_primal":true,"period":34,"native_status":7,"solve_wall_seconds":0.7409999370574951,"round":1,"remaining_work_seconds":1329.0260753631592}
GO3_PROGRESS {"epoch_seconds":1.789988096012e9,"event":"reserve_benders_hour_complete","pid":17712,"mode":"recourse","hours_completed":34,"stage":"source_reserve_benders","hours_required":48,"kind":"cost","period":34,"round":1,"remaining_work_seconds":1328.9350752830505}
Running HiGHS 1.15.1 (git hash: 04024d7): Copyright (c) 2026 under MIT licence terms
Includes third-party software components, see THIRD_PARTY_NOTICES.md for full details
GO3_PROGRESS {"epoch_seconds":1.789988096197e9,"event":"reserve_benders_solve_begin","actual_limit_seconds":30.0,"pid":17712,"period":35,"mode":"recourse","stage":"source_reserve_benders","round":1,"remaining_work_seconds":1328.750075340271}
LP has 210497 rows; 150224 cols; 553167 nonzeros
Coefficient ranges:
  Matrix  [1e+00, 2e+01]
  Cost    [1e+02, 5e+05]
  Bound   [1e-05, 6e+03]
  RHS     [1e-20, 6e+03]
WARNING: Problem has some excessively small column bounds
WARNING: Problem has some excessively small row bounds
Presolving model
40102 rows, 67632 cols, 209894 nonzeros 0s
36948 rows, 67632 cols, 200432 nonzeros 0s
Presolve reductions: rows 36948(-173549); columns 67632(-82592); nonzeros 200432(-352735) 
Solving the presolved LP
Using dual simplex solver
  Iteration        Objective     Infeasibilities num(sum)
          0     1.7426759981e+03 Pr: 96(7779.26) 0.2s
      20947     4.4404857921e+08 Pr: 0(0) 0.6s

Performed postsolve
Solving the original LP from the solution after postsolve

Model status        : Optimal
Simplex   iterations: 20947
Objective value     :  4.4404857921e+08
P-D objective error :  3.5570952340e-15
HiGHS run time      :          0.75
GO3_PROGRESS {"epoch_seconds":1.78998809695e9,"event":"reserve_benders_solve_returned","solve_seconds":0.7497210502624512,"pid":17712,"mode":"recourse","stage":"source_reserve_benders","termination":"OPTIMAL","simplex_iterations":20947,"barrier_iterations":0,"has_primal":true,"period":35,"native_status":7,"solve_wall_seconds":0.752000093460083,"round":1,"remaining_work_seconds":1327.9970753192902}
GO3_PROGRESS {"epoch_seconds":1.789988097033e9,"event":"reserve_benders_hour_complete","pid":17712,"mode":"recourse","hours_completed":35,"stage":"source_reserve_benders","hours_required":48,"kind":"cost","period":35,"round":1,"remaining_work_seconds":1327.9140753746033}
Running HiGHS 1.15.1 (git hash: 04024d7): Copyright (c) 2026 under MIT licence terms
Includes third-party software components, see THIRD_PARTY_NOTICES.md for full details
GO3_PROGRESS {"epoch_seconds":1.789988097216e9,"event":"reserve_benders_solve_begin","actual_limit_seconds":30.0,"pid":17712,"period":36,"mode":"recourse","stage":"source_reserve_benders","round":1,"remaining_work_seconds":1327.7310752868652}
LP has 210509 rows; 150236 cols; 553191 nonzeros
Coefficient ranges:
  Matrix  [1e+00, 2e+01]
  Cost    [1e+02, 5e+05]
  Bound   [1e-05, 6e+03]
  RHS     [1e-20, 6e+03]
WARNING: Problem has some excessively small column bounds
WARNING: Problem has some excessively small row bounds
Presolving model
40082 rows, 67549 cols, 209448 nonzeros 0s
36863 rows, 67549 cols, 199791 nonzeros 0s
Presolve reductions: rows 36863(-173646); columns 67549(-82687); nonzeros 199791(-353400) 
Solving the presolved LP
Using dual simplex solver
  Iteration        Objective     Infeasibilities num(sum)
          0     2.2687340072e+03 Pr: 96(7768.76) 0.2s
      20969     4.4227477041e+08 Pr: 0(0) 0.6s

Performed postsolve
Solving the original LP from the solution after postsolve

Model status        : Optimal
Simplex   iterations: 20969
Objective value     :  4.4227477041e+08
P-D objective error :  3.7735140313e-15
HiGHS run time      :          0.76
GO3_PROGRESS {"epoch_seconds":1.78998809798e9,"event":"reserve_benders_solve_returned","solve_seconds":0.7607779502868652,"pid":17712,"mode":"recourse","stage":"source_reserve_benders","termination":"OPTIMAL","simplex_iterations":20969,"barrier_iterations":0,"has_primal":true,"period":36,"native_status":7,"solve_wall_seconds":0.7630000114440918,"round":1,"remaining_work_seconds":1326.9670753479004}
GO3_PROGRESS {"epoch_seconds":1.78998809807e9,"event":"reserve_benders_hour_complete","pid":17712,"mode":"recourse","hours_completed":36,"stage":"source_reserve_benders","hours_required":48,"kind":"cost","period":36,"round":1,"remaining_work_seconds":1326.877075433731}
Running HiGHS 1.15.1 (git hash: 04024d7): Copyright (c) 2026 under MIT licence terms
Includes third-party software components, see THIRD_PARTY_NOTICES.md for full details
GO3_PROGRESS {"epoch_seconds":1.78998809825e9,"event":"reserve_benders_solve_begin","actual_limit_seconds":30.0,"pid":17712,"period":37,"mode":"recourse","stage":"source_reserve_benders","round":1,"remaining_work_seconds":1326.6970753669739}
LP has 210515 rows; 150242 cols; 553203 nonzeros
Coefficient ranges:
  Matrix  [1e+00, 2e+01]
  Cost    [1e+02, 5e+05]
  Bound   [1e-05, 6e+03]
  RHS     [1e-20, 6e+03]
WARNING: Problem has some excessively small column bounds
WARNING: Problem has some excessively small row bounds
Presolving model
40112 rows, 67541 cols, 209315 nonzeros 0s
36830 rows, 67541 cols, 199469 nonzeros 0s
Presolve reductions: rows 36830(-173685); columns 67541(-82701); nonzeros 199469(-353734) 
Solving the presolved LP
Using dual simplex solver
  Iteration        Objective     Infeasibilities num(sum)
          0     2.0532700096e+03 Pr: 96(7768.29) 0.2s
      21001     4.4326856477e+08 Pr: 0(0) 0.6s

Performed postsolve
Solving the original LP from the solution after postsolve

Model status        : Optimal
Simplex   iterations: 21001
Objective value     :  4.4326856477e+08
P-D objective error :  3.4961215064e-15
HiGHS run time      :          0.76
GO3_PROGRESS {"epoch_seconds":1.789988099009e9,"event":"reserve_benders_solve_returned","solve_seconds":0.7558310031890869,"pid":17712,"mode":"recourse","stage":"source_reserve_benders","termination":"OPTIMAL","simplex_iterations":21001,"barrier_iterations":0,"has_primal":true,"period":37,"native_status":7,"solve_wall_seconds":0.7580001354217529,"round":1,"remaining_work_seconds":1325.9380753040314}
GO3_PROGRESS {"epoch_seconds":1.789988099101e9,"event":"reserve_benders_hour_complete","pid":17712,"mode":"recourse","hours_completed":37,"stage":"source_reserve_benders","hours_required":48,"kind":"cost","period":37,"round":1,"remaining_work_seconds":1325.846075296402}
Running HiGHS 1.15.1 (git hash: 04024d7): Copyright (c) 2026 under MIT licence terms
Includes third-party software components, see THIRD_PARTY_NOTICES.md for full details
GO3_PROGRESS {"epoch_seconds":1.789988099283e9,"event":"reserve_benders_solve_begin","actual_limit_seconds":30.0,"pid":17712,"period":38,"mode":"recourse","stage":"source_reserve_benders","round":1,"remaining_work_seconds":1325.6640753746033}
LP has 210517 rows; 150244 cols; 553207 nonzeros
Coefficient ranges:
  Matrix  [1e+00, 2e+01]
  Cost    [1e+02, 5e+05]
  Bound   [1e-05, 6e+03]
  RHS     [1e-20, 6e+03]
WARNING: Problem has some excessively small column bounds
WARNING: Problem has some excessively small row bounds
Presolving model
40145 rows, 67596 cols, 209277 nonzeros 0s
36826 rows, 67596 cols, 199320 nonzeros 0s
Presolve reductions: rows 36826(-173691); columns 67596(-82648); nonzeros 199320(-353887) 
Solving the presolved LP
Using dual simplex solver
  Iteration        Objective     Infeasibilities num(sum)
          0     2.0190959983e+03 Pr: 96(7776.14) 0.2s
      20958     4.4634307337e+08 Pr: 0(0) 0.6s

Performed postsolve
Solving the original LP from the solution after postsolve

Model status        : Optimal
Simplex   iterations: 20958
Objective value     :  4.4634307337e+08
P-D objective error :  3.8726593952e-15
HiGHS run time      :          0.71
GO3_PROGRESS {"epoch_seconds":1.7899881e9,"event":"reserve_benders_solve_returned","solve_seconds":0.714226245880127,"pid":17712,"mode":"recourse","stage":"source_reserve_benders","termination":"OPTIMAL","simplex_iterations":20958,"barrier_iterations":0,"has_primal":true,"period":38,"native_status":7,"solve_wall_seconds":0.7160000801086426,"round":1,"remaining_work_seconds":1324.9470753669739}
GO3_PROGRESS {"epoch_seconds":1.789988100085e9,"event":"reserve_benders_hour_complete","pid":17712,"mode":"recourse","hours_completed":38,"stage":"source_reserve_benders","hours_required":48,"kind":"cost","period":38,"round":1,"remaining_work_seconds":1324.862075328827}
Running HiGHS 1.15.1 (git hash: 04024d7): Copyright (c) 2026 under MIT licence terms
Includes third-party software components, see THIRD_PARTY_NOTICES.md for full details
GO3_PROGRESS {"epoch_seconds":1.789988100267e9,"event":"reserve_benders_solve_begin","actual_limit_seconds":30.0,"pid":17712,"period":39,"mode":"recourse","stage":"source_reserve_benders","round":1,"remaining_work_seconds":1324.6800754070282}
LP has 210537 rows; 150264 cols; 553247 nonzeros
Coefficient ranges:
  Matrix  [1e+00, 2e+01]
  Cost    [1e+02, 5e+05]
  Bound   [1e-05, 6e+03]
  RHS     [1e-20, 6e+03]
WARNING: Problem has some excessively small column bounds
WARNING: Problem has some excessively small row bounds
Presolving model
39739 rows, 67073 cols, 207044 nonzeros 0s
36490 rows, 67073 cols, 197297 nonzeros 0s
Presolve reductions: rows 36490(-174047); columns 67073(-83191); nonzeros 197297(-355950) 
Solving the presolved LP
Using dual simplex solver
  Iteration        Objective     Infeasibilities num(sum)
          0     1.8359430047e+03 Pr: 96(7782.3) 0.2s
      20713     4.4865975332e+08 Pr: 0(0) 0.6s

Performed postsolve
Solving the original LP from the solution after postsolve

Model status        : Optimal
Simplex   iterations: 20713
Objective value     :  4.4865975332e+08
P-D objective error :  3.7198122620e-15
HiGHS run time      :          0.77
GO3_PROGRESS {"epoch_seconds":1.78998810104e9,"event":"reserve_benders_solve_returned","solve_seconds":0.7698047161102295,"pid":17712,"mode":"recourse","stage":"source_reserve_benders","termination":"OPTIMAL","simplex_iterations":20713,"barrier_iterations":0,"has_primal":true,"period":39,"native_status":7,"solve_wall_seconds":0.7720000743865967,"round":1,"remaining_work_seconds":1323.9070754051208}
GO3_PROGRESS {"epoch_seconds":1.789988101126e9,"event":"reserve_benders_hour_complete","pid":17712,"mode":"recourse","hours_completed":39,"stage":"source_reserve_benders","hours_required":48,"kind":"cost","period":39,"round":1,"remaining_work_seconds":1323.8210754394531}
Running HiGHS 1.15.1 (git hash: 04024d7): Copyright (c) 2026 under MIT licence terms
Includes third-party software components, see THIRD_PARTY_NOTICES.md for full details
GO3_PROGRESS {"epoch_seconds":1.789988101306e9,"event":"reserve_benders_solve_begin","actual_limit_seconds":30.0,"pid":17712,"period":40,"mode":"recourse","stage":"source_reserve_benders","round":1,"remaining_work_seconds":1323.641075372696}
LP has 210545 rows; 150272 cols; 553263 nonzeros
Coefficient ranges:
  Matrix  [1e+00, 2e+01]
  Cost    [1e+02, 5e+05]
  Bound   [1e-05, 6e+03]
  RHS     [1e-20, 6e+03]
WARNING: Problem has some excessively small column bounds
WARNING: Problem has some excessively small row bounds
Presolving model
39693 rows, 67060 cols, 206830 nonzeros 0s
36429 rows, 67060 cols, 197038 nonzeros 0s
Presolve reductions: rows 36429(-174116); columns 67060(-83212); nonzeros 197038(-356225) 
Solving the presolved LP
Using dual simplex solver
  Iteration        Objective     Infeasibilities num(sum)
          0     2.1834270030e+03 Pr: 96(7728.8) 0.2s
      21127     4.4052348697e+08 Pr: 0(0) 0.6s

Performed postsolve
Solving the original LP from the solution after postsolve

Model status        : Optimal
Simplex   iterations: 21127
Objective value     :  4.4052348697e+08
P-D objective error :  3.6532113603e-15
HiGHS run time      :          0.75
GO3_PROGRESS {"epoch_seconds":1.78998810206e9,"event":"reserve_benders_solve_returned","solve_seconds":0.7511107921600342,"pid":17712,"mode":"recourse","stage":"source_reserve_benders","termination":"OPTIMAL","simplex_iterations":21127,"barrier_iterations":0,"has_primal":true,"period":40,"native_status":7,"solve_wall_seconds":0.753000020980835,"round":1,"remaining_work_seconds":1322.8870754241943}
GO3_PROGRESS {"epoch_seconds":1.789988102136e9,"event":"reserve_benders_hour_complete","pid":17712,"mode":"recourse","hours_completed":40,"stage":"source_reserve_benders","hours_required":48,"kind":"cost","period":40,"round":1,"remaining_work_seconds":1322.8110754489899}
Running HiGHS 1.15.1 (git hash: 04024d7): Copyright (c) 2026 under MIT licence terms
Includes third-party software components, see THIRD_PARTY_NOTICES.md for full details
GO3_PROGRESS {"epoch_seconds":1.789988102319e9,"event":"reserve_benders_solve_begin","actual_limit_seconds":30.0,"pid":17712,"period":41,"mode":"recourse","stage":"source_reserve_benders","round":1,"remaining_work_seconds":1322.6280753612518}
LP has 210547 rows; 150274 cols; 553267 nonzeros
Coefficient ranges:
  Matrix  [1e+00, 2e+01]
  Cost    [1e+02, 5e+05]
  Bound   [1e-05, 6e+03]
  RHS     [1e-20, 6e+03]
WARNING: Problem has some excessively small column bounds
WARNING: Problem has some excessively small row bounds
Presolving model
39599 rows, 66988 cols, 206363 nonzeros 0s
36326 rows, 66988 cols, 196544 nonzeros 0s
Presolve reductions: rows 36326(-174221); columns 66988(-83286); nonzeros 196544(-356723) 
Solving the presolved LP
Using dual simplex solver
  Iteration        Objective     Infeasibilities num(sum)
          0     2.2513580044e+03 Pr: 96(7724.11) 0.2s
      20584     4.4007628974e+08 Pr: 0(0) 0.6s

Performed postsolve
Solving the original LP from the solution after postsolve

Model status        : Optimal
Simplex   iterations: 20584
Objective value     :  4.4007628974e+08
P-D objective error :  3.7923653028e-15
HiGHS run time      :          0.74
GO3_PROGRESS {"epoch_seconds":1.789988103063e9,"event":"reserve_benders_solve_returned","solve_seconds":0.7411949634552002,"pid":17712,"mode":"recourse","stage":"source_reserve_benders","termination":"OPTIMAL","simplex_iterations":20584,"barrier_iterations":0,"has_primal":true,"period":41,"native_status":7,"solve_wall_seconds":0.7430000305175781,"round":1,"remaining_work_seconds":1321.8840754032135}
GO3_PROGRESS {"epoch_seconds":1.789988103155e9,"event":"reserve_benders_hour_complete","pid":17712,"mode":"recourse","hours_completed":41,"stage":"source_reserve_benders","hours_required":48,"kind":"cost","period":41,"round":1,"remaining_work_seconds":1321.792075395584}
Running HiGHS 1.15.1 (git hash: 04024d7): Copyright (c) 2026 under MIT licence terms
Includes third-party software components, see THIRD_PARTY_NOTICES.md for full details
GO3_PROGRESS {"epoch_seconds":1.789988103336e9,"event":"reserve_benders_solve_begin","actual_limit_seconds":30.0,"pid":17712,"period":42,"mode":"recourse","stage":"source_reserve_benders","round":1,"remaining_work_seconds":1321.6110754013062}
LP has 210547 rows; 150274 cols; 553267 nonzeros
Coefficient ranges:
  Matrix  [1e+00, 2e+01]
  Cost    [1e+02, 5e+05]
  Bound   [1e-05, 6e+03]
  RHS     [1e-20, 6e+03]
WARNING: Problem has some excessively small column bounds
WARNING: Problem has some excessively small row bounds
Presolving model
39608 rows, 66969 cols, 206341 nonzeros 0s
36304 rows, 66969 cols, 196429 nonzeros 0s
Presolve reductions: rows 36304(-174243); columns 66969(-83305); nonzeros 196429(-356838) 
Solving the presolved LP
Using dual simplex solver
  Iteration        Objective     Infeasibilities num(sum)
          0     2.1097060066e+03 Pr: 96(7719.27) 0.2s
      20766     4.3906469630e+08 Pr: 0(0) 0.6s

Performed postsolve
Solving the original LP from the solution after postsolve

Model status        : Optimal
Simplex   iterations: 20766
Objective value     :  4.3906469630e+08
P-D objective error :  1.9684282420e-15
HiGHS run time      :          0.75
GO3_PROGRESS {"epoch_seconds":1.789988104087e9,"event":"reserve_benders_solve_returned","solve_seconds":0.7467679977416992,"pid":17712,"mode":"recourse","stage":"source_reserve_benders","termination":"OPTIMAL","simplex_iterations":20766,"barrier_iterations":0,"has_primal":true,"period":42,"native_status":7,"solve_wall_seconds":0.748999834060669,"round":1,"remaining_work_seconds":1320.8600754737854}
GO3_PROGRESS {"epoch_seconds":1.789988104176e9,"event":"reserve_benders_hour_complete","pid":17712,"mode":"recourse","hours_completed":42,"stage":"source_reserve_benders","hours_required":48,"kind":"cost","period":42,"round":1,"remaining_work_seconds":1320.7710752487183}
Running HiGHS 1.15.1 (git hash: 04024d7): Copyright (c) 2026 under MIT licence terms
Includes third-party software components, see THIRD_PARTY_NOTICES.md for full details
GO3_PROGRESS {"epoch_seconds":1.789988104356e9,"event":"reserve_benders_solve_begin","actual_limit_seconds":30.0,"pid":17712,"period":43,"mode":"recourse","stage":"source_reserve_benders","round":1,"remaining_work_seconds":1320.5910754203796}
LP has 210543 rows; 150270 cols; 553259 nonzeros
Coefficient ranges:
  Matrix  [1e+00, 2e+01]
  Cost    [1e+02, 5e+05]
  Bound   [1e-05, 6e+03]
  RHS     [1e-20, 6e+03]
WARNING: Problem has some excessively small column bounds
WARNING: Problem has some excessively small row bounds
Presolving model
39661 rows, 66992 cols, 206529 nonzeros 0s
36358 rows, 66992 cols, 196620 nonzeros 0s
Presolve reductions: rows 36358(-174185); columns 66992(-83278); nonzeros 196620(-356639) 
Solving the presolved LP
Using dual simplex solver
  Iteration        Objective     Infeasibilities num(sum)
          0     2.1515600026e+03 Pr: 96(7707.83) 0.2s
      20791     4.3762508819e+08 Pr: 0(0) 0.6s

Performed postsolve
Solving the original LP from the solution after postsolve

Model status        : Optimal
Simplex   iterations: 20791
Objective value     :  4.3762508819e+08
P-D objective error :  2.8602051679e-15
HiGHS run time      :          0.74
GO3_PROGRESS {"epoch_seconds":1.789988105096e9,"event":"reserve_benders_solve_returned","solve_seconds":0.7369248867034912,"pid":17712,"mode":"recourse","stage":"source_reserve_benders","termination":"OPTIMAL","simplex_iterations":20791,"barrier_iterations":0,"has_primal":true,"period":43,"native_status":7,"solve_wall_seconds":0.7389998435974121,"round":1,"remaining_work_seconds":1319.851075410843}
GO3_PROGRESS {"epoch_seconds":1.789988105186e9,"event":"reserve_benders_hour_complete","pid":17712,"mode":"recourse","hours_completed":43,"stage":"source_reserve_benders","hours_required":48,"kind":"cost","period":43,"round":1,"remaining_work_seconds":1319.761075258255}
Running HiGHS 1.15.1 (git hash: 04024d7): Copyright (c) 2026 under MIT licence terms
Includes third-party software components, see THIRD_PARTY_NOTICES.md for full details
GO3_PROGRESS {"epoch_seconds":1.789988105368e9,"event":"reserve_benders_solve_begin","actual_limit_seconds":30.0,"pid":17712,"period":44,"mode":"recourse","stage":"source_reserve_benders","round":1,"remaining_work_seconds":1319.5790753364563}
LP has 210541 rows; 150268 cols; 553255 nonzeros
Coefficient ranges:
  Matrix  [1e+00, 2e+01]
  Cost    [1e+02, 5e+05]
  Bound   [1e-05, 6e+03]
  RHS     [1e-20, 6e+03]
WARNING: Problem has some excessively small column bounds
WARNING: Problem has some excessively small row bounds
Presolving model
39774 rows, 67045 cols, 207004 nonzeros 0s
36471 rows, 67045 cols, 197095 nonzeros 0s
Presolve reductions: rows 36471(-174070); columns 67045(-83223); nonzeros 197095(-356160) 
Solving the presolved LP
Using dual simplex solver
  Iteration        Objective     Infeasibilities num(sum)
          0     1.9453009988e+03 Pr: 96(7712.68) 0.2s
      20752     4.3829815777e+08 Pr: 0(0) 0.6s

Performed postsolve
Solving the original LP from the solution after postsolve

Model status        : Optimal
Simplex   iterations: 20752
Objective value     :  4.3829815777e+08
P-D objective error :  4.2837193700e-15
HiGHS run time      :          0.74
GO3_PROGRESS {"epoch_seconds":1.789988106106e9,"event":"reserve_benders_solve_returned","solve_seconds":0.7355730533599854,"pid":17712,"mode":"recourse","stage":"source_reserve_benders","termination":"OPTIMAL","simplex_iterations":20752,"barrier_iterations":0,"has_primal":true,"period":44,"native_status":7,"solve_wall_seconds":0.7369999885559082,"round":1,"remaining_work_seconds":1318.8410754203796}
GO3_PROGRESS {"epoch_seconds":1.789988106201e9,"event":"reserve_benders_hour_complete","pid":17712,"mode":"recourse","hours_completed":44,"stage":"source_reserve_benders","hours_required":48,"kind":"cost","period":44,"round":1,"remaining_work_seconds":1318.7460753917694}
Running HiGHS 1.15.1 (git hash: 04024d7): Copyright (c) 2026 under MIT licence terms
Includes third-party software components, see THIRD_PARTY_NOTICES.md for full details
GO3_PROGRESS {"epoch_seconds":1.789988106383e9,"event":"reserve_benders_solve_begin","actual_limit_seconds":30.0,"pid":17712,"period":45,"mode":"recourse","stage":"source_reserve_benders","round":1,"remaining_work_seconds":1318.5640754699707}
LP has 210525 rows; 150252 cols; 553223 nonzeros
Coefficient ranges:
  Matrix  [1e+00, 2e+01]
  Cost    [1e+02, 5e+05]
  Bound   [1e-05, 6e+03]
  RHS     [1e-20, 6e+03]
WARNING: Problem has some excessively small column bounds
WARNING: Problem has some excessively small row bounds
Presolving model
40155 rows, 67459 cols, 208937 nonzeros 0s
36799 rows, 67459 cols, 198869 nonzeros 0s
Presolve reductions: rows 36799(-173726); columns 67459(-82793); nonzeros 198869(-354354) 
Solving the presolved LP
Using dual simplex solver
  Iteration        Objective     Infeasibilities num(sum)
          0     2.8319889970e+03 Pr: 96(7741.47) 0.2s
      21107     4.4324294315e+08 Pr: 0(0) 0.6s

Performed postsolve
Solving the original LP from the solution after postsolve

Model status        : Optimal
Simplex   iterations: 21107
Objective value     :  4.4324294315e+08
P-D objective error :  3.8997455532e-15
HiGHS run time      :          0.74
GO3_PROGRESS {"epoch_seconds":1.789988107128e9,"event":"reserve_benders_solve_returned","solve_seconds":0.7416269779205322,"pid":17712,"mode":"recourse","stage":"source_reserve_benders","termination":"OPTIMAL","simplex_iterations":21107,"barrier_iterations":0,"has_primal":true,"period":45,"native_status":7,"solve_wall_seconds":0.7439999580383301,"round":1,"remaining_work_seconds":1317.819075345993}
GO3_PROGRESS {"epoch_seconds":1.789988107218e9,"event":"reserve_benders_hour_complete","pid":17712,"mode":"recourse","hours_completed":45,"stage":"source_reserve_benders","hours_required":48,"kind":"cost","period":45,"round":1,"remaining_work_seconds":1317.7290754318237}
Running HiGHS 1.15.1 (git hash: 04024d7): Copyright (c) 2026 under MIT licence terms
Includes third-party software components, see THIRD_PARTY_NOTICES.md for full details
GO3_PROGRESS {"epoch_seconds":1.789988107397e9,"event":"reserve_benders_solve_begin","actual_limit_seconds":30.0,"pid":17712,"period":46,"mode":"recourse","stage":"source_reserve_benders","round":1,"remaining_work_seconds":1317.5500752925873}
LP has 210503 rows; 150230 cols; 553179 nonzeros
Coefficient ranges:
  Matrix  [1e+00, 2e+01]
  Cost    [1e+02, 5e+05]
  Bound   [1e-05, 6e+03]
  RHS     [1e-20, 6e+03]
WARNING: Problem has some excessively small column bounds
WARNING: Problem has some excessively small row bounds
Presolving model
40156 rows, 67563 cols, 209543 nonzeros 0s
36892 rows, 67563 cols, 199751 nonzeros 0s
Presolve reductions: rows 36892(-173611); columns 67563(-82667); nonzeros 199751(-353428) 
Solving the presolved LP
Using dual simplex solver
  Iteration        Objective     Infeasibilities num(sum)
          0     1.6234980072e+03 Pr: 96(7682) 0.2s
      20990     4.3011112374e+08 Pr: 0(0) 0.6s

Performed postsolve
Solving the original LP from the solution after postsolve

Model status        : Optimal
Simplex   iterations: 20990
Objective value     :  4.3011112374e+08
P-D objective error :  3.1873317210e-15
HiGHS run time      :          0.75
GO3_PROGRESS {"epoch_seconds":1.789988108155e9,"event":"reserve_benders_solve_returned","solve_seconds":0.7546286582946777,"pid":17712,"mode":"recourse","stage":"source_reserve_benders","termination":"OPTIMAL","simplex_iterations":20990,"barrier_iterations":0,"has_primal":true,"period":46,"native_status":7,"solve_wall_seconds":0.7560000419616699,"round":1,"remaining_work_seconds":1316.792075395584}
GO3_PROGRESS {"epoch_seconds":1.789988108247e9,"event":"reserve_benders_hour_complete","pid":17712,"mode":"recourse","hours_completed":46,"stage":"source_reserve_benders","hours_required":48,"kind":"cost","period":46,"round":1,"remaining_work_seconds":1316.7000753879547}
Running HiGHS 1.15.1 (git hash: 04024d7): Copyright (c) 2026 under MIT licence terms
Includes third-party software components, see THIRD_PARTY_NOTICES.md for full details
GO3_PROGRESS {"epoch_seconds":1.789988108428e9,"event":"reserve_benders_solve_begin","actual_limit_seconds":30.0,"pid":17712,"period":47,"mode":"recourse","stage":"source_reserve_benders","round":1,"remaining_work_seconds":1316.5190753936768}
LP has 210493 rows; 150220 cols; 553159 nonzeros
Coefficient ranges:
  Matrix  [1e+00, 2e+01]
  Cost    [1e+02, 5e+05]
  Bound   [1e-05, 6e+03]
  RHS     [1e-20, 6e+03]
WARNING: Problem has some excessively small column bounds
WARNING: Problem has some excessively small row bounds
Presolving model
40151 rows, 67751 cols, 210279 nonzeros 0s
37001 rows, 67751 cols, 200829 nonzeros 0s
Presolve reductions: rows 37001(-173492); columns 67751(-82469); nonzeros 200829(-352330) 
Solving the presolved LP
Using dual simplex solver
  Iteration        Objective     Infeasibilities num(sum)
          0     2.2251310117e+03 Pr: 96(7694.61) 0.2s
      21260     4.3114586776e+08 Pr: 0(0) 0.6s

Performed postsolve
Solving the original LP from the solution after postsolve

Model status        : Optimal
Simplex   iterations: 21260
Objective value     :  4.3114586776e+08
P-D objective error :  3.3870527460e-15
HiGHS run time      :          0.76
GO3_PROGRESS {"epoch_seconds":1.789988109188e9,"event":"reserve_benders_solve_returned","solve_seconds":0.7581760883331299,"pid":17712,"mode":"recourse","stage":"source_reserve_benders","termination":"OPTIMAL","simplex_iterations":21260,"barrier_iterations":0,"has_primal":true,"period":47,"native_status":7,"solve_wall_seconds":0.7599999904632568,"round":1,"remaining_work_seconds":1315.7590754032135}
GO3_PROGRESS {"epoch_seconds":1.789988109279e9,"event":"reserve_benders_hour_complete","pid":17712,"mode":"recourse","hours_completed":47,"stage":"source_reserve_benders","hours_required":48,"kind":"cost","period":47,"round":1,"remaining_work_seconds":1315.6680753231049}
Running HiGHS 1.15.1 (git hash: 04024d7): Copyright (c) 2026 under MIT licence terms
Includes third-party software components, see THIRD_PARTY_NOTICES.md for full details
GO3_PROGRESS {"epoch_seconds":1.789988109461e9,"event":"reserve_benders_solve_begin","actual_limit_seconds":30.0,"pid":17712,"period":48,"mode":"recourse","stage":"source_reserve_benders","round":1,"remaining_work_seconds":1315.4860754013062}
LP has 210487 rows; 150214 cols; 553147 nonzeros
Coefficient ranges:
  Matrix  [1e+00, 2e+01]
  Cost    [1e+02, 5e+05]
  Bound   [1e-05, 6e+03]
  RHS     [1e-20, 6e+03]
WARNING: Problem has some excessively small column bounds
WARNING: Problem has some excessively small row bounds
Presolving model
40173 rows, 68164 cols, 211633 nonzeros 0s
37170 rows, 68164 cols, 202624 nonzeros 0s
Presolve reductions: rows 37170(-173317); columns 68164(-82050); nonzeros 202624(-350523) 
Solving the presolved LP
Using dual simplex solver
  Iteration        Objective     Infeasibilities num(sum)
          0     1.9086440110e+03 Pr: 96(7731.24) 0.2s
      21337     4.3720356051e+08 Pr: 0(0) 0.6s

Performed postsolve
Solving the original LP from the solution after postsolve

Model status        : Optimal
Simplex   iterations: 21337
Objective value     :  4.3720356051e+08
P-D objective error :  3.2037917280e-15
HiGHS run time      :          0.75
GO3_PROGRESS {"epoch_seconds":1.789988110215e9,"event":"reserve_benders_solve_returned","solve_seconds":0.7516942024230957,"pid":17712,"mode":"recourse","stage":"source_reserve_benders","termination":"OPTIMAL","simplex_iterations":21337,"barrier_iterations":0,"has_primal":true,"period":48,"native_status":7,"solve_wall_seconds":0.753000020980835,"round":1,"remaining_work_seconds":1314.7320754528046}
GO3_PROGRESS {"epoch_seconds":1.78998811031e9,"event":"reserve_benders_hour_complete","pid":17712,"mode":"recourse","hours_completed":48,"stage":"source_reserve_benders","hours_required":48,"kind":"cost","period":48,"round":1,"remaining_work_seconds":1314.6370754241943}
GO3_PROGRESS {"epoch_seconds":1.789988162388e9,"event":"reserve_benders_incumbent_audited","pid":17712,"mode":"recourse","objective":-2.0572608194137283e10,"stage":"source_reserve_benders","round":1,"maximum_residual":6.000000010719653e-10,"remaining_work_seconds":1262.5590753555298}
GO3_PROGRESS {"epoch_seconds":1.78998816244e9,"event":"reserve_benders_stage_complete","pid":17712,"result_sha256":"5dcf987a33ac1242c575327a368ca32f24c3690758548675f71e77ad8ba631d3","mode":"recourse","stage":"source_reserve_benders","round":1,"remaining_work_seconds":1262.5070753097534}
