Running HiGHS 1.15.1 (git hash: 04024d7): Copyright (c) 2026 under MIT licence terms
Includes third-party software components, see THIRD_PARTY_NOTICES.md for full details
LP has 210455 rows; 150182 cols; 553083 nonzeros
Coefficient ranges:
  Matrix  [1e+00, 2e+01]
  Cost    [1e+02, 5e+05]
  Bound   [1e-05, 6e+03]
  RHS     [1e-20, 6e+03]
WARNING: Problem has some excessively small column bounds
WARNING: Problem has some excessively small row bounds
Presolving model
40240 rows, 68444 cols, 212685 nonzeros 0s
37343 rows, 68444 cols, 203994 nonzeros 0s
Presolve reductions: rows 37343(-173112); columns 68444(-81738); nonzeros 203994(-349089) 
Solving the presolved LP
Using dual simplex solver
  Iteration        Objective     Infeasibilities num(sum)
          0     3.2444320025e+03 Pr: 96(7770.28) 0.2s
      21158     4.4135735801e+08 Pr: 0(0) 0.6s

Performed postsolve
Solving the original LP from the solution after postsolve

Model status        : Optimal
Simplex   iterations: 21158
Objective value     :  4.4135735801e+08
P-D objective error :  2.8360182880e-15
HiGHS run time      :          0.77
