Running HiGHS 1.15.1 (git hash: 04024d7): Copyright (c) 2026 under MIT licence terms
Includes third-party software components, see THIRD_PARTY_NOTICES.md for full details
  LP      : 
Rows      : 2
Cols      : 3
Nonzeros  : 3
Coefficient ranges:
  Matrix  [1e+00, 2e+00]
  Cost    [2e-01, 1e+00]
  Bound   [1e+00, 1e+00]
  RHS     [1e+00, 1e+00]
Presolving model
Presolve rules not allowed:
   Rule 13 (set bit 13 =  8192): Parallel rows and columns
0 rows, 0 cols, 0 nonzeros 0s
0 rows, 0 cols, 0 nonzeros 0s
Presolve reductions: rows 0(-2); columns 0(-3); nonzeros 0(-3) - Reduced to empty
Performed postsolve
Solving the original LP from the solution after postsolve
Scaling: Matrix has [min, max] values of [1, 2] within [0.2, 5] so no scaling performed
getKktFailures:: cost norm =      0.5; bound norm =        1
getKktFailures:                      LP  (abs / rel)         Col (abs / rel)         Row (abs / rel)
getKktFailures: primal infeasibility        0 /        0            0 /        0            0 /        0
getKktFailures:   dual infeasibility        0 /        0            0 /        0            0 /        0
getKktFailures: objective gap        2.78e-17
Solution optimality conditions
num/max      0 /        0 (relative      0 /        0) primal infeasibilities     (tolerance = 1e-09)
num/max      0 /        0 (relative      0 /        0)   dual infeasibilities     (tolerance = 1e-09)
                                         0 / 2.78e-17  P-D objective error        (tolerance = 1e-07)

Postsolve  : 0
Time           :     0.01
Time Pre       :     0.00
Time OriginalLP:     0.00
For LP                     : Presolve     0.00 (  0%)    : Postsolve     0.00 (  0%)    : Solve original LP     0.00 (  0%)
Strange: Solve time = 0.011271; Sum times = 0.000189066: relative difference = 0.983225
Model status        : Optimal
Objective value     : -5.0000000000e-01
P-D objective error :  2.7755575616e-17
HiGHS run time      :          0.01

MIP sub-solver profiling: number of threads used = 1
