Running HiGHS 1.15.1 (git hash: 04024d701f): Copyright (c) 2026 under MIT licence terms
Includes third-party software components, see THIRD_PARTY_NOTICES.md for full details
Using BLAS: libblastrampoline 
 MIP      : 
Rows      : 121
Cols      : 97
Nonzeros  : 314
Integer   : 18 (15 binary)
Coefficient ranges:
  Matrix  [1e-02, 3e+00]
  Cost    [3e-03, 1e+03]
  Bound   [5e-01, 4e+00]
  RHS     [5e-01, 3e+00]
Presolving model
Presolve rules not allowed:
   Rule 13 (set bit 13 =  8192): Parallel rows and columns
68 rows, 54 cols, 177 nonzeros 0s
57 rows, 45 cols, 168 nonzeros 0s
Fixed 3 dominated columns and strengthened 0 bounds
7 probing evaluations: 0 deleted rows, 0 deleted columns, 0 lifted nonzeros
51 rows, 39 cols, 150 nonzeros 0s
Presolve reductions: rows 51(-70); columns 39(-58); nonzeros 150(-164) 
MIP-Timing:     0.00094 - completed presolve
MIP-Timing:     0.00095 - starting  setup

Solving MIP model with:
   51 rows
   39 cols (7 binary, 0 integer, 0 implied int., 32 continuous, 0 domain fixed)
   150 nonzeros
   Thread count 1 (of 24 threads). Using 1 max workers. Parallel search off
MIP-Timing:     0.00099 - completed setup
Feasibility Jump: starting solve. weightUpdateDecay=1, relaxContinuous=0  

Src: B => Branching; C => Central rounding; F => Feasibility pump; H => Heuristic;
     I => Shifting; J => Feasibility jump; L => Sub-MIP; P => Empty MIP; R => Randomized rounding;
     S => Solve LP; T => Evaluate node; U => Unbounded; X => User solution; Y => HiGHS solution;
     Z => ZI Round; l => Trivial lower; p => Trivial point; u => Trivial upper; z => Trivial zero

        Nodes      |    B&B Tree     |            Objective Bounds              |  Dynamic Constraints |       Work      
Src  Proc. InQueue |  Leaves   Expl. | BestBound       BestSol              Gap |   Cuts   InLp Confl. | LpIters     Time

 J       0       0         0   0.00%   inf             -23.675275         Large        0      0      0         0     0.0s
MIP-Timing:      0.0059 - starting evaluate root node
MIP-Timing:       0.006 - starting analytic centre calculation
MIP-Timing:       0.006 - start first LP solve (without basis)
MIP-Timing:      0.0065 - finish first LP solve
 T       0       0         0   0.00%   1737.275        1732.1479          0.30%        0      0      0        12     0.0s
MIP-Timing:      0.0066 - completed evaluate root node
         1       0         1 100.00%   1732.1479       1732.1479          0.00%        0      0      0        12     0.0s

Solving report
  Status            Optimal
  Primal bound      1732.1479
  Dual bound        1732.1479
  Gap               0% (tolerance: 0.0001%)
  P-D integral      0.0362118344158
  Solution status   feasible
                    1732.1479 (objective)
                    0 (bound viol.)
                    0 (int. viol.)
                    0 (row viol.)
  Timing            0.01
                    0.00 (Presolve)
                    0.01 (Solve)
                    0.00 (Postsolve)
  Max sub-MIP depth 0
  Nodes             1
  Repair LPs        0
  LP iterations     12
                    0 (strong br.)
                    0 (separation)
                    0 (heuristics)
getKktFailures:: cost norm =    1e+03; bound norm =        3
getKktFailures:                      LP  (abs / rel)         Col (abs / rel)         Row (abs / rel)
getKktFailures: primal infeasibility  5.2e-18 /  1.3e-18            0 /        0      5.2e-18 /  1.3e-18

MIP sub-solver profiling: number of threads used = 1

Thread 0
Solver                    Calls    Time       Time/call      MIP%
MIP                           1  6.7430e-03  6.7430e-03
Du simplex (basis)            1  4.0293e-05  4.0293e-05       0.6
Du simplex (no basis)         1  1.9312e-04  1.9312e-04       2.9
TOTAL                            2.3341e-04                   3.5

Percent (sub-)MIP time by thread

MIP sub-solver            0
Du simplex (basis)      0.6
Du simplex (no basis)   2.9
===========================
Total                   3.5
===========================
