GO3_PROGRESS {"epoch_seconds":1.789969815421e9,"event":"reserve_benders_worker_started","raw_case_parsed":false,"pid":21700,"native_backend":{"git_hash":"04024d701f","library_sha256":"404f0a37f0887e0b390274230441539524f0f68d141a58d62053aea041eb9ded","floating_point_bits":64,"policy":"upstream_jll_v1","library_path":"C:\\Users\\thoma\\Documents\\go3-division2-cpu\\environments\\julia-depot\\artifacts\\7b3fde6a10989de897c61b0c6880e7e7d97cccd4\\bin\\libhighs.dll","highs_int_bits":32,"version":"1.15.1"},"mode":"recourse","stage":"source_reserve_benders","round":3,"remaining_work_seconds":87.55968308448792}
Running HiGHS 1.15.1 (git hash: 04024d701f): Copyright (c) 2026 under MIT licence terms
Includes third-party software components, see THIRD_PARTY_NOTICES.md for full details
Using BLAS: libblastrampoline 
GO3_PROGRESS {"epoch_seconds":1.789969817075e9,"event":"reserve_benders_solve_begin","actual_limit_seconds":5.0,"pid":21700,"period":1,"mode":"recourse","stage":"source_reserve_benders","round":3,"remaining_work_seconds":85.9056830406189}
LP has 2 rows; 1 col; 2 nonzeros
Coefficient ranges:
  Matrix  [1e+00, 1e+00]
  Cost    [3e+00, 3e+00]
  Bound   [0e+00, 0e+00]
  RHS     [1e+00, 1e+00]
Presolving model
0 rows, 0 cols, 0 nonzeros 0s
0 rows, 0 cols, 0 nonzeros 0s
Presolve reductions: rows 0(-2); columns 0(-1); nonzeros 0(-2) - Reduced to empty
Performed postsolve
Solving the original LP from the solution after postsolve

Model status        : Optimal
Objective value     :  0.0000000000e+00
P-D objective error :  0.0000000000e+00
HiGHS run time      :          0.00
GO3_PROGRESS {"epoch_seconds":1.789969817085e9,"event":"reserve_benders_solve_returned","solve_seconds":0.0012009143829345703,"pid":21700,"mode":"recourse","stage":"source_reserve_benders","termination":"OPTIMAL","simplex_iterations":0,"barrier_iterations":0,"has_primal":true,"period":1,"native_status":7,"solve_wall_seconds":0.002000093460083008,"round":3,"remaining_work_seconds":85.89568305015564}
GO3_PROGRESS {"epoch_seconds":1.789969817532e9,"event":"reserve_benders_hour_complete","pid":21700,"mode":"recourse","hours_completed":1,"stage":"source_reserve_benders","hours_required":1,"kind":"cost","period":1,"round":3,"remaining_work_seconds":85.44868302345276}
GO3_PROGRESS {"epoch_seconds":1.789969817782e9,"event":"reserve_benders_incumbent_audited","pid":21700,"mode":"recourse","objective":-0.75,"stage":"source_reserve_benders","round":3,"maximum_residual":0.0,"remaining_work_seconds":85.19868302345276}
GO3_PROGRESS {"epoch_seconds":1.789969817824e9,"event":"reserve_benders_stage_complete","pid":21700,"result_sha256":"6f21d5adb740ce29cf1efbf1dee2da510104de1ddd505fe74d7e77409a0a755b","mode":"recourse","stage":"source_reserve_benders","round":3,"remaining_work_seconds":85.15668320655823}
