GO3_PROGRESS {"elapsed_worker_seconds":0.07300019264221191,"stage":"loading","remaining_work_seconds":104.9195818901062}
GO3_PROGRESS {"elapsed_worker_seconds":0.746999979019165,"stage":"scheduling","remaining_work_seconds":104.24558210372925}
GO3_SCHEDULING_MODEL {"reserve_policy":"joint_scheduling_then_full_reallocation","constraints_excluding_variable_bounds":181,"source_pq_bound_devices":1,"variables":153,"build_seconds":6.756999969482422,"include_reserves":true,"consumer_online_dominance":{"fixed_online_variables":3,"generator_commitments_changed":0,"policy":"proven_zero_minimum_consumer_online_dominance_v1","eligible_consumers":1,"source_values_changed":false,"rejected_consumers":{},"eligible_consumer_uids":["d"]},"source_startup_windows":{"membership":"begin-tol <= interval_start < end-tol","time_equality_tolerance":1.0e-6,"source_values_changed":false,"windows":4}}
GO3_PROGRESS {"elapsed_scheduling_seconds":10.791999816894531,"event":"model_built","elapsed_worker_seconds":11.603000164031982,"build_seconds":7.010999917984009,"stage":"scheduling_event","remaining_work_seconds":93.38958191871643}
GO3_PROGRESS {"elapsed_scheduling_seconds":11.5239999294281,"event":"economic_solve_begin","elapsed_worker_seconds":12.278000116348267,"stage":"scheduling_event","remaining_work_seconds":92.71458196640015}
Running HiGHS 1.15.1 (git hash: 04024d701f): Copyright (c) 2026 under MIT licence terms
Includes third-party software components, see THIRD_PARTY_NOTICES.md for full details
Using BLAS: libblastrampoline 
 MIP      : 
Rows      : 181
Cols      : 153
Nonzeros  : 517
Integer   : 18 (15 binary)
Coefficient ranges:
  Matrix  [1e-02, 3e+00]
  Cost    [3e-03, 1e+03]
  Bound   [5e-01, 4e+00]
  RHS     [5e-01, 8e+00]
Presolving model
Permitted suppression of presolve rules via presolve_rule_off option:
   Rule  6 (set bit  6 =    64): Forcing row
   Rule  7 (set bit  7 =   128): Forcing col
   Rule  8 (set bit  8 =   256): Free col substitution
   Rule  9 (set bit  9 =   512): Doubleton equation
   Rule 10 (set bit 10 =  1024): Dependent equations
   Rule 11 (set bit 11 =  2048): Dependent free columns
   Rule 12 (set bit 12 =  4096): Aggregator
   Rule 13 (set bit 13 =  8192): Parallel rows and columns
   Rule 14 (set bit 14 = 16384): Sparsify
   Rule 15 (set bit 15 = 32768): Probing
   Rule 16 (set bit 16 = 65536): Enumeration
   Rule 17 (set bit 17 = 131072): Dual fixing
   Rule 18 (set bit 18 = 262144): Col stuffing
   Rule 19 (set bit 19 = 524288): Initial sweep
73 rows, 59 cols, 210 nonzeros 0s
52 rows, 52 cols, 193 nonzeros 0s
7 probing evaluations: 0 deleted rows, 0 deleted columns, 0 lifted nonzeros
51 rows, 51 cols, 203 nonzeros 0s
Presolve reductions: rows 51(-130); columns 51(-102); nonzeros 203(-314) 

Solving MIP model with:
   51 rows
   51 cols (7 binary, 0 integer, 0 implied int., 44 continuous, 0 domain fixed)
   203 nonzeros
   Thread count 4 (of 24 threads). Using 1 max workers. Parallel search off
Feasibility Jump: starting solve. weightUpdateDecay=1, relaxContinuous=0  

Src: B => Branching; C => Central rounding; F => Feasibility pump; H => Heuristic;
     I => Shifting; J => Feasibility jump; L => Sub-MIP; P => Empty MIP; R => Randomized rounding;
     S => Solve LP; T => Evaluate node; U => Unbounded; X => User solution; Y => HiGHS solution;
     Z => ZI Round; l => Trivial lower; p => Trivial point; u => Trivial upper; z => Trivial zero

        Nodes      |    B&B Tree     |            Objective Bounds              |  Dynamic Constraints |       Work      
Src  Proc. InQueue |  Leaves   Expl. | BestBound       BestSol              Gap |   Cuts   InLp Confl. | LpIters     Time

 J       0       0         0   0.00%   inf             -250.5             Large        0      0      0         0     0.0s
 T       0       0         0   0.00%   1737.45         1732.3229          0.30%        0      0      0        17     0.0s
         1       0         1 100.00%   1732.3229       1732.3229          0.00%        0      0      0        17     0.0s

Solving report
  Status            Optimal
  Primal bound      1732.3229
  Dual bound        1732.3229
  Gap               0% (tolerance: 0.0001%)
  P-D integral      0.00341340290127
  Solution status   feasible
                    1732.3229 (objective)
                    0 (bound viol.)
                    2.22044604925e-16 (int. viol.)
                    0 (row viol.)
  Timing            0.01
                    0.00 (Presolve)
                    0.01 (Solve)
                    0.00 (Postsolve)
  Max sub-MIP depth 0
  Nodes             1
  Repair LPs        0
  LP iterations     17
                    0 (strong br.)
                    0 (separation)
                    0 (heuristics)
getKktFailures:: cost norm =    1e+03; bound norm =        3
getKktFailures:                      LP  (abs / rel)         Col (abs / rel)         Row (abs / rel)
getKktFailures: primal infeasibility 8.88e-16 / 2.22e-16     2.22e-16 / 5.55e-17     8.88e-16 / 2.22e-16

MIP sub-solver profiling: number of threads used = 1

Thread 0
Solver                    Calls    Time       Time/call      MIP%
MIP                           1  6.1669e-03  6.1669e-03
Du simplex (no basis)         1  2.3508e-04  2.3508e-04       3.8
TOTAL                            2.3508e-04                   3.8

Percent (sub-)MIP time by thread

MIP sub-solver            0
Du simplex (no basis)   3.8
===========================
Total                   3.8
===========================
GO3_PROGRESS {"elapsed_scheduling_seconds":11.80299997329712,"event":"economic_solve_returned","elapsed_worker_seconds":12.55400013923645,"stage":"scheduling_event","wall_seconds":0.27900004386901855,"remaining_work_seconds":92.43858194351196}
Rounded shunt steps:
GO3_PROGRESS {"devices":2,"final_reserve_optimization_required":true,"full_case_checks_required":true,"policy":"use_joint_schedule_unverified","external_solution_read":false,"initial_solution_verified":false,"stage":"initial_reserve_handoff","source_values_changed":false,"periods":3,"optimization_calls":0,"elapsed_worker_seconds":14.282999992370605,"source":"current_attempt_joint_schedule","reserve_fields":10,"remaining_work_seconds":90.70958209037781}
GO3_PROGRESS {"elapsed_worker_seconds":14.351999998092651,"stage":"schedule_candidate_ready","remaining_work_seconds":90.64058208465576}
GO3_PROGRESS {"elapsed_worker_seconds":15.680999994277954,"interval":1,"stage":"ac_optimization","interval_count":3,"remaining_work_seconds":89.31158208847046}
GO3_CORRECTION_PHASE {"remaining_refinement_seconds":79.23158192634583,"event":"begin","hour_deadline":1.789993900526582e9,"fair_share_seconds":26.41052730878194,"policy":"remaining_horizon_v1","protected_recovery_deadline":1.789993900526582e9,"global_deadline_reset":false,"future_hours_reserved_seconds":40.0,"interval":1,"hour_allowance_seconds":39.231581926345825,"slp_seconds":11.769474577903747,"phase":"hour_allocation","remaining_intervals":3}
GO3_CORRECTION_PHASE {"event":"begin","remaining_hour_seconds":32.433582067489624,"phase":"continuous_shunt_correction","budget_seconds":11.769474577903747,"lp_solver":"ipx"}
GO3_CORRECTION_NATIVE {"native_primal_status":2,"native_allowance_seconds":5.453474473953247,"start_policy":"fresh_presolved_lp_v1","native_presolve_observed":true,"api_seconds":0.01100015640258789,"import_audit":{"removed_small_coefficients_only":true,"row_error_limit":1.0e-10,"domains_exact":true,"maximum_bounded_row_error":0.0,"scope":"Candidate LP import only; original nonlinear/source checks remain mandatory","unbounded_changed_columns":0,"changed_nonzeros":0,"matrix_import_threshold":1.0e-12,"objective_exact":true,"native_nonzeros":217,"input_nonzeros":225,"pass":true,"maximum_coefficient_change":0.0,"wall_seconds":0.0},"native_ipx_observed":true,"import_status":0,"crossover_requested":"off","native_optimizations":1,"ipm_iterations":11,"native_model_status":15,"native_warning_error_count":6,"certificate_scope":"linearized candidate subproblem only; no full GO3 bound","bulk_transfer_and_audit_seconds":0.09599995613098145,"native_solver_requested":"ipx","wall_seconds":0.12199997901916504,"native_useful_basis_bypassed_presolve":false,"native_warning_error_excerpt":["WARNING: Solution optimality conditions","WARNING: LP solver claims optimality, but with","WARNING:    num/max     25 /    0.499 relative   dual infeasibilities (tolerance = 1e-09)","WARNING:    num/max     46 /     2.02 relative   dual residual errors (tolerance = 1e-07)","WARNING:                       0.0198 relative P-D objective error    (tolerance = 1e-07)","WARNING: Model status changed from \"Optimal\" to \"Unknown\" since relative violation of tolerances is 4.99e+08"],"external_solution_read":false,"native_start_use":"No primal or basis supplied to native LP; current point retained for linearization and nonlinear line search","simplex_iterations":0,"native_log_file":"C:\\Users\\thoma\\Documents\\go3-division2-cpu\\tmp\\pilot002_component_gate_iukqiizv\\hot_repair_worker\\native_correction\\hour_0001\\jl_7889.tmp","complete_start_api_status":null,"native_stored_start":false,"requested_seconds":5.549474430084229,"rows":69,"basis_reused":false,"native_run_status":1,"original_linearization_residual":1.166289287368727e-13,"native_seconds":0.011059999465942383,"columns":67,"presolve_requested":"on"}
GO3_CORRECTION_NATIVE {"native_primal_status":2,"native_allowance_seconds":5.415474367141724,"start_policy":"fresh_presolved_lp_v1","native_presolve_observed":true,"api_seconds":0.0019998550415039062,"import_audit":{"removed_small_coefficients_only":true,"row_error_limit":1.0e-10,"domains_exact":true,"maximum_bounded_row_error":0.0,"scope":"Candidate LP import only; original nonlinear/source checks remain mandatory","unbounded_changed_columns":0,"changed_nonzeros":0,"matrix_import_threshold":1.0e-12,"objective_exact":true,"native_nonzeros":223,"input_nonzeros":225,"pass":true,"maximum_coefficient_change":0.0,"wall_seconds":0.0},"native_ipx_observed":true,"import_status":0,"crossover_requested":"off","native_optimizations":1,"ipm_iterations":11,"native_model_status":15,"native_warning_error_count":7,"certificate_scope":"linearized candidate subproblem only; no full GO3 bound","bulk_transfer_and_audit_seconds":0.0,"native_solver_requested":"ipx","wall_seconds":0.003000020980834961,"native_useful_basis_bypassed_presolve":false,"native_warning_error_excerpt":["WARNING: Problem has some excessively small row bounds","WARNING: Solution optimality conditions","WARNING: LP solver claims optimality, but with","WARNING:    num/max     26 /    0.499 relative   dual infeasibilities (tolerance = 1e-09)","WARNING:    num/max     47 /        2 relative   dual residual errors (tolerance = 1e-07)","WARNING:                     6.35e-05 relative P-D objective error    (tolerance = 1e-07)","WARNING: Model status changed from \"Optimal\" to \"Unknown\" since relative violation of tolerances is 4.99e+08"],"external_solution_read":false,"native_start_use":"No primal or basis supplied to native LP; current point retained for linearization and nonlinear line search","simplex_iterations":0,"native_log_file":"C:\\Users\\thoma\\Documents\\go3-division2-cpu\\tmp\\pilot002_component_gate_iukqiizv\\hot_repair_worker\\native_correction\\hour_0001\\jl_7907.tmp","complete_start_api_status":null,"native_stored_start":false,"requested_seconds":5.415474367141724,"rows":69,"basis_reused":false,"native_run_status":1,"original_linearization_residual":6.626366122475247e-13,"native_seconds":0.0020339488983154297,"columns":67,"presolve_requested":"on"}
GO3_CORRECTION_NATIVE {"native_primal_status":2,"native_allowance_seconds":5.410474491119385,"start_policy":"fresh_presolved_lp_v1","native_presolve_observed":true,"api_seconds":0.0010001659393310547,"import_audit":{"removed_small_coefficients_only":true,"row_error_limit":1.0e-10,"domains_exact":true,"maximum_bounded_row_error":0.0,"scope":"Candidate LP import only; original nonlinear/source checks remain mandatory","unbounded_changed_columns":0,"changed_nonzeros":0,"matrix_import_threshold":1.0e-12,"objective_exact":true,"native_nonzeros":223,"input_nonzeros":225,"pass":true,"maximum_coefficient_change":0.0,"wall_seconds":0.0},"native_ipx_observed":true,"import_status":0,"crossover_requested":"off","native_optimizations":1,"ipm_iterations":11,"native_model_status":15,"native_warning_error_count":7,"certificate_scope":"linearized candidate subproblem only; no full GO3 bound","bulk_transfer_and_audit_seconds":0.0,"native_solver_requested":"ipx","wall_seconds":0.0010001659393310547,"native_useful_basis_bypassed_presolve":false,"native_warning_error_excerpt":["WARNING: Problem has some excessively small row bounds","WARNING: Solution optimality conditions","WARNING: LP solver claims optimality, but with","WARNING:    num/max     26 /    0.499 relative   dual infeasibilities (tolerance = 1e-09)","WARNING:    num/max     47 /        2 relative   dual residual errors (tolerance = 1e-07)","WARNING:                     6.16e-05 relative P-D objective error    (tolerance = 1e-07)","WARNING: Model status changed from \"Optimal\" to \"Unknown\" since relative violation of tolerances is 4.99e+08"],"external_solution_read":false,"native_start_use":"No primal or basis supplied to native LP; current point retained for linearization and nonlinear line search","simplex_iterations":0,"native_log_file":"C:\\Users\\thoma\\Documents\\go3-division2-cpu\\tmp\\pilot002_component_gate_iukqiizv\\hot_repair_worker\\native_correction\\hour_0001\\jl_7908.tmp","complete_start_api_status":null,"native_stored_start":false,"requested_seconds":5.410474491119385,"rows":69,"basis_reused":false,"native_run_status":1,"original_linearization_residual":5.3013149425851225e-15,"native_seconds":0.0011141300201416016,"columns":67,"presolve_requested":"on"}
GO3_CORRECTION_NATIVE {"native_primal_status":2,"native_allowance_seconds":5.40747447013855,"start_policy":"fresh_presolved_lp_v1","native_presolve_observed":true,"api_seconds":0.0009999275207519531,"import_audit":{"removed_small_coefficients_only":true,"row_error_limit":1.0e-10,"domains_exact":true,"maximum_bounded_row_error":0.0,"scope":"Candidate LP import only; original nonlinear/source checks remain mandatory","unbounded_changed_columns":0,"changed_nonzeros":0,"matrix_import_threshold":1.0e-12,"objective_exact":true,"native_nonzeros":223,"input_nonzeros":225,"pass":true,"maximum_coefficient_change":0.0,"wall_seconds":0.0},"native_ipx_observed":true,"import_status":0,"crossover_requested":"off","native_optimizations":1,"ipm_iterations":10,"native_model_status":15,"native_warning_error_count":7,"certificate_scope":"linearized candidate subproblem only; no full GO3 bound","bulk_transfer_and_audit_seconds":0.0,"native_solver_requested":"ipx","wall_seconds":0.0009999275207519531,"native_useful_basis_bypassed_presolve":false,"native_warning_error_excerpt":["WARNING: Problem has some excessively small row bounds","WARNING: Solution optimality conditions","WARNING: LP solver claims optimality, but with","WARNING:    num/max     26 /    0.499 relative   dual infeasibilities (tolerance = 1e-09)","WARNING:    num/max     47 /        2 relative   dual residual errors (tolerance = 1e-07)","WARNING:                     6.14e-05 relative P-D objective error    (tolerance = 1e-07)","WARNING: Model status changed from \"Optimal\" to \"Unknown\" since relative violation of tolerances is 4.99e+08"],"external_solution_read":false,"native_start_use":"No primal or basis supplied to native LP; current point retained for linearization and nonlinear line search","simplex_iterations":0,"native_log_file":"C:\\Users\\thoma\\Documents\\go3-division2-cpu\\tmp\\pilot002_component_gate_iukqiizv\\hot_repair_worker\\native_correction\\hour_0001\\jl_7919.tmp","complete_start_api_status":null,"native_stored_start":false,"requested_seconds":5.40747447013855,"rows":69,"basis_reused":false,"native_run_status":1,"original_linearization_residual":7.16093850883226e-15,"native_seconds":0.0011889934539794922,"columns":67,"presolve_requested":"on"}
GO3_CORRECTION_NATIVE {"native_primal_status":2,"native_allowance_seconds":5.404474449157715,"start_policy":"fresh_presolved_lp_v1","native_presolve_observed":true,"api_seconds":0.002000093460083008,"import_audit":{"removed_small_coefficients_only":true,"row_error_limit":1.0e-10,"domains_exact":true,"maximum_bounded_row_error":0.0,"scope":"Candidate LP import only; original nonlinear/source checks remain mandatory","unbounded_changed_columns":0,"changed_nonzeros":0,"matrix_import_threshold":1.0e-12,"objective_exact":true,"native_nonzeros":223,"input_nonzeros":225,"pass":true,"maximum_coefficient_change":0.0,"wall_seconds":0.0},"native_ipx_observed":true,"import_status":0,"crossover_requested":"off","native_optimizations":1,"ipm_iterations":10,"native_model_status":15,"native_warning_error_count":7,"certificate_scope":"linearized candidate subproblem only; no full GO3 bound","bulk_transfer_and_audit_seconds":0.0,"native_solver_requested":"ipx","wall_seconds":0.002000093460083008,"native_useful_basis_bypassed_presolve":false,"native_warning_error_excerpt":["WARNING: Problem has some excessively small row bounds","WARNING: Solution optimality conditions","WARNING: LP solver claims optimality, but with","WARNING:    num/max     26 /    0.499 relative   dual infeasibilities (tolerance = 1e-09)","WARNING:    num/max     47 /        2 relative   dual residual errors (tolerance = 1e-07)","WARNING:                     5.44e-05 relative P-D objective error    (tolerance = 1e-07)","WARNING: Model status changed from \"Optimal\" to \"Unknown\" since relative violation of tolerances is 4.99e+08"],"external_solution_read":false,"native_start_use":"No primal or basis supplied to native LP; current point retained for linearization and nonlinear line search","simplex_iterations":0,"native_log_file":"C:\\Users\\thoma\\Documents\\go3-division2-cpu\\tmp\\pilot002_component_gate_iukqiizv\\hot_repair_worker\\native_correction\\hour_0001\\jl_791A.tmp","complete_start_api_status":null,"native_stored_start":false,"requested_seconds":5.404474449157715,"rows":69,"basis_reused":false,"native_run_status":1,"original_linearization_residual":3.594347042223944e-15,"native_seconds":0.0011129379272460938,"columns":67,"presolve_requested":"on"}
GO3_CORRECTION_NATIVE {"native_primal_status":2,"native_allowance_seconds":5.400474500656128,"start_policy":"fresh_presolved_lp_v1","native_presolve_observed":true,"api_seconds":0.0010001659393310547,"import_audit":{"removed_small_coefficients_only":true,"row_error_limit":1.0e-10,"domains_exact":true,"maximum_bounded_row_error":0.0,"scope":"Candidate LP import only; original nonlinear/source checks remain mandatory","unbounded_changed_columns":0,"changed_nonzeros":0,"matrix_import_threshold":1.0e-12,"objective_exact":true,"native_nonzeros":223,"input_nonzeros":225,"pass":true,"maximum_coefficient_change":0.0,"wall_seconds":0.0},"native_ipx_observed":true,"import_status":0,"crossover_requested":"off","native_optimizations":1,"ipm_iterations":11,"native_model_status":15,"native_warning_error_count":7,"certificate_scope":"linearized candidate subproblem only; no full GO3 bound","bulk_transfer_and_audit_seconds":0.0009999275207519531,"native_solver_requested":"ipx","wall_seconds":0.002000093460083008,"native_useful_basis_bypassed_presolve":false,"native_warning_error_excerpt":["WARNING: Problem has some excessively small row bounds","WARNING: Solution optimality conditions","WARNING: LP solver claims optimality, but with","WARNING:    num/max     26 /    0.499 relative   dual infeasibilities (tolerance = 1e-09)","WARNING:    num/max     47 /        2 relative   dual residual errors (tolerance = 1e-07)","WARNING:                     5.68e-05 relative P-D objective error    (tolerance = 1e-07)","WARNING: Model status changed from \"Optimal\" to \"Unknown\" since relative violation of tolerances is 4.99e+08"],"external_solution_read":false,"native_start_use":"No primal or basis supplied to native LP; current point retained for linearization and nonlinear line search","simplex_iterations":0,"native_log_file":"C:\\Users\\thoma\\Documents\\go3-division2-cpu\\tmp\\pilot002_component_gate_iukqiizv\\hot_repair_worker\\native_correction\\hour_0001\\jl_791B.tmp","complete_start_api_status":null,"native_stored_start":false,"requested_seconds":5.40147442817688,"rows":69,"basis_reused":false,"native_run_status":1,"original_linearization_residual":5.370703881624195e-15,"native_seconds":0.0011601448059082031,"columns":67,"presolve_requested":"on"}
GO3_CORRECTION_NATIVE {"native_primal_status":2,"native_allowance_seconds":5.398474407196045,"start_policy":"fresh_presolved_lp_v1","native_presolve_observed":true,"api_seconds":0.0009999275207519531,"import_audit":{"removed_small_coefficients_only":true,"row_error_limit":1.0e-10,"domains_exact":true,"maximum_bounded_row_error":0.0,"scope":"Candidate LP import only; original nonlinear/source checks remain mandatory","unbounded_changed_columns":0,"changed_nonzeros":0,"matrix_import_threshold":1.0e-12,"objective_exact":true,"native_nonzeros":223,"input_nonzeros":225,"pass":true,"maximum_coefficient_change":0.0,"wall_seconds":0.0},"native_ipx_observed":true,"import_status":0,"crossover_requested":"off","native_optimizations":1,"ipm_iterations":10,"native_model_status":15,"native_warning_error_count":7,"certificate_scope":"linearized candidate subproblem only; no full GO3 bound","bulk_transfer_and_audit_seconds":0.0,"native_solver_requested":"ipx","wall_seconds":0.0009999275207519531,"native_useful_basis_bypassed_presolve":false,"native_warning_error_excerpt":["WARNING: Problem has some excessively small row bounds","WARNING: Solution optimality conditions","WARNING: LP solver claims optimality, but with","WARNING:    num/max     26 /    0.499 relative   dual infeasibilities (tolerance = 1e-09)","WARNING:    num/max     47 /        2 relative   dual residual errors (tolerance = 1e-07)","WARNING:                     5.36e-05 relative P-D objective error    (tolerance = 1e-07)","WARNING: Model status changed from \"Optimal\" to \"Unknown\" since relative violation of tolerances is 4.99e+08"],"external_solution_read":false,"native_start_use":"No primal or basis supplied to native LP; current point retained for linearization and nonlinear line search","simplex_iterations":0,"native_log_file":"C:\\Users\\thoma\\Documents\\go3-division2-cpu\\tmp\\pilot002_component_gate_iukqiizv\\hot_repair_worker\\native_correction\\hour_0001\\jl_791C.tmp","complete_start_api_status":null,"native_stored_start":false,"requested_seconds":5.398474407196045,"rows":69,"basis_reused":false,"native_run_status":1,"original_linearization_residual":1.7263968032921184e-13,"native_seconds":0.0010209083557128906,"columns":67,"presolve_requested":"on"}
GO3_CORRECTION_NATIVE {"native_primal_status":2,"native_allowance_seconds":5.39547438621521,"start_policy":"fresh_presolved_lp_v1","native_presolve_observed":true,"api_seconds":0.0009999275207519531,"import_audit":{"removed_small_coefficients_only":true,"row_error_limit":1.0e-10,"domains_exact":true,"maximum_bounded_row_error":0.0,"scope":"Candidate LP import only; original nonlinear/source checks remain mandatory","unbounded_changed_columns":0,"changed_nonzeros":0,"matrix_import_threshold":1.0e-12,"objective_exact":true,"native_nonzeros":223,"input_nonzeros":225,"pass":true,"maximum_coefficient_change":0.0,"wall_seconds":0.0},"native_ipx_observed":true,"import_status":0,"crossover_requested":"off","native_optimizations":1,"ipm_iterations":10,"native_model_status":15,"native_warning_error_count":7,"certificate_scope":"linearized candidate subproblem only; no full GO3 bound","bulk_transfer_and_audit_seconds":0.0,"native_solver_requested":"ipx","wall_seconds":0.0009999275207519531,"native_useful_basis_bypassed_presolve":false,"native_warning_error_excerpt":["WARNING: Problem has some excessively small row bounds","WARNING: Solution optimality conditions","WARNING: LP solver claims optimality, but with","WARNING:    num/max     26 /    0.499 relative   dual infeasibilities (tolerance = 1e-09)","WARNING:    num/max     47 /        2 relative   dual residual errors (tolerance = 1e-07)","WARNING:                     5.63e-05 relative P-D objective error    (tolerance = 1e-07)","WARNING: Model status changed from \"Optimal\" to \"Unknown\" since relative violation of tolerances is 4.99e+08"],"external_solution_read":false,"native_start_use":"No primal or basis supplied to native LP; current point retained for linearization and nonlinear line search","simplex_iterations":0,"native_log_file":"C:\\Users\\thoma\\Documents\\go3-division2-cpu\\tmp\\pilot002_component_gate_iukqiizv\\hot_repair_worker\\native_correction\\hour_0001\\jl_791D.tmp","complete_start_api_status":null,"native_stored_start":false,"requested_seconds":5.39547438621521,"rows":69,"basis_reused":false,"native_run_status":1,"original_linearization_residual":8.933964679158635e-13,"native_seconds":0.0010869503021240234,"columns":67,"presolve_requested":"on"}
GO3_CORRECTION_PHASE {"event":"end","phase":"continuous_shunt_correction","termination":"round_limit","accepted_steps":8,"wall_seconds":7.055999994277954,"residual":0.0010165939700731152}
GO3_CORRECTION_PHASE {"event":"begin","requested_seconds":12.0,"max_iterations":600,"fixed_shunts":false,"remaining_hour_seconds":25.32458209991455,"barrier_strategy":"monotone","phase":"continuous_shunt_fallback"}

******************************************************************************
This program contains Ipopt, a library for large-scale nonlinear optimization.
 Ipopt is released as open source code under the Eclipse Public License (EPL).
         For more information visit https://github.com/coin-or/Ipopt
******************************************************************************

GO3_CORRECTION_PHASE {"event":"end","selected_residual":2.2447665254388127e-11,"phase":"continuous_shunt_fallback","termination":"INTERRUPTED","before_residual":0.0010165939700731152,"wall_seconds":4.195000171661377}
GO3_CORRECTION_PHASE {"event":"complete","continuous_candidate_is_final":false,"same_interval_dual_seed_available":true,"phase":"round_shunts","count":1,"continuous_candidate_residual":2.2447665254388127e-11,"rounded_candidate_residual":0.0038713208771452325}
GO3_CORRECTION_PHASE {"event":"begin","requested_seconds":12.0,"max_iterations":600,"fixed_shunts":true,"remaining_hour_seconds":18.712582111358643,"barrier_strategy":"monotone","phase":"rounded_shunt_fallback"}
GO3_CORRECTION_PHASE {"event":"end","selected_residual":2.3765711620882257e-15,"phase":"rounded_shunt_fallback","termination":"INTERRUPTED","before_residual":0.0038713208771452325,"wall_seconds":1.383000135421753}
Rounded shunt steps:
GO3_AC_EXPORT_PROJECTION {"maximum_unfinished_bus_injection_change_pu":0.0,"within_guard":true,"official_tolerance_changed":false,"certificate_scope":"Export projection drift only; full independent and official verification still required","refined_intervals":1,"policy":"legacy_tolerance_v1","maximum_refined_device_change_pu":0.0,"maximum_refined_bus_injection_change_pu":0.0,"worst_refined_bus":null,"bookkeeping_tolerance":1.0e-8,"enforced":false,"projection_guard_pu":1.0e-9,"projection_events":0,"refined_projection_events":0,"source_bounds_changed":false}
GO3_PROGRESS {"elapsed_worker_seconds":38.825000047683716,"interval":2,"stage":"ac_optimization","interval_count":3,"remaining_work_seconds":66.1675820350647}
GO3_CORRECTION_PHASE {"remaining_refinement_seconds":56.07258200645447,"event":"begin","hour_deadline":1.789993920526582e9,"fair_share_seconds":28.036291003227234,"policy":"remaining_horizon_v1","protected_recovery_deadline":1.789993920526582e9,"global_deadline_reset":false,"future_hours_reserved_seconds":20.0,"interval":2,"hour_allowance_seconds":36.07258200645447,"slp_seconds":10.82177460193634,"phase":"hour_allocation","remaining_intervals":2}
GO3_CORRECTION_PHASE {"event":"begin","remaining_hour_seconds":35.720582008361816,"phase":"continuous_shunt_correction","budget_seconds":10.82177460193634,"lp_solver":"ipx"}
GO3_CORRECTION_PHASE {"event":"end","phase":"continuous_shunt_correction","termination":"original_model_residual_pass","accepted_steps":0,"wall_seconds":0.01699995994567871,"residual":6.366435156834882e-15}
GO3_CORRECTION_PHASE {"event":"complete","continuous_candidate_is_final":false,"same_interval_dual_seed_available":false,"phase":"round_shunts","count":1,"continuous_candidate_residual":6.366435156834882e-15,"rounded_candidate_residual":6.366435156834882e-15}
GO3_CORRECTION_PHASE {"event":"begin","remaining_hour_seconds":35.702582120895386,"phase":"rounded_shunt_correction","budget_seconds":10.82177460193634,"lp_solver":"ipx"}
GO3_CORRECTION_PHASE {"event":"end","phase":"rounded_shunt_correction","termination":"original_model_residual_pass","accepted_steps":0,"wall_seconds":0.01100015640258789,"residual":6.366435156834882e-15}
Rounded shunt steps:
GO3_AC_EXPORT_PROJECTION {"maximum_unfinished_bus_injection_change_pu":0.0,"within_guard":true,"official_tolerance_changed":false,"certificate_scope":"Export projection drift only; full independent and official verification still required","refined_intervals":2,"policy":"legacy_tolerance_v1","maximum_refined_device_change_pu":0.0,"maximum_refined_bus_injection_change_pu":0.0,"worst_refined_bus":null,"bookkeeping_tolerance":1.0e-8,"enforced":false,"projection_guard_pu":1.0e-9,"projection_events":0,"refined_projection_events":0,"source_bounds_changed":false}
GO3_PROGRESS {"elapsed_worker_seconds":39.3050000667572,"interval":3,"stage":"ac_optimization","interval_count":3,"remaining_work_seconds":65.68758201599121}
GO3_CORRECTION_PHASE {"remaining_refinement_seconds":55.68758201599121,"event":"begin","hour_deadline":1.789993929839e9,"fair_share_seconds":55.68758201599121,"policy":"remaining_horizon_v1","protected_recovery_deadline":1.789993929839e9,"global_deadline_reset":false,"future_hours_reserved_seconds":0.0,"interval":3,"hour_allowance_seconds":45.0,"slp_seconds":13.5,"phase":"hour_allocation","remaining_intervals":1}
GO3_CORRECTION_PHASE {"event":"begin","remaining_hour_seconds":44.99600005149841,"phase":"continuous_shunt_correction","budget_seconds":13.5,"lp_solver":"ipx"}
GO3_CORRECTION_PHASE {"event":"end","phase":"continuous_shunt_correction","termination":"original_model_residual_pass","accepted_steps":0,"wall_seconds":0.012000083923339844,"residual":6.366435156834882e-15}
GO3_CORRECTION_PHASE {"event":"complete","continuous_candidate_is_final":false,"same_interval_dual_seed_available":false,"phase":"round_shunts","count":1,"continuous_candidate_residual":6.366435156834882e-15,"rounded_candidate_residual":6.366435156834882e-15}
GO3_CORRECTION_PHASE {"event":"begin","remaining_hour_seconds":44.98300004005432,"phase":"rounded_shunt_correction","budget_seconds":13.5,"lp_solver":"ipx"}
GO3_CORRECTION_PHASE {"event":"end","phase":"rounded_shunt_correction","termination":"original_model_residual_pass","accepted_steps":0,"wall_seconds":0.012000083923339844,"residual":6.366435156834882e-15}
Rounded shunt steps:
GO3_AC_EXPORT_PROJECTION {"maximum_unfinished_bus_injection_change_pu":0.0,"within_guard":true,"official_tolerance_changed":false,"certificate_scope":"Export projection drift only; full independent and official verification still required","refined_intervals":3,"policy":"legacy_tolerance_v1","maximum_refined_device_change_pu":0.0,"maximum_refined_bus_injection_change_pu":0.0,"worst_refined_bus":null,"bookkeeping_tolerance":1.0e-8,"enforced":false,"projection_guard_pu":1.0e-9,"projection_events":0,"refined_projection_events":0,"source_bounds_changed":false}
Rounded shunt steps:
GO3_AC_EXPORT_PROJECTION {"maximum_unfinished_bus_injection_change_pu":0.0,"within_guard":true,"official_tolerance_changed":false,"certificate_scope":"Export projection drift only; full independent and official verification still required","refined_intervals":3,"policy":"legacy_tolerance_v1","maximum_refined_device_change_pu":0.0,"maximum_refined_bus_injection_change_pu":0.0,"worst_refined_bus":null,"bookkeeping_tolerance":1.0e-8,"enforced":false,"projection_guard_pu":1.0e-9,"projection_events":0,"refined_projection_events":0,"source_bounds_changed":false}
GO3_PROGRESS {"elapsed_worker_seconds":39.37100005149841,"stage":"reserves","remaining_work_seconds":65.62158203125}
BEGINNING PARALLEL RESERVE CALCULATIONS
DONE WITH PARALLEL RESERVE CALCULATIONS
GO3_PROGRESS {"intervals_required":3,"elapsed_worker_seconds":44.10700011253357,"all_intervals_refined":true,"intervals_finished":3,"stage":"complete","remaining_work_seconds":60.885581970214844}
