Running HiGHS 1.15.1 (git hash: 04024d7): Copyright (c) 2026 under MIT licence terms
Includes third-party software components, see THIRD_PARTY_NOTICES.md for full details
LP has 210399 rows; 150126 cols; 552971 nonzeros
Coefficient ranges:
  Matrix  [1e+00, 2e+01]
  Cost    [1e+02, 5e+05]
  Bound   [1e-05, 6e+03]
  RHS     [3e-20, 6e+03]
WARNING: Problem has some excessively small column bounds
WARNING: Problem has some excessively small row bounds
Presolving model
40432 rows, 68949 cols, 215370 nonzeros 0s
37687 rows, 68949 cols, 207135 nonzeros 0s
Presolve reductions: rows 37687(-172712); columns 68949(-81177); nonzeros 207135(-345836) 
Solving the presolved LP
Using dual simplex solver
  Iteration        Objective     Infeasibilities num(sum)
          0     2.1304190042e+03 Pr: 96(7773.12) 0.2s
      20889     4.4013182254e+08 Pr: 0(0) 0.6s

Performed postsolve
Solving the original LP from the solution after postsolve

Model status        : Optimal
Simplex   iterations: 20889
Objective value     :  4.4013182254e+08
P-D objective error :  2.9793396351e-15
HiGHS run time      :          0.77
